=== class8 queue plan ===
entries: 25  units: 25  workers: 12  cap: 30s  timed by (no --prev): 0  untimed (run first): 25
job-seconds: 0  (one entry per unit)
estimated core-seconds: 0  estimated wall: 0.0 min (= core-seconds/workers + largest unit; timed entries only)
switches: mr_flat_wide=false mr_cond_retry=true mr_model_flags=true mr_nested_fallback=false mr_giveup_last=true mr_inert_leak_misfire=true mr_last_resort_tier=true mr_general_after_giveups=true mr_max_depth=32 mr_eqq_symbolic=true mr_subst_simp=false mr_gtq_facts=false
outputs: /home/serge/src/maxima-rubi/probes/verify-stages/11-values-appellf1/control/class8/shard00.out .. shard11.out  pids: /home/serge/src/maxima-rubi/probes/verify-stages/11-values-appellf1/control/class8/pids  log: /home/serge/src/maxima-rubi/probes/verify-stages/11-values-appellf1/control/class8/queue.log
PASS: verified       t=   0.0s 8 Special functions/8.10 Formal derivatives.mac e20 L25
PASS: verified       t=   0.1s 8 Special functions/8.1 Error functions.mac e295 L374
PASS: verified       t=   0.0s 8 Special functions/8.10 Formal derivatives.mac e73 L78
PASS: verified       t=   0.1s 8 Special functions/8.2 Fresnel integral functions.mac e120 L165
PASS: verified       t=   0.0s 8 Special functions/8.2 Fresnel integral functions.mac e68 L95
PASS: verified       t=   0.0s 8 Special functions/8.2 Fresnel integral functions.mac e187 L252
PASS: verified       t=   0.1s 8 Special functions/8.2 Fresnel integral functions.mac e6 L15
PASS: verified       t=   0.1s 8 Special functions/8.1 Error functions.mac e117 L152
PASS: verified       t=   0.0s 8 Special functions/8.6 Gamma functions.mac e63 L80
PASS: verified       t=   0.0s 8 Special functions/8.6 Gamma functions.mac e71 L88
PASS: verified       t=   0.3s 8 Special functions/8.1 Error functions.mac e126 L167
PASS: verified       t=   0.4s 8 Special functions/8.3 Exponential integral functions.mac e51 L64
PASS: verified       t=   0.4s 8 Special functions/8.2 Fresnel integral functions.mac e192 L257
PASS: verified       t=   0.1s 8 Special functions/8.5 Hyperbolic integral functions.mac e4 L13
PASS: verified       t=   0.2s 8 Special functions/8.5 Hyperbolic integral functions.mac e28 L39
PASS: verified       t=   0.0s 8 Special functions/8.8 Polylogarithm function.mac e116 L145
PASS: verified       t=   0.2s 8 Special functions/8.6 Gamma functions.mac e126 L153
PASS: verified       t=   0.2s 8 Special functions/8.8 Polylogarithm function.mac e37 L50
PASS: expected       t=   0.0s 8 Special functions/8.9 Product logarithm function.mac e384 L413
PASS: verified       t=   0.3s 8 Special functions/8.4 Trig integral functions.mac e118 L157
PASS: expected       t=   0.2s 8 Special functions/8.9 Product logarithm function.mac e221 L240
PASS: verified       t=   0.7s 8 Special functions/8.2 Fresnel integral functions.mac e202 L275
PASS: expected       t=   0.4s 8 Special functions/8.9 Product logarithm function.mac e100 L117
PASS: expected       t=   0.3s 8 Special functions/8.9 Product logarithm function.mac e236 L255
PASS: expected       t=   0.7s 8 Special functions/8.9 Product logarithm function.mac e81 L98
queue wall: 1.2s  entries: 25  units: 25  workers: 12  harness failures: 0
