=== class7 queue plan ===
entries: 87  units: 87  workers: 12  cap: 30s  timed by (no --prev): 0  untimed (run first): 87
job-seconds: 0  (one entry per unit)
estimated core-seconds: 0  estimated wall: 0.0 min (= core-seconds/workers + largest unit; timed entries only)
switches: mr_flat_wide=false mr_cond_retry=true mr_model_flags=true mr_nested_fallback=false mr_giveup_last=true mr_inert_leak_misfire=true mr_last_resort_tier=true mr_general_after_giveups=true mr_max_depth=32 mr_eqq_symbolic=true mr_subst_simp=false mr_gtq_facts=false
outputs: /home/serge/src/maxima-rubi/probes/verify-stages/08-stage-order/armA/control/class7/shard00.out .. shard11.out  pids: /home/serge/src/maxima-rubi/probes/verify-stages/08-stage-order/armA/control/class7/pids  log: /home/serge/src/maxima-rubi/probes/verify-stages/08-stage-order/armA/control/class7/queue.log
PASS: verified       t=   0.0s 7 Inverse hyperbolic functions/7.1 Inverse hyperbolic sine/7.1.2 (d x)^m (a+b arcsinh(c x))^n.mac e2 L13
PASS: verified       t=   0.1s 7 Inverse hyperbolic functions/7.1 Inverse hyperbolic sine/7.1.4a (f x)^m (d+c^2 d x^2)^p (a+b arcsinh(c x))^n.mac e467 L566
PASS: verified       t=   0.1s 7 Inverse hyperbolic functions/7.1 Inverse hyperbolic sine/7.1.4a (f x)^m (d+c^2 d x^2)^p (a+b arcsinh(c x))^n.mac e423 L510
PASS: verified       t=   0.3s 7 Inverse hyperbolic functions/7.1 Inverse hyperbolic sine/7.1.4a (f x)^m (d+c^2 d x^2)^p (a+b arcsinh(c x))^n.mac e243 L278
PASS: verified       t=   0.5s 7 Inverse hyperbolic functions/7.1 Inverse hyperbolic sine/7.1.4a (f x)^m (d+c^2 d x^2)^p (a+b arcsinh(c x))^n.mac e264 L309
PASS: verified       t=   0.4s 7 Inverse hyperbolic functions/7.1 Inverse hyperbolic sine/7.1.4a (f x)^m (d+c^2 d x^2)^p (a+b arcsinh(c x))^n.mac e64 L81
PASS: verified       t=   0.5s 7 Inverse hyperbolic functions/7.1 Inverse hyperbolic sine/7.1.5 Inverse hyperbolic sine functions.mac e14 L31
PASS: verified       t=   0.5s 7 Inverse hyperbolic functions/7.1 Inverse hyperbolic sine/7.1.4a (f x)^m (d+c^2 d x^2)^p (a+b arcsinh(c x))^n.mac e179 L208
PASS: verified       t=   0.3s 7 Inverse hyperbolic functions/7.1 Inverse hyperbolic sine/7.1.5 Inverse hyperbolic sine functions.mac e348 L457
PASS: verified       t=   0.6s 7 Inverse hyperbolic functions/7.1 Inverse hyperbolic sine/7.1.4a (f x)^m (d+c^2 d x^2)^p (a+b arcsinh(c x))^n.mac e277 L324
PASS: verified       t=   0.2s 7 Inverse hyperbolic functions/7.2 Inverse hyperbolic cosine/7.2.2 (d x)^m (a+b arccosh(c x))^n.mac e53 L66
PASS: verified       t=   0.2s 7 Inverse hyperbolic functions/7.2 Inverse hyperbolic cosine/7.2.4a (f x)^m (d-c^2 d x^2)^p (a+b arccosh(c x))^n.mac e47 L60
PASS: verified       t=   1.3s 7 Inverse hyperbolic functions/7.1 Inverse hyperbolic sine/7.1.4b (f x)^m (d+e x^2)^p (a+b arcsinh(c x))^n.mac e8 L19
PASS: verified       t=   1.5s 7 Inverse hyperbolic functions/7.1 Inverse hyperbolic sine/7.1.4a (f x)^m (d+c^2 d x^2)^p (a+b arcsinh(c x))^n.mac e156 L183
PASS: verified       t=   1.0s 7 Inverse hyperbolic functions/7.2 Inverse hyperbolic cosine/7.2.4b (f x)^m (d+e x^2)^p (a+b arccosh(c x))^n.mac e10 L21
PASS: verified       t=   0.5s 7 Inverse hyperbolic functions/7.2 Inverse hyperbolic cosine/7.2.2 (d x)^m (a+b arccosh(c x))^n.mac e101 L120
PASS: verified       t=   0.1s 7 Inverse hyperbolic functions/7.2 Inverse hyperbolic cosine/7.2.5 Inverse hyperbolic cosine functions.mac e277 L390
PASS: expected       t=   0.5s 7 Inverse hyperbolic functions/7.2 Inverse hyperbolic cosine/7.2.4a (f x)^m (d-c^2 d x^2)^p (a+b arccosh(c x))^n.mac e333 L409
PASS: verified       t=   0.1s 7 Inverse hyperbolic functions/7.2 Inverse hyperbolic cosine/7.2.5 Inverse hyperbolic cosine functions.mac e276 L389
PASS: verified       t=   0.1s 7 Inverse hyperbolic functions/7.3 Inverse hyperbolic tangent/7.3.2 (d x)^m (a+b arctanh(c x^n))^p.mac e2 L11
PASS: verified       t=   0.2s 7 Inverse hyperbolic functions/7.3 Inverse hyperbolic tangent/7.3.2 (d x)^m (a+b arctanh(c x^n))^p.mac e67 L86
PASS: verified       t=   0.5s 7 Inverse hyperbolic functions/7.3 Inverse hyperbolic tangent/7.3.2 (d x)^m (a+b arctanh(c x^n))^p.mac e123 L156
PASS: verified       t=   0.2s 7 Inverse hyperbolic functions/7.3 Inverse hyperbolic tangent/7.3.4 u (a+b arctanh(c x))^p.mac e107 L126
PASS: verified       t=   0.2s 7 Inverse hyperbolic functions/7.3 Inverse hyperbolic tangent/7.3.4 u (a+b arctanh(c x))^p.mac e169 L212
PASS: verified       t=   0.8s 7 Inverse hyperbolic functions/7.3 Inverse hyperbolic tangent/7.3.4 u (a+b arctanh(c x))^p.mac e246 L307
PASS: verified       t=   1.1s 7 Inverse hyperbolic functions/7.3 Inverse hyperbolic tangent/7.3.4 u (a+b arctanh(c x))^p.mac e182 L225
PASS: verified       t=   0.6s 7 Inverse hyperbolic functions/7.1 Inverse hyperbolic sine/7.1.4a (f x)^m (d+c^2 d x^2)^p (a+b arcsinh(c x))^n.mac e443 L532
PASS: verified       t=   0.0s 7 Inverse hyperbolic functions/7.3 Inverse hyperbolic tangent/7.3.6 Exponentials of inverse hyperbolic tangent functions.mac e5 L16
PASS: verified       t=   0.1s 7 Inverse hyperbolic functions/7.3 Inverse hyperbolic tangent/7.3.6 Exponentials of inverse hyperbolic tangent functions.mac e18 L29
PASS: verified       t=   0.7s 7 Inverse hyperbolic functions/7.3 Inverse hyperbolic tangent/7.3.5 u (a+b arctanh(c+d x))^p.mac e16 L27
PASS: verified       t=   0.3s 7 Inverse hyperbolic functions/7.3 Inverse hyperbolic tangent/7.3.6 Exponentials of inverse hyperbolic tangent functions.mac e78 L95
PASS: verified       t=   0.1s 7 Inverse hyperbolic functions/7.3 Inverse hyperbolic tangent/7.3.6 Exponentials of inverse hyperbolic tangent functions.mac e381 L442
PASS: verified       t=   0.1s 7 Inverse hyperbolic functions/7.3 Inverse hyperbolic tangent/7.3.6 Exponentials of inverse hyperbolic tangent functions.mac e489 L566
PASS: expected       t=   1.0s 7 Inverse hyperbolic functions/7.2 Inverse hyperbolic cosine/7.2.4a (f x)^m (d-c^2 d x^2)^p (a+b arccosh(c x))^n.mac e268 L332
PASS: verified       t=   0.1s 7 Inverse hyperbolic functions/7.3 Inverse hyperbolic tangent/7.3.6 Exponentials of inverse hyperbolic tangent functions.mac e576 L669
PASS: verified       t=   0.3s 7 Inverse hyperbolic functions/7.3 Inverse hyperbolic tangent/7.3.6 Exponentials of inverse hyperbolic tangent functions.mac e654 L757
PASS: expected       t=   0.2s 7 Inverse hyperbolic functions/7.3 Inverse hyperbolic tangent/7.3.6 Exponentials of inverse hyperbolic tangent functions.mac e718 L829
PASS: verified       t=   0.4s 7 Inverse hyperbolic functions/7.3 Inverse hyperbolic tangent/7.3.6 Exponentials of inverse hyperbolic tangent functions.mac e682 L787
PASS: verified       t=   0.1s 7 Inverse hyperbolic functions/7.3 Inverse hyperbolic tangent/7.3.6 Exponentials of inverse hyperbolic tangent functions.mac e1048 L1237
PASS: expected       t=   0.5s 7 Inverse hyperbolic functions/7.3 Inverse hyperbolic tangent/7.3.6 Exponentials of inverse hyperbolic tangent functions.mac e748 L863
PASS: expected       t=   0.4s 7 Inverse hyperbolic functions/7.3 Inverse hyperbolic tangent/7.3.6 Exponentials of inverse hyperbolic tangent functions.mac e810 L937
PASS: verified       t=   0.1s 7 Inverse hyperbolic functions/7.3 Inverse hyperbolic tangent/7.3.6 Exponentials of inverse hyperbolic tangent functions.mac e1053 L1244
PASS: verified       t=   0.1s 7 Inverse hyperbolic functions/7.3 Inverse hyperbolic tangent/7.3.6 Exponentials of inverse hyperbolic tangent functions.mac e1072 L1263
PASS: verified       t=   0.1s 7 Inverse hyperbolic functions/7.3 Inverse hyperbolic tangent/7.3.6 Exponentials of inverse hyperbolic tangent functions.mac e1107 L1302
PASS: verified       t=   0.5s 7 Inverse hyperbolic functions/7.2 Inverse hyperbolic cosine/7.2.4a (f x)^m (d-c^2 d x^2)^p (a+b arccosh(c x))^n.mac e29 L42
PASS: verified       t=   0.3s 7 Inverse hyperbolic functions/7.3 Inverse hyperbolic tangent/7.3.6 Exponentials of inverse hyperbolic tangent functions.mac e1104 L1299
PASS: verified       t=   0.1s 7 Inverse hyperbolic functions/7.3 Inverse hyperbolic tangent/7.3.6 Exponentials of inverse hyperbolic tangent functions.mac e1272 L1553
PASS: verified       t=   0.1s 7 Inverse hyperbolic functions/7.3 Inverse hyperbolic tangent/7.3.7 Inverse hyperbolic tangent functions.mac e49 L72
PASS: verified       t=   0.1s 7 Inverse hyperbolic functions/7.3 Inverse hyperbolic tangent/7.3.6 Exponentials of inverse hyperbolic tangent functions.mac e1280 L1567
PASS: verified       t=   0.2s 7 Inverse hyperbolic functions/7.3 Inverse hyperbolic tangent/7.3.6 Exponentials of inverse hyperbolic tangent functions.mac e1321 L1628
PASS: verified       t=   0.2s 7 Inverse hyperbolic functions/7.3 Inverse hyperbolic tangent/7.3.7 Inverse hyperbolic tangent functions.mac e100 L125
PASS: verified       t=   0.0s 7 Inverse hyperbolic functions/7.3 Inverse hyperbolic tangent/7.3.7 Inverse hyperbolic tangent functions.mac e168 L203
PASS: verified       t=   0.1s 7 Inverse hyperbolic functions/7.3 Inverse hyperbolic tangent/7.3.7 Inverse hyperbolic tangent functions.mac e127 L156
PASS: verified       t=   1.1s 7 Inverse hyperbolic functions/7.2 Inverse hyperbolic cosine/7.2.4a (f x)^m (d-c^2 d x^2)^p (a+b arccosh(c x))^n.mac e420 L530
PASS: verified       t=   0.2s 7 Inverse hyperbolic functions/7.3 Inverse hyperbolic tangent/7.3.7 Inverse hyperbolic tangent functions.mac e257 L300
PASS: verified       t=   0.1s 7 Inverse hyperbolic functions/7.4 Inverse hyperbolic cotangent/7.4.1 Inverse hyperbolic cotangent functions.mac e73 L98
PASS: verified       t=   0.4s 7 Inverse hyperbolic functions/7.4 Inverse hyperbolic cotangent/7.4.1 Inverse hyperbolic cotangent functions.mac e36 L53
PASS: verified       t=   0.1s 7 Inverse hyperbolic functions/7.4 Inverse hyperbolic cotangent/7.4.1 Inverse hyperbolic cotangent functions.mac e138 L201
PASS: verified       t=   0.0s 7 Inverse hyperbolic functions/7.4 Inverse hyperbolic cotangent/7.4.1 Inverse hyperbolic cotangent functions.mac e198 L269
PASS: expected       t=   0.8s 7 Inverse hyperbolic functions/7.2 Inverse hyperbolic cosine/7.2.5 Inverse hyperbolic cosine functions.mac e134 L205
PASS: expected       t=   2.2s 7 Inverse hyperbolic functions/7.1 Inverse hyperbolic sine/7.1.5 Inverse hyperbolic sine functions.mac e168 L237
PASS: verified       t=   0.4s 7 Inverse hyperbolic functions/7.4 Inverse hyperbolic cotangent/7.4.1 Inverse hyperbolic cotangent functions.mac e212 L295
PASS: verified       t=   2.2s 7 Inverse hyperbolic functions/7.2 Inverse hyperbolic cosine/7.2.4a (f x)^m (d-c^2 d x^2)^p (a+b arccosh(c x))^n.mac e252 L306
PASS: verified       t=   1.6s 7 Inverse hyperbolic functions/7.2 Inverse hyperbolic cosine/7.2.4b (f x)^m (d+e x^2)^p (a+b arccosh(c x))^n.mac e15 L26
PASS: verified       t=   0.0s 7 Inverse hyperbolic functions/7.4 Inverse hyperbolic cotangent/7.4.2 Exponentials of inverse hyperbolic cotangent functions.mac e63 L80
PASS: verified       t=   0.1s 7 Inverse hyperbolic functions/7.4 Inverse hyperbolic cotangent/7.4.1 Inverse hyperbolic cotangent functions.mac e259 L350
PASS: verified       t=   0.1s 7 Inverse hyperbolic functions/7.4 Inverse hyperbolic cotangent/7.4.2 Exponentials of inverse hyperbolic cotangent functions.mac e196 L237
PASS: verified       t=   1.2s 7 Inverse hyperbolic functions/7.4 Inverse hyperbolic cotangent/7.4.1 Inverse hyperbolic cotangent functions.mac e113 L166
PASS: expected       t=   0.2s 7 Inverse hyperbolic functions/7.4 Inverse hyperbolic cotangent/7.4.2 Exponentials of inverse hyperbolic cotangent functions.mac e161 L202
PASS: expected       t=   0.2s 7 Inverse hyperbolic functions/7.4 Inverse hyperbolic cotangent/7.4.2 Exponentials of inverse hyperbolic cotangent functions.mac e619 L718
PASS: expected       t=   0.1s 7 Inverse hyperbolic functions/7.4 Inverse hyperbolic cotangent/7.4.2 Exponentials of inverse hyperbolic cotangent functions.mac e854 L979
PASS: expected       t=   0.2s 7 Inverse hyperbolic functions/7.4 Inverse hyperbolic cotangent/7.4.2 Exponentials of inverse hyperbolic cotangent functions.mac e642 L743
PASS: verified       t=   0.3s 7 Inverse hyperbolic functions/7.4 Inverse hyperbolic cotangent/7.4.1 Inverse hyperbolic cotangent functions.mac e240 L329
PASS: expected       t=   0.2s 7 Inverse hyperbolic functions/7.4 Inverse hyperbolic cotangent/7.4.2 Exponentials of inverse hyperbolic cotangent functions.mac e905 L1038
PASS: verified       t=   0.2s 7 Inverse hyperbolic functions/7.3 Inverse hyperbolic tangent/7.3.7 Inverse hyperbolic tangent functions.mac e212 L249
PASS: expected       t=   0.0s 7 Inverse hyperbolic functions/7.5 Inverse hyperbolic secant/7.5.2 Inverse hyperbolic secant functions.mac e35 L52
PASS: verified       t=   0.0s 7 Inverse hyperbolic functions/7.6 Inverse hyperbolic cosecant/7.6.2 Inverse hyperbolic cosecant functions.mac e17 L26
PASS: expected       t=   0.3s 7 Inverse hyperbolic functions/7.5 Inverse hyperbolic secant/7.5.1 u (a+b arcsech(c x))^n.mac e83 L112
PASS: verified       t=   0.5s 7 Inverse hyperbolic functions/7.4 Inverse hyperbolic cotangent/7.4.2 Exponentials of inverse hyperbolic cotangent functions.mac e317 L376
PASS: verified       t=   2.1s 7 Inverse hyperbolic functions/7.4 Inverse hyperbolic cotangent/7.4.1 Inverse hyperbolic cotangent functions.mac e118 L171
PASS: verified       t=   0.9s 7 Inverse hyperbolic functions/7.3 Inverse hyperbolic tangent/7.3.2 (d x)^m (a+b arctanh(c x^n))^p.mac e206 L273
PASS: verified       t=   0.2s 7 Inverse hyperbolic functions/7.3 Inverse hyperbolic tangent/7.3.6 Exponentials of inverse hyperbolic tangent functions.mac e105 L124
PASS: verified       t=   2.1s 7 Inverse hyperbolic functions/7.2 Inverse hyperbolic cosine/7.2.5 Inverse hyperbolic cosine functions.mac e190 L267
PASS: expected       t=   3.0s 7 Inverse hyperbolic functions/7.5 Inverse hyperbolic secant/7.5.1 u (a+b arcsech(c x))^n.mac e159 L206
PASS: verified       t=   3.5s 7 Inverse hyperbolic functions/7.6 Inverse hyperbolic cosecant/7.6.1 u (a+b arccsch(c x))^n.mac e175 L230
PASS: verified       t=   0.2s 7 Inverse hyperbolic functions/7.5 Inverse hyperbolic secant/7.5.2 Inverse hyperbolic secant functions.mac e2 L9
PASS: verified       t=   4.6s 7 Inverse hyperbolic functions/7.6 Inverse hyperbolic cosecant/7.6.1 u (a+b arccsch(c x))^n.mac e51 L80
queue wall: 69.3s  entries: 87  units: 87  workers: 12  harness failures: 0
