=== maxima-rubi corpus queue worker 00 (filter '7 Inverse hyperbolic functions/') ===
date: 2026-09-29 05:06 UTC
maxima: Maxima-version: "branch_5_50_base_84_g4204fb669"
maxima: Maxima build date: "2026-08-31 13:27:47"
maxima: Host type: "x86_64-pc-linux-gnu"
maxima: Lisp implementation type: "SBCL"
maxima: Lisp implementation version: "2.6.7"
filter: '7 Inverse hyperbolic functions/'  queue worker 00 of 12  timeout: 30s cpu  entries: 87  subset: verified of /home/serge/src/maxima-rubi/probes/verify-stages/08-stage-order/entries/class7.control.out  switches: mr_flat_wide=false mr_cond_retry=true mr_model_flags=true mr_nested_fallback=false mr_giveup_last=true mr_inert_leak_misfire=true mr_last_resort_tier=true mr_general_after_giveups=true mr_max_depth=32 mr_eqq_symbolic=true mr_subst_simp=false mr_gtq_facts=false  verify: 30s cpu, stage 5s

verified       t=   0.0s 7 Inverse hyperbolic functions/7.1 Inverse hyperbolic sine/7.1.2 (d x)^m (a+b arcsinh(c x))^n.mac e2 L13
expected       t=   2.2s 7 Inverse hyperbolic functions/7.1 Inverse hyperbolic sine/7.1.5 Inverse hyperbolic sine functions.mac e168 L237
verified       t=   0.0s 7 Inverse hyperbolic functions/7.4 Inverse hyperbolic cotangent/7.4.2 Exponentials of inverse hyperbolic cotangent functions.mac e63 L80
expected       t=   0.2s 7 Inverse hyperbolic functions/7.4 Inverse hyperbolic cotangent/7.4.2 Exponentials of inverse hyperbolic cotangent functions.mac e619 L718
expected       t=   3.0s 7 Inverse hyperbolic functions/7.5 Inverse hyperbolic secant/7.5.1 u (a+b arcsech(c x))^n.mac e159 L206

=== summary ===
head rewrites: {'li[': 52, 'expintegral_chi(': 11, 'expintegral_shi(': 9, 'fresnel_s(': 2, 'fresnel_c(': 2}
expected       3
verified       2
total integrals: 5
wall time: 12.5s
Results: 5 passed, 0 failed
