probe: class3-answer-side-identities   date: 2026-08-30 02:02 UTC
Maxima-version: "branch_5_50_base_84_g4204fb669"
Maxima build date: "2026-08-29 17:58:20"
Host type: "x86_64-pc-linux-gnu"
Lisp implementation type: "SBCL"
Lisp implementation version: "2.6.7"
S1 ev expintegral_shi(0.5) = 0.506996749819667
S2 chain diff resid shi = 1
C1 ev expintegral_chi(0.5) = -0.052776844956493596
C2 chain diff resid chi = 1
I1 ev expintegral_si(0.5) = 0.4931074180430668
I2 chain diff resid si = 1
Q1 ev expintegral_ci(0.5) = -0.17778407880661284
Q2 chain diff resid ci = 1
L1 ev expintegral_li(0.5) = -0.3786710430610881
L2 chain diff resid li = 1
N1 ev shi(0.5) (naming trap) = shi(0.5)
N2 ev chi(0.5) (naming trap) = chi(0.5)
N3 ev si(0.5) (naming trap) = si(0.5)
N4 ev ci(0.5) (naming trap) = ci(0.5)
M1 ev li[2](0.5) (bound curried) = 0.5822405264650125
M2 ev polylog(2,0.5) (stays noun) = polylog(2,0.5)
