probe: class6-answer-side-identities   date: 2026-09-20 09:42 UTC
Maxima-version: "branch_5_50_base_84_g4204fb669"
Maxima build date: "2026-08-31 13:27:47"
Host type: "x86_64-pc-linux-gnu"
Lisp implementation type: "SBCL"
Lisp implementation version: "2.6.7"
H1 chain diff resid cosh = 1
H2 chain diff resid sinh = 1
H3 chain diff resid tanh = 1
H4 chain diff resid coth = 1
H5 chain diff resid sech = 1
H6 chain diff resid csch = 1
E1 ev cosh(0.7) = 1.255169005630943
E2 ev sinh(0.7) = 0.7585837018395334
E3 ev tanh(0.7) = 0.6043677771171636
E4 ev coth(0.7) = 1.654621635802629
E5 ev sech(0.7) = 0.796705459992875
E6 ev csch(0.7) = 1.3182460914662975
R1 chain diff resid chi = 1
R2 chain diff resid shi = 1
R3 ev expintegral_chi(0.7) = 0.3455691756953905
R4 ev expintegral_shi(0.7) = 0.7193380189288996
