probe: class5-answer-side-identities   date: 2026-09-24 23:26 UTC
Maxima-version: "branch_5_50_base_84_g4204fb669"
Maxima build date: "2026-08-31 13:27:47"
Host type: "x86_64-pc-linux-gnu"
Lisp implementation type: "SBCL"
Lisp implementation version: "2.6.7"
A1 chain diff resid asin = 1
A2 chain diff resid acos = 1
A3 chain diff resid atan = 1
A4 chain diff resid acot = 1
A5 chain diff resid asec = 1
A6 chain diff resid acsc = 1
E1 ev asin(0.7) = 0.775397496610753
E2 ev acos(0.7) = 0.7953988301841436
E3 ev atan(0.7) = 0.6107259643892086
E4 ev acot(0.7) = 0.960070362405688
E5 ev asec(1.7) = 0.9419214012998448
E6 ev acsc(1.7) = 0.6288749254950518
E7 ev asec(0.7) (complex) = 0.8955880995299759*%i
E8 ev acsc(0.7) (complex) = 1.5707963267948966-0.8955880995299759*%i
C1 chain diff(asec(z)-acos(1/z)) = 1
C2 chain diff(acsc(z)-asin(1/z)) = 1
C3 chain diff(acot(z)-atan(1/z)) = 1
C4 asec(1.7)-acos(1/1.7) = 0.0
C5 asec(-1.7)-acos(-1/1.7) = 0.0
C6 acsc(-1.7)-asin(-1/1.7) = 0.0
C7 acot(-1.7)-atan(-1/1.7) = 0.0
S1 asin(-x) = -asin(x)
S2 acos(-x) = %pi-acos(x)
S3 atan(-x) = -atan(x)
S4 acot(-x) = -acot(x)
S5 asec(-x) = %pi-asec(x)
S6 acsc(-x) = -acsc(x)
S7 atan(1/x) = atan(1/x)
S8 acot(1/x) = acot(1/x)
D1 poly_discriminant quadratic = b^2-4*a*c
D2 quadratic minus b^2-4ac = 0
D3 cubic minus Mathematica = 0
D4 quadratic 1+x^2 (numeric) = -4
H1 op(atan(1+2*x)) = atan
H2 op(acot(1+2*x)) = acot
H3 is(op(atan(1+2*x)) = atan)    = true
