=== mr_leaf_count against the reference's optimal leaf sizes ===
maxima: Maxima-version: "branch_5_50_base_84_g4204fb669"
maxima: Maxima build date: "2026-08-31 13:27:47"
1_Apostol_Problems: 175 optimals; default: exact 168, within 10% 169, err 0; mma: exact 171, within 10% 173, err 0
2_Bondarenko_Problems: 35 optimals; default: exact 19, within 10% 33, err 0; mma: exact 21, within 10% 34, err 0
3_Bronstein_Problems: 14 optimals; default: exact 13, within 10% 13, err 0; mma: exact 13, within 10% 14, err 0
4_Charlwood_Problems: 50 optimals; default: exact 41, within 10% 49, err 0; mma: exact 45, within 10% 50, err 0
5_Hearn_Problems: 280 optimals; default: exact 255, within 10% 272, err 0; mma: exact 264, within 10% 272, err 0
6_Hebisch_Problems: 7 optimals; default: exact 7, within 10% 7, err 0; mma: exact 7, within 10% 7, err 0
7_Jeffrey_Problems: 9 optimals; default: exact 9, within 10% 9, err 0; mma: exact 9, within 10% 9, err 0
8_Moses_Problems: 113 optimals; default: exact 107, within 10% 110, err 0; mma: exact 107, within 10% 110, err 0
9_Stewart_Problems: 376 optimals; default: exact 368, within 10% 375, err 0; mma: exact 370, within 10% 375, err 0
10_Timofeev_Problems: 705 optimals; default: exact 604, within 10% 682, err 0; mma: exact 633, within 10% 694, err 0
11_Welz_Problems: 57 optimals; default: exact 35, within 10% 54, err 0; mma: exact 45, within 10% 55, err 0
12_Wester_Problems: 8 optimals; default: exact 6, within 10% 6, err 0; mma: exact 7, within 10% 7, err 0

ALL default: 1829 counted, exact 1632 (89.2%), within 10% 1779 (97.3%), sum |diff| / sum ref 1.7%, err 0
ALL mma: 1829 counted, exact 1692 (92.5%), within 10% 1800 (98.4%), sum |diff| / sum ref 1.0%, err 0
skipped: marker optimal 4, no corpus entry 0, past the aligned range 59

1_Apostol_Problems e1 ref=13 default=13 mma=13
1_Apostol_Problems e2 ref=27 default=27 mma=27
1_Apostol_Problems e3 ref=34 default=34 mma=34
1_Apostol_Problems e4 ref=27 default=27 mma=27
1_Apostol_Problems e5 ref=14 default=14 mma=14
1_Apostol_Problems e6 ref=13 default=13 mma=13
1_Apostol_Problems e7 ref=23 default=23 mma=23
1_Apostol_Problems e8 ref=8 default=8 mma=8
1_Apostol_Problems e9 ref=16 default=16 mma=16
1_Apostol_Problems e10 ref=6 default=6 mma=6
1_Apostol_Problems e11 ref=12 default=8 mma=12
1_Apostol_Problems e12 ref=10 default=10 mma=10
1_Apostol_Problems e13 ref=9 default=9 mma=9
1_Apostol_Problems e14 ref=15 default=15 mma=15
1_Apostol_Problems e15 ref=23 default=23 mma=23
1_Apostol_Problems e16 ref=11 default=11 mma=11
1_Apostol_Problems e17 ref=15 default=15 mma=15
1_Apostol_Problems e18 ref=15 default=15 mma=15
1_Apostol_Problems e19 ref=32 default=17 mma=32
1_Apostol_Problems e20 ref=17 default=17 mma=17
1_Apostol_Problems e21 ref=16 default=16 mma=16
1_Apostol_Problems e22 ref=8 default=8 mma=8
1_Apostol_Problems e23 ref=17 default=17 mma=17
1_Apostol_Problems e24 ref=23 default=23 mma=23
1_Apostol_Problems e25 ref=24 default=24 mma=24
1_Apostol_Problems e26 ref=8 default=8 mma=8
1_Apostol_Problems e27 ref=23 default=23 mma=23
1_Apostol_Problems e28 ref=14 default=14 mma=14
1_Apostol_Problems e29 ref=13 default=13 mma=13
1_Apostol_Problems e30 ref=24 default=24 mma=24
1_Apostol_Problems e31 ref=21 default=21 mma=21
1_Apostol_Problems e32 ref=34 default=34 mma=34
1_Apostol_Problems e33 ref=25 default=25 mma=25
1_Apostol_Problems e34 ref=33 default=33 mma=33
1_Apostol_Problems e35 ref=41 default=41 mma=41
1_Apostol_Problems e36 ref=14 default=14 mma=14
1_Apostol_Problems e37 ref=11 default=11 mma=11
1_Apostol_Problems e38 ref=24 default=24 mma=24
1_Apostol_Problems e39 ref=84 default=84 mma=84
1_Apostol_Problems e40 ref=38 default=38 mma=38
1_Apostol_Problems e41 ref=172 default=127 mma=170
1_Apostol_Problems e42 ref=6 default=6 mma=6
1_Apostol_Problems e43 ref=14 default=14 mma=14
1_Apostol_Problems e44 ref=8 default=8 mma=8
1_Apostol_Problems e45 ref=12 default=12 mma=12
1_Apostol_Problems e46 ref=22 default=22 mma=22
1_Apostol_Problems e47 ref=13 default=13 mma=13
1_Apostol_Problems e48 ref=13 default=13 mma=13
1_Apostol_Problems e49 ref=18 default=18 mma=18
1_Apostol_Problems e50 ref=11 default=11 mma=11
1_Apostol_Problems e51 ref=56 default=56 mma=56
1_Apostol_Problems e52 ref=4 default=4 mma=4
1_Apostol_Problems e53 ref=62 default=62 mma=62
1_Apostol_Problems e54 ref=10 default=10 mma=10
1_Apostol_Problems e55 ref=16 default=16 mma=16
1_Apostol_Problems e56 ref=10 default=10 mma=10
1_Apostol_Problems e57 ref=15 default=15 mma=15
1_Apostol_Problems e58 ref=17 default=17 mma=17
1_Apostol_Problems e59 ref=28 default=28 mma=28
1_Apostol_Problems e60 ref=4 default=4 mma=4
1_Apostol_Problems e61 ref=3 default=3 mma=3
1_Apostol_Problems e62 ref=28 default=28 mma=28
1_Apostol_Problems e63 ref=28 default=28 mma=28
1_Apostol_Problems e64 ref=3 default=3 mma=3
1_Apostol_Problems e65 ref=12 default=12 mma=12
1_Apostol_Problems e66 ref=23 default=23 mma=23
1_Apostol_Problems e67 ref=39 default=39 mma=39
1_Apostol_Problems e68 ref=9 default=9 mma=9
1_Apostol_Problems e69 ref=14 default=14 mma=14
1_Apostol_Problems e70 ref=10 default=10 mma=10
1_Apostol_Problems e71 ref=19 default=19 mma=19
1_Apostol_Problems e72 ref=19 default=19 mma=19
1_Apostol_Problems e73 ref=10 default=10 mma=10
1_Apostol_Problems e74 ref=11 default=11 mma=11
1_Apostol_Problems e75 ref=16 default=16 mma=16
1_Apostol_Problems e76 ref=19 default=19 mma=19
1_Apostol_Problems e77 ref=32 default=32 mma=32
1_Apostol_Problems e78 ref=24 default=24 mma=24
1_Apostol_Problems e79 ref=26 default=26 mma=26
1_Apostol_Problems e80 ref=41 default=41 mma=41
1_Apostol_Problems e81 ref=42 default=42 mma=42
1_Apostol_Problems e82 ref=15 default=15 mma=15
1_Apostol_Problems e83 ref=19 default=19 mma=19
1_Apostol_Problems e84 ref=17 default=17 mma=17
1_Apostol_Problems e85 ref=25 default=25 mma=25
1_Apostol_Problems e86 ref=22 default=22 mma=22
1_Apostol_Problems e87 ref=16 default=16 mma=16
1_Apostol_Problems e88 ref=10 default=10 mma=10
1_Apostol_Problems e89 ref=10 default=10 mma=10
1_Apostol_Problems e90 ref=24 default=24 mma=24
1_Apostol_Problems e91 ref=19 default=19 mma=19
1_Apostol_Problems e92 ref=21 default=21 mma=21
1_Apostol_Problems e93 ref=40 default=40 mma=40
1_Apostol_Problems e94 ref=35 default=35 mma=35
1_Apostol_Problems e95 ref=22 default=22 mma=22
1_Apostol_Problems e96 ref=8 default=8 mma=8
1_Apostol_Problems e97 ref=23 default=23 mma=23
1_Apostol_Problems e98 ref=22 default=22 mma=22
1_Apostol_Problems e99 ref=20 default=20 mma=20
1_Apostol_Problems e100 ref=19 default=19 mma=19
1_Apostol_Problems e101 ref=4 default=4 mma=4
1_Apostol_Problems e102 ref=27 default=27 mma=27
1_Apostol_Problems e103 ref=42 default=42 mma=42
1_Apostol_Problems e104 ref=71 default=71 mma=71
1_Apostol_Problems e105 ref=32 default=32 mma=32
1_Apostol_Problems e106 ref=15 default=15 mma=15
1_Apostol_Problems e107 ref=19 default=19 mma=19
1_Apostol_Problems e108 ref=23 default=23 mma=23
1_Apostol_Problems e109 ref=23 default=23 mma=23
1_Apostol_Problems e110 ref=24 default=24 mma=24
1_Apostol_Problems e111 ref=28 default=28 mma=28
1_Apostol_Problems e112 ref=49 default=49 mma=49
1_Apostol_Problems e113 ref=21 default=21 mma=21
1_Apostol_Problems e114 ref=16 default=16 mma=16
1_Apostol_Problems e115 ref=11 default=11 mma=11
1_Apostol_Problems e116 ref=23 default=23 mma=23
1_Apostol_Problems e117 ref=30 default=30 mma=30
1_Apostol_Problems e118 ref=27 default=27 mma=27
1_Apostol_Problems e119 ref=23 default=23 mma=23
1_Apostol_Problems e120 ref=16 default=16 mma=16
1_Apostol_Problems e121 ref=18 default=18 mma=18
1_Apostol_Problems e122 ref=11 default=11 mma=11
1_Apostol_Problems e123 ref=24 default=24 mma=24
1_Apostol_Problems e124 ref=46 default=46 mma=46
1_Apostol_Problems e125 ref=10 default=10 mma=10
1_Apostol_Problems e126 ref=17 default=17 mma=17
1_Apostol_Problems e127 ref=20 default=20 mma=20
1_Apostol_Problems e128 ref=16 default=16 mma=16
1_Apostol_Problems e129 ref=14 default=14 mma=14
1_Apostol_Problems e130 ref=21 default=21 mma=21
1_Apostol_Problems e131 ref=21 default=21 mma=21
1_Apostol_Problems e132 ref=22 default=22 mma=22
1_Apostol_Problems e133 ref=10 default=10 mma=10
1_Apostol_Problems e134 ref=31 default=31 mma=31
1_Apostol_Problems e135 ref=18 default=18 mma=18
1_Apostol_Problems e136 ref=13 default=13 mma=13
1_Apostol_Problems e137 ref=85 default=73 mma=73
1_Apostol_Problems e138 ref=23 default=23 mma=23
1_Apostol_Problems e139 ref=11 default=11 mma=11
1_Apostol_Problems e140 ref=45 default=45 mma=45
1_Apostol_Problems e141 ref=37 default=37 mma=37
1_Apostol_Problems e142 ref=56 default=56 mma=56
1_Apostol_Problems e143 ref=31 default=31 mma=31
1_Apostol_Problems e144 ref=36 default=36 mma=36
1_Apostol_Problems e145 ref=15 default=15 mma=15
1_Apostol_Problems e146 ref=17 default=17 mma=17
1_Apostol_Problems e147 ref=30 default=30 mma=30
1_Apostol_Problems e148 ref=29 default=29 mma=29
1_Apostol_Problems e149 ref=13 default=13 mma=13
1_Apostol_Problems e150 ref=37 default=37 mma=37
1_Apostol_Problems e151 ref=22 default=22 mma=22
1_Apostol_Problems e152 ref=27 default=27 mma=27
1_Apostol_Problems e153 ref=27 default=27 mma=27
1_Apostol_Problems e154 ref=14 default=14 mma=14
1_Apostol_Problems e155 ref=68 default=62 mma=62
1_Apostol_Problems e156 ref=13 default=13 mma=13
1_Apostol_Problems e157 ref=15 default=2 mma=2
1_Apostol_Problems e158 ref=2 default=2 mma=2
1_Apostol_Problems e159 ref=4 default=4 mma=4
1_Apostol_Problems e160 ref=11 default=11 mma=11
1_Apostol_Problems e161 ref=14 default=14 mma=14
1_Apostol_Problems e162 ref=15 default=15 mma=15
1_Apostol_Problems e163 ref=13 default=13 mma=13
1_Apostol_Problems e164 ref=19 default=19 mma=19
1_Apostol_Problems e165 ref=18 default=18 mma=18
1_Apostol_Problems e166 ref=16 default=16 mma=16
1_Apostol_Problems e167 ref=26 default=26 mma=26
1_Apostol_Problems e168 ref=36 default=36 mma=36
1_Apostol_Problems e169 ref=48 default=48 mma=48
1_Apostol_Problems e170 ref=2 default=2 mma=2
1_Apostol_Problems e171 ref=10 default=10 mma=10
1_Apostol_Problems e172 ref=22 default=22 mma=22
1_Apostol_Problems e173 ref=12 default=12 mma=12
1_Apostol_Problems e174 ref=22 default=22 mma=22
1_Apostol_Problems e175 ref=103 default=78 mma=103
2_Bondarenko_Problems e1 ref=22 default=20 mma=20
2_Bondarenko_Problems e2 ref=32 default=32 mma=32
2_Bondarenko_Problems e3 ref=25 default=25 mma=25
2_Bondarenko_Problems e4 ref=58 default=66 mma=58
2_Bondarenko_Problems e5 ref=50 default=50 mma=50
2_Bondarenko_Problems e6 ref=334 default=334 mma=334
2_Bondarenko_Problems e7 ref=291 default=290 mma=290
2_Bondarenko_Problems e8 ref=308 default=305 mma=305
2_Bondarenko_Problems e9 ref=84 default=84 mma=84
2_Bondarenko_Problems e10 ref=41 default=41 mma=41
2_Bondarenko_Problems e11 ref=73 default=73 mma=73
2_Bondarenko_Problems e12 ref=73 default=73 mma=73
2_Bondarenko_Problems e13 ref=365 default=361 mma=361
2_Bondarenko_Problems e14 ref=337 default=333 mma=333
2_Bondarenko_Problems e15 ref=77 default=74 mma=74
2_Bondarenko_Problems e16 ref=118 default=116 mma=116
2_Bondarenko_Problems e17 ref=83 default=83 mma=83
2_Bondarenko_Problems e18 ref=96 default=96 mma=96
2_Bondarenko_Problems e19 ref=25 default=25 mma=25
2_Bondarenko_Problems e20 ref=25 default=25 mma=25
2_Bondarenko_Problems e21 ref=108 default=106 mma=106
2_Bondarenko_Problems e22 ref=29 default=28 mma=28
2_Bondarenko_Problems e23 ref=26 default=23 mma=23
2_Bondarenko_Problems e24 ref=110 default=110 mma=110
2_Bondarenko_Problems e25 ref=40 default=40 mma=40
2_Bondarenko_Problems e26 ref=185 default=193 mma=185
2_Bondarenko_Problems e27 ref=102 default=102 mma=102
2_Bondarenko_Problems e28 ref=159 default=156 mma=156
2_Bondarenko_Problems e29 ref=395 default=393 mma=393
2_Bondarenko_Problems e30 ref=981 default=981 mma=981
2_Bondarenko_Problems e31 ref=555 default=543 mma=543
2_Bondarenko_Problems e32 ref=313 default=311 mma=311
2_Bondarenko_Problems e33 ref=80 default=80 mma=80
2_Bondarenko_Problems e34 ref=57 default=57 mma=57
2_Bondarenko_Problems e35 ref=121 default=121 mma=121
3_Bronstein_Problems e1 ref=28 default=28 mma=28
3_Bronstein_Problems e2 ref=2 default=2 mma=2
3_Bronstein_Problems e3 ref=14 default=14 mma=14
3_Bronstein_Problems e4 ref=252 default=189 mma=251
3_Bronstein_Problems e5 ref=16 default=16 mma=16
3_Bronstein_Problems e6 ref=76 default=76 mma=76
3_Bronstein_Problems e7 ref=13 default=13 mma=13
3_Bronstein_Problems e8 ref=42 default=42 mma=42
3_Bronstein_Problems e9 ref=2 default=2 mma=2
3_Bronstein_Problems e10 ref=17 default=17 mma=17
3_Bronstein_Problems e11 ref=13 default=13 mma=13
3_Bronstein_Problems e12 ref=13 default=13 mma=13
3_Bronstein_Problems e13 ref=23 default=23 mma=23
3_Bronstein_Problems e14 ref=39 default=39 mma=39
4_Charlwood_Problems e1 ref=51 default=51 mma=51
4_Charlwood_Problems e2 ref=17 default=17 mma=17
4_Charlwood_Problems e3 ref=69 default=68 mma=68
4_Charlwood_Problems e4 ref=97 default=103 mma=97
4_Charlwood_Problems e5 ref=45 default=45 mma=45
4_Charlwood_Problems e6 ref=56 default=56 mma=56
4_Charlwood_Problems e7 ref=15 default=15 mma=15
4_Charlwood_Problems e8 ref=137 default=145 mma=137
4_Charlwood_Problems e9 ref=41 default=41 mma=41
4_Charlwood_Problems e10 ref=44 default=44 mma=44
4_Charlwood_Problems e11 ref=68 default=68 mma=68
4_Charlwood_Problems e12 ref=141 default=141 mma=141
4_Charlwood_Problems e13 ref=152 default=152 mma=152
4_Charlwood_Problems e14 ref=45 default=45 mma=45
4_Charlwood_Problems e15 ref=34 default=34 mma=34
4_Charlwood_Problems e16 ref=22 default=22 mma=22
4_Charlwood_Problems e17 ref=32 default=32 mma=32
4_Charlwood_Problems e18 ref=43 default=43 mma=43
4_Charlwood_Problems e19 ref=28 default=28 mma=28
4_Charlwood_Problems e20 ref=26 default=26 mma=26
4_Charlwood_Problems e21 ref=38 default=38 mma=38
4_Charlwood_Problems e22 ref=70 default=70 mma=70
4_Charlwood_Problems e23 ref=58 default=58 mma=58
4_Charlwood_Problems e24 ref=55 default=55 mma=55
4_Charlwood_Problems e25 ref=26 default=26 mma=26
4_Charlwood_Problems e26 ref=78 default=78 mma=78
4_Charlwood_Problems e27 ref=39 default=39 mma=39
4_Charlwood_Problems e28 ref=17 default=17 mma=17
4_Charlwood_Problems e29 ref=57 default=57 mma=57
4_Charlwood_Problems e30 ref=45 default=45 mma=45
4_Charlwood_Problems e31 ref=29 default=29 mma=29
4_Charlwood_Problems e32 ref=21 default=21 mma=21
4_Charlwood_Problems e33 ref=34 default=34 mma=34
4_Charlwood_Problems e34 ref=33 default=33 mma=33
4_Charlwood_Problems e35 ref=25 default=22 mma=25
4_Charlwood_Problems e36 ref=34 default=34 mma=34
4_Charlwood_Problems e37 ref=16 default=16 mma=16
4_Charlwood_Problems e38 ref=23 default=23 mma=23
4_Charlwood_Problems e39 ref=23 default=23 mma=23
4_Charlwood_Problems e40 ref=22 default=22 mma=22
4_Charlwood_Problems e41 ref=42 default=42 mma=42
4_Charlwood_Problems e42 ref=28 default=28 mma=28
4_Charlwood_Problems e43 ref=34 default=32 mma=32
4_Charlwood_Problems e44 ref=39 default=39 mma=39
4_Charlwood_Problems e45 ref=337 default=329 mma=329
4_Charlwood_Problems e46 ref=77 default=77 mma=77
4_Charlwood_Problems e47 ref=120 default=122 mma=122
4_Charlwood_Problems e48 ref=31 default=30 mma=30
4_Charlwood_Problems e49 ref=29 default=29 mma=29
4_Charlwood_Problems e50 ref=106 default=110 mma=106
5_Hearn_Problems e1 ref=16 default=16 mma=16
5_Hearn_Problems e2 ref=22 default=22 mma=22
5_Hearn_Problems e3 ref=22 default=22 mma=22
5_Hearn_Problems e4 ref=2 default=2 mma=2
5_Hearn_Problems e5 ref=36 default=36 mma=36
5_Hearn_Problems e6 ref=32 default=32 mma=32
5_Hearn_Problems e7 ref=40 default=40 mma=40
5_Hearn_Problems e8 ref=34 default=34 mma=34
5_Hearn_Problems e9 ref=16 default=16 mma=16
5_Hearn_Problems e10 ref=19 default=19 mma=19
5_Hearn_Problems e11 ref=49 default=49 mma=49
5_Hearn_Problems e12 ref=68 default=68 mma=68
5_Hearn_Problems e13 ref=47 default=47 mma=47
5_Hearn_Problems e14 ref=40 default=40 mma=40
5_Hearn_Problems e15 ref=27 default=27 mma=27
5_Hearn_Problems e16 ref=41 default=41 mma=41
5_Hearn_Problems e17 ref=43 default=43 mma=43
5_Hearn_Problems e18 ref=85 default=73 mma=73
5_Hearn_Problems e19 ref=85 default=73 mma=73
5_Hearn_Problems e20 ref=67 default=67 mma=67
5_Hearn_Problems e21 ref=18 default=18 mma=18
5_Hearn_Problems e22 ref=39 default=39 mma=39
5_Hearn_Problems e23 ref=60 default=60 mma=60
5_Hearn_Problems e24 ref=10 default=10 mma=10
5_Hearn_Problems e25 ref=12 default=12 mma=12
5_Hearn_Problems e26 ref=18 default=18 mma=18
5_Hearn_Problems e27 ref=31 default=31 mma=31
5_Hearn_Problems e28 ref=18 default=18 mma=18
5_Hearn_Problems e29 ref=28 default=28 mma=28
5_Hearn_Problems e30 ref=42 default=42 mma=42
5_Hearn_Problems e31 ref=10 default=10 mma=10
5_Hearn_Problems e32 ref=10 default=10 mma=10
5_Hearn_Problems e33 ref=78 default=77 mma=77
5_Hearn_Problems e34 ref=74 default=74 mma=74
5_Hearn_Problems e35 ref=115 default=115 mma=115
5_Hearn_Problems e36 ref=35 default=31 mma=31
5_Hearn_Problems e37 ref=35 default=35 mma=35
5_Hearn_Problems e38 ref=171 default=165 mma=165
5_Hearn_Problems e39 ref=73 default=80 mma=73
5_Hearn_Problems e40 ref=73 default=80 mma=73
5_Hearn_Problems e41 ref=72 default=79 mma=72
5_Hearn_Problems e42 ref=67 default=73 mma=67
5_Hearn_Problems e43 ref=67 default=73 mma=67
5_Hearn_Problems e44 ref=196 default=179 mma=176
5_Hearn_Problems e45 ref=196 default=179 mma=176
5_Hearn_Problems e46 ref=73 default=73 mma=73
5_Hearn_Problems e47 ref=138 default=135 mma=135
5_Hearn_Problems e48 ref=138 default=134 mma=134
5_Hearn_Problems e49 ref=339 default=341 mma=339
5_Hearn_Problems e50 ref=97 default=87 mma=87
5_Hearn_Problems e51 ref=275 default=275 mma=275
5_Hearn_Problems e52 ref=49 default=49 mma=49
5_Hearn_Problems e53 ref=8 default=8 mma=8
5_Hearn_Problems e54 ref=17 default=17 mma=17
5_Hearn_Problems e55 ref=17 default=17 mma=17
5_Hearn_Problems e56 ref=26 default=26 mma=26
5_Hearn_Problems e57 ref=15 default=15 mma=15
5_Hearn_Problems e58 ref=127 default=127 mma=127
5_Hearn_Problems e59 ref=8 default=8 mma=8
5_Hearn_Problems e60 ref=2 default=2 mma=2
5_Hearn_Problems e61 ref=4 default=4 mma=4
5_Hearn_Problems e62 ref=3 default=3 mma=3
5_Hearn_Problems e63 ref=17 default=17 mma=17
5_Hearn_Problems e64 ref=12 default=12 mma=12
5_Hearn_Problems e65 ref=28 default=28 mma=28
5_Hearn_Problems e66 ref=54 default=54 mma=54
5_Hearn_Problems e67 ref=29 default=29 mma=29
5_Hearn_Problems e68 ref=46 default=46 mma=46
5_Hearn_Problems e69 ref=59 default=59 mma=59
5_Hearn_Problems e70 ref=23 default=23 mma=23
5_Hearn_Problems e71 ref=27 default=27 mma=27
5_Hearn_Problems e72 ref=44 default=44 mma=44
5_Hearn_Problems e73 ref=54 default=54 mma=54
5_Hearn_Problems e74 ref=25 default=25 mma=25
5_Hearn_Problems e76 ref=4 default=4 mma=4
5_Hearn_Problems e77 ref=2 default=2 mma=2
5_Hearn_Problems e78 ref=5 default=5 mma=5
5_Hearn_Problems e79 ref=3 default=3 mma=3
5_Hearn_Problems e80 ref=21 default=21 mma=21
5_Hearn_Problems e81 ref=3 default=3 mma=3
5_Hearn_Problems e82 ref=5 default=5 mma=5
5_Hearn_Problems e83 ref=14 default=14 mma=14
5_Hearn_Problems e84 ref=20 default=20 mma=20
5_Hearn_Problems e85 ref=13 default=13 mma=13
5_Hearn_Problems e86 ref=44 default=41 mma=44
5_Hearn_Problems e87 ref=19 default=19 mma=19
5_Hearn_Problems e88 ref=14 default=14 mma=14
5_Hearn_Problems e89 ref=11 default=11 mma=11
5_Hearn_Problems e90 ref=2 default=2 mma=2
5_Hearn_Problems e91 ref=15 default=15 mma=15
5_Hearn_Problems e92 ref=8 default=8 mma=8
5_Hearn_Problems e93 ref=17 default=17 mma=17
5_Hearn_Problems e94 ref=25 default=25 mma=25
5_Hearn_Problems e95 ref=41 default=41 mma=41
5_Hearn_Problems e96 ref=33 default=33 mma=33
5_Hearn_Problems e97 ref=7 default=7 mma=7
5_Hearn_Problems e98 ref=16 default=16 mma=16
5_Hearn_Problems e99 ref=25 default=25 mma=25
5_Hearn_Problems e100 ref=41 default=41 mma=41
5_Hearn_Problems e101 ref=33 default=33 mma=33
5_Hearn_Problems e102 ref=2 default=2 mma=2
5_Hearn_Problems e103 ref=2 default=2 mma=2
5_Hearn_Problems e104 ref=10 default=10 mma=10
5_Hearn_Problems e105 ref=15 default=15 mma=15
5_Hearn_Problems e106 ref=12 default=12 mma=12
5_Hearn_Problems e107 ref=11 default=11 mma=11
5_Hearn_Problems e108 ref=10 default=10 mma=10
5_Hearn_Problems e109 ref=12 default=12 mma=12
5_Hearn_Problems e110 ref=11 default=11 mma=11
5_Hearn_Problems e111 ref=12 default=12 mma=12
5_Hearn_Problems e112 ref=11 default=11 mma=11
5_Hearn_Problems e113 ref=25 default=25 mma=25
5_Hearn_Problems e114 ref=27 default=27 mma=27
5_Hearn_Problems e115 ref=25 default=25 mma=25
5_Hearn_Problems e116 ref=26 default=26 mma=26
5_Hearn_Problems e117 ref=10 default=10 mma=10
5_Hearn_Problems e118 ref=9 default=9 mma=9
5_Hearn_Problems e119 ref=12 default=12 mma=12
5_Hearn_Problems e120 ref=10 default=10 mma=10
5_Hearn_Problems e121 ref=11 default=11 mma=11
5_Hearn_Problems e122 ref=40 default=40 mma=40
5_Hearn_Problems e123 ref=47 default=47 mma=47
5_Hearn_Problems e124 ref=73 default=73 mma=73
5_Hearn_Problems e125 ref=15 default=15 mma=15
5_Hearn_Problems e126 ref=73 default=73 mma=73
5_Hearn_Problems e127 ref=14 default=14 mma=14
5_Hearn_Problems e128 ref=104 default=104 mma=104
5_Hearn_Problems e129 ref=153 default=153 mma=153
5_Hearn_Problems e130 ref=15 default=15 mma=15
5_Hearn_Problems e131 ref=15 default=15 mma=15
5_Hearn_Problems e132 ref=24 default=24 mma=24
5_Hearn_Problems e133 ref=7 default=7 mma=7
5_Hearn_Problems e134 ref=32 default=32 mma=32
5_Hearn_Problems e135 ref=31 default=31 mma=31
5_Hearn_Problems e136 ref=84 default=84 mma=84
5_Hearn_Problems e137 ref=83 default=83 mma=83
5_Hearn_Problems e138 ref=162 default=162 mma=162
5_Hearn_Problems e139 ref=161 default=161 mma=161
5_Hearn_Problems e140 ref=261 default=261 mma=261
5_Hearn_Problems e141 ref=260 default=260 mma=260
5_Hearn_Problems e142 ref=25 default=25 mma=25
5_Hearn_Problems e143 ref=30 default=30 mma=30
5_Hearn_Problems e144 ref=85 default=85 mma=85
5_Hearn_Problems e146 ref=12 default=12 mma=12
5_Hearn_Problems e147 ref=77 default=77 mma=77
5_Hearn_Problems e148 ref=17 default=17 mma=17
5_Hearn_Problems e149 ref=17 default=17 mma=17
5_Hearn_Problems e150 ref=3 default=3 mma=3
5_Hearn_Problems e151 ref=8 default=8 mma=8
5_Hearn_Problems e152 ref=9 default=9 mma=9
5_Hearn_Problems e153 ref=4 default=4 mma=4
5_Hearn_Problems e154 ref=24 default=24 mma=24
5_Hearn_Problems e155 ref=12 default=12 mma=12
5_Hearn_Problems e156 ref=13 default=13 mma=13
5_Hearn_Problems e157 ref=31 default=31 mma=31
5_Hearn_Problems e158 ref=21 default=21 mma=21
5_Hearn_Problems e159 ref=163 default=163 mma=163
5_Hearn_Problems e160 ref=18 default=18 mma=18
5_Hearn_Problems e161 ref=14 default=14 mma=14
5_Hearn_Problems e162 ref=17 default=17 mma=17
5_Hearn_Problems e163 ref=64 default=64 mma=64
5_Hearn_Problems e164 ref=16 default=16 mma=16
5_Hearn_Problems e165 ref=13 default=13 mma=13
5_Hearn_Problems e166 ref=11 default=11 mma=11
5_Hearn_Problems e167 ref=9 default=9 mma=9
5_Hearn_Problems e168 ref=27 default=27 mma=27
5_Hearn_Problems e169 ref=25 default=25 mma=25
5_Hearn_Problems e171 ref=11 default=11 mma=11
5_Hearn_Problems e172 ref=22 default=22 mma=22
5_Hearn_Problems e173 ref=23 default=20 mma=20
5_Hearn_Problems e174 ref=16 default=16 mma=16
5_Hearn_Problems e175 ref=57 default=57 mma=57
5_Hearn_Problems e176 ref=116 default=116 mma=116
5_Hearn_Problems e177 ref=16 default=16 mma=16
5_Hearn_Problems e178 ref=34 default=34 mma=34
5_Hearn_Problems e179 ref=53 default=53 mma=53
5_Hearn_Problems e180 ref=35 default=35 mma=35
5_Hearn_Problems e181 ref=39 default=39 mma=39
5_Hearn_Problems e182 ref=14 default=14 mma=14
5_Hearn_Problems e183 ref=32 default=32 mma=32
5_Hearn_Problems e184 ref=51 default=51 mma=51
5_Hearn_Problems e185 ref=23 default=23 mma=23
5_Hearn_Problems e186 ref=41 default=41 mma=41
5_Hearn_Problems e187 ref=23 default=23 mma=23
5_Hearn_Problems e188 ref=48 default=48 mma=48
5_Hearn_Problems e189 ref=55 default=51 mma=51
5_Hearn_Problems e190 ref=12 default=12 mma=12
5_Hearn_Problems e191 ref=43 default=43 mma=43
5_Hearn_Problems e192 ref=22 default=22 mma=22
5_Hearn_Problems e193 ref=13 default=13 mma=13
5_Hearn_Problems e194 ref=8 default=8 mma=8
5_Hearn_Problems e195 ref=14 default=14 mma=14
5_Hearn_Problems e196 ref=18 default=18 mma=18
5_Hearn_Problems e197 ref=30 default=30 mma=30
5_Hearn_Problems e198 ref=17 default=17 mma=17
5_Hearn_Problems e199 ref=2 default=2 mma=2
5_Hearn_Problems e200 ref=20 default=20 mma=20
5_Hearn_Problems e201 ref=24 default=24 mma=24
5_Hearn_Problems e202 ref=27 default=27 mma=27
5_Hearn_Problems e203 ref=82 default=82 mma=82
5_Hearn_Problems e204 ref=12 default=12 mma=12
5_Hearn_Problems e205 ref=40 default=40 mma=40
5_Hearn_Problems e206 ref=46 default=46 mma=46
5_Hearn_Problems e207 ref=37 default=37 mma=37
5_Hearn_Problems e208 ref=61 default=61 mma=61
5_Hearn_Problems e209 ref=23 default=23 mma=23
5_Hearn_Problems e210 ref=28 default=28 mma=28
5_Hearn_Problems e211 ref=56 default=54 mma=54
5_Hearn_Problems e212 ref=81 default=79 mma=79
5_Hearn_Problems e213 ref=44 default=44 mma=44
5_Hearn_Problems e214 ref=68 default=68 mma=68
5_Hearn_Problems e215 ref=13 default=13 mma=13
5_Hearn_Problems e216 ref=19 default=15 mma=19
5_Hearn_Problems e217 ref=12 default=12 mma=12
5_Hearn_Problems e218 ref=11 default=11 mma=11
5_Hearn_Problems e219 ref=27 default=27 mma=27
5_Hearn_Problems e220 ref=33 default=33 mma=33
5_Hearn_Problems e221 ref=9 default=9 mma=9
5_Hearn_Problems e222 ref=19 default=19 mma=19
5_Hearn_Problems e223 ref=19 default=19 mma=19
5_Hearn_Problems e224 ref=88 default=88 mma=88
5_Hearn_Problems e225 ref=9 default=9 mma=9
5_Hearn_Problems e226 ref=9 default=9 mma=9
5_Hearn_Problems e227 ref=9 default=9 mma=9
5_Hearn_Problems e228 ref=12 default=12 mma=12
5_Hearn_Problems e229 ref=28 default=28 mma=28
5_Hearn_Problems e230 ref=21 default=21 mma=21
5_Hearn_Problems e231 ref=21 default=21 mma=21
5_Hearn_Problems e232 ref=23 default=23 mma=23
5_Hearn_Problems e233 ref=18 default=18 mma=18
5_Hearn_Problems e234 ref=18 default=18 mma=18
5_Hearn_Problems e235 ref=12 default=12 mma=12
5_Hearn_Problems e236 ref=14 default=14 mma=14
5_Hearn_Problems e237 ref=12 default=12 mma=12
5_Hearn_Problems e238 ref=14 default=14 mma=14
5_Hearn_Problems e239 ref=21 default=21 mma=21
5_Hearn_Problems e240 ref=24 default=24 mma=24
5_Hearn_Problems e241 ref=12 default=12 mma=12
5_Hearn_Problems e242 ref=32 default=32 mma=32
5_Hearn_Problems e243 ref=33 default=38 mma=38
5_Hearn_Problems e244 ref=3 default=3 mma=3
5_Hearn_Problems e245 ref=12 default=12 mma=12
5_Hearn_Problems e246 ref=3 default=3 mma=3
5_Hearn_Problems e247 ref=3 default=3 mma=3
5_Hearn_Problems e248 ref=8 default=8 mma=8
5_Hearn_Problems e249 ref=49 default=49 mma=49
5_Hearn_Problems e250 ref=16 default=16 mma=16
5_Hearn_Problems e251 ref=40 default=40 mma=40
5_Hearn_Problems e252 ref=128 default=128 mma=128
5_Hearn_Problems e253 ref=30 default=30 mma=30
5_Hearn_Problems e254 ref=11 default=11 mma=11
5_Hearn_Problems e255 ref=40 default=40 mma=40
5_Hearn_Problems e256 ref=8 default=8 mma=8
5_Hearn_Problems e257 ref=227 default=259 mma=227
5_Hearn_Problems e258 ref=24 default=24 mma=24
5_Hearn_Problems e259 ref=78 default=78 mma=78
5_Hearn_Problems e260 ref=2 default=2 mma=2
5_Hearn_Problems e261 ref=27 default=27 mma=27
5_Hearn_Problems e262 ref=10 default=10 mma=10
5_Hearn_Problems e263 ref=16 default=16 mma=16
5_Hearn_Problems e264 ref=40 default=40 mma=40
5_Hearn_Problems e265 ref=21 default=21 mma=21
5_Hearn_Problems e266 ref=14 default=14 mma=14
5_Hearn_Problems e267 ref=18 default=18 mma=18
5_Hearn_Problems e268 ref=10 default=10 mma=10
5_Hearn_Problems e269 ref=6 default=6 mma=6
5_Hearn_Problems e270 ref=21 default=21 mma=21
5_Hearn_Problems e271 ref=53 default=53 mma=53
5_Hearn_Problems e272 ref=49 default=49 mma=49
5_Hearn_Problems e274 ref=28 default=28 mma=28
5_Hearn_Problems e275 ref=199 default=199 mma=199
5_Hearn_Problems e276 ref=18 default=18 mma=18
5_Hearn_Problems e277 ref=24 default=24 mma=24
5_Hearn_Problems e278 ref=94 default=94 mma=94
5_Hearn_Problems e279 ref=142 default=142 mma=142
5_Hearn_Problems e280 ref=21 default=21 mma=21
5_Hearn_Problems e281 ref=4030 default=4017 mma=4013
5_Hearn_Problems e282 ref=330 default=330 mma=330
5_Hearn_Problems e283 ref=4 default=4 mma=4
5_Hearn_Problems e284 ref=71 default=71 mma=71
6_Hebisch_Problems e1 ref=51 default=51 mma=51
6_Hebisch_Problems e2 ref=10 default=10 mma=10
6_Hebisch_Problems e3 ref=28 default=28 mma=28
6_Hebisch_Problems e4 ref=6 default=6 mma=6
6_Hebisch_Problems e5 ref=13 default=13 mma=13
6_Hebisch_Problems e6 ref=10 default=10 mma=10
6_Hebisch_Problems e7 ref=10 default=10 mma=10
7_Jeffrey_Problems e1 ref=16 default=16 mma=16
7_Jeffrey_Problems e2 ref=19 default=19 mma=19
7_Jeffrey_Problems e3 ref=19 default=19 mma=19
7_Jeffrey_Problems e4 ref=19 default=19 mma=19
7_Jeffrey_Problems e5 ref=43 default=43 mma=43
7_Jeffrey_Problems e6 ref=25 default=25 mma=25
7_Jeffrey_Problems e7 ref=14 default=14 mma=14
7_Jeffrey_Problems e8 ref=34 default=34 mma=34
7_Jeffrey_Problems e9 ref=54 default=54 mma=54
8_Moses_Problems e1 ref=12 default=12 mma=12
8_Moses_Problems e2 ref=13 default=13 mma=13
8_Moses_Problems e3 ref=19 default=19 mma=19
8_Moses_Problems e4 ref=2 default=2 mma=2
8_Moses_Problems e5 ref=9 default=9 mma=9
8_Moses_Problems e6 ref=8 default=8 mma=8
8_Moses_Problems e7 ref=13 default=13 mma=13
8_Moses_Problems e8 ref=19 default=19 mma=19
8_Moses_Problems e9 ref=8 default=8 mma=8
8_Moses_Problems e10 ref=4 default=4 mma=4
8_Moses_Problems e11 ref=2 default=2 mma=2
8_Moses_Problems e12 ref=8 default=8 mma=8
8_Moses_Problems e13 ref=7 default=7 mma=7
8_Moses_Problems e14 ref=28 default=28 mma=28
8_Moses_Problems e15 ref=22 default=22 mma=22
8_Moses_Problems e16 ref=8 default=8 mma=8
8_Moses_Problems e17 ref=9 default=9 mma=9
8_Moses_Problems e18 ref=13 default=13 mma=13
8_Moses_Problems e19 ref=6 default=6 mma=6
8_Moses_Problems e20 ref=9 default=9 mma=9
8_Moses_Problems e21 ref=10 default=10 mma=10
8_Moses_Problems e22 ref=8 default=8 mma=8
8_Moses_Problems e23 ref=10 default=10 mma=10
8_Moses_Problems e24 ref=23 default=23 mma=23
8_Moses_Problems e25 ref=13 default=13 mma=13
8_Moses_Problems e26 ref=18 default=21 mma=21
8_Moses_Problems e27 ref=31 default=31 mma=31
8_Moses_Problems e28 ref=8 default=8 mma=8
8_Moses_Problems e29 ref=12 default=13 mma=13
8_Moses_Problems e30 ref=20 default=20 mma=20
8_Moses_Problems e31 ref=49 default=49 mma=49
8_Moses_Problems e32 ref=115 default=115 mma=115
8_Moses_Problems e33 ref=22 default=22 mma=22
8_Moses_Problems e34 ref=23 default=23 mma=23
8_Moses_Problems e35 ref=32 default=32 mma=32
8_Moses_Problems e36 ref=44 default=42 mma=42
8_Moses_Problems e37 ref=35 default=35 mma=35
8_Moses_Problems e38 ref=75 default=75 mma=75
8_Moses_Problems e39 ref=35 default=35 mma=35
8_Moses_Problems e40 ref=51 default=51 mma=51
8_Moses_Problems e41 ref=14 default=14 mma=14
8_Moses_Problems e42 ref=49 default=49 mma=49
8_Moses_Problems e43 ref=9 default=9 mma=9
8_Moses_Problems e44 ref=11 default=11 mma=11
8_Moses_Problems e45 ref=9 default=9 mma=9
8_Moses_Problems e46 ref=7 default=7 mma=7
8_Moses_Problems e47 ref=11 default=11 mma=11
8_Moses_Problems e48 ref=2 default=2 mma=2
8_Moses_Problems e49 ref=41 default=41 mma=41
8_Moses_Problems e50 ref=47 default=47 mma=47
8_Moses_Problems e51 ref=21 default=21 mma=21
8_Moses_Problems e52 ref=17 default=17 mma=17
8_Moses_Problems e53 ref=40 default=40 mma=40
8_Moses_Problems e54 ref=7 default=7 mma=7
8_Moses_Problems e55 ref=8 default=8 mma=8
8_Moses_Problems e56 ref=3 default=3 mma=3
8_Moses_Problems e57 ref=2 default=2 mma=2
8_Moses_Problems e58 ref=14 default=14 mma=14
8_Moses_Problems e59 ref=17 default=17 mma=17
8_Moses_Problems e60 ref=38 default=38 mma=38
8_Moses_Problems e61 ref=7 default=7 mma=7
8_Moses_Problems e62 ref=22 default=22 mma=22
8_Moses_Problems e63 ref=7 default=7 mma=7
8_Moses_Problems e64 ref=28 default=28 mma=28
8_Moses_Problems e65 ref=11 default=11 mma=11
8_Moses_Problems e66 ref=3 default=3 mma=3
8_Moses_Problems e67 ref=3 default=3 mma=3
8_Moses_Problems e68 ref=16 default=16 mma=16
8_Moses_Problems e69 ref=53 default=53 mma=53
8_Moses_Problems e70 ref=16 default=16 mma=16
8_Moses_Problems e71 ref=16 default=16 mma=16
8_Moses_Problems e72 ref=16 default=16 mma=16
8_Moses_Problems e73 ref=35 default=35 mma=35
8_Moses_Problems e74 ref=14 default=14 mma=14
8_Moses_Problems e75 ref=13 default=13 mma=13
8_Moses_Problems e76 ref=7 default=7 mma=7
8_Moses_Problems e77 ref=24 default=24 mma=24
8_Moses_Problems e78 ref=9 default=9 mma=9
8_Moses_Problems e79 ref=25 default=25 mma=25
8_Moses_Problems e80 ref=8 default=8 mma=8
8_Moses_Problems e81 ref=16 default=16 mma=16
8_Moses_Problems e82 ref=14 default=14 mma=14
8_Moses_Problems e83 ref=35 default=35 mma=35
8_Moses_Problems e84 ref=17 default=17 mma=17
8_Moses_Problems e85 ref=19 default=19 mma=19
8_Moses_Problems e86 ref=2 default=2 mma=2
8_Moses_Problems e87 ref=45 default=45 mma=45
8_Moses_Problems e88 ref=14 default=14 mma=14
8_Moses_Problems e89 ref=17 default=17 mma=17
8_Moses_Problems e90 ref=23 default=23 mma=23
8_Moses_Problems e91 ref=8 default=8 mma=8
8_Moses_Problems e92 ref=6 default=6 mma=6
8_Moses_Problems e93 ref=12 default=12 mma=12
8_Moses_Problems e94 ref=12 default=12 mma=12
8_Moses_Problems e95 ref=8 default=8 mma=8
8_Moses_Problems e96 ref=17 default=17 mma=17
8_Moses_Problems e97 ref=8 default=8 mma=8
8_Moses_Problems e98 ref=24 default=22 mma=22
8_Moses_Problems e99 ref=20 default=26 mma=26
8_Moses_Problems e100 ref=35 default=35 mma=35
8_Moses_Problems e101 ref=20 default=20 mma=20
8_Moses_Problems e102 ref=33 default=38 mma=38
8_Moses_Problems e103 ref=21 default=21 mma=21
8_Moses_Problems e104 ref=26 default=26 mma=26
8_Moses_Problems e105 ref=27 default=27 mma=27
8_Moses_Problems e106 ref=32 default=32 mma=32
8_Moses_Problems e107 ref=24 default=24 mma=24
8_Moses_Problems e108 ref=29 default=29 mma=29
8_Moses_Problems e109 ref=19 default=19 mma=19
8_Moses_Problems e110 ref=24 default=24 mma=24
8_Moses_Problems e111 ref=25 default=25 mma=25
8_Moses_Problems e112 ref=30 default=30 mma=30
8_Moses_Problems e113 ref=27 default=27 mma=27
9_Stewart_Problems e1 ref=11 default=11 mma=11
9_Stewart_Problems e2 ref=3 default=3 mma=3
9_Stewart_Problems e3 ref=2 default=2 mma=2
9_Stewart_Problems e4 ref=8 default=8 mma=8
9_Stewart_Problems e5 ref=4 default=4 mma=4
9_Stewart_Problems e6 ref=2 default=2 mma=2
9_Stewart_Problems e7 ref=2 default=2 mma=2
9_Stewart_Problems e8 ref=4 default=4 mma=4
9_Stewart_Problems e9 ref=2 default=2 mma=2
9_Stewart_Problems e10 ref=4 default=4 mma=4
9_Stewart_Problems e11 ref=2 default=2 mma=2
9_Stewart_Problems e12 ref=2 default=2 mma=2
9_Stewart_Problems e13 ref=5 default=5 mma=5
9_Stewart_Problems e14 ref=3 default=3 mma=3
9_Stewart_Problems e15 ref=8 default=8 mma=8
9_Stewart_Problems e16 ref=8 default=8 mma=8
9_Stewart_Problems e17 ref=19 default=19 mma=19
9_Stewart_Problems e18 ref=19 default=19 mma=19
9_Stewart_Problems e19 ref=15 default=15 mma=15
9_Stewart_Problems e20 ref=20 default=20 mma=20
9_Stewart_Problems e21 ref=7 default=7 mma=7
9_Stewart_Problems e22 ref=18 default=18 mma=18
9_Stewart_Problems e23 ref=17 default=17 mma=17
9_Stewart_Problems e24 ref=29 default=29 mma=29
9_Stewart_Problems e25 ref=29 default=29 mma=29
9_Stewart_Problems e26 ref=15 default=15 mma=15
9_Stewart_Problems e27 ref=16 default=16 mma=16
9_Stewart_Problems e28 ref=23 default=23 mma=23
9_Stewart_Problems e29 ref=8 default=8 mma=8
9_Stewart_Problems e30 ref=17 default=17 mma=17
9_Stewart_Problems e31 ref=27 default=27 mma=27
9_Stewart_Problems e32 ref=27 default=27 mma=27
9_Stewart_Problems e33 ref=27 default=27 mma=27
9_Stewart_Problems e34 ref=9 default=9 mma=9
9_Stewart_Problems e35 ref=19 default=19 mma=19
9_Stewart_Problems e36 ref=16 default=16 mma=16
9_Stewart_Problems e37 ref=21 default=21 mma=21
9_Stewart_Problems e38 ref=18 default=18 mma=18
9_Stewart_Problems e39 ref=26 default=26 mma=26
9_Stewart_Problems e40 ref=18 default=18 mma=18
9_Stewart_Problems e41 ref=9 default=9 mma=9
9_Stewart_Problems e42 ref=17 default=17 mma=17
9_Stewart_Problems e43 ref=17 default=17 mma=17
9_Stewart_Problems e44 ref=11 default=11 mma=11
9_Stewart_Problems e45 ref=22 default=22 mma=22
9_Stewart_Problems e46 ref=15 default=15 mma=15
9_Stewart_Problems e47 ref=19 default=19 mma=19
9_Stewart_Problems e48 ref=17 default=17 mma=17
9_Stewart_Problems e49 ref=24 default=24 mma=24
9_Stewart_Problems e50 ref=14 default=13 mma=13
9_Stewart_Problems e51 ref=17 default=17 mma=17
9_Stewart_Problems e52 ref=22 default=22 mma=22
9_Stewart_Problems e53 ref=20 default=20 mma=20
9_Stewart_Problems e54 ref=28 default=28 mma=28
9_Stewart_Problems e55 ref=21 default=21 mma=21
9_Stewart_Problems e56 ref=18 default=18 mma=18
9_Stewart_Problems e57 ref=21 default=21 mma=21
9_Stewart_Problems e58 ref=18 default=18 mma=18
9_Stewart_Problems e59 ref=14 default=14 mma=14
9_Stewart_Problems e60 ref=24 default=24 mma=24
9_Stewart_Problems e61 ref=13 default=13 mma=13
9_Stewart_Problems e62 ref=17 default=17 mma=17
9_Stewart_Problems e63 ref=17 default=17 mma=17
9_Stewart_Problems e64 ref=36 default=36 mma=36
9_Stewart_Problems e65 ref=24 default=24 mma=24
9_Stewart_Problems e66 ref=22 default=22 mma=22
9_Stewart_Problems e67 ref=20 default=20 mma=20
9_Stewart_Problems e68 ref=25 default=25 mma=25
9_Stewart_Problems e69 ref=34 default=34 mma=34
9_Stewart_Problems e70 ref=34 default=34 mma=34
9_Stewart_Problems e71 ref=46 default=46 mma=46
9_Stewart_Problems e72 ref=21 default=21 mma=21
9_Stewart_Problems e73 ref=46 default=46 mma=46
9_Stewart_Problems e74 ref=21 default=21 mma=21
9_Stewart_Problems e75 ref=21 default=21 mma=21
9_Stewart_Problems e76 ref=19 default=19 mma=19
9_Stewart_Problems e77 ref=19 default=19 mma=19
9_Stewart_Problems e78 ref=14 default=14 mma=14
9_Stewart_Problems e79 ref=22 default=22 mma=22
9_Stewart_Problems e80 ref=5 default=5 mma=5
9_Stewart_Problems e81 ref=11 default=11 mma=11
9_Stewart_Problems e82 ref=6 default=6 mma=6
9_Stewart_Problems e83 ref=14 default=14 mma=14
9_Stewart_Problems e84 ref=11 default=11 mma=11
9_Stewart_Problems e85 ref=19 default=19 mma=19
9_Stewart_Problems e86 ref=8 default=8 mma=8
9_Stewart_Problems e87 ref=17 default=17 mma=17
9_Stewart_Problems e88 ref=8 default=8 mma=8
9_Stewart_Problems e89 ref=17 default=17 mma=17
9_Stewart_Problems e90 ref=22 default=22 mma=22
9_Stewart_Problems e91 ref=22 default=22 mma=22
9_Stewart_Problems e92 ref=19 default=19 mma=19
9_Stewart_Problems e93 ref=25 default=25 mma=25
9_Stewart_Problems e94 ref=8 default=8 mma=8
9_Stewart_Problems e95 ref=17 default=17 mma=17
9_Stewart_Problems e96 ref=8 default=8 mma=8
9_Stewart_Problems e97 ref=16 default=16 mma=16
9_Stewart_Problems e98 ref=8 default=8 mma=8
9_Stewart_Problems e99 ref=14 default=14 mma=14
9_Stewart_Problems e100 ref=17 default=17 mma=17
9_Stewart_Problems e101 ref=17 default=17 mma=17
9_Stewart_Problems e102 ref=5 default=5 mma=5
9_Stewart_Problems e103 ref=16 default=16 mma=16
9_Stewart_Problems e104 ref=8 default=8 mma=8
9_Stewart_Problems e105 ref=13 default=13 mma=13
9_Stewart_Problems e106 ref=17 default=17 mma=17
9_Stewart_Problems e107 ref=17 default=17 mma=17
9_Stewart_Problems e108 ref=15 default=15 mma=15
9_Stewart_Problems e109 ref=17 default=17 mma=17
9_Stewart_Problems e110 ref=8 default=8 mma=8
9_Stewart_Problems e111 ref=30 default=30 mma=30
9_Stewart_Problems e112 ref=5 default=5 mma=5
9_Stewart_Problems e113 ref=15 default=15 mma=15
9_Stewart_Problems e114 ref=14 default=14 mma=14
9_Stewart_Problems e115 ref=22 default=22 mma=22
9_Stewart_Problems e116 ref=8 default=8 mma=8
9_Stewart_Problems e117 ref=17 default=17 mma=17
9_Stewart_Problems e118 ref=25 default=25 mma=25
9_Stewart_Problems e119 ref=16 default=16 mma=16
9_Stewart_Problems e120 ref=9 default=9 mma=9
9_Stewart_Problems e121 ref=16 default=16 mma=16
9_Stewart_Problems e122 ref=31 default=31 mma=31
9_Stewart_Problems e123 ref=27 default=27 mma=27
9_Stewart_Problems e124 ref=16 default=16 mma=16
9_Stewart_Problems e125 ref=31 default=31 mma=31
9_Stewart_Problems e126 ref=13 default=13 mma=13
9_Stewart_Problems e127 ref=15 default=15 mma=15
9_Stewart_Problems e128 ref=25 default=25 mma=25
9_Stewart_Problems e129 ref=25 default=25 mma=25
9_Stewart_Problems e130 ref=6 default=6 mma=6
9_Stewart_Problems e131 ref=21 default=21 mma=21
9_Stewart_Problems e132 ref=35 default=35 mma=35
9_Stewart_Problems e133 ref=23 default=23 mma=23
9_Stewart_Problems e134 ref=30 default=30 mma=30
9_Stewart_Problems e135 ref=18 default=18 mma=18
9_Stewart_Problems e136 ref=34 default=34 mma=34
9_Stewart_Problems e137 ref=29 default=29 mma=29
9_Stewart_Problems e138 ref=23 default=23 mma=23
9_Stewart_Problems e139 ref=13 default=13 mma=13
9_Stewart_Problems e140 ref=31 default=31 mma=31
9_Stewart_Problems e141 ref=45 default=45 mma=45
9_Stewart_Problems e142 ref=13 default=13 mma=13
9_Stewart_Problems e143 ref=16 default=16 mma=16
9_Stewart_Problems e144 ref=33 default=31 mma=31
9_Stewart_Problems e145 ref=8 default=8 mma=8
9_Stewart_Problems e146 ref=25 default=25 mma=25
9_Stewart_Problems e147 ref=44 default=44 mma=44
9_Stewart_Problems e148 ref=26 default=26 mma=26
9_Stewart_Problems e149 ref=43 default=43 mma=43
9_Stewart_Problems e150 ref=33 default=33 mma=33
9_Stewart_Problems e151 ref=30 default=30 mma=30
9_Stewart_Problems e152 ref=14 default=14 mma=14
9_Stewart_Problems e153 ref=15 default=15 mma=15
9_Stewart_Problems e154 ref=26 default=26 mma=26
9_Stewart_Problems e155 ref=25 default=25 mma=25
9_Stewart_Problems e156 ref=30 default=30 mma=30
9_Stewart_Problems e157 ref=23 default=23 mma=23
9_Stewart_Problems e158 ref=38 default=35 mma=35
9_Stewart_Problems e159 ref=103 default=103 mma=103
9_Stewart_Problems e160 ref=33 default=33 mma=33
9_Stewart_Problems e161 ref=19 default=19 mma=19
9_Stewart_Problems e162 ref=19 default=19 mma=19
9_Stewart_Problems e163 ref=19 default=19 mma=19
9_Stewart_Problems e164 ref=32 default=32 mma=32
9_Stewart_Problems e165 ref=43 default=43 mma=43
9_Stewart_Problems e166 ref=21 default=21 mma=21
9_Stewart_Problems e167 ref=25 default=25 mma=25
9_Stewart_Problems e168 ref=11 default=11 mma=11
9_Stewart_Problems e169 ref=36 default=36 mma=36
9_Stewart_Problems e170 ref=29 default=29 mma=29
9_Stewart_Problems e171 ref=60 default=60 mma=60
9_Stewart_Problems e172 ref=37 default=37 mma=37
9_Stewart_Problems e173 ref=97 default=97 mma=97
9_Stewart_Problems e174 ref=46 default=46 mma=46
9_Stewart_Problems e175 ref=48 default=48 mma=48
9_Stewart_Problems e176 ref=15 default=15 mma=15
9_Stewart_Problems e177 ref=10 default=10 mma=10
9_Stewart_Problems e178 ref=13 default=13 mma=13
9_Stewart_Problems e179 ref=11 default=11 mma=11
9_Stewart_Problems e180 ref=12 default=12 mma=12
9_Stewart_Problems e181 ref=26 default=26 mma=26
9_Stewart_Problems e182 ref=14 default=14 mma=14
9_Stewart_Problems e183 ref=26 default=26 mma=26
9_Stewart_Problems e184 ref=14 default=14 mma=14
9_Stewart_Problems e185 ref=23 default=23 mma=23
9_Stewart_Problems e186 ref=17 default=17 mma=17
9_Stewart_Problems e187 ref=12 default=12 mma=12
9_Stewart_Problems e188 ref=30 default=30 mma=30
9_Stewart_Problems e189 ref=28 default=28 mma=28
9_Stewart_Problems e190 ref=14 default=14 mma=14
9_Stewart_Problems e191 ref=19 default=19 mma=19
9_Stewart_Problems e192 ref=15 default=15 mma=15
9_Stewart_Problems e193 ref=25 default=25 mma=25
9_Stewart_Problems e194 ref=21 default=21 mma=21
9_Stewart_Problems e195 ref=8 default=8 mma=8
9_Stewart_Problems e196 ref=15 default=15 mma=15
9_Stewart_Problems e197 ref=18 default=18 mma=18
9_Stewart_Problems e198 ref=20 default=20 mma=20
9_Stewart_Problems e199 ref=31 default=31 mma=31
9_Stewart_Problems e200 ref=27 default=27 mma=27
9_Stewart_Problems e201 ref=23 default=23 mma=23
9_Stewart_Problems e202 ref=28 default=28 mma=28
9_Stewart_Problems e203 ref=41 default=41 mma=41
9_Stewart_Problems e204 ref=41 default=41 mma=41
9_Stewart_Problems e205 ref=24 default=24 mma=24
9_Stewart_Problems e206 ref=14 default=14 mma=14
9_Stewart_Problems e207 ref=29 default=29 mma=29
9_Stewart_Problems e208 ref=23 default=23 mma=23
9_Stewart_Problems e209 ref=39 default=37 mma=37
9_Stewart_Problems e210 ref=10 default=10 mma=10
9_Stewart_Problems e211 ref=11 default=11 mma=11
9_Stewart_Problems e212 ref=20 default=20 mma=20
9_Stewart_Problems e213 ref=19 default=19 mma=19
9_Stewart_Problems e214 ref=17 default=17 mma=17
9_Stewart_Problems e215 ref=21 default=21 mma=21
9_Stewart_Problems e216 ref=49 default=49 mma=49
9_Stewart_Problems e217 ref=63 default=63 mma=63
9_Stewart_Problems e218 ref=86 default=86 mma=86
9_Stewart_Problems e219 ref=24 default=24 mma=24
9_Stewart_Problems e220 ref=200 default=210 mma=200
9_Stewart_Problems e221 ref=18 default=18 mma=18
9_Stewart_Problems e222 ref=18 default=18 mma=18
9_Stewart_Problems e223 ref=32 default=32 mma=32
9_Stewart_Problems e224 ref=16 default=16 mma=16
9_Stewart_Problems e225 ref=10 default=10 mma=10
9_Stewart_Problems e226 ref=14 default=14 mma=14
9_Stewart_Problems e227 ref=31 default=31 mma=31
9_Stewart_Problems e228 ref=32 default=32 mma=32
9_Stewart_Problems e229 ref=31 default=31 mma=31
9_Stewart_Problems e230 ref=29 default=29 mma=29
9_Stewart_Problems e231 ref=8 default=8 mma=8
9_Stewart_Problems e232 ref=21 default=21 mma=21
9_Stewart_Problems e233 ref=30 default=30 mma=30
9_Stewart_Problems e234 ref=27 default=27 mma=27
9_Stewart_Problems e235 ref=201 default=211 mma=201
9_Stewart_Problems e236 ref=62 default=62 mma=62
9_Stewart_Problems e237 ref=130 default=130 mma=130
9_Stewart_Problems e238 ref=24 default=24 mma=24
9_Stewart_Problems e239 ref=11 default=11 mma=11
9_Stewart_Problems e240 ref=17 default=17 mma=17
9_Stewart_Problems e241 ref=12 default=12 mma=12
9_Stewart_Problems e242 ref=28 default=28 mma=28
9_Stewart_Problems e243 ref=43 default=43 mma=43
9_Stewart_Problems e244 ref=21 default=21 mma=21
9_Stewart_Problems e245 ref=11 default=11 mma=11
9_Stewart_Problems e246 ref=18 default=18 mma=18
9_Stewart_Problems e247 ref=24 default=24 mma=24
9_Stewart_Problems e248 ref=24 default=24 mma=24
9_Stewart_Problems e249 ref=18 default=18 mma=18
9_Stewart_Problems e250 ref=36 default=36 mma=36
9_Stewart_Problems e251 ref=15 default=15 mma=15
9_Stewart_Problems e252 ref=12 default=12 mma=12
9_Stewart_Problems e253 ref=17 default=17 mma=17
9_Stewart_Problems e254 ref=12 default=12 mma=12
9_Stewart_Problems e255 ref=16 default=16 mma=16
9_Stewart_Problems e256 ref=17 default=17 mma=17
9_Stewart_Problems e257 ref=24 default=24 mma=24
9_Stewart_Problems e258 ref=42 default=42 mma=42
9_Stewart_Problems e259 ref=8 default=8 mma=8
9_Stewart_Problems e260 ref=12 default=12 mma=12
9_Stewart_Problems e261 ref=5 default=5 mma=5
9_Stewart_Problems e262 ref=24 default=24 mma=24
9_Stewart_Problems e263 ref=8 default=8 mma=8
9_Stewart_Problems e264 ref=13 default=13 mma=13
9_Stewart_Problems e265 ref=17 default=17 mma=17
9_Stewart_Problems e266 ref=24 default=24 mma=24
9_Stewart_Problems e267 ref=12 default=12 mma=12
9_Stewart_Problems e268 ref=16 default=16 mma=16
9_Stewart_Problems e269 ref=22 default=22 mma=22
9_Stewart_Problems e270 ref=27 default=27 mma=27
9_Stewart_Problems e271 ref=17 default=17 mma=17
9_Stewart_Problems e272 ref=22 default=18 mma=18
9_Stewart_Problems e273 ref=32 default=32 mma=32
9_Stewart_Problems e274 ref=30 default=30 mma=30
9_Stewart_Problems e275 ref=13 default=13 mma=13
9_Stewart_Problems e276 ref=16 default=16 mma=16
9_Stewart_Problems e277 ref=17 default=17 mma=17
9_Stewart_Problems e278 ref=3 default=3 mma=3
9_Stewart_Problems e279 ref=22 default=22 mma=22
9_Stewart_Problems e280 ref=9 default=9 mma=9
9_Stewart_Problems e281 ref=12 default=12 mma=12
9_Stewart_Problems e282 ref=27 default=27 mma=27
9_Stewart_Problems e283 ref=17 default=17 mma=17
9_Stewart_Problems e284 ref=25 default=25 mma=25
9_Stewart_Problems e285 ref=39 default=39 mma=39
9_Stewart_Problems e286 ref=26 default=26 mma=26
9_Stewart_Problems e287 ref=12 default=12 mma=12
9_Stewart_Problems e288 ref=25 default=25 mma=25
9_Stewart_Problems e289 ref=27 default=27 mma=27
9_Stewart_Problems e290 ref=19 default=19 mma=19
9_Stewart_Problems e291 ref=6 default=6 mma=6
9_Stewart_Problems e292 ref=14 default=14 mma=14
9_Stewart_Problems e293 ref=12 default=12 mma=12
9_Stewart_Problems e294 ref=34 default=34 mma=34
9_Stewart_Problems e295 ref=12 default=12 mma=12
9_Stewart_Problems e296 ref=16 default=16 mma=16
9_Stewart_Problems e297 ref=7 default=7 mma=7
9_Stewart_Problems e298 ref=6 default=6 mma=6
9_Stewart_Problems e299 ref=43 default=43 mma=43
9_Stewart_Problems e300 ref=37 default=37 mma=37
9_Stewart_Problems e301 ref=9 default=9 mma=9
9_Stewart_Problems e302 ref=20 default=20 mma=20
9_Stewart_Problems e303 ref=12 default=12 mma=12
9_Stewart_Problems e304 ref=21 default=21 mma=21
9_Stewart_Problems e305 ref=43 default=43 mma=43
9_Stewart_Problems e306 ref=24 default=24 mma=24
9_Stewart_Problems e307 ref=38 default=38 mma=38
9_Stewart_Problems e308 ref=37 default=37 mma=37
9_Stewart_Problems e309 ref=17 default=17 mma=17
9_Stewart_Problems e310 ref=40 default=40 mma=40
9_Stewart_Problems e311 ref=5 default=5 mma=5
9_Stewart_Problems e312 ref=6 default=6 mma=6
9_Stewart_Problems e313 ref=37 default=37 mma=37
9_Stewart_Problems e314 ref=21 default=21 mma=21
9_Stewart_Problems e315 ref=30 default=30 mma=30
9_Stewart_Problems e316 ref=4 default=4 mma=4
9_Stewart_Problems e317 ref=13 default=13 mma=13
9_Stewart_Problems e318 ref=44 default=44 mma=44
9_Stewart_Problems e319 ref=41 default=41 mma=41
9_Stewart_Problems e320 ref=25 default=25 mma=25
9_Stewart_Problems e321 ref=12 default=12 mma=12
9_Stewart_Problems e322 ref=41 default=41 mma=41
9_Stewart_Problems e323 ref=34 default=34 mma=34
9_Stewart_Problems e324 ref=19 default=19 mma=19
9_Stewart_Problems e325 ref=38 default=38 mma=38
9_Stewart_Problems e326 ref=12 default=12 mma=12
9_Stewart_Problems e327 ref=31 default=31 mma=31
9_Stewart_Problems e328 ref=10 default=10 mma=10
9_Stewart_Problems e329 ref=15 default=15 mma=15
9_Stewart_Problems e330 ref=21 default=21 mma=21
9_Stewart_Problems e331 ref=23 default=23 mma=23
9_Stewart_Problems e332 ref=20 default=20 mma=20
9_Stewart_Problems e333 ref=18 default=18 mma=18
9_Stewart_Problems e334 ref=12 default=12 mma=12
9_Stewart_Problems e335 ref=8 default=8 mma=8
9_Stewart_Problems e336 ref=18 default=18 mma=18
9_Stewart_Problems e337 ref=11 default=11 mma=11
9_Stewart_Problems e338 ref=30 default=30 mma=30
9_Stewart_Problems e339 ref=24 default=24 mma=24
9_Stewart_Problems e340 ref=50 default=50 mma=50
9_Stewart_Problems e341 ref=11 default=11 mma=11
9_Stewart_Problems e342 ref=25 default=25 mma=25
9_Stewart_Problems e343 ref=27 default=27 mma=27
9_Stewart_Problems e344 ref=24 default=24 mma=24
9_Stewart_Problems e345 ref=34 default=34 mma=34
9_Stewart_Problems e346 ref=30 default=30 mma=30
9_Stewart_Problems e347 ref=32 default=32 mma=32
9_Stewart_Problems e348 ref=23 default=23 mma=23
9_Stewart_Problems e349 ref=27 default=27 mma=27
9_Stewart_Problems e350 ref=38 default=38 mma=38
9_Stewart_Problems e351 ref=5 default=5 mma=5
9_Stewart_Problems e352 ref=29 default=29 mma=29
9_Stewart_Problems e353 ref=36 default=36 mma=36
9_Stewart_Problems e354 ref=28 default=28 mma=28
9_Stewart_Problems e355 ref=26 default=26 mma=26
9_Stewart_Problems e356 ref=46 default=46 mma=46
9_Stewart_Problems e357 ref=20 default=20 mma=20
9_Stewart_Problems e358 ref=21 default=21 mma=21
9_Stewart_Problems e359 ref=37 default=36 mma=36
9_Stewart_Problems e360 ref=28 default=28 mma=28
9_Stewart_Problems e361 ref=19 default=19 mma=19
9_Stewart_Problems e362 ref=46 default=46 mma=46
9_Stewart_Problems e363 ref=18 default=18 mma=18
9_Stewart_Problems e364 ref=27 default=27 mma=27
9_Stewart_Problems e365 ref=18 default=18 mma=18
9_Stewart_Problems e366 ref=27 default=27 mma=27
9_Stewart_Problems e367 ref=26 default=26 mma=26
9_Stewart_Problems e368 ref=15 default=15 mma=15
9_Stewart_Problems e369 ref=47 default=47 mma=47
9_Stewart_Problems e370 ref=11 default=11 mma=11
9_Stewart_Problems e371 ref=17 default=17 mma=17
9_Stewart_Problems e372 ref=17 default=17 mma=17
9_Stewart_Problems e373 ref=27 default=27 mma=27
9_Stewart_Problems e374 ref=24 default=24 mma=24
9_Stewart_Problems e375 ref=12 default=12 mma=12
9_Stewart_Problems e376 ref=40 default=40 mma=40
10_Timofeev_Problems e1 ref=14 default=14 mma=14
10_Timofeev_Problems e2 ref=14 default=14 mma=14
10_Timofeev_Problems e3 ref=13 default=13 mma=13
10_Timofeev_Problems e4 ref=11 default=11 mma=11
10_Timofeev_Problems e5 ref=15 default=15 mma=15
10_Timofeev_Problems e6 ref=2 default=2 mma=2
10_Timofeev_Problems e7 ref=4 default=4 mma=4
10_Timofeev_Problems e8 ref=6 default=6 mma=6
10_Timofeev_Problems e9 ref=9 default=9 mma=9
10_Timofeev_Problems e10 ref=12 default=12 mma=12
10_Timofeev_Problems e11 ref=12 default=12 mma=12
10_Timofeev_Problems e12 ref=15 default=15 mma=15
10_Timofeev_Problems e13 ref=15 default=15 mma=15
10_Timofeev_Problems e14 ref=17 default=17 mma=17
10_Timofeev_Problems e15 ref=19 default=19 mma=19
10_Timofeev_Problems e16 ref=18 default=18 mma=18
10_Timofeev_Problems e17 ref=18 default=18 mma=18
10_Timofeev_Problems e18 ref=41 default=41 mma=41
10_Timofeev_Problems e19 ref=6 default=6 mma=6
10_Timofeev_Problems e20 ref=3 default=3 mma=3
10_Timofeev_Problems e21 ref=3 default=3 mma=3
10_Timofeev_Problems e22 ref=9 default=9 mma=9
10_Timofeev_Problems e23 ref=9 default=9 mma=9
10_Timofeev_Problems e24 ref=25 default=25 mma=25
10_Timofeev_Problems e25 ref=30 default=30 mma=30
10_Timofeev_Problems e26 ref=10 default=10 mma=10
10_Timofeev_Problems e27 ref=47 default=47 mma=47
10_Timofeev_Problems e28 ref=30 default=33 mma=33
10_Timofeev_Problems e29 ref=21 default=21 mma=21
10_Timofeev_Problems e30 ref=15 default=15 mma=15
10_Timofeev_Problems e31 ref=21 default=21 mma=21
10_Timofeev_Problems e32 ref=14 default=14 mma=14
10_Timofeev_Problems e33 ref=14 default=14 mma=14
10_Timofeev_Problems e34 ref=8 default=8 mma=8
10_Timofeev_Problems e35 ref=11 default=13 mma=13
10_Timofeev_Problems e36 ref=7 default=7 mma=7
10_Timofeev_Problems e37 ref=14 default=14 mma=14
10_Timofeev_Problems e38 ref=16 default=16 mma=16
10_Timofeev_Problems e39 ref=10 default=10 mma=10
10_Timofeev_Problems e40 ref=14 default=14 mma=14
10_Timofeev_Problems e41 ref=11 default=11 mma=11
10_Timofeev_Problems e42 ref=16 default=16 mma=16
10_Timofeev_Problems e43 ref=25 default=25 mma=25
10_Timofeev_Problems e44 ref=21 default=21 mma=21
10_Timofeev_Problems e45 ref=14 default=14 mma=14
10_Timofeev_Problems e46 ref=51 default=51 mma=51
10_Timofeev_Problems e47 ref=33 default=33 mma=33
10_Timofeev_Problems e48 ref=29 default=29 mma=29
10_Timofeev_Problems e49 ref=27 default=27 mma=27
10_Timofeev_Problems e50 ref=22 default=22 mma=22
10_Timofeev_Problems e51 ref=22 default=22 mma=22
10_Timofeev_Problems e52 ref=23 default=23 mma=23
10_Timofeev_Problems e53 ref=21 default=21 mma=21
10_Timofeev_Problems e54 ref=12 default=12 mma=12
10_Timofeev_Problems e55 ref=19 default=19 mma=19
10_Timofeev_Problems e56 ref=8 default=6 mma=6
10_Timofeev_Problems e57 ref=27 default=27 mma=27
10_Timofeev_Problems e58 ref=32 default=29 mma=29
10_Timofeev_Problems e59 ref=21 default=21 mma=21
10_Timofeev_Problems e60 ref=28 default=28 mma=28
10_Timofeev_Problems e61 ref=37 default=37 mma=37
10_Timofeev_Problems e62 ref=14 default=14 mma=14
10_Timofeev_Problems e63 ref=11 default=11 mma=11
10_Timofeev_Problems e64 ref=18 default=18 mma=18
10_Timofeev_Problems e65 ref=18 default=18 mma=18
10_Timofeev_Problems e66 ref=17 default=17 mma=17
10_Timofeev_Problems e67 ref=20 default=20 mma=20
10_Timofeev_Problems e68 ref=12 default=12 mma=12
10_Timofeev_Problems e69 ref=42 default=42 mma=42
10_Timofeev_Problems e70 ref=8 default=8 mma=8
10_Timofeev_Problems e71 ref=28 default=28 mma=28
10_Timofeev_Problems e72 ref=17 default=17 mma=17
10_Timofeev_Problems e73 ref=36 default=36 mma=36
10_Timofeev_Problems e74 ref=19 default=19 mma=19
10_Timofeev_Problems e75 ref=34 default=34 mma=34
10_Timofeev_Problems e76 ref=26 default=26 mma=26
10_Timofeev_Problems e77 ref=23 default=23 mma=23
10_Timofeev_Problems e78 ref=27 default=27 mma=27
10_Timofeev_Problems e79 ref=31 default=31 mma=31
10_Timofeev_Problems e80 ref=17 default=17 mma=17
10_Timofeev_Problems e81 ref=12 default=12 mma=12
10_Timofeev_Problems e82 ref=15 default=15 mma=15
10_Timofeev_Problems e83 ref=22 default=22 mma=22
10_Timofeev_Problems e84 ref=25 default=25 mma=25
10_Timofeev_Problems e85 ref=23 default=23 mma=23
10_Timofeev_Problems e86 ref=38 default=36 mma=38
10_Timofeev_Problems e87 ref=25 default=25 mma=25
10_Timofeev_Problems e88 ref=39 default=39 mma=39
10_Timofeev_Problems e89 ref=23 default=23 mma=23
10_Timofeev_Problems e90 ref=30 default=30 mma=30
10_Timofeev_Problems e91 ref=41 default=45 mma=45
10_Timofeev_Problems e92 ref=21 default=21 mma=21
10_Timofeev_Problems e93 ref=33 default=33 mma=33
10_Timofeev_Problems e94 ref=25 default=25 mma=25
10_Timofeev_Problems e95 ref=47 default=47 mma=47
10_Timofeev_Problems e96 ref=25 default=25 mma=25
10_Timofeev_Problems e97 ref=33 default=33 mma=33
10_Timofeev_Problems e98 ref=37 default=37 mma=37
10_Timofeev_Problems e99 ref=31 default=31 mma=31
10_Timofeev_Problems e100 ref=41 default=41 mma=41
10_Timofeev_Problems e101 ref=25 default=25 mma=25
10_Timofeev_Problems e102 ref=36 default=36 mma=36
10_Timofeev_Problems e103 ref=41 default=41 mma=41
10_Timofeev_Problems e104 ref=27 default=27 mma=27
10_Timofeev_Problems e105 ref=39 default=39 mma=39
10_Timofeev_Problems e106 ref=46 default=46 mma=46
10_Timofeev_Problems e107 ref=29 default=29 mma=29
10_Timofeev_Problems e108 ref=27 default=27 mma=27
10_Timofeev_Problems e109 ref=24 default=24 mma=24
10_Timofeev_Problems e110 ref=41 default=41 mma=41
10_Timofeev_Problems e111 ref=46 default=46 mma=46
10_Timofeev_Problems e112 ref=47 default=47 mma=47
10_Timofeev_Problems e113 ref=67 default=67 mma=67
10_Timofeev_Problems e114 ref=48 default=48 mma=48
10_Timofeev_Problems e115 ref=58 default=58 mma=58
10_Timofeev_Problems e116 ref=51 default=49 mma=49
10_Timofeev_Problems e117 ref=41 default=41 mma=41
10_Timofeev_Problems e118 ref=56 default=56 mma=56
10_Timofeev_Problems e119 ref=56 default=56 mma=56
10_Timofeev_Problems e120 ref=12 default=12 mma=12
10_Timofeev_Problems e121 ref=22 default=22 mma=22
10_Timofeev_Problems e122 ref=63 default=63 mma=63
10_Timofeev_Problems e123 ref=65 default=65 mma=65
10_Timofeev_Problems e124 ref=33 default=33 mma=33
10_Timofeev_Problems e125 ref=73 default=73 mma=73
10_Timofeev_Problems e126 ref=46 default=46 mma=46
10_Timofeev_Problems e127 ref=27 default=27 mma=27
10_Timofeev_Problems e128 ref=15 default=15 mma=15
10_Timofeev_Problems e129 ref=24 default=24 mma=24
10_Timofeev_Problems e130 ref=35 default=35 mma=35
10_Timofeev_Problems e131 ref=26 default=26 mma=26
10_Timofeev_Problems e132 ref=37 default=37 mma=37
10_Timofeev_Problems e133 ref=45 default=45 mma=45
10_Timofeev_Problems e134 ref=15 default=15 mma=15
10_Timofeev_Problems e135 ref=109 default=97 mma=97
10_Timofeev_Problems e136 ref=201 default=207 mma=201
10_Timofeev_Problems e137 ref=201 default=207 mma=201
10_Timofeev_Problems e138 ref=201 default=207 mma=201
10_Timofeev_Problems e139 ref=201 default=207 mma=201
10_Timofeev_Problems e140 ref=12 default=12 mma=12
10_Timofeev_Problems e141 ref=22 default=22 mma=22
10_Timofeev_Problems e142 ref=209 default=215 mma=209
10_Timofeev_Problems e143 ref=211 default=217 mma=211
10_Timofeev_Problems e144 ref=211 default=217 mma=211
10_Timofeev_Problems e145 ref=46 default=46 mma=46
10_Timofeev_Problems e146 ref=35 default=37 mma=37
10_Timofeev_Problems e147 ref=60 default=58 mma=58
10_Timofeev_Problems e148 ref=43 default=43 mma=43
10_Timofeev_Problems e149 ref=90 default=89 mma=89
10_Timofeev_Problems e150 ref=38 default=36 mma=36
10_Timofeev_Problems e151 ref=57 default=55 mma=55
10_Timofeev_Problems e152 ref=36 default=36 mma=36
10_Timofeev_Problems e153 ref=49 default=49 mma=49
10_Timofeev_Problems e154 ref=13 default=13 mma=13
10_Timofeev_Problems e155 ref=41 default=41 mma=41
10_Timofeev_Problems e156 ref=32 default=32 mma=32
10_Timofeev_Problems e157 ref=25 default=25 mma=25
10_Timofeev_Problems e158 ref=36 default=36 mma=36
10_Timofeev_Problems e159 ref=45 default=45 mma=45
10_Timofeev_Problems e160 ref=55 default=55 mma=55
10_Timofeev_Problems e161 ref=36 default=36 mma=36
10_Timofeev_Problems e162 ref=35 default=35 mma=35
10_Timofeev_Problems e163 ref=61 default=61 mma=61
10_Timofeev_Problems e164 ref=51 default=47 mma=47
10_Timofeev_Problems e165 ref=54 default=54 mma=54
10_Timofeev_Problems e166 ref=36 default=36 mma=36
10_Timofeev_Problems e167 ref=58 default=58 mma=58
10_Timofeev_Problems e168 ref=43 default=43 mma=43
10_Timofeev_Problems e169 ref=43 default=43 mma=43
10_Timofeev_Problems e170 ref=37 default=37 mma=37
10_Timofeev_Problems e171 ref=32 default=32 mma=32
10_Timofeev_Problems e172 ref=13 default=13 mma=13
10_Timofeev_Problems e173 ref=54 default=54 mma=54
10_Timofeev_Problems e174 ref=157 default=148 mma=148
10_Timofeev_Problems e175 ref=64 default=64 mma=64
10_Timofeev_Problems e176 ref=39 default=39 mma=39
10_Timofeev_Problems e177 ref=319 default=326 mma=323
10_Timofeev_Problems e178 ref=59 default=62 mma=62
10_Timofeev_Problems e179 ref=36 default=36 mma=36
10_Timofeev_Problems e180 ref=38 default=38 mma=38
10_Timofeev_Problems e181 ref=64 default=62 mma=62
10_Timofeev_Problems e182 ref=63 default=61 mma=61
10_Timofeev_Problems e183 ref=43 default=43 mma=43
10_Timofeev_Problems e184 ref=27 default=27 mma=27
10_Timofeev_Problems e185 ref=46 default=46 mma=46
10_Timofeev_Problems e186 ref=44 default=44 mma=44
10_Timofeev_Problems e187 ref=54 default=54 mma=54
10_Timofeev_Problems e188 ref=36 default=36 mma=36
10_Timofeev_Problems e189 ref=44 default=44 mma=44
10_Timofeev_Problems e190 ref=96 default=96 mma=96
10_Timofeev_Problems e191 ref=167 default=167 mma=167
10_Timofeev_Problems e192 ref=263 default=263 mma=263
10_Timofeev_Problems e193 ref=159 default=156 mma=159
10_Timofeev_Problems e194 ref=65 default=65 mma=65
10_Timofeev_Problems e195 ref=89 default=89 mma=89
10_Timofeev_Problems e196 ref=130 default=130 mma=130
10_Timofeev_Problems e197 ref=173 default=173 mma=173
10_Timofeev_Problems e198 ref=169 default=164 mma=169
10_Timofeev_Problems e199 ref=49 default=49 mma=49
10_Timofeev_Problems e200 ref=61 default=61 mma=61
10_Timofeev_Problems e201 ref=36 default=36 mma=36
10_Timofeev_Problems e202 ref=87 default=87 mma=87
10_Timofeev_Problems e203 ref=81 default=81 mma=81
10_Timofeev_Problems e204 ref=104 default=104 mma=104
10_Timofeev_Problems e205 ref=102 default=102 mma=102
10_Timofeev_Problems e206 ref=40 default=40 mma=40
10_Timofeev_Problems e207 ref=83 default=83 mma=83
10_Timofeev_Problems e208 ref=49 default=49 mma=49
10_Timofeev_Problems e209 ref=55 default=55 mma=55
10_Timofeev_Problems e210 ref=22 default=22 mma=22
10_Timofeev_Problems e211 ref=15 default=15 mma=15
10_Timofeev_Problems e212 ref=25 default=25 mma=25
10_Timofeev_Problems e213 ref=33 default=33 mma=33
10_Timofeev_Problems e214 ref=29 default=29 mma=29
10_Timofeev_Problems e215 ref=52 default=52 mma=52
10_Timofeev_Problems e216 ref=118 default=118 mma=118
10_Timofeev_Problems e217 ref=104 default=102 mma=102
10_Timofeev_Problems e218 ref=38 default=38 mma=38
10_Timofeev_Problems e219 ref=92 default=92 mma=92
10_Timofeev_Problems e220 ref=54 default=54 mma=54
10_Timofeev_Problems e221 ref=304 default=294 mma=294
10_Timofeev_Problems e222 ref=292 default=290 mma=290
10_Timofeev_Problems e223 ref=25 default=18 mma=25
10_Timofeev_Problems e224 ref=25 default=25 mma=25
10_Timofeev_Problems e225 ref=53 default=37 mma=53
10_Timofeev_Problems e226 ref=67 default=67 mma=68
10_Timofeev_Problems e227 ref=122 default=122 mma=122
10_Timofeev_Problems e228 ref=150 default=147 mma=151
10_Timofeev_Problems e229 ref=43 default=41 mma=41
10_Timofeev_Problems e230 ref=42 default=42 mma=42
10_Timofeev_Problems e231 ref=139 default=139 mma=139
10_Timofeev_Problems e232 ref=75 default=76 mma=76
10_Timofeev_Problems e233 ref=29 default=29 mma=29
10_Timofeev_Problems e234 ref=92 default=92 mma=92
10_Timofeev_Problems e235 ref=19 default=19 mma=19
10_Timofeev_Problems e236 ref=8 default=4 mma=4
10_Timofeev_Problems e237 ref=12 default=12 mma=12
10_Timofeev_Problems e238 ref=31 default=31 mma=31
10_Timofeev_Problems e239 ref=31 default=31 mma=31
10_Timofeev_Problems e240 ref=24 default=24 mma=24
10_Timofeev_Problems e241 ref=25 default=25 mma=25
10_Timofeev_Problems e242 ref=43 default=43 mma=43
10_Timofeev_Problems e243 ref=62 default=62 mma=62
10_Timofeev_Problems e244 ref=82 default=82 mma=82
10_Timofeev_Problems e245 ref=63 default=66 mma=66
10_Timofeev_Problems e246 ref=56 default=56 mma=56
10_Timofeev_Problems e247 ref=70 default=70 mma=70
10_Timofeev_Problems e248 ref=80 default=81 mma=81
10_Timofeev_Problems e249 ref=38 default=38 mma=38
10_Timofeev_Problems e250 ref=65 default=65 mma=65
10_Timofeev_Problems e251 ref=49 default=49 mma=49
10_Timofeev_Problems e252 ref=49 default=49 mma=49
10_Timofeev_Problems e253 ref=12 default=12 mma=12
10_Timofeev_Problems e254 ref=12 default=12 mma=12
10_Timofeev_Problems e255 ref=27 default=27 mma=27
10_Timofeev_Problems e256 ref=48 default=46 mma=46
10_Timofeev_Problems e257 ref=41 default=47 mma=47
10_Timofeev_Problems e258 ref=47 default=46 mma=46
10_Timofeev_Problems e259 ref=88 default=88 mma=88
10_Timofeev_Problems e260 ref=136 default=133 mma=133
10_Timofeev_Problems e261 ref=64 default=64 mma=64
10_Timofeev_Problems e262 ref=89 default=89 mma=89
10_Timofeev_Problems e263 ref=113 default=113 mma=113
10_Timofeev_Problems e264 ref=49 default=49 mma=49
10_Timofeev_Problems e265 ref=79 default=79 mma=79
10_Timofeev_Problems e266 ref=12 default=12 mma=12
10_Timofeev_Problems e267 ref=53 default=53 mma=53
10_Timofeev_Problems e268 ref=19 default=19 mma=19
10_Timofeev_Problems e269 ref=17 default=17 mma=17
10_Timofeev_Problems e270 ref=56 default=56 mma=56
10_Timofeev_Problems e271 ref=65 default=65 mma=65
10_Timofeev_Problems e272 ref=55 default=55 mma=55
10_Timofeev_Problems e273 ref=74 default=74 mma=74
10_Timofeev_Problems e274 ref=38 default=38 mma=38
10_Timofeev_Problems e275 ref=57 default=57 mma=57
10_Timofeev_Problems e276 ref=62 default=62 mma=62
10_Timofeev_Problems e277 ref=79 default=79 mma=79
10_Timofeev_Problems e278 ref=22 default=22 mma=22
10_Timofeev_Problems e279 ref=86 default=86 mma=86
10_Timofeev_Problems e280 ref=62 default=62 mma=62
10_Timofeev_Problems e281 ref=76 default=74 mma=74
10_Timofeev_Problems e282 ref=36 default=36 mma=36
10_Timofeev_Problems e283 ref=87 default=87 mma=87
10_Timofeev_Problems e284 ref=58 default=58 mma=58
10_Timofeev_Problems e285 ref=47 default=47 mma=47
10_Timofeev_Problems e286 ref=47 default=47 mma=47
10_Timofeev_Problems e287 ref=29 default=29 mma=29
10_Timofeev_Problems e288 ref=45 default=45 mma=45
10_Timofeev_Problems e289 ref=79 default=79 mma=79
10_Timofeev_Problems e290 ref=80 default=80 mma=80
10_Timofeev_Problems e291 ref=158 default=158 mma=158
10_Timofeev_Problems e292 ref=41 default=41 mma=41
10_Timofeev_Problems e293 ref=13 default=13 mma=13
10_Timofeev_Problems e294 ref=71 default=71 mma=71
10_Timofeev_Problems e295 ref=40 default=40 mma=40
10_Timofeev_Problems e296 ref=48 default=48 mma=48
10_Timofeev_Problems e297 ref=69 default=69 mma=69
10_Timofeev_Problems e298 ref=193 default=184 mma=184
10_Timofeev_Problems e299 ref=13 default=13 mma=13
10_Timofeev_Problems e300 ref=13 default=13 mma=13
10_Timofeev_Problems e301 ref=59 default=56 mma=56
10_Timofeev_Problems e302 ref=70 default=70 mma=70
10_Timofeev_Problems e303 ref=68 default=68 mma=68
10_Timofeev_Problems e304 ref=93 default=89 mma=89
10_Timofeev_Problems e305 ref=93 default=89 mma=89
10_Timofeev_Problems e306 ref=93 default=105 mma=93
10_Timofeev_Problems e307 ref=126 default=126 mma=126
10_Timofeev_Problems e308 ref=34 default=34 mma=34
10_Timofeev_Problems e309 ref=58 default=58 mma=58
10_Timofeev_Problems e310 ref=71 default=71 mma=71
10_Timofeev_Problems e311 ref=21 default=21 mma=21
10_Timofeev_Problems e312 ref=17 default=17 mma=17
10_Timofeev_Problems e313 ref=46 default=46 mma=46
10_Timofeev_Problems e314 ref=78 default=104 mma=104
10_Timofeev_Problems e315 ref=141 default=129 mma=129
10_Timofeev_Problems e316 ref=63 default=61 mma=61
10_Timofeev_Problems e317 ref=74 default=70 mma=70
10_Timofeev_Problems e318 ref=48 default=48 mma=48
10_Timofeev_Problems e319 ref=90 default=120 mma=120
10_Timofeev_Problems e320 ref=23 default=23 mma=23
10_Timofeev_Problems e321 ref=23 default=23 mma=23
10_Timofeev_Problems e322 ref=16 default=16 mma=16
10_Timofeev_Problems e323 ref=16 default=16 mma=16
10_Timofeev_Problems e324 ref=26 default=26 mma=26
10_Timofeev_Problems e325 ref=15 default=15 mma=15
10_Timofeev_Problems e326 ref=16 default=16 mma=16
10_Timofeev_Problems e327 ref=74 default=74 mma=74
10_Timofeev_Problems e328 ref=22 default=22 mma=22
10_Timofeev_Problems e329 ref=24 default=24 mma=24
10_Timofeev_Problems e330 ref=14 default=14 mma=14
10_Timofeev_Problems e331 ref=11 default=11 mma=11
10_Timofeev_Problems e332 ref=24 default=24 mma=24
10_Timofeev_Problems e333 ref=34 default=34 mma=34
10_Timofeev_Problems e334 ref=44 default=44 mma=44
10_Timofeev_Problems e335 ref=20 default=20 mma=20
10_Timofeev_Problems e336 ref=31 default=31 mma=31
10_Timofeev_Problems e337 ref=21 default=21 mma=21
10_Timofeev_Problems e338 ref=36 default=36 mma=36
10_Timofeev_Problems e339 ref=41 default=41 mma=41
10_Timofeev_Problems e340 ref=40 default=40 mma=40
10_Timofeev_Problems e341 ref=22 default=22 mma=22
10_Timofeev_Problems e342 ref=20 default=20 mma=20
10_Timofeev_Problems e343 ref=32 default=32 mma=32
10_Timofeev_Problems e344 ref=56 default=56 mma=56
10_Timofeev_Problems e345 ref=33 default=33 mma=33
10_Timofeev_Problems e346 ref=46 default=46 mma=46
10_Timofeev_Problems e347 ref=41 default=41 mma=41
10_Timofeev_Problems e348 ref=24 default=24 mma=24
10_Timofeev_Problems e349 ref=46 default=46 mma=46
10_Timofeev_Problems e350 ref=68 default=68 mma=68
10_Timofeev_Problems e351 ref=90 default=90 mma=90
10_Timofeev_Problems e352 ref=68 default=69 mma=68
10_Timofeev_Problems e353 ref=32 default=32 mma=32
10_Timofeev_Problems e354 ref=8 default=8 mma=8
10_Timofeev_Problems e355 ref=11 default=11 mma=11
10_Timofeev_Problems e356 ref=8 default=8 mma=8
10_Timofeev_Problems e357 ref=26 default=26 mma=26
10_Timofeev_Problems e358 ref=17 default=17 mma=17
10_Timofeev_Problems e359 ref=31 default=31 mma=31
10_Timofeev_Problems e360 ref=21 default=21 mma=21
10_Timofeev_Problems e361 ref=38 default=38 mma=38
10_Timofeev_Problems e362 ref=76 default=76 mma=76
10_Timofeev_Problems e363 ref=88 default=88 mma=88
10_Timofeev_Problems e364 ref=70 default=70 mma=70
10_Timofeev_Problems e365 ref=33 default=33 mma=33
10_Timofeev_Problems e366 ref=16 default=16 mma=16
10_Timofeev_Problems e367 ref=12 default=12 mma=12
10_Timofeev_Problems e368 ref=17 default=17 mma=17
10_Timofeev_Problems e369 ref=26 default=26 mma=26
10_Timofeev_Problems e370 ref=38 default=38 mma=38
10_Timofeev_Problems e371 ref=20 default=20 mma=20
10_Timofeev_Problems e372 ref=12 default=12 mma=12
10_Timofeev_Problems e373 ref=64 default=64 mma=64
10_Timofeev_Problems e374 ref=11 default=11 mma=11
10_Timofeev_Problems e375 ref=7 default=7 mma=7
10_Timofeev_Problems e376 ref=53 default=53 mma=53
10_Timofeev_Problems e377 ref=33 default=33 mma=33
10_Timofeev_Problems e378 ref=27 default=27 mma=27
10_Timofeev_Problems e379 ref=28 default=28 mma=28
10_Timofeev_Problems e380 ref=67 default=63 mma=63
10_Timofeev_Problems e381 ref=55 default=50 mma=50
10_Timofeev_Problems e382 ref=42 default=42 mma=42
10_Timofeev_Problems e383 ref=9 default=9 mma=9
10_Timofeev_Problems e384 ref=15 default=15 mma=15
10_Timofeev_Problems e385 ref=17 default=17 mma=17
10_Timofeev_Problems e386 ref=21 default=21 mma=21
10_Timofeev_Problems e387 ref=21 default=21 mma=21
10_Timofeev_Problems e388 ref=26 default=23 mma=23
10_Timofeev_Problems e389 ref=26 default=23 mma=23
10_Timofeev_Problems e390 ref=16 default=16 mma=16
10_Timofeev_Problems e391 ref=17 default=17 mma=17
10_Timofeev_Problems e392 ref=27 default=27 mma=27
10_Timofeev_Problems e393 ref=30 default=30 mma=30
10_Timofeev_Problems e394 ref=53 default=53 mma=53
10_Timofeev_Problems e395 ref=73 default=73 mma=73
10_Timofeev_Problems e396 ref=55 default=55 mma=55
10_Timofeev_Problems e397 ref=98 default=91 mma=91
10_Timofeev_Problems e398 ref=57 default=57 mma=57
10_Timofeev_Problems e399 ref=87 default=87 mma=87
10_Timofeev_Problems e400 ref=40 default=40 mma=40
10_Timofeev_Problems e401 ref=84 default=84 mma=84
10_Timofeev_Problems e402 ref=31 default=31 mma=31
10_Timofeev_Problems e403 ref=31 default=31 mma=31
10_Timofeev_Problems e404 ref=45 default=45 mma=45
10_Timofeev_Problems e405 ref=47 default=47 mma=47
10_Timofeev_Problems e406 ref=61 default=61 mma=61
10_Timofeev_Problems e407 ref=61 default=61 mma=61
10_Timofeev_Problems e408 ref=16 default=16 mma=16
10_Timofeev_Problems e409 ref=31 default=31 mma=31
10_Timofeev_Problems e410 ref=29 default=29 mma=29
10_Timofeev_Problems e411 ref=68 default=70 mma=70
10_Timofeev_Problems e412 ref=19 default=18 mma=19
10_Timofeev_Problems e413 ref=92 default=85 mma=88
10_Timofeev_Problems e414 ref=47 default=41 mma=47
10_Timofeev_Problems e415 ref=70 default=70 mma=70
10_Timofeev_Problems e416 ref=108 default=107 mma=107
10_Timofeev_Problems e417 ref=364 default=364 mma=364
10_Timofeev_Problems e418 ref=125 default=115 mma=125
10_Timofeev_Problems e419 ref=73 default=71 mma=71
10_Timofeev_Problems e420 ref=69 default=69 mma=69
10_Timofeev_Problems e421 ref=58 default=58 mma=58
10_Timofeev_Problems e422 ref=55 default=55 mma=55
10_Timofeev_Problems e423 ref=39 default=40 mma=40
10_Timofeev_Problems e424 ref=48 default=48 mma=48
10_Timofeev_Problems e425 ref=49 default=49 mma=49
10_Timofeev_Problems e426 ref=111 default=113 mma=113
10_Timofeev_Problems e427 ref=112 default=112 mma=112
10_Timofeev_Problems e428 ref=33 default=33 mma=33
10_Timofeev_Problems e429 ref=33 default=30 mma=30
10_Timofeev_Problems e430 ref=55 default=53 mma=53
10_Timofeev_Problems e431 ref=16 default=16 mma=16
10_Timofeev_Problems e432 ref=49 default=48 mma=48
10_Timofeev_Problems e433 ref=87 default=87 mma=87
10_Timofeev_Problems e434 ref=68 default=68 mma=68
10_Timofeev_Problems e435 ref=40 default=40 mma=40
10_Timofeev_Problems e436 ref=94 default=94 mma=94
10_Timofeev_Problems e437 ref=39 default=39 mma=39
10_Timofeev_Problems e438 ref=73 default=71 mma=71
10_Timofeev_Problems e439 ref=57 default=57 mma=57
10_Timofeev_Problems e440 ref=66 default=66 mma=66
10_Timofeev_Problems e441 ref=54 default=54 mma=54
10_Timofeev_Problems e442 ref=133 default=133 mma=133
10_Timofeev_Problems e443 ref=69 default=69 mma=69
10_Timofeev_Problems e444 ref=52 default=52 mma=52
10_Timofeev_Problems e445 ref=54 default=54 mma=54
10_Timofeev_Problems e446 ref=133 default=131 mma=133
10_Timofeev_Problems e447 ref=100 default=98 mma=98
10_Timofeev_Problems e448 ref=112 default=112 mma=112
10_Timofeev_Problems e449 ref=95 default=92 mma=92
10_Timofeev_Problems e450 ref=49 default=49 mma=49
10_Timofeev_Problems e451 ref=20 default=20 mma=20
10_Timofeev_Problems e452 ref=27 default=27 mma=27
10_Timofeev_Problems e453 ref=101 default=99 mma=99
10_Timofeev_Problems e454 ref=25 default=25 mma=25
10_Timofeev_Problems e455 ref=102 default=102 mma=102
10_Timofeev_Problems e456 ref=17 default=17 mma=17
10_Timofeev_Problems e457 ref=32 default=32 mma=32
10_Timofeev_Problems e458 ref=31 default=31 mma=31
10_Timofeev_Problems e459 ref=39 default=37 mma=37
10_Timofeev_Problems e460 ref=58 default=58 mma=58
10_Timofeev_Problems e461 ref=52 default=49 mma=49
10_Timofeev_Problems e462 ref=61 default=61 mma=61
10_Timofeev_Problems e463 ref=16 default=16 mma=16
10_Timofeev_Problems e464 ref=46 default=46 mma=46
10_Timofeev_Problems e465 ref=40 default=40 mma=40
10_Timofeev_Problems e466 ref=27 default=27 mma=27
10_Timofeev_Problems e467 ref=38 default=38 mma=38
10_Timofeev_Problems e468 ref=33 default=33 mma=33
10_Timofeev_Problems e469 ref=43 default=41 mma=41
10_Timofeev_Problems e470 ref=47 default=47 mma=47
10_Timofeev_Problems e471 ref=28 default=28 mma=28
10_Timofeev_Problems e472 ref=52 default=52 mma=52
10_Timofeev_Problems e473 ref=25 default=25 mma=25
10_Timofeev_Problems e474 ref=50 default=50 mma=50
10_Timofeev_Problems e475 ref=24 default=24 mma=24
10_Timofeev_Problems e476 ref=40 default=40 mma=40
10_Timofeev_Problems e477 ref=49 default=49 mma=49
10_Timofeev_Problems e478 ref=47 default=43 mma=43
10_Timofeev_Problems e479 ref=36 default=36 mma=36
10_Timofeev_Problems e480 ref=39 default=39 mma=39
10_Timofeev_Problems e481 ref=47 default=47 mma=47
10_Timofeev_Problems e482 ref=45 default=45 mma=45
10_Timofeev_Problems e483 ref=83 default=83 mma=83
10_Timofeev_Problems e484 ref=73 default=73 mma=73
10_Timofeev_Problems e485 ref=105 default=105 mma=105
10_Timofeev_Problems e486 ref=44 default=44 mma=44
10_Timofeev_Problems e487 ref=33 default=33 mma=33
10_Timofeev_Problems e488 ref=30 default=30 mma=30
10_Timofeev_Problems e489 ref=16 default=16 mma=16
10_Timofeev_Problems e490 ref=62 default=62 mma=62
10_Timofeev_Problems e491 ref=59 default=59 mma=59
10_Timofeev_Problems e492 ref=12 default=12 mma=12
10_Timofeev_Problems e493 ref=20 default=20 mma=20
10_Timofeev_Problems e494 ref=22 default=22 mma=22
10_Timofeev_Problems e495 ref=34 default=34 mma=34
10_Timofeev_Problems e496 ref=9 default=9 mma=9
10_Timofeev_Problems e497 ref=22 default=22 mma=22
10_Timofeev_Problems e498 ref=31 default=31 mma=31
10_Timofeev_Problems e499 ref=36 default=36 mma=36
10_Timofeev_Problems e500 ref=48 default=48 mma=48
10_Timofeev_Problems e501 ref=43 default=43 mma=43
10_Timofeev_Problems e502 ref=27 default=27 mma=27
10_Timofeev_Problems e503 ref=53 default=53 mma=53
10_Timofeev_Problems e504 ref=79 default=79 mma=79
10_Timofeev_Problems e505 ref=98 default=98 mma=98
10_Timofeev_Problems e506 ref=72 default=72 mma=72
10_Timofeev_Problems e507 ref=28 default=28 mma=28
10_Timofeev_Problems e508 ref=53 default=53 mma=53
10_Timofeev_Problems e509 ref=79 default=79 mma=79
10_Timofeev_Problems e510 ref=98 default=98 mma=98
10_Timofeev_Problems e511 ref=74 default=74 mma=74
10_Timofeev_Problems e512 ref=15 default=15 mma=15
10_Timofeev_Problems e513 ref=33 default=33 mma=33
10_Timofeev_Problems e514 ref=50 default=50 mma=50
10_Timofeev_Problems e515 ref=65 default=65 mma=65
10_Timofeev_Problems e516 ref=40 default=40 mma=40
10_Timofeev_Problems e517 ref=16 default=16 mma=16
10_Timofeev_Problems e518 ref=33 default=33 mma=33
10_Timofeev_Problems e519 ref=50 default=50 mma=50
10_Timofeev_Problems e520 ref=65 default=65 mma=65
10_Timofeev_Problems e521 ref=44 default=44 mma=44
10_Timofeev_Problems e522 ref=24 default=24 mma=24
10_Timofeev_Problems e523 ref=100 default=100 mma=100
10_Timofeev_Problems e524 ref=12 default=12 mma=12
10_Timofeev_Problems e525 ref=47 default=47 mma=47
10_Timofeev_Problems e526 ref=39 default=39 mma=39
10_Timofeev_Problems e527 ref=30 default=30 mma=30
10_Timofeev_Problems e528 ref=54 default=54 mma=54
10_Timofeev_Problems e529 ref=59 default=59 mma=59
10_Timofeev_Problems e530 ref=18 default=18 mma=18
10_Timofeev_Problems e531 ref=20 default=20 mma=20
10_Timofeev_Problems e532 ref=40 default=40 mma=40
10_Timofeev_Problems e533 ref=37 default=37 mma=37
10_Timofeev_Problems e534 ref=73 default=73 mma=73
10_Timofeev_Problems e535 ref=44 default=44 mma=44
10_Timofeev_Problems e536 ref=39 default=39 mma=39
10_Timofeev_Problems e537 ref=44 default=44 mma=44
10_Timofeev_Problems e538 ref=12 default=12 mma=12
10_Timofeev_Problems e539 ref=32 default=32 mma=32
10_Timofeev_Problems e540 ref=15 default=15 mma=15
10_Timofeev_Problems e541 ref=27 default=27 mma=27
10_Timofeev_Problems e542 ref=35 default=35 mma=35
10_Timofeev_Problems e543 ref=57 default=53 mma=53
10_Timofeev_Problems e544 ref=54 default=54 mma=54
10_Timofeev_Problems e545 ref=82 default=82 mma=82
10_Timofeev_Problems e546 ref=79 default=79 mma=79
10_Timofeev_Problems e547 ref=36 default=36 mma=36
10_Timofeev_Problems e548 ref=36 default=36 mma=36
10_Timofeev_Problems e549 ref=58 default=58 mma=58
10_Timofeev_Problems e550 ref=45 default=45 mma=45
10_Timofeev_Problems e551 ref=51 default=51 mma=51
10_Timofeev_Problems e552 ref=28 default=28 mma=28
10_Timofeev_Problems e553 ref=26 default=26 mma=26
10_Timofeev_Problems e554 ref=30 default=30 mma=30
10_Timofeev_Problems e555 ref=30 default=30 mma=30
10_Timofeev_Problems e556 ref=15 default=15 mma=15
10_Timofeev_Problems e557 ref=41 default=41 mma=41
10_Timofeev_Problems e558 ref=12 default=12 mma=12
10_Timofeev_Problems e559 ref=42 default=42 mma=42
10_Timofeev_Problems e560 ref=46 default=46 mma=46
10_Timofeev_Problems e561 ref=14 default=14 mma=14
10_Timofeev_Problems e562 ref=43 default=43 mma=43
10_Timofeev_Problems e563 ref=13 default=13 mma=13
10_Timofeev_Problems e564 ref=30 default=30 mma=30
10_Timofeev_Problems e565 ref=50 default=50 mma=50
10_Timofeev_Problems e566 ref=75 default=75 mma=75
10_Timofeev_Problems e567 ref=187 default=187 mma=187
10_Timofeev_Problems e568 ref=87 default=87 mma=87
10_Timofeev_Problems e569 ref=185 default=185 mma=185
10_Timofeev_Problems e570 ref=2 default=2 mma=2
10_Timofeev_Problems e571 ref=2 default=2 mma=2
10_Timofeev_Problems e572 ref=3 default=3 mma=3
10_Timofeev_Problems e573 ref=3 default=3 mma=3
10_Timofeev_Problems e574 ref=3 default=3 mma=3
10_Timofeev_Problems e575 ref=5 default=5 mma=5
10_Timofeev_Problems e576 ref=14 default=14 mma=14
10_Timofeev_Problems e577 ref=19 default=19 mma=19
10_Timofeev_Problems e578 ref=14 default=14 mma=14
10_Timofeev_Problems e579 ref=16 default=16 mma=16
10_Timofeev_Problems e580 ref=26 default=26 mma=26
10_Timofeev_Problems e581 ref=18 default=18 mma=18
10_Timofeev_Problems e582 ref=31 default=31 mma=31
10_Timofeev_Problems e583 ref=41 default=41 mma=41
10_Timofeev_Problems e584 ref=25 default=25 mma=25
10_Timofeev_Problems e585 ref=39 default=39 mma=39
10_Timofeev_Problems e586 ref=31 default=31 mma=31
10_Timofeev_Problems e587 ref=35 default=35 mma=35
10_Timofeev_Problems e588 ref=25 default=22 mma=22
10_Timofeev_Problems e589 ref=33 default=31 mma=31
10_Timofeev_Problems e590 ref=30 default=30 mma=30
10_Timofeev_Problems e591 ref=30 default=30 mma=30
10_Timofeev_Problems e592 ref=69 default=75 mma=69
10_Timofeev_Problems e593 ref=37 default=37 mma=37
10_Timofeev_Problems e594 ref=29 default=29 mma=29
10_Timofeev_Problems e595 ref=15 default=15 mma=15
10_Timofeev_Problems e596 ref=16 default=16 mma=16
10_Timofeev_Problems e597 ref=16 default=16 mma=16
10_Timofeev_Problems e598 ref=20 default=20 mma=20
10_Timofeev_Problems e599 ref=15 default=15 mma=15
10_Timofeev_Problems e600 ref=20 default=20 mma=20
10_Timofeev_Problems e601 ref=13 default=13 mma=13
10_Timofeev_Problems e602 ref=9 default=9 mma=9
10_Timofeev_Problems e603 ref=13 default=13 mma=13
10_Timofeev_Problems e604 ref=1 default=1 mma=1
10_Timofeev_Problems e605 ref=22 default=22 mma=22
10_Timofeev_Problems e606 ref=13 default=13 mma=13
10_Timofeev_Problems e607 ref=15 default=15 mma=15
10_Timofeev_Problems e608 ref=26 default=26 mma=26
10_Timofeev_Problems e609 ref=42 default=42 mma=42
10_Timofeev_Problems e610 ref=34 default=34 mma=34
10_Timofeev_Problems e611 ref=28 default=28 mma=28
10_Timofeev_Problems e612 ref=67 default=67 mma=67
10_Timofeev_Problems e613 ref=23 default=23 mma=23
10_Timofeev_Problems e614 ref=60 default=60 mma=60
10_Timofeev_Problems e615 ref=43 default=43 mma=43
10_Timofeev_Problems e616 ref=29 default=29 mma=29
10_Timofeev_Problems e617 ref=29 default=29 mma=29
10_Timofeev_Problems e618 ref=12 default=12 mma=12
10_Timofeev_Problems e619 ref=19 default=19 mma=19
10_Timofeev_Problems e620 ref=11 default=11 mma=11
10_Timofeev_Problems e621 ref=23 default=23 mma=23
10_Timofeev_Problems e622 ref=16 default=16 mma=16
10_Timofeev_Problems e623 ref=18 default=18 mma=18
10_Timofeev_Problems e624 ref=18 default=18 mma=18
10_Timofeev_Problems e625 ref=22 default=22 mma=22
10_Timofeev_Problems e626 ref=24 default=24 mma=24
10_Timofeev_Problems e627 ref=23 default=23 mma=23
10_Timofeev_Problems e628 ref=11 default=11 mma=11
10_Timofeev_Problems e629 ref=20 default=20 mma=20
10_Timofeev_Problems e630 ref=29 default=29 mma=29
10_Timofeev_Problems e631 ref=38 default=38 mma=38
10_Timofeev_Problems e632 ref=24 default=24 mma=24
10_Timofeev_Problems e633 ref=4 default=4 mma=4
10_Timofeev_Problems e634 ref=7 default=7 mma=7
10_Timofeev_Problems e635 ref=11 default=11 mma=11
10_Timofeev_Problems e636 ref=9 default=9 mma=9
10_Timofeev_Problems e637 ref=26 default=26 mma=26
10_Timofeev_Problems e638 ref=35 default=35 mma=35
10_Timofeev_Problems e639 ref=32 default=32 mma=32
10_Timofeev_Problems e640 ref=52 default=52 mma=52
10_Timofeev_Problems e641 ref=30 default=30 mma=30
10_Timofeev_Problems e642 ref=30 default=30 mma=30
10_Timofeev_Problems e643 ref=28 default=28 mma=28
10_Timofeev_Problems e644 ref=60 default=60 mma=60
10_Timofeev_Problems e645 ref=65 default=65 mma=65
10_Timofeev_Problems e646 ref=61 default=61 mma=61
10_Timofeev_Problems e647 ref=53 default=53 mma=53
10_Timofeev_Problems e648 ref=61 default=61 mma=61
10_Timofeev_Problems e649 ref=63 default=63 mma=63
10_Timofeev_Problems e650 ref=148 default=148 mma=148
10_Timofeev_Problems e651 ref=34 default=34 mma=34
10_Timofeev_Problems e652 ref=34 default=34 mma=34
10_Timofeev_Problems e653 ref=30 default=30 mma=30
10_Timofeev_Problems e654 ref=59 default=59 mma=59
10_Timofeev_Problems e655 ref=37 default=37 mma=37
10_Timofeev_Problems e656 ref=61 default=61 mma=61
10_Timofeev_Problems e657 ref=95 default=95 mma=95
10_Timofeev_Problems e658 ref=41 default=41 mma=41
10_Timofeev_Problems e659 ref=34 default=34 mma=34
10_Timofeev_Problems e660 ref=61 default=61 mma=61
10_Timofeev_Problems e661 ref=19 default=19 mma=19
10_Timofeev_Problems e662 ref=17 default=17 mma=17
10_Timofeev_Problems e663 ref=62 default=62 mma=62
10_Timofeev_Problems e664 ref=36 default=36 mma=36
10_Timofeev_Problems e665 ref=62 default=62 mma=62
10_Timofeev_Problems e666 ref=54 default=54 mma=54
10_Timofeev_Problems e667 ref=66 default=66 mma=66
10_Timofeev_Problems e668 ref=73 default=73 mma=73
10_Timofeev_Problems e669 ref=32 default=32 mma=32
10_Timofeev_Problems e670 ref=44 default=44 mma=44
10_Timofeev_Problems e671 ref=23 default=23 mma=23
10_Timofeev_Problems e672 ref=67 default=67 mma=67
10_Timofeev_Problems e673 ref=34 default=34 mma=34
10_Timofeev_Problems e674 ref=79 default=79 mma=79
10_Timofeev_Problems e675 ref=89 default=89 mma=89
10_Timofeev_Problems e676 ref=22 default=22 mma=22
10_Timofeev_Problems e677 ref=31 default=31 mma=31
10_Timofeev_Problems e678 ref=63 default=63 mma=63
10_Timofeev_Problems e679 ref=28 default=28 mma=28
10_Timofeev_Problems e680 ref=39 default=39 mma=39
10_Timofeev_Problems e681 ref=60 default=60 mma=60
10_Timofeev_Problems e682 ref=79 default=79 mma=79
10_Timofeev_Problems e683 ref=107 default=89 mma=110
10_Timofeev_Problems e684 ref=106 default=97 mma=106
10_Timofeev_Problems e685 ref=41 default=38 mma=44
10_Timofeev_Problems e686 ref=65 default=55 mma=65
10_Timofeev_Problems e687 ref=51 default=41 mma=51
10_Timofeev_Problems e688 ref=82 default=73 mma=82
10_Timofeev_Problems e689 ref=175 default=150 mma=175
10_Timofeev_Problems e690 ref=23 default=20 mma=23
10_Timofeev_Problems e691 ref=70 default=57 mma=70
10_Timofeev_Problems e692 ref=74 default=68 mma=74
10_Timofeev_Problems e693 ref=133 default=121 mma=133
10_Timofeev_Problems e694 ref=110 default=107 mma=116
10_Timofeev_Problems e695 ref=55 default=55 mma=55
10_Timofeev_Problems e696 ref=40 default=38 mma=38
10_Timofeev_Problems e697 ref=39 default=39 mma=39
10_Timofeev_Problems e698 ref=122 default=122 mma=122
10_Timofeev_Problems e699 ref=28 default=23 mma=28
10_Timofeev_Problems e700 ref=31 default=31 mma=31
10_Timofeev_Problems e701 ref=57 default=57 mma=57
10_Timofeev_Problems e702 ref=82 default=76 mma=82
10_Timofeev_Problems e703 ref=49 default=49 mma=49
10_Timofeev_Problems e704 ref=36 default=36 mma=36
10_Timofeev_Problems e705 ref=28 default=22 mma=22
11_Welz_Problems e1 ref=15 default=15 mma=15
11_Welz_Problems e2 ref=15 default=15 mma=15
11_Welz_Problems e3 ref=82 default=77 mma=77
11_Welz_Problems e4 ref=43 default=43 mma=43
11_Welz_Problems e5 ref=74 default=74 mma=74
11_Welz_Problems e6 ref=64 default=64 mma=64
11_Welz_Problems e7 ref=48 default=46 mma=46
11_Welz_Problems e8 ref=30 default=30 mma=30
11_Welz_Problems e9 ref=220 default=220 mma=220
11_Welz_Problems e10 ref=220 default=220 mma=220
11_Welz_Problems e11 ref=138 default=138 mma=138
11_Welz_Problems e12 ref=125 default=125 mma=125
11_Welz_Problems e13 ref=81 default=81 mma=81
11_Welz_Problems e14 ref=31 default=31 mma=31
11_Welz_Problems e15 ref=33 default=33 mma=33
11_Welz_Problems e16 ref=19 default=19 mma=19
11_Welz_Problems e17 ref=52 default=52 mma=52
11_Welz_Problems e18 ref=56 default=56 mma=56
11_Welz_Problems e19 ref=17 default=17 mma=17
11_Welz_Problems e20 ref=20 default=20 mma=20
11_Welz_Problems e21 ref=42 default=42 mma=42
11_Welz_Problems e22 ref=22 default=22 mma=22
11_Welz_Problems e23 ref=62 default=62 mma=62
11_Welz_Problems e24 ref=86 default=89 mma=89
11_Welz_Problems e25 ref=19 default=19 mma=19
11_Welz_Problems e26 ref=26 default=26 mma=26
11_Welz_Problems e27 ref=63 default=63 mma=63
11_Welz_Problems e28 ref=82 default=82 mma=82
11_Welz_Problems e29 ref=606 default=606 mma=606
11_Welz_Problems e30 ref=17 default=17 mma=17
11_Welz_Problems e31 ref=52 default=52 mma=52
11_Welz_Problems e32 ref=34 default=34 mma=34
11_Welz_Problems e33 ref=58 default=58 mma=58
11_Welz_Problems e34 ref=58 default=58 mma=58
11_Welz_Problems e35 ref=49 default=49 mma=49
11_Welz_Problems e36 ref=55 default=55 mma=55
11_Welz_Problems e37 ref=97 default=91 mma=91
11_Welz_Problems e38 ref=145 default=137 mma=137
11_Welz_Problems e39 ref=110 default=102 mma=102
11_Welz_Problems e40 ref=81 default=81 mma=81
11_Welz_Problems e41 ref=66 default=72 mma=66
11_Welz_Problems e42 ref=79 default=83 mma=79
11_Welz_Problems e43 ref=118 default=122 mma=118
11_Welz_Problems e44 ref=111 default=125 mma=111
11_Welz_Problems e45 ref=176 default=179 mma=171
11_Welz_Problems e46 ref=493 default=322 mma=322
11_Welz_Problems e47 ref=407 default=411 mma=407
11_Welz_Problems e48 ref=648 default=652 mma=648
11_Welz_Problems e49 ref=1058 default=1062 mma=1058
11_Welz_Problems e50 ref=378 default=388 mma=378
11_Welz_Problems e51 ref=638 default=648 mma=638
11_Welz_Problems e52 ref=66 default=64 mma=66
11_Welz_Problems e53 ref=198 default=182 mma=182
11_Welz_Problems e54 ref=198 default=184 mma=184
11_Welz_Problems e55 ref=97 default=92 mma=92
11_Welz_Problems e56 ref=73 default=105 mma=105
11_Welz_Problems e57 ref=67 default=67 mma=67
12_Wester_Problems e1 ref=40 default=40 mma=40
12_Wester_Problems e2 ref=24 default=27 mma=27
12_Wester_Problems e3 ref=42 default=42 mma=42
12_Wester_Problems e4 ref=15 default=15 mma=15
12_Wester_Problems e5 ref=21 default=21 mma=21
12_Wester_Problems e6 ref=12 default=12 mma=12
12_Wester_Problems e7 ref=43 default=43 mma=43
12_Wester_Problems e8 ref=30 default=25 mma=30
