=== grades on the independent test suites: the reference report against ours ===
reference rows: 1892 (/home/serge/src/maxima-rubi/probes/leaf-size/01-scrape-reference.tsv)

--- Rubi (reference) vs maxima-rubi (ours), 1833 integrals ---
reference: A 1795 (97.9%)  B 14 (0.8%)  C 5 (0.3%)  F 19 (1.0%)
ours:      A 1641 (89.5%)  B 64 (3.5%)  C 42 (2.3%)  F 78 (4.3%)  F(-1) 7 (0.4%)  - 1 (0.1%)
solved (A/B/C): reference 1814 (99.0%), ours 1747 (95.3%)
transitions reference -> ours (changed only):
  A      -> B      57
  A      -> F      56
  A      -> C      41
  B      -> A      4
  C      -> F      3
  A      -> F(-1)  3
  B      -> F(-1)  2
  F      -> F(-1)  1
  B      -> F      1
  C      -> F(-1)  1
  A      -> -      1
normalized size where both solved (1731): reference mean 1.01 median 1.00; ours mean 1.26 median 1.00
per suite, A / solved: reference | ours
  1_Apostol_Problems      175    175 /  175   |    173 /  175
  2_Bondarenko_Problems    35     32 /   33   |     21 /   24
  3_Bronstein_Problems     14     13 /   13   |     12 /   12
  4_Charlwood_Problems     50     43 /   48   |     37 /   41
  5_Hearn_Problems        284    279 /  279   |    266 /  277
  6_Hebisch_Problems        7      3 /    3   |      2 /    3
  7_Jeffrey_Problems        9      6 /    7   |      3 /    7
  8_Moses_Problems        113    113 /  113   |    102 /  113
  9_Stewart_Problems      376    376 /  376   |    367 /  374
  10_Timofeev_Problems    705    696 /  705   |    607 /  664
  11_Welz_Problems         57     51 /   54   |     44 /   49
  12_Wester_Problems        8      8 /    8   |      7 /    8

--- Maxima 5.45 (SageMath) (reference) vs Maxima 5.50 integrate+risch (ours), 1833 integrals ---
reference: A 1384 (75.5%)  B 149 (8.1%)  C 14 (0.8%)  F 250 (13.6%)  F(-1) 4 (0.2%)  F(-2) 32 (1.7%)
ours:      A 1384 (75.5%)  B 155 (8.5%)  C 33 (1.8%)  F 245 (13.4%)  F(-1) 11 (0.6%)  F(-2) 5 (0.3%)
solved (A/B/C): reference 1547 (84.4%), ours 1572 (85.8%)
transitions reference -> ours (changed only):
  A      -> B      27
  F(-2)  -> A      19
  B      -> A      17
  F      -> A      15
  A      -> C      11
  A      -> F      11
  B      -> C      6
  F(-2)  -> B      6
  F(-2)  -> F(-1)  3
  B      -> F      3
  A      -> F(-2)  2
  F(-2)  -> C      2
  B      -> F(-1)  2
  C      -> A      1
  F      -> F(-2)  1
  F      -> B      1
  F      -> C      1
  F      -> F(-1)  1
  A      -> F(-1)  1
normalized size where both solved (1368): reference mean 0.88 median 0.84; ours mean 1.12 median 1.00
per suite, A / solved: reference | ours
  1_Apostol_Problems      175    161 /  166   |    164 /  171
  2_Bondarenko_Problems    35     13 /   16   |     14 /   16
  3_Bronstein_Problems     14      3 /    8   |      3 /    8
  4_Charlwood_Problems     50     21 /   24   |     19 /   22
  5_Hearn_Problems        284    226 /  252   |    221 /  256
  6_Hebisch_Problems        7      2 /    3   |      3 /    4
  7_Jeffrey_Problems        9      4 /    7   |      5 /    8
  8_Moses_Problems        113     98 /  111   |     92 /  111
  9_Stewart_Problems      376    344 /  374   |    345 /  375
  10_Timofeev_Problems    705    491 /  564   |    494 /  576
  11_Welz_Problems         57     14 /   15   |     16 /   17
  12_Wester_Problems        8      7 /    7   |      8 /    8
