# test/corpus_class6.grade.out: 48 of its C entries, seed 1; answer folded by mr_ifold
# maxima: Maxima-version: "branch_5_50_base_84_g4204fb669"
# maxima: Maxima build date: "2026-08-31 13:27:47"
C leaf=74/65 type=3/3          -> GRADE A 53 3 CLASS expected              6 Hyperbolic functions/6.1 Hyperbolic sine/6.1.5 Hyperbolic sine functions.mac e278 L371
C leaf=390/169 type=3/3        -> GRADE A 319 3 CLASS verified             6 Hyperbolic functions/6.4 Hyperbolic cotangent/6.4.2 Hyperbolic cotangent functions.mac e84 L115
C leaf=39/29 type=3/3          -> GRADE A 31 3 CLASS verified              6 Hyperbolic functions/6.7 Miscellaneous/6.7.1 Hyperbolic functions.mac e617 L700
C leaf=107/65 type=3/3         -> GRADE A 75 3 CLASS expected              6 Hyperbolic functions/6.7 Miscellaneous/6.7.1 Hyperbolic functions.mac e271 L306
C leaf=37/27 type=3/3          -> GRADE A 27 3 CLASS expected              6 Hyperbolic functions/6.7 Miscellaneous/6.7.1 Hyperbolic functions.mac e134 L155
C leaf=1005/864 type=4/4       -> GRADE A 826 4 CLASS expected             6 Hyperbolic functions/6.1 Hyperbolic sine/6.1.1 (c+d x)^m (a+b sinh)^n.mac e343 L468
C leaf=56/25 type=3/3          -> GRADE A 18 3 CLASS verified              6 Hyperbolic functions/6.1 Hyperbolic sine/6.1.7 hyper^m (a+b sinh^n)^p.mac e444 L533
C leaf=237/137 type=3/3        -> GRADE A 174 3 CLASS expected             6 Hyperbolic functions/6.1 Hyperbolic sine/6.1.5 Hyperbolic sine functions.mac e97 L128
C leaf=384/232 type=3/3        -> GRADE A 245 3 CLASS verified             6 Hyperbolic functions/6.3 Hyperbolic tangent/6.3.7 (d hyper)^m (a+b (c tanh)^n)^p.mac e71 L86
C leaf=25/17 type=3/3          -> GRADE A 17 3 CLASS expected              6 Hyperbolic functions/6.7 Miscellaneous/6.7.1 Hyperbolic functions.mac e124 L143
C leaf=360/169 type=3/3        -> GRADE A 297 3 CLASS expected             6 Hyperbolic functions/6.3 Hyperbolic tangent/6.3.2 Hyperbolic tangent functions.mac e64 L97
C leaf=196/118 type=3/3        -> GRADE A 149 3 CLASS verified             6 Hyperbolic functions/6.3 Hyperbolic tangent/6.3.7 (d hyper)^m (a+b (c tanh)^n)^p.mac e9 L18
C leaf=380/77 type=3/3         -> GRADE C 334 3 CLASS verified             6 Hyperbolic functions/6.5 Hyperbolic secant/6.5.7 (d hyper)^m (a+b (c sech)^n)^p.mac e82 L97
C leaf=93/61 type=3/3          -> GRADE A 61 3 CLASS expected              6 Hyperbolic functions/6.2 Hyperbolic cosine/6.2.5 Hyperbolic cosine functions.mac e49 L72
C leaf=333/97 type=3/3         -> GRADE B 219 3 CLASS verified             6 Hyperbolic functions/6.7 Miscellaneous/6.7.1 Hyperbolic functions.mac e185 L208
C leaf=1636/345 type=3/3       -> GRADE B 1573 3 CLASS expected            6 Hyperbolic functions/6.1 Hyperbolic sine/6.1.7 hyper^m (a+b sinh^n)^p.mac e260 L299
C leaf=106/78 type=4/4         -> GRADE A 81 4 CLASS expected              6 Hyperbolic functions/6.1 Hyperbolic sine/6.1.3 (e x)^m (a+b sinh(c+d x^n))^p.mac e29 L60
C leaf=87/56 type=3/3          -> GRADE C 67 3 CLASS verified              6 Hyperbolic functions/6.3 Hyperbolic tangent/6.3.7 (d hyper)^m (a+b (c tanh)^n)^p.mac e56 L71
C leaf=157/144 type=4/4        -> GRADE A 149 4 CLASS expected             6 Hyperbolic functions/6.1 Hyperbolic sine/6.1.1 (c+d x)^m (a+b sinh)^n.mac e74 L101
C leaf=142/125 type=3/3        -> GRADE A 134 3 CLASS expected             6 Hyperbolic functions/6.7 Miscellaneous/6.7.1 Hyperbolic functions.mac e795 L924
C leaf=68/58 type=4/4          -> GRADE A 59 4 CLASS expected              6 Hyperbolic functions/6.7 Miscellaneous/6.7.1 Hyperbolic functions.mac e469 L528
C leaf=142/81 type=3/3         -> GRADE A 91 3 CLASS expected              6 Hyperbolic functions/6.2 Hyperbolic cosine/6.2.5 Hyperbolic cosine functions.mac e77 L106
C leaf=18/11 type=3/3          -> GRADE A 11 3 CLASS expected              6 Hyperbolic functions/6.3 Hyperbolic tangent/6.3.2 Hyperbolic tangent functions.mac e6 L15
C leaf=117/85 type=3/3         -> GRADE A 85 3 CLASS expected              6 Hyperbolic functions/6.5 Hyperbolic secant/6.5.3 Hyperbolic secant functions.mac e81 L116
C leaf=39/27 type=3/3          -> GRADE A 27 3 CLASS expected              6 Hyperbolic functions/6.7 Miscellaneous/6.7.1 Hyperbolic functions.mac e131 L152
C leaf=64/36 type=3/3          -> GRADE C 58 3 CLASS expected              6 Hyperbolic functions/6.7 Miscellaneous/6.7.1 Hyperbolic functions.mac e141 L162
C leaf=126/74 type=4/4         -> GRADE C 112 4 CLASS verified             6 Hyperbolic functions/6.1 Hyperbolic sine/6.1.1 (c+d x)^m (a+b sinh)^n.mac e6 L17
C leaf=335/287 type=4/4        -> GRADE A 312 4 CLASS expected             6 Hyperbolic functions/6.6 Hyperbolic cosecant/6.6.2 (e x)^m (a+b csch(c+d x^n))^p.mac e38 L57
C leaf=186/121 type=3/3        -> GRADE A 136 3 CLASS expected             6 Hyperbolic functions/6.3 Hyperbolic tangent/6.3.2 Hyperbolic tangent functions.mac e49 L80
C leaf=505/340 type=4/4        -> GRADE C 368 4 CLASS verified             6 Hyperbolic functions/6.1 Hyperbolic sine/6.1.7 hyper^m (a+b sinh^n)^p.mac e500 L595
C leaf=153/42 type=5/3         -> GRADE C 153 5 CLASS unverified           6 Hyperbolic functions/6.6 Hyperbolic cosecant/6.6.3 Hyperbolic cosecant functions.mac e160 L213
C leaf=157/101 type=3/3        -> GRADE A 111 3 CLASS expected             6 Hyperbolic functions/6.7 Miscellaneous/6.7.1 Hyperbolic functions.mac e270 L305
C leaf=277/158 type=3/3        -> GRADE A 230 3 CLASS verified             6 Hyperbolic functions/6.1 Hyperbolic sine/6.1.7 hyper^m (a+b sinh^n)^p.mac e329 L388
C leaf=231/123 type=3/3        -> GRADE A 206 3 CLASS expected             6 Hyperbolic functions/6.5 Hyperbolic secant/6.5.2 (e x)^m (a+b sech(c+d x^n))^p.mac e27 L40
C leaf=119/113 type=4/4        -> GRADE A 98 4 CLASS expected              6 Hyperbolic functions/6.1 Hyperbolic sine/6.1.3 (e x)^m (a+b sinh(c+d x^n))^p.mac e86 L143
C leaf=218/89 type=3/3         -> GRADE A 147 3 CLASS verified             6 Hyperbolic functions/6.7 Miscellaneous/6.7.1 Hyperbolic functions.mac e859 L1002
C leaf=386/246 type=4/4        -> GRADE C 351 4 CLASS expected             6 Hyperbolic functions/6.2 Hyperbolic cosine/6.2.1 (c+d x)^m (a+b cosh)^n.mac e167 L224
C leaf=67/59 type=4/4          -> GRADE A 59 4 CLASS expected              6 Hyperbolic functions/6.1 Hyperbolic sine/6.1.1 (c+d x)^m (a+b sinh)^n.mac e80 L107
C leaf=697/381 type=4/4        -> GRADE A 561 4 CLASS expected             6 Hyperbolic functions/6.1 Hyperbolic sine/6.1.1 (c+d x)^m (a+b sinh)^n.mac e53 L70
C leaf=140/111 type=4/4        -> GRADE A 125 4 CLASS expected             6 Hyperbolic functions/6.1 Hyperbolic sine/6.1.1 (c+d x)^m (a+b sinh)^n.mac e60 L77
C leaf=137/75 type=3/3         -> GRADE A 109 3 CLASS verified             6 Hyperbolic functions/6.5 Hyperbolic secant/6.5.7 (d hyper)^m (a+b (c sech)^n)^p.mac e75 L90
C leaf=80/57 type=3/3          -> GRADE A 58 3 CLASS expected              6 Hyperbolic functions/6.4 Hyperbolic cotangent/6.4.2 Hyperbolic cotangent functions.mac e5 L14
C leaf=157/123 type=4/4        -> GRADE A 131 4 CLASS expected             6 Hyperbolic functions/6.1 Hyperbolic sine/6.1.1 (c+d x)^m (a+b sinh)^n.mac e20 L31
C leaf=63/57 type=3/3          -> GRADE A 55 3 CLASS expected              6 Hyperbolic functions/6.7 Miscellaneous/6.7.1 Hyperbolic functions.mac e747 L868
C leaf=109/77 type=3/3         -> GRADE A 77 3 CLASS expected              6 Hyperbolic functions/6.2 Hyperbolic cosine/6.2.5 Hyperbolic cosine functions.mac e52 L75
C leaf=172/95 type=3/3         -> GRADE A 125 3 CLASS expected             6 Hyperbolic functions/6.6 Hyperbolic cosecant/6.6.1 (c+d x)^m (a+b csch)^n.mac e25 L52
C leaf=43/19 type=3/3          -> GRADE A 29 3 CLASS verified              6 Hyperbolic functions/6.1 Hyperbolic sine/6.1.7 hyper^m (a+b sinh^n)^p.mac e288 L345
C leaf=234/139 type=3/3        -> GRADE A 184 3 CLASS expected             6 Hyperbolic functions/6.3 Hyperbolic tangent/6.3.1 (c+d x)^m (a+b tanh)^n.mac e40 L65
# folded grade / class:
#    30  A expected
#     9  A verified
#     1  B expected
#     1  B verified
#     2  C expected
#     1  C unverified
#     4  C verified
