# 9 entries; R0 rubi's answer, R1 folded (probe 05, flags model); cmath principal branches
== 6 Hyperbolic functions/6.4 Hyperbolic cotangent/6.4.2 Hyperbolic cotangent functions.mac e14 L25
   R0 x=1.3 value=-38.27676103+26.07175598j |d/dx - integrand|=3.02e-09
   R1 x=1.3 value=-38.27676103+26.07175598j |d/dx - integrand|=3.02e-09
   |R0 - R1| = 0.00e+00
   R0 x=0.6 value=-0.6397232339+0.4554133183j |d/dx - integrand|=3.15e-11
   R1 x=0.6 value=-0.6397232339+0.4554133183j |d/dx - integrand|=3.15e-11
   |R0 - R1| = 0.00e+00
   R0 x=0.5 value=-17.46093855+13.32436632j |d/dx - integrand|=8.43e-09
   R1 x=0.5 value=-17.46093855+13.32436632j |d/dx - integrand|=8.43e-09
   |R0 - R1| = 0.00e+00
== 6 Hyperbolic functions/6.4 Hyperbolic cotangent/6.4.2 Hyperbolic cotangent functions.mac e22 L39
   R0 x=1.3 value=-0.2683067648+1.051542819j |d/dx - integrand|=2.21e-11
   R1 x=1.3 value=-0.2683067648+1.051542819j |d/dx - integrand|=2.21e-11
   |R0 - R1| = 0.00e+00
   R0 x=0.6 value=-0.213828926+1.874719014j |d/dx - integrand|=6.46e-10
   R1 x=0.6 value=-0.213828926+1.874719014j |d/dx - integrand|=6.46e-10
   |R0 - R1| = 0.00e+00
   R0 x=0.5 value=0.06425537364+1.157372629j |d/dx - integrand|=5.91e-10
   R1 x=0.5 value=0.06425537364+1.157372629j |d/dx - integrand|=5.91e-10
   |R0 - R1| = 0.00e+00
== 6 Hyperbolic functions/6.4 Hyperbolic cotangent/6.4.2 Hyperbolic cotangent functions.mac e26 L43
   R0 x=1.3 value=-17.15336586+11.6838091j |d/dx - integrand|=9.10e-10
   R1 x=1.3 value=-17.15336586+11.6838091j |d/dx - integrand|=9.10e-10
   |R0 - R1| = 0.00e+00
   R0 x=0.6 value=-0.9112231366+0.6486917003j |d/dx - integrand|=7.80e-11
   R1 x=0.6 value=-0.9112231366+0.6486917003j |d/dx - integrand|=7.80e-11
   |R0 - R1| = 0.00e+00
   R0 x=0.5 value=-9.479255841+7.233578932j |d/dx - integrand|=4.45e-09
   R1 x=0.5 value=-9.479255841+7.233578932j |d/dx - integrand|=4.45e-09
   |R0 - R1| = 0.00e+00
== 6 Hyperbolic functions/6.4 Hyperbolic cotangent/6.4.2 Hyperbolic cotangent functions.mac e47 L68
   R0 x=1.3 value=-11.48302831+7.821526794j |d/dx - integrand|=9.07e-10
   R1 x=1.3 value=-11.48302831+7.821526794j |d/dx - integrand|=9.07e-10
   |R0 - R1| = 0.00e+00
   R0 x=0.6 value=-1.087529498+0.7742026411j |d/dx - integrand|=1.58e-10
   R1 x=0.6 value=-1.087529498+0.7742026411j |d/dx - integrand|=1.58e-10
   |R0 - R1| = 0.00e+00
   R0 x=0.5 value=-6.98437542+5.329746527j |d/dx - integrand|=2.94e-09
   R1 x=0.5 value=-6.98437542+5.329746527j |d/dx - integrand|=2.94e-09
   |R0 - R1| = 0.00e+00
== 6 Hyperbolic functions/6.7 Miscellaneous/6.7.1 Hyperbolic functions.mac e57 L72
   R0 x=1.3 value=1.590085864+1.308996939j |d/dx - integrand|=4.64e-10
   R1 x=1.3 value=1.590085864+1.308996939j |d/dx - integrand|=4.64e-10
   |R0 - R1| = 0.00e+00
   R0 x=0.6 value=0.3286143797+0.2309994598j |d/dx - integrand|=2.08e-10
   R1 x=0.6 value=0.3286143797+0.2309994598j |d/dx - integrand|=2.08e-10
   |R0 - R1| = 0.00e+00
   R0 x=0.5 value=1.716401538+0.9817477042j |d/dx - integrand|=8.29e-10
   R1 x=0.5 value=1.716401538+0.9817477042j |d/dx - integrand|=8.29e-10
   |R0 - R1| = 0.00e+00
== 6 Hyperbolic functions/6.7 Miscellaneous/6.7.1 Hyperbolic functions.mac e58 L73
   R0 x=1.3 value=-1.112226516+3.926990817j |d/dx - integrand|=1.36e-09
   R1 x=1.3 value=-1.112226516+3.926990817j |d/dx - integrand|=1.36e-09
   |R0 - R1| = 0.00e+00
   R0 x=0.6 value=-0.1414420024+0.6929983795j |d/dx - integrand|=1.19e-10
   R1 x=0.6 value=-0.1414420024+0.6929983795j |d/dx - integrand|=1.19e-10
   |R0 - R1| = 0.00e+00
   R0 x=0.5 value=-0.2486000763+2.945243113j |d/dx - integrand|=4.69e-10
   R1 x=0.5 value=-0.2486000763+2.945243113j |d/dx - integrand|=4.69e-10
   |R0 - R1| = 0.00e+00
== 6 Hyperbolic functions/6.7 Miscellaneous/6.7.1 Hyperbolic functions.mac e64 L79
   R0 x=1.3 value=-8.698490225-2.398239765e-15j |d/dx - integrand|=1.67e-09
   R1 x=1.3 value=-8.698490225-2.398239765e-15j |d/dx - integrand|=1.67e-09
   |R0 - R1| = 0.00e+00
   R0 x=0.6 value=-1.435199704-7.614278524e-16j |d/dx - integrand|=5.68e-10
   R1 x=0.6 value=-1.435199704-7.614278524e-16j |d/dx - integrand|=5.68e-10
   |R0 - R1| = 0.00e+00
   R0 x=0.5 value=-5.552293047-4.537204925e-15j |d/dx - integrand|=1.11e-09
   R1 x=0.5 value=-5.552293047-4.537204925e-15j |d/dx - integrand|=1.11e-09
   |R0 - R1| = 0.00e+00
== 6 Hyperbolic functions/6.7 Miscellaneous/6.7.1 Hyperbolic functions.mac e65 L80
   R0 x=1.3 value=-2.380061996+1.308996939j |d/dx - integrand|=5.35e-10
   R1 x=1.3 value=-2.380061996+1.308996939j |d/dx - integrand|=5.35e-10
   |R0 - R1| = 0.00e+00
   R0 x=0.6 value=-0.3132974686+0.2309994598j |d/dx - integrand|=1.68e-10
   R1 x=0.6 value=-0.3132974686+0.2309994598j |d/dx - integrand|=1.68e-10
   |R0 - R1| = 0.00e+00
   R0 x=0.5 value=-0.7567198172+0.9817477042j |d/dx - integrand|=9.82e-10
   R1 x=0.5 value=-0.7567198172+0.9817477042j |d/dx - integrand|=9.82e-10
   |R0 - R1| = 0.00e+00
== 6 Hyperbolic functions/6.7 Miscellaneous/6.7.1 Hyperbolic functions.mac e66 L81
   R0 x=1.3 value=-0.1984736491+3.926990817j |d/dx - integrand|=1.22e-09
   R1 x=1.3 value=-0.1984736491+3.926990817j |d/dx - integrand|=1.22e-09
   |R0 - R1| = 0.00e+00
   R0 x=0.6 value=0.08692646174+0.6929983795j |d/dx - integrand|=9.20e-11
   R1 x=0.6 value=0.08692646174+0.6929983795j |d/dx - integrand|=9.20e-11
   |R0 - R1| = 0.00e+00
   R0 x=0.5 value=1.003470098+2.945243113j |d/dx - integrand|=6.53e-10
   R1 x=0.5 value=1.003470098+2.945243113j |d/dx - integrand|=6.53e-10
   |R0 - R1| = 0.00e+00
# worst |d/dx - integrand| over all: 8.43e-09
