# 50 candidates (probe 07 answers with a log(+-%i*..)); old = shipped, new = RemoveContent folds its argument
fixed         6 Hyperbolic functions/6.1 Hyperbolic sine/6.1.1 (c+d x)^m (a+b sinh)^n.mac e30 L43
fixed         6 Hyperbolic functions/6.1 Hyperbolic sine/6.1.1 (c+d x)^m (a+b sinh)^n.mac e245 L328
fixed         6 Hyperbolic functions/6.1 Hyperbolic sine/6.1.1 (c+d x)^m (a+b sinh)^n.mac e250 L333
same          6 Hyperbolic functions/6.1 Hyperbolic sine/6.1.1 (c+d x)^m (a+b sinh)^n.mac e443 L594
    new: (-((4*b^3*atanh((2*b-2*a*tanh((d*x+c)/2))/sqrt(4*b^2+4*a^2)))/(sqrt(4*b^2+4*a^2)*(-(a*b^2)-a^3)))+log(%i*tanh((d*x+c)/2))/a+1/((%i*b+a)*(%i*tanh((d*x+c)/2)+1))+1/((%i*b-a)*(%i*tanh((d*x+c)/2)-1)))/d
same          6 Hyperbolic functions/6.1 Hyperbolic sine/6.1.1 (c+d x)^m (a+b sinh)^n.mac e471 L630
    new: (%i*(-((8*%i*b^4*atanh((2*b-2*a*tanh((d*x+c)/2))/sqrt(4*b^2+4*a^2)))/(sqrt(4*b^2+4*a^2)*(-(a^2*b^2)-a^4)))+(2*%i*b*log(%i*tanh((d*x+c)/2)))/a^2-2/((%i*b+a)*(%i*tanh((d*x+c)/2)+1))+2/((%i*b-a)*(%i*tanh((d*x+c)/2)-1))+(%i*tanh((d*x+c)/2))/a+%i/(a*tanh((d*x+c)/2))))/(2*d)
fixed         6 Hyperbolic functions/6.1 Hyperbolic sine/6.1.1 (c+d x)^m (a+b sinh)^n.mac e477 L642
same          6 Hyperbolic functions/6.1 Hyperbolic sine/6.1.1 (c+d x)^m (a+b sinh)^n.mac e498 L667
    new: -(((16*b^5*atanh((2*b-2*a*tanh((d*x+c)/2))/sqrt(4*b^2+4*a^2)))/(sqrt(4*b^2+4*a^2)*(-(a^3*b^2)-a^5))-((4*b^2-6*a^2)*log(%i*tanh((d*x+c)/2)))/a^3+4/((%i*b+a)*(%i*tanh((d*x+c)/2)+1))+4/((%i*b-a)*(%i*tanh((d*x+c)/2)-1))-tanh((d*x+c)/2)^2/(2*a)-(2*b*tanh((d*x+c)/2))/a^2-(2*b)/(a^2*tanh((d*x+c)/2))+1/(2*a*tanh((d*x+c)/2)^2))/(4*d))
fixed         6 Hyperbolic functions/6.3 Hyperbolic tangent/6.3.2 Hyperbolic tangent functions.mac e7 L16
fixed         6 Hyperbolic functions/6.3 Hyperbolic tangent/6.3.2 Hyperbolic tangent functions.mac e9 L18
fixed         6 Hyperbolic functions/6.3 Hyperbolic tangent/6.3.2 Hyperbolic tangent functions.mac e11 L20
same          6 Hyperbolic functions/6.3 Hyperbolic tangent/6.3.7 (d hyper)^m (a+b (c tanh)^n)^p.mac e56 L71
    new: -((%i*(%i*b*log(%i*tanh(d*x+c))-(%i*b*tanh(d*x+c)^2)/2+(%i*a)/tanh(d*x+c)-(%i*a)/(3*tanh(d*x+c)^3)))/d)
same          6 Hyperbolic functions/6.3 Hyperbolic tangent/6.3.7 (d hyper)^m (a+b (c tanh)^n)^p.mac e64 L79
    new: -((%i*(2*%i*a*b*log(%i*tanh(d*x+c))-(%i*b^2*tanh(d*x+c)^5)/5+(%i*b^2*tanh(d*x+c)^3)/3-%i*a*b*tanh(d*x+c)^2+(%i*a^2)/tanh(d*x+c)-(%i*a^2)/(3*tanh(d*x+c)^3)))/d)
same          6 Hyperbolic functions/6.3 Hyperbolic tangent/6.3.7 (d hyper)^m (a+b (c tanh)^n)^p.mac e72 L87
    new: -((%i*(3*%i*a^2*b*log(%i*tanh(d*x+c))-(%i*b^3*tanh(d*x+c)^8)/8+(%i*b^3*tanh(d*x+c)^6)/6-(3*%i*a*b^2*tanh(d*x+c)^5)/5+%i*a*b^2*tanh(d*x+c)^3-(3*%i*a^2*b*tanh(d*x+c)^2)/2+(%i*a^3)/tanh(d*x+c)-(%i*a^3)/(3*tanh(d*x+c)^3)))/d)
same          6 Hyperbolic functions/6.3 Hyperbolic tangent/6.3.7 (d hyper)^m (a+b (c tanh)^n)^p.mac e73 L90
    new: -((%i*((-((%i*(6*a^2*b^4+3*a^4*b^2)*log(b*tanh(d*x+c)^3+a))/(3*b))-((-1)^(1/6)*((((-1)^(1/6)*a^(1/3)*b^(2/3)*((-1)^(1/6)*%i*a^(1/3)*(-(a*b^5)-7*a^3*b^3-a^5*b)+b^(1/3)*(-(3*a^2*b^4)-6*a^4*b^2))+2*(-1)^(1/6)*a^(1/3)*b^(2/3)*((-1)^(1/6)*%i*a^(1/3)*(-(a*b^5)-7*a^3*b^3-a^5*b)-2*b^(1/3)*(-(3*a^2*b^4)-6*a^4*b^2)))*atan(((2*%i*b^(1/3)*tanh(d*x+c))/((-1)^(1/6)*a^(1/3))+1)/sqrt(3)))/((-1)^(1/6)*sqrt(3)*a^(1/3)*b)-(((-1)^(1/6)*%i*a^(1/3)*(-(a*b^5)-7*a^3*b^3-a^5*b)+b^(1/3)*(-(3*a^2*b^4)-6*a^4*b^2))*log(b^(2/3)*tanh(d*x+c)^2-(-1)^(1/6)*%i*a^(1/3)*b^(1/3)*tanh(d*x+c)+a^(2/3)))/(2*b^(1/3))))/(3*a^(2/3)*b^(1/3))-((-1)^(1/6)*((-1)^(1/6)*%i*a^(1/3)*(-(a*b^5)-7*a^3*b^3-a^5*b)+b^(1/3)*(-(3*a^2*b^4)-6*a^4*b^2))*log(%i*b^(1/3)*tanh(d*x+c)-(-1)^(1/6)*a^(1/3)))/(3*a^(2/3)*b^(2/3)))/(-b^6+3*a^2*b^4-3*a^4*b^2+a^6)-(%i*(((-(6*a^2*b^3)-3*a^4*b)*log(1-tanh(d*x+c)^2))/2+(-(a*b^4)-7*a^3*b^2-a^5)*atanh(tanh(d*x+c))))/(-b^6+3*a^2*b^4-3*a^4*b^2+a^6)-(%i*(-(((-(a*b^2)-2*a^3)*atanh(tanh(d*x+c)))/2)-(3*a^2*b-(a*b^2+2*a^3)*tanh(d*x+c))/(2*(1-tanh(d*x+c)^2))))/(b^4-2*a^2*b^2+a^4)+(%i*((3*a*(atanh(tanh(d*x+c))/2+tanh(d*x+c)/(2*(1-tanh(d*x+c)^2))))/4-(b-a*tanh(d*x+c))/(4*(1-tanh(d*x+c)^2)^2)))/(a^2-b^2)))/d)
same          6 Hyperbolic functions/6.3 Hyperbolic tangent/6.3.7 (d hyper)^m (a+b (c tanh)^n)^p.mac e75 L92
    new: (%i*((-((%i*(b^4+2*a^2*b^2)*log(b*tanh(d*x+c)^3+a))/(3*b))-((-1)^(1/6)*(((2*(-1)^(1/6)*a^(1/3)*b^(2/3)*((-1)^(1/6)*%i*a^(1/3)*(-(2*a*b^3)-a^3*b)+6*a^2*b^(7/3))+(-1)^(1/6)*a^(1/3)*b^(2/3)*((-1)^(1/6)*%i*a^(1/3)*(-(2*a*b^3)-a^3*b)-3*a^2*b^(7/3)))*atan(((2*%i*b^(1/3)*tanh(d*x+c))/((-1)^(1/6)*a^(1/3))+1)/sqrt(3)))/((-1)^(1/6)*sqrt(3)*a^(1/3)*b)-(((-1)^(1/6)*%i*a^(1/3)*(-(2*a*b^3)-a^3*b)-3*a^2*b^(7/3))*log(b^(2/3)*tanh(d*x+c)^2-(-1)^(1/6)*%i*a^(1/3)*b^(1/3)*tanh(d*x+c)+a^(2/3)))/(2*b^(1/3))))/(3*a^(2/3)*b^(1/3))-((-1)^(1/6)*((-1)^(1/6)*%i*a^(1/3)*(-(2*a*b^3)-a^3*b)-3*a^2*b^(7/3))*log(%i*b^(1/3)*tanh(d*x+c)-(-1)^(1/6)*a^(1/3)))/(3*a^(2/3)*b^(2/3)))/(b^4-2*a^2*b^2+a^4)-(%i*(((-b^3-2*a^2*b)*log(1-tanh(d*x+c)^2))/2+(-(2*a*b^2)-a^3)*atanh(tanh(d*x+c))))/(b^4-2*a^2*b^2+a^4)-(%i*((a*atanh(tanh(d*x+c)))/2-(b-a*tanh(d*x+c))/(2*(1-tanh(d*x+c)^2))))/(a^2-b^2)))/d
same          6 Hyperbolic functions/6.3 Hyperbolic tangent/6.3.7 (d hyper)^m (a+b (c tanh)^n)^p.mac e80 L97
    new: -((%i*((%i*((b*log(b*tanh(d*x+c)^3+a))/3+(hypergeometric([2/3,1],[5/3],-((b*tanh(d*x+c)^3)/a))*b*tanh(d*x+c)^2)/2))/a^2-(%i*b*log(%i*tanh(d*x+c)))/a^2+%i/(a*tanh(d*x+c))-%i/(3*a*tanh(d*x+c)^3)))/d)
same          6 Hyperbolic functions/6.3 Hyperbolic tangent/6.3.7 (d hyper)^m (a+b (c tanh)^n)^p.mac e171 L216
    new: (a^2*(((sqrt(a)*x)/(b+a)-(%i*sqrt(b)*log(%i*sqrt(b)*sinh(d*x+c)+sqrt(a)*cosh(d*x+c)))/((b+a)*d))/(2*sqrt(a))-(-((%i*sqrt(b)*log(sqrt(a)*cosh(d*x+c)-%i*sqrt(b)*sinh(d*x+c)))/((b+a)*d))-(sqrt(a)*x)/(b+a))/(2*sqrt(a))))/b^2+(x-tanh(d*x+c)/d)/b-(a*x)/b^2
same          6 Hyperbolic functions/6.3 Hyperbolic tangent/6.3.7 (d hyper)^m (a+b (c tanh)^n)^p.mac e173 L218
    new: x/b-(a*(((sqrt(a)*x)/(b+a)-(%i*sqrt(b)*log(%i*sqrt(b)*sinh(d*x+c)+sqrt(a)*cosh(d*x+c)))/((b+a)*d))/(2*sqrt(a))-(-((%i*sqrt(b)*log(sqrt(a)*cosh(d*x+c)-%i*sqrt(b)*sinh(d*x+c)))/((b+a)*d))-(sqrt(a)*x)/(b+a))/(2*sqrt(a))))/b
same          6 Hyperbolic functions/6.3 Hyperbolic tangent/6.3.7 (d hyper)^m (a+b (c tanh)^n)^p.mac e175 L220
    new: ((sqrt(a)*x)/(b+a)-(%i*sqrt(b)*log(%i*sqrt(b)*sinh(d*x+c)+sqrt(a)*cosh(d*x+c)))/((b+a)*d))/(2*sqrt(a))-(-((%i*sqrt(b)*log(sqrt(a)*cosh(d*x+c)-%i*sqrt(b)*sinh(d*x+c)))/((b+a)*d))-(sqrt(a)*x)/(b+a))/(2*sqrt(a))
fixed         6 Hyperbolic functions/6.4 Hyperbolic cotangent/6.4.1 (c+d x)^m (a+b coth)^n.mac e8 L17
fixed         6 Hyperbolic functions/6.4 Hyperbolic cotangent/6.4.1 (c+d x)^m (a+b coth)^n.mac e12 L21
fixed         6 Hyperbolic functions/6.4 Hyperbolic cotangent/6.4.1 (c+d x)^m (a+b coth)^n.mac e44 L71
fixed         6 Hyperbolic functions/6.4 Hyperbolic cotangent/6.4.1 (c+d x)^m (a+b coth)^n.mac e48 L75
fixed         6 Hyperbolic functions/6.4 Hyperbolic cotangent/6.4.1 (c+d x)^m (a+b coth)^n.mac e49 L76
fixed         6 Hyperbolic functions/6.4 Hyperbolic cotangent/6.4.2 Hyperbolic cotangent functions.mac e35 L54
fixed         6 Hyperbolic functions/6.4 Hyperbolic cotangent/6.4.2 Hyperbolic cotangent functions.mac e77 L108
fixed         6 Hyperbolic functions/6.4 Hyperbolic cotangent/6.4.2 Hyperbolic cotangent functions.mac e78 L109
fixed         6 Hyperbolic functions/6.4 Hyperbolic cotangent/6.4.2 Hyperbolic cotangent functions.mac e79 L110
fixed         6 Hyperbolic functions/6.4 Hyperbolic cotangent/6.4.2 Hyperbolic cotangent functions.mac e80 L111
fixed         6 Hyperbolic functions/6.4 Hyperbolic cotangent/6.4.2 Hyperbolic cotangent functions.mac e85 L116
fixed         6 Hyperbolic functions/6.4 Hyperbolic cotangent/6.4.2 Hyperbolic cotangent functions.mac e86 L117
fixed         6 Hyperbolic functions/6.4 Hyperbolic cotangent/6.4.2 Hyperbolic cotangent functions.mac e151 L208
fixed         6 Hyperbolic functions/6.4 Hyperbolic cotangent/6.4.2 Hyperbolic cotangent functions.mac e153 L210
fixed         6 Hyperbolic functions/6.4 Hyperbolic cotangent/6.4.2 Hyperbolic cotangent functions.mac e155 L212
same          6 Hyperbolic functions/6.4 Hyperbolic cotangent/6.4.7 (d hyper)^m (a+b (c coth)^n)^p.mac e5 L22
    new: ((sqrt(a)*x)/(b+a)-(%i*sqrt(b)*log(sqrt(b)*cosh(d*x+c)-%i*sqrt(a)*sinh(d*x+c)))/((b+a)*d))/(2*sqrt(a))-(-((%i*sqrt(b)*log(%i*sqrt(a)*sinh(d*x+c)+sqrt(b)*cosh(d*x+c)))/((b+a)*d))-(sqrt(a)*x)/(b+a))/(2*sqrt(a))
fixed         6 Hyperbolic functions/6.4 Hyperbolic cotangent/6.4.7 (d hyper)^m (a+b (c coth)^n)^p.mac e9 L26
same          6 Hyperbolic functions/6.4 Hyperbolic cotangent/6.4.7 (d hyper)^m (a+b (c coth)^n)^p.mac e50 L81
    new: ((sqrt(3)*%i-1)*(((sqrt(3)*%i-1)*x)/((sqrt(3)*%i-1)^2-4)-(2*log(%i*(sqrt(3)*%i-1)*sinh(x)+2*%i*cosh(x)))/((sqrt(3)*%i-1)^2-4))-(sqrt(3)*%i+1)*(((-(sqrt(3)*%i)-1)*x)/((-(sqrt(3)*%i)-1)^2-4)-(2*log(%i*(-(sqrt(3)*%i)-1)*sinh(x)+2*%i*cosh(x)))/((-(sqrt(3)*%i)-1)^2-4))-1/(2*(coth(x)+1))+x/2)/3
fixed         6 Hyperbolic functions/6.6 Hyperbolic cosecant/6.6.1 (c+d x)^m (a+b csch)^n.mac e7 L14
fixed         6 Hyperbolic functions/6.6 Hyperbolic cosecant/6.6.2 (e x)^m (a+b csch(c+d x^n))^p.mac e10 L21
fixed         6 Hyperbolic functions/6.6 Hyperbolic cosecant/6.6.2 (e x)^m (a+b csch(c+d x^n))^p.mac e76 L107
same          6 Hyperbolic functions/6.7 Miscellaneous/6.7.1 Hyperbolic functions.mac e24 L39
    new: log(%i*tanh(b*x+a))/b
fixed         6 Hyperbolic functions/6.7 Miscellaneous/6.7.1 Hyperbolic functions.mac e137 L158
fixed         6 Hyperbolic functions/6.7 Miscellaneous/6.7.1 Hyperbolic functions.mac e138 L159
fixed         6 Hyperbolic functions/6.7 Miscellaneous/6.7.1 Hyperbolic functions.mac e141 L162
fixed         6 Hyperbolic functions/6.7 Miscellaneous/6.7.1 Hyperbolic functions.mac e142 L163
fixed         6 Hyperbolic functions/6.7 Miscellaneous/6.7.1 Hyperbolic functions.mac e152 L173
fixed         6 Hyperbolic functions/6.7 Miscellaneous/6.7.1 Hyperbolic functions.mac e164 L185
fixed         6 Hyperbolic functions/6.7 Miscellaneous/6.7.1 Hyperbolic functions.mac e447 L502
same          6 Hyperbolic functions/6.7 Miscellaneous/6.7.1 Hyperbolic functions.mac e470 L529
    new: log(%i*tanh(b*x+a))/b
fixed         6 Hyperbolic functions/6.7 Miscellaneous/6.7.1 Hyperbolic functions.mac e497 L558
# census: fixed=34 same=16
