probes/verify-stages/01-unverified-subset -- the 1,530 'unverified' entries of test/corpus_class<N>.pfs.out
re-run under the symbolic-first checker (.scratch/corpus-harness/issues/06), 2026-09-28,
branch verification-stages, build branch_5_50_base_84_g4204fb669 / SBCL 2.6.7, rules core fingerprint f2cb4fc6 (master b62d6d7, 7,776 rules)
queue runner subset mode, 12 workers, 30 s cpu rubi cap + 30 s verification, 5 s per stage

== new class per section (shard records in probes/verify-stages/01-unverified-subset/class<N>/)
class 1 (514): expected 36  unverified 476  verified 2  
class 2 (5): error 2  unverified 3  
class 3 (7): unverified 3  verified 4  
class 4 (625): error 10  expected 100  unverified 384  verified 131  
class 5 (41): unverified 25  verified 16  
class 6 (83): error 5  expected 19  unverified 19  verified 40  
class 7 (254): error 1  expected 16  unverified 215  verified 22  
class 8 (1): unverified 1  

== proof tags (from the .proof sidecars)
    602 none/numeric-declined
    336 none/numeric-declined/timeout:...
    325 exponentialize
    159 none/numeric-mismatch
     38 radcan
     15 none/numeric-mismatch/timeout:...
     13 none/numeric-declined/verify-timeout
     10 logarc
      7 demoivre
      4 rectform
      2 numeric/timeout:...
      1 none/numeric-mismatch/verify-timeout

== stages abandoned (timeout, or (heap) at the heap guard)
    325 rectform
     49 demoivre
     24 chainB.2
     21 trigexpand
     18 exponentialize
      4 chainB.1
      2 chainB.3
      2 chainA.3

== the 18 entries this run classified 'error', re-run after the two fixes found here
   (numeric check reading a float value inside its guard; corpus answers simplified
    inside errcatch; the heap guard in test/mr_verify.lisp):
unverified none/numeric-declined | 2 Exponentials/2.3 Exponential functions.mac e477 L538
unverified none/numeric-mismatch | 4 Trig functions/4.2 Cosine/4.2.7 (d trig)^m (a+b (c cos)^n)^p.mac e80 L151
unverified none/numeric-mismatch | 4 Trig functions/4.2 Cosine/4.2.7 (d trig)^m (a+b (c cos)^n)^p.mac e83 L154
unverified none/numeric-mismatch | 4 Trig functions/4.2 Cosine/4.2.7 (d trig)^m (a+b (c cos)^n)^p.mac e84 L155
unverified none/numeric-mismatch | 6 Hyperbolic functions/6.2 Hyperbolic cosine/6.2.7 hyper^m (a+b cosh^n)^p.mac e73 L120
unverified none/numeric-declined | 2 Exponentials/2.3 Exponential functions.mac e501 L566
unverified none/numeric-declined/timeout:rectform | 4 Trig functions/4.2 Cosine/4.2.3.1 (a+b cos)^m (c+d cos)^n (A+B cos).mac e638 L729
error None | 4 Trig functions/4.5 Secant/4.5.1.2 (d sec)^n (a+b sec)^m.mac e714 L817
unverified none/numeric-mismatch | 4 Trig functions/4.1 Sine/4.1.7 (d trig)^m (a+b (c sin)^n)^p.mac e259 L330
unverified none/numeric-declined/timeout:rectform(heap),trigexpand(heap) | 4 Trig functions/4.5 Secant/4.5.1.2 (d sec)^n (a+b sec)^m.mac e713 L816
unverified none/numeric-mismatch | 4 Trig functions/4.1 Sine/4.1.7 (d trig)^m (a+b (c sin)^n)^p.mac e255 L326
unverified none/numeric-mismatch | 4 Trig functions/4.1 Sine/4.1.7 (d trig)^m (a+b (c sin)^n)^p.mac e258 L329
unverified none/numeric-mismatch | 6 Hyperbolic functions/6.2 Hyperbolic cosine/6.2.7 hyper^m (a+b cosh^n)^p.mac e59 L102
unverified none/numeric-mismatch | 6 Hyperbolic functions/6.1 Hyperbolic sine/6.1.7 hyper^m (a+b sinh^n)^p.mac e271 L314
unverified none/numeric-mismatch | 6 Hyperbolic functions/6.2 Hyperbolic cosine/6.2.7 hyper^m (a+b cosh^n)^p.mac e74 L121
unverified none/numeric-mismatch | 6 Hyperbolic functions/6.2 Hyperbolic cosine/6.2.7 hyper^m (a+b cosh^n)^p.mac e70 L117
unverified none/numeric-declined | 4 Trig functions/4.5 Secant/4.5.7 (d trig)^m (a+b (c sec)^n)^p.mac e446 L515
unverified none/numeric-declined/timeout:rectform | 7 Inverse hyperbolic functions/7.6 Inverse hyperbolic cosecant/7.6.1 u (a+b arccsch(c x))^n.mac e167 L214
