== class 1 (1 Algebraic functions) 17:05:43
=== class1 queue plan ===
entries: 514  units: 514  workers: 12  cap: 30s  timed by (no --prev): 0  untimed (run first): 514
job-seconds: 0  (one entry per unit)
estimated core-seconds: 0  estimated wall: 0.0 min (= core-seconds/workers + largest unit; timed entries only)
switches: mr_flat_wide=false mr_cond_retry=true mr_model_flags=true mr_nested_fallback=false mr_giveup_last=true mr_inert_leak_misfire=true mr_last_resort_tier=true mr_general_after_giveups=true mr_max_depth=32 mr_eqq_symbolic=true mr_subst_simp=false mr_gtq_facts=false
outputs: /home/serge/src/maxima-rubi/probes/verify-stages/01-unverified-subset/class1/shard00.out .. shard11.out  pids: /home/serge/src/maxima-rubi/probes/verify-stages/01-unverified-subset/class1/pids  log: /home/serge/src/maxima-rubi/probes/verify-stages/01-unverified-subset/class1/queue.log
removed 0 files of the previous run
launched the queue: pid 4148141; pids in /home/serge/src/maxima-rubi/probes/verify-stages/01-unverified-subset/class1/pids; log /home/serge/src/maxima-rubi/probes/verify-stages/01-unverified-subset/class1/queue.log
   done 17:10:23
== class 2 (2 Exponentials) 17:10:23
=== class2 queue plan ===
entries: 5  units: 5  workers: 5  cap: 30s  timed by (no --prev): 0  untimed (run first): 5
job-seconds: 0  (one entry per unit)
estimated core-seconds: 0  estimated wall: 0.0 min (= core-seconds/workers + largest unit; timed entries only)
switches: mr_flat_wide=false mr_cond_retry=true mr_model_flags=true mr_nested_fallback=false mr_giveup_last=true mr_inert_leak_misfire=true mr_last_resort_tier=true mr_general_after_giveups=true mr_max_depth=32 mr_eqq_symbolic=true mr_subst_simp=false mr_gtq_facts=false
outputs: /home/serge/src/maxima-rubi/probes/verify-stages/01-unverified-subset/class2/shard00.out .. shard04.out  pids: /home/serge/src/maxima-rubi/probes/verify-stages/01-unverified-subset/class2/pids  log: /home/serge/src/maxima-rubi/probes/verify-stages/01-unverified-subset/class2/queue.log
removed 0 files of the previous run
launched the queue: pid 4151891; pids in /home/serge/src/maxima-rubi/probes/verify-stages/01-unverified-subset/class2/pids; log /home/serge/src/maxima-rubi/probes/verify-stages/01-unverified-subset/class2/queue.log
   done 17:10:33
== class 3 (3 Logarithms) 17:10:33
=== class3 queue plan ===
entries: 7  units: 7  workers: 7  cap: 30s  timed by (no --prev): 0  untimed (run first): 7
job-seconds: 0  (one entry per unit)
estimated core-seconds: 0  estimated wall: 0.0 min (= core-seconds/workers + largest unit; timed entries only)
switches: mr_flat_wide=false mr_cond_retry=true mr_model_flags=true mr_nested_fallback=false mr_giveup_last=true mr_inert_leak_misfire=true mr_last_resort_tier=true mr_general_after_giveups=true mr_max_depth=32 mr_eqq_symbolic=true mr_subst_simp=false mr_gtq_facts=false
outputs: /home/serge/src/maxima-rubi/probes/verify-stages/01-unverified-subset/class3/shard00.out .. shard06.out  pids: /home/serge/src/maxima-rubi/probes/verify-stages/01-unverified-subset/class3/pids  log: /home/serge/src/maxima-rubi/probes/verify-stages/01-unverified-subset/class3/queue.log
removed 0 files of the previous run
launched the queue: pid 4152047; pids in /home/serge/src/maxima-rubi/probes/verify-stages/01-unverified-subset/class3/pids; log /home/serge/src/maxima-rubi/probes/verify-stages/01-unverified-subset/class3/queue.log
   done 17:10:43
== class 4 (4 Trig functions) 17:10:43
=== class4 queue plan ===
entries: 625  units: 625  workers: 12  cap: 30s  timed by (no --prev): 0  untimed (run first): 625
job-seconds: 0  (one entry per unit)
estimated core-seconds: 0  estimated wall: 0.0 min (= core-seconds/workers + largest unit; timed entries only)
switches: mr_flat_wide=false mr_cond_retry=true mr_model_flags=true mr_nested_fallback=false mr_giveup_last=true mr_inert_leak_misfire=true mr_last_resort_tier=true mr_general_after_giveups=true mr_max_depth=32 mr_eqq_symbolic=true mr_subst_simp=false mr_gtq_facts=false
outputs: /home/serge/src/maxima-rubi/probes/verify-stages/01-unverified-subset/class4/shard00.out .. shard11.out  pids: /home/serge/src/maxima-rubi/probes/verify-stages/01-unverified-subset/class4/pids  log: /home/serge/src/maxima-rubi/probes/verify-stages/01-unverified-subset/class4/queue.log
removed 0 files of the previous run
launched the queue: pid 4152187; pids in /home/serge/src/maxima-rubi/probes/verify-stages/01-unverified-subset/class4/pids; log /home/serge/src/maxima-rubi/probes/verify-stages/01-unverified-subset/class4/queue.log
   done 17:19:14
== class 5 (5 Inverse trig functions) 17:19:14
=== class5 queue plan ===
entries: 41  units: 41  workers: 12  cap: 30s  timed by (no --prev): 0  untimed (run first): 41
job-seconds: 0  (one entry per unit)
estimated core-seconds: 0  estimated wall: 0.0 min (= core-seconds/workers + largest unit; timed entries only)
switches: mr_flat_wide=false mr_cond_retry=true mr_model_flags=true mr_nested_fallback=false mr_giveup_last=true mr_inert_leak_misfire=true mr_last_resort_tier=true mr_general_after_giveups=true mr_max_depth=32 mr_eqq_symbolic=true mr_subst_simp=false mr_gtq_facts=false
outputs: /home/serge/src/maxima-rubi/probes/verify-stages/01-unverified-subset/class5/shard00.out .. shard11.out  pids: /home/serge/src/maxima-rubi/probes/verify-stages/01-unverified-subset/class5/pids  log: /home/serge/src/maxima-rubi/probes/verify-stages/01-unverified-subset/class5/queue.log
removed 0 files of the previous run
launched the queue: pid 4155483; pids in /home/serge/src/maxima-rubi/probes/verify-stages/01-unverified-subset/class5/pids; log /home/serge/src/maxima-rubi/probes/verify-stages/01-unverified-subset/class5/queue.log
   done 17:20:14
== class 6 (6 Hyperbolic functions) 17:20:14
=== class6 queue plan ===
entries: 83  units: 83  workers: 12  cap: 30s  timed by (no --prev): 0  untimed (run first): 83
job-seconds: 0  (one entry per unit)
estimated core-seconds: 0  estimated wall: 0.0 min (= core-seconds/workers + largest unit; timed entries only)
switches: mr_flat_wide=false mr_cond_retry=true mr_model_flags=true mr_nested_fallback=false mr_giveup_last=true mr_inert_leak_misfire=true mr_last_resort_tier=true mr_general_after_giveups=true mr_max_depth=32 mr_eqq_symbolic=true mr_subst_simp=false mr_gtq_facts=false
outputs: /home/serge/src/maxima-rubi/probes/verify-stages/01-unverified-subset/class6/shard00.out .. shard11.out  pids: /home/serge/src/maxima-rubi/probes/verify-stages/01-unverified-subset/class6/pids  log: /home/serge/src/maxima-rubi/probes/verify-stages/01-unverified-subset/class6/queue.log
removed 0 files of the previous run
launched the queue: pid 4155845; pids in /home/serge/src/maxima-rubi/probes/verify-stages/01-unverified-subset/class6/pids; log /home/serge/src/maxima-rubi/probes/verify-stages/01-unverified-subset/class6/queue.log
   done 17:21:14
== class 7 (7 Inverse hyperbolic functions) 17:21:14
=== class7 queue plan ===
entries: 254  units: 254  workers: 12  cap: 30s  timed by (no --prev): 0  untimed (run first): 254
job-seconds: 0  (one entry per unit)
estimated core-seconds: 0  estimated wall: 0.0 min (= core-seconds/workers + largest unit; timed entries only)
switches: mr_flat_wide=false mr_cond_retry=true mr_model_flags=true mr_nested_fallback=false mr_giveup_last=true mr_inert_leak_misfire=true mr_last_resort_tier=true mr_general_after_giveups=true mr_max_depth=32 mr_eqq_symbolic=true mr_subst_simp=false mr_gtq_facts=false
outputs: /home/serge/src/maxima-rubi/probes/verify-stages/01-unverified-subset/class7/shard00.out .. shard11.out  pids: /home/serge/src/maxima-rubi/probes/verify-stages/01-unverified-subset/class7/pids  log: /home/serge/src/maxima-rubi/probes/verify-stages/01-unverified-subset/class7/queue.log
removed 0 files of the previous run
launched the queue: pid 4156342; pids in /home/serge/src/maxima-rubi/probes/verify-stages/01-unverified-subset/class7/pids; log /home/serge/src/maxima-rubi/probes/verify-stages/01-unverified-subset/class7/queue.log
   done 17:22:44
== class 8 (8 Special functions) 17:22:44
=== class8 queue plan ===
entries: 1  units: 1  workers: 1  cap: 30s  timed by (no --prev): 0  untimed (run first): 1
job-seconds: 0  (one entry per unit)
estimated core-seconds: 0  estimated wall: 0.0 min (= core-seconds/workers + largest unit; timed entries only)
switches: mr_flat_wide=false mr_cond_retry=true mr_model_flags=true mr_nested_fallback=false mr_giveup_last=true mr_inert_leak_misfire=true mr_last_resort_tier=true mr_general_after_giveups=true mr_max_depth=32 mr_eqq_symbolic=true mr_subst_simp=false mr_gtq_facts=false
outputs: /home/serge/src/maxima-rubi/probes/verify-stages/01-unverified-subset/class8/shard00.out .. shard00.out  pids: /home/serge/src/maxima-rubi/probes/verify-stages/01-unverified-subset/class8/pids  log: /home/serge/src/maxima-rubi/probes/verify-stages/01-unverified-subset/class8/queue.log
removed 0 files of the previous run
launched the queue: pid 4157422; pids in /home/serge/src/maxima-rubi/probes/verify-stages/01-unverified-subset/class8/pids; log /home/serge/src/maxima-rubi/probes/verify-stages/01-unverified-subset/class8/queue.log
   done 17:22:54
ALL DONE 17:22:54
