# probes/verify-stages/05 re-check: the 36 entries through the corpus driver after the
# %mr_term_xexp x-free-term fix and the PolyQ product-walk fix (rules core 9a1432f6).
# class, proof tag | entry
verified chainA.1 | 1 Algebraic functions/1.2 Trinomial products/1.2.1 Quadratic/1.2.1.2 (d+e x)^m (a+b x+c x^2)^p.mac e1786 L2027
verified chainA.1 | 1 Algebraic functions/1.2 Trinomial products/1.2.1 Quadratic/1.2.1.2 (d+e x)^m (a+b x+c x^2)^p.mac e1853 L2100
unverified none/numeric-mismatch | 1 Algebraic functions/1.2 Trinomial products/1.2.2 Quartic/1.2.2.2 (d x)^m (a+b x^2+c x^4)^p.mac e1000 L1107
expected chainA.1 | 1 Algebraic functions/1.2 Trinomial products/1.2.2 Quartic/1.2.2.7 P(x) (d+e x^2)^q (a+b x^2+c x^4)^p.mac e30 L67
verified chainA.1 | 1 Algebraic functions/1.3 Miscellaneous/1.3.1 Rational functions.mac e483 L644
verified chainA.1 | 1 Algebraic functions/1.3 Miscellaneous/1.3.2 Algebraic functions.mac e129 L174
verified chainA.1 | 1 Algebraic functions/1.3 Miscellaneous/1.3.2 Algebraic functions.mac e130 L175
verified chainA.1 | 1 Algebraic functions/1.3 Miscellaneous/1.3.2 Algebraic functions.mac e131 L176
verified chainA.1 | 1 Algebraic functions/1.3 Miscellaneous/1.3.2 Algebraic functions.mac e132 L177
verified chainA.1 | 1 Algebraic functions/1.3 Miscellaneous/1.3.2 Algebraic functions.mac e133 L178
verified chainA.1 | 1 Algebraic functions/1.3 Miscellaneous/1.3.2 Algebraic functions.mac e134 L179
verified chainA.1 | 1 Algebraic functions/1.3 Miscellaneous/1.3.2 Algebraic functions.mac e135 L180
verified chainA.1 | 1 Algebraic functions/1.3 Miscellaneous/1.3.2 Algebraic functions.mac e136 L181
verified chainA.1 | 1 Algebraic functions/1.3 Miscellaneous/1.3.2 Algebraic functions.mac e215 L318
verified chainA.1 | 1 Algebraic functions/1.3 Miscellaneous/1.3.2 Algebraic functions.mac e222 L325
verified numeric | 1 Algebraic functions/1.3 Miscellaneous/1.3.2 Algebraic functions.mac e230 L333
unverified none/numeric-mismatch | 2 Exponentials/2.3 Exponential functions.mac e725 L842
unverified none/numeric-mismatch | 4 Trig functions/4.1 Sine/4.1.0 (a sin)^m (b trg)^n.mac e304 L357
unverified none/numeric-mismatch | 4 Trig functions/4.1 Sine/4.1.0 (a sin)^m (b trg)^n.mac e305 L358
unverified none/numeric-mismatch | 4 Trig functions/4.1 Sine/4.1.0 (a sin)^m (b trg)^n.mac e309 L362
unverified none/numeric-mismatch | 4 Trig functions/4.1 Sine/4.1.0 (a sin)^m (b trg)^n.mac e310 L363
unverified none/numeric-mismatch | 4 Trig functions/4.1 Sine/4.1.0 (a sin)^m (b trg)^n.mac e314 L369
unverified none/numeric-mismatch | 4 Trig functions/4.1 Sine/4.1.0 (a sin)^m (b trg)^n.mac e315 L370
unverified none/numeric-mismatch | 4 Trig functions/4.1 Sine/4.1.0 (a sin)^m (b trg)^n.mac e320 L375
unverified none/numeric-mismatch/timeout:exponentialize,rectform | 4 Trig functions/4.1 Sine/4.1.1.2 (g cos)^p (a+b sin)^m.mac e466 L511
unverified none/numeric-mismatch | 4 Trig functions/4.3 Tangent/4.3.7 (d trig)^m (a+b (c tan)^n)^p.mac e380 L471
unverified none/numeric-mismatch | 4 Trig functions/4.4 Cotangent/4.4.7 (d trig)^m (a+b (c cot)^n)^p.mac e59 L98
unverified none/numeric-mismatch | 4 Trig functions/4.7 Miscellaneous/4.7.7 Trig functions.mac e865 L1129
unverified none/numeric-mismatch | 6 Hyperbolic functions/6.3 Hyperbolic tangent/6.3.7 (d hyper)^m (a+b (c tanh)^n)^p.mac e258 L317
unverified none/numeric-mismatch | 6 Hyperbolic functions/6.4 Hyperbolic cotangent/6.4.7 (d hyper)^m (a+b (c coth)^n)^p.mac e50 L81
unverified none/numeric-mismatch | 7 Inverse hyperbolic functions/7.2 Inverse hyperbolic cosine/7.2.4b (f x)^m (d+e x^2)^p (a+b arccosh(c x))^n.mac e96 L139
unverified none/numeric-mismatch | 7 Inverse hyperbolic functions/7.2 Inverse hyperbolic cosine/7.2.5 Inverse hyperbolic cosine functions.mac e50 L77
verified logarc | 7 Inverse hyperbolic functions/7.3 Inverse hyperbolic tangent/7.3.6 Exponentials of inverse hyperbolic tangent functions.mac e1059 L1250
verified logarc | 7 Inverse hyperbolic functions/7.3 Inverse hyperbolic tangent/7.3.6 Exponentials of inverse hyperbolic tangent functions.mac e1069 L1260
verified logarc | 7 Inverse hyperbolic functions/7.3 Inverse hyperbolic tangent/7.3.6 Exponentials of inverse hyperbolic tangent functions.mac e899 L1066
verified logarc | 7 Inverse hyperbolic functions/7.3 Inverse hyperbolic tangent/7.3.6 Exponentials of inverse hyperbolic tangent functions.mac e911 L1078
