# build branch_5_50_base_84_g4204fb669
# 2026-09-28T20:58Z, rules core fingerprint 5ba5c2ed6f2c45d22d55e2524af3a8b9
e304 FD 0.35 2.8028036733090546e-11
e304 RDEF 0.35 0.0024300658841829746
e304 RFLG 0.35 1.9636457966628712e-16
e304 FD 0.65 4.3277953361173195e-13
e304 RDEF 0.65 1.105746388007467e-5
e304 RFLG 0.65 1.074836015186122e-16
e304 SYM def [false,[]]
e304 SYM flg [false,[]]
e304 HB def ["exponentialize",[]]
e304 HB flg [false,[]]
e305 FD 0.35 2.9115234282736635e-11
e305 RDEF 0.35 0.0675700666952779
e305 RFLG 0.35 1.5685788695322346e-16
e305 FD 0.65 3.220641836029368e-11
e305 RDEF 0.65 0.004570997489366418
e305 RFLG 0.65 1.0703851905996108e-16
e305 SYM def [false,[]]
e305 SYM flg [false,[]]
e305 HB def ["exponentialize",[]]
e305 HB flg [false,[]]
e309 FD 0.35 1.6835066133350548e-11
e309 RDEF 0.35 0.0033646363006141224
e309 RFLG 0.35 3.959506333917062e-16
e309 FD 0.65 8.700207460403005e-12
e309 RDEF 0.65 1.5663137643134103e-5
e309 RFLG 0.65 2.263212689149209e-16
e309 SYM def [false,[]]
e309 SYM flg [false,[]]
e309 HB def [false,[]]
e309 HB flg [false,[]]
e310 FD 0.35 3.0710296283887184e-11
e310 RDEF 0.35 0.09355659890443965
e310 RFLG 0.35 4.1737462213151935e-16
e310 FD 0.65 3.1771124340545954e-11
e310 RDEF 0.65 0.00647491717983711
e310 RFLG 0.65 2.650654492205047e-16
e310 SYM def [false,[]]
e310 SYM flg [false,[]]
e310 HB def [false,[]]
e310 HB flg [false,[]]
e314 FD 0.35 4.4588662378969154e-11
e314 RDEF 0.35 0.0020651804707116973
e314 RFLG 0.35 1.3142199697607829e-16
e314 FD 0.65 2.220553021392493e-11
e314 RDEF 0.65 9.290603201107804e-6
e314 RFLG 0.65 1.4015808886431072e-16
e314 SYM def [false,[]]
e314 SYM flg [false,[]]
e314 HB def ["exponentialize",[]]
e314 HB flg [false,["demoivre"]]
e315 FD 0.35 2.9208237910888e-11
e315 RDEF 0.35 0.05742411473369392
e315 RFLG 0.35 1.9145453676145913e-16
e315 FD 0.65 2.930790575794337e-11
e315 RDEF 0.65 0.0038406025439331375
e315 RFLG 0.65 1.593623273311544e-16
e315 SYM def [false,[]]
e315 SYM flg [false,[]]
e315 HB def ["exponentialize",[]]
e315 HB flg [false,[]]
e320 FD 0.35 2.06028874516484e-11
e320 RDEF 0.35 0.041473838381365154
e320 RFLG 0.35 8.919996254182802e-16
e320 FD 0.65 2.7474059813605186e-11
e320 RDEF 0.65 0.002711290986182621
e320 RFLG 0.65 2.7820627745978044e-16
e320 SYM def [false,[]]
e320 SYM flg [false,[]]
e320 HB def [false,[]]
e320 HB flg ["exponentialize",[]]
