== arm A unverified class 1 06:48:57
== arm A unverified class 2 06:53:17
== arm A unverified class 3 06:53:27
== arm A unverified class 4 06:53:37
== arm A unverified class 5 06:59:07
== arm A unverified class 6 06:59:37
== arm A unverified class 7 07:00:37
== arm A unverified class 8 07:01:47
== arm A control class 1 07:01:57
== arm A control class 2 07:04:07
== arm A control class 3 07:04:17
== arm A control class 4 07:04:38
== arm A control class 5 07:06:08
== arm A control class 6 07:06:28
== arm A control class 7 07:06:48
== arm A control class 8 07:07:58
== arm B unverified class 1 07:08:08
== arm B unverified class 2 07:12:38
== arm B unverified class 3 07:12:48
== arm B unverified class 4 07:12:58
== arm B unverified class 5 07:18:38
== arm B unverified class 6 07:19:08
== arm B unverified class 7 07:19:58
== arm B unverified class 8 07:21:09
== arm B control class 1 07:21:19
== arm B control class 2 07:23:19
== arm B control class 3 07:23:29
== arm B control class 4 07:23:39
== arm B control class 5 07:25:09
== arm B control class 6 07:25:29
== arm B control class 7 07:25:39
== arm B control class 8 07:26:49
ALL DONE 07:26:59
