# section-9 probe 01: the give-up ordering witness
# tree f547a03, 2026-09-23
=== reference (core ../mr-s9-ref/test/mr_rules.core, mr_giveup_last=true)
  stamp: fingerprint 0182d32ce35fda4b93d3f33d2ad8b43a
  stamp: rules 3911
build: %build_info("branch_5_50_base_84_g4204fb669","2026-08-31 13:27:47","x86_64-pc-linux-gnu","SBCL","2.6.7","/home/serge/.maxima","/tmp","/home/serge/.maxima/binary/branch_5_50_base_84_g4204fb669/sbcl/2_6_7",false,false) 
rules: 3911  mr_giveup_last: true 
-- TRACE 3.4-e635 
rubi: rule 3_4 r39 fired on (b*log(c*(e/(g*x+f)+d)^p)+a)^n with [_mr_3_4_r39_g = g,_mr_3_4_r39_f = f,_mr_3_4_r39_n = -1,_mr_3_4_r39_e = e,_mr_3_4_r39_d = d,_mr_3_4_r39_p = p,_mr_3_4_r39_c = c,_mr_3_4_r39_b = b,_mr_3_4_r39_a = a,_mr_3_4_r39_q = n]
ANSWER 3.4-e635 | ['unintegrable[(b*log(c*(e/(g*x+f)+d)^p)+a)^n,x]] 
TOPLEVEL_NOUN 3.4-e635 | true 
CARRIES_MARKER 3.4-e635 | true 
-- TRACE 3.4-e104 
rubi: rule 3_4 r14 fired on 1/(x*log(c*(b*x^2+a)^p)) with [_mr_3_4_r14_n = 2,_mr_3_4_r14_e = b,_mr_3_4_r14_d = a,_mr_3_4_r14_p = p,_mr_3_4_r14_c = c,_mr_3_4_r14_b = 1,_mr_3_4_r14_a = 0,_mr_3_4_r14_q = -1,_mr_3_4_r14_f = 1,_mr_3_4_r14_m = -1]
ANSWER 3.4-e104 | ['unintegrable[1/(x*log(c*(b*x^2+a)^p)),x]] 
TOPLEVEL_NOUN 3.4-e104 | true 
CARRIES_MARKER 3.4-e104 | true 
=== branch (core test/mr_rules.core, mr_giveup_last=true)
  stamp: fingerprint 434c241ad6c11e1b152b9b1bc1469214
  stamp: rules 3997
build: %build_info("branch_5_50_base_84_g4204fb669","2026-08-31 13:27:47","x86_64-pc-linux-gnu","SBCL","2.6.7","/home/serge/.maxima","/tmp","/home/serge/.maxima/binary/branch_5_50_base_84_g4204fb669/sbcl/2_6_7",false,false) 
rules: 3997  mr_giveup_last: true 
-- TRACE 3.4-e635 
rubi: rule 3_4 r6 fired on (b*log(c*(e/x+d)^p)+a)^n with [_mr_3_4_r6_n = -1,_mr_3_4_r6_e = e,_mr_3_4_r6_d = d,_mr_3_4_r6_p = p,_mr_3_4_r6_c = c,_mr_3_4_r6_b = b,_mr_3_4_r6_a = a,_mr_3_4_r6_q = n]
rubi: rule 9_3 r51 fired on (b*log(c*(e/(g*x+f)+d)^p)+a)^n with [_mr_9_3_r51_u = (b*log(c*(e/(g*x+f)+d)^p)+a)^n]
ANSWER 3.4-e635 | ['unintegrable[(b*log(c*((d*g*x+d*f+e)/(g*x+f))^p)+a)^n,g*x+f]/g] 
TOPLEVEL_NOUN 3.4-e635 | false 
CARRIES_MARKER 3.4-e635 | true 
-- TRACE 3.4-e104 
rubi: rule 3_3 r32 fired on 1/(x*log(c*(b*x+a)^p)) with [_mr_3_3_r32_e = b,_mr_3_3_r32_d = a,_mr_3_3_r32_n = p,_mr_3_3_r32_c = c,_mr_3_3_r32_b = 1,_mr_3_3_r32_a = 0,_mr_3_3_r32_p = -1,_mr_3_3_r32_AFx = 1/x]
rubi: rule 9_3 r52 fired on 1/(x*log(c*(b*x^2+a)^p)) with [_mr_9_3_r52_u = 1/log(c*(b*x^2+a)^p)]
ANSWER 3.4-e104 | ['unintegrable[1/(x^2*log(c*(b*x^2+a)^p)),x^2]/2] 
TOPLEVEL_NOUN 3.4-e104 | false 
CARRIES_MARKER 3.4-e104 | true 
=== branch-giveup-last-false (core test/mr_rules.core, mr_giveup_last=false)
  stamp: fingerprint 434c241ad6c11e1b152b9b1bc1469214
  stamp: rules 3997
build: %build_info("branch_5_50_base_84_g4204fb669","2026-08-31 13:27:47","x86_64-pc-linux-gnu","SBCL","2.6.7","/home/serge/.maxima","/tmp","/home/serge/.maxima/binary/branch_5_50_base_84_g4204fb669/sbcl/2_6_7",false,false) 
rules: 3997  mr_giveup_last: false 
-- TRACE 3.4-e635 
rubi: rule 3_4 r39 fired on (b*log(c*(e/(g*x+f)+d)^p)+a)^n with [_mr_3_4_r39_g = g,_mr_3_4_r39_f = f,_mr_3_4_r39_n = -1,_mr_3_4_r39_e = e,_mr_3_4_r39_d = d,_mr_3_4_r39_p = p,_mr_3_4_r39_c = c,_mr_3_4_r39_b = b,_mr_3_4_r39_a = a,_mr_3_4_r39_q = n]
ANSWER 3.4-e635 | ['unintegrable[(b*log(c*(e/(g*x+f)+d)^p)+a)^n,x]] 
TOPLEVEL_NOUN 3.4-e635 | true 
CARRIES_MARKER 3.4-e635 | true 
-- TRACE 3.4-e104 
rubi: rule 3_4 r14 fired on 1/(x*log(c*(b*x^2+a)^p)) with [_mr_3_4_r14_n = 2,_mr_3_4_r14_e = b,_mr_3_4_r14_d = a,_mr_3_4_r14_p = p,_mr_3_4_r14_c = c,_mr_3_4_r14_b = 1,_mr_3_4_r14_a = 0,_mr_3_4_r14_q = -1,_mr_3_4_r14_f = 1,_mr_3_4_r14_m = -1]
ANSWER 3.4-e104 | ['unintegrable[1/(x*log(c*(b*x^2+a)^p)),x]] 
TOPLEVEL_NOUN 3.4-e104 | true 
CARRIES_MARKER 3.4-e104 | true 
