# section-9 probe 02: the inert-trig head leak witness
# tree f547a03, 2026-09-23
=== reference (core ../mr-s9-ref/test/mr_rules.core)
  stamp: fingerprint 0182d32ce35fda4b93d3f33d2ad8b43a
  stamp: rules 3911
build: %build_info("branch_5_50_base_84_g4204fb669","2026-08-31 13:27:47","x86_64-pc-linux-gnu","SBCL","2.6.7","/home/serge/.maxima","/tmp","/home/serge/.maxima/binary/branch_5_50_base_84_g4204fb669/sbcl/2_6_7",false,false) 
rules: 3911 
-- TRACE 6.3.2-e13 
rubi: rule 1_1_2_1 r13 fired on 1/(b-x^2) with [_mr_1_1_2_1_r13_b = -1,_mr_1_1_2_1_r13_a = b]
rubi: rule 1_1_2_1 r10 fired on 1/(x^2+b) with [_mr_1_1_2_1_r10_b = 1,_mr_1_1_2_1_r10_a = b]
rubi: rule 1_1_3_1 r24 fired on 1/(1-x^4/b^2) with [_mr_1_1_3_1_r24_b = -(1/b^2),_mr_1_1_3_1_r24_a = 1]
rubi: rule 1_1_2_2 r27 fired on 1/(sqrt(-(%i*b*x))*(x^2+1)) with [_mr_1_1_2_2_r27_b = 1,_mr_1_1_2_2_r27_a = 1,_mr_1_1_2_2_r27_p = -1,_mr_1_1_2_2_r27_c = -(%i*b),_mr_1_1_2_2_r27_m = -(1/2)]
rubi: rule 1_1_2_2 r23 fired on (-(%i*b*x))^(3/2)/(x^2+1) with [_mr_1_1_2_2_r23_b = 1,_mr_1_1_2_2_r23_a = 1,_mr_1_1_2_2_r23_p = -1,_mr_1_1_2_2_r23_c = -(%i*b),_mr_1_1_2_2_r23_m = 3/2]
rubi: rule 1_1_2_2 r23 fired on (-(%i*b*x))^(7/2)/(x^2+1) with [_mr_1_1_2_2_r23_b = 1,_mr_1_1_2_2_r23_a = 1,_mr_1_1_2_2_r23_p = -1,_mr_1_1_2_2_r23_c = -(%i*b),_mr_1_1_2_2_r23_m = 7/2]
rubi: rule 4_7_5 r22 fired on (-(%i*b*%mr_itan(%i*d*x+%i*c)))^(7/2) with [_mr_4_7_5_r22_u = (-(%i*b*%mr_itan(%i*d*x+%i*c)))^(7/2)]
rubi: rule 4_1_0_1 r1 fired on (b*tanh(d*x+c))^(7/2) with [_mr_4_1_0_1_r1_u = (b*tanh(d*x+c))^(7/2)]
ANSWER 6.3.2-e13 | [(%i*(b^3*(%i*sqrt(b)*(-(5*log(-((-(2*sqrt(b)*tanh(d*x+c)*sqrt(b*tanh(d*x+c)))+2*sqrt(b)*sqrt(b*tanh(d*x+c))+b*tanh(d*x+c)^2-b)/(tanh(d*x+c)*(6*b-4*sqrt(b)*sqrt(b*tanh(d*x+c)))-4*sqrt(b)*sqrt(b*tanh(d*x+c))+b*tanh(d*x+c)^2+b))))-10*atan(sqrt(b*tanh(d*x+c))/sqrt(b)))+20*%i*sqrt(b*tanh(d*x+c)))+4*%i*b^3*tanh(d*x+c)^2*sqrt(b*tanh(d*x+c))))/(10*d)] 
INERT_LEAK 6.3.2-e13 | [] 
RATSIMP_SELF_DIFF_ZERO 6.3.2-e13 | false 
=== branch (core test/mr_rules.core)
  stamp: fingerprint 434c241ad6c11e1b152b9b1bc1469214
  stamp: rules 3997
build: %build_info("branch_5_50_base_84_g4204fb669","2026-08-31 13:27:47","x86_64-pc-linux-gnu","SBCL","2.6.7","/home/serge/.maxima","/tmp","/home/serge/.maxima/binary/branch_5_50_base_84_g4204fb669/sbcl/2_6_7",false,false) 
rules: 3997 
-- TRACE 6.3.2-e13 
rubi: rule 1_2_1_2 r3 fired on (sqrt(2)-2*x)/(-x^2+sqrt(2)*x-1) with [_mr_1_2_1_2_r3_e = -2,_mr_1_2_1_2_r3_d = sqrt(2),_mr_1_2_1_2_r3_b = sqrt(2),_mr_1_2_1_2_r3_c = -1,_mr_1_2_1_2_r3_a = -1]
rubi: rule 1_2_1_2 r3 fired on (2*x+sqrt(2))/(-x^2-sqrt(2)*x-1) with [_mr_1_2_1_2_r3_e = 2,_mr_1_2_1_2_r3_d = sqrt(2),_mr_1_2_1_2_r3_b = -sqrt(2),_mr_1_2_1_2_r3_c = -1,_mr_1_2_1_2_r3_a = -1]
rubi: rule 1_2_2_3 r23 fired on (1-x^2)/(x^4+1) with [_mr_1_2_2_3_r23_e = -1,_mr_1_2_2_3_r23_d = 1,_mr_1_2_2_3_r23_c = 1,_mr_1_2_2_3_r23_a = 1]
rubi: rule 1_1_2_1 r11 fired on 1/(-x^2-1) with [_mr_1_1_2_1_r11_b = -1,_mr_1_1_2_1_r11_a = -1]
rubi: rule 1_2_1_1 r11 fired on 1/(x^2+sqrt(2)*x+1) with [_mr_1_2_1_1_r11_b = sqrt(2),_mr_1_2_1_1_r11_c = 1,_mr_1_2_1_1_r11_a = 1]
rubi: rule 1_1_2_1 r11 fired on 1/(-x^2-1) with [_mr_1_1_2_1_r11_b = -1,_mr_1_1_2_1_r11_a = -1]
rubi: rule 1_2_1_1 r11 fired on 1/(x^2-sqrt(2)*x+1) with [_mr_1_2_1_1_r11_b = -sqrt(2),_mr_1_2_1_1_r11_c = 1,_mr_1_2_1_1_r11_a = 1]
rubi: rule 1_2_2_3 r20 fired on (x^2+1)/(x^4+1) with [_mr_1_2_2_3_r20_e = 1,_mr_1_2_2_3_r20_d = 1,_mr_1_2_2_3_r20_c = 1,_mr_1_2_2_3_r20_a = 1]
rubi: rule 1_1_3_1 r23 fired on 1/(x^4+1) with [_mr_1_1_3_1_r23_b = 1,_mr_1_1_3_1_r23_a = 1]
rubi: rule 1_1_2_2 r27 fired on 1/(sqrt(x)*(x^2+1)) with [_mr_1_1_2_2_r27_b = 1,_mr_1_1_2_2_r27_a = 1,_mr_1_1_2_2_r27_p = -1,_mr_1_1_2_2_r27_c = 1,_mr_1_1_2_2_r27_m = -(1/2)]
rubi: rule 1_1_2_2 r23 fired on x^(3/2)/(x^2+1) with [_mr_1_1_2_2_r23_b = 1,_mr_1_1_2_2_r23_a = 1,_mr_1_1_2_2_r23_p = -1,_mr_1_1_2_2_r23_c = 1,_mr_1_1_2_2_r23_m = 3/2]
rubi: rule 1_1_2_2 r23 fired on x^(7/2)/(x^2+1) with [_mr_1_1_2_2_r23_b = 1,_mr_1_1_2_2_r23_a = 1,_mr_1_1_2_2_r23_p = -1,_mr_1_1_2_2_r23_c = 1,_mr_1_1_2_2_r23_m = 7/2]
rubi: rule 4_7_5 r22 fired on %mr_itan(%i*d*x+%i*c)^(7/2) with [_mr_4_7_5_r22_u = %mr_itan(%i*d*x+%i*c)^(7/2)]
rubi: rule 9_3 r41 fired on (-(%i*%mr_itan(%i*d*x+%i*c)))^(7/2) with [_mr_9_3_r41_m = 1,_mr_9_3_r41_v = %mr_itan(%i*d*x+%i*c),_mr_9_3_r41_a = -%i,_mr_9_3_r41_p = 7/2,_mr_9_3_r41_u = 1]
rubi: rule 4_1_0_1 r1 fired on tanh(d*x+c)^(7/2) with [_mr_4_1_0_1_r1_u = tanh(d*x+c)^(7/2)]
rubi: rule 9_3 r41 fired on (b*tanh(d*x+c))^(7/2) with [_mr_9_3_r41_m = 1,_mr_9_3_r41_v = tanh(d*x+c),_mr_9_3_r41_a = b,_mr_9_3_r41_p = 7/2,_mr_9_3_r41_u = 1]
ANSWER 6.3.2-e13 | [-((b^3*sqrt(b*tanh(d*x+c))*sqrt(-(%i*%mr_itan(%i*d*x+%i*c)))*(sqrt(2)*(-(5*log(sqrt(2)*sqrt(%i*tanh(d*x+c))+%i*tanh(d*x+c)+1))-10*atan(sqrt(2)*sqrt(%i*tanh(d*x+c))+1)-10*atan(sqrt(2)*sqrt(%i*tanh(d*x+c))-1)+5*log(-(sqrt(2)*sqrt(%i*tanh(d*x+c)))+%i*tanh(d*x+c)+1))+8*tanh(d*x+c)^2*sqrt(%i*tanh(d*x+c))+40*sqrt(%i*tanh(d*x+c))))/(20*d*sqrt(tanh(d*x+c))*sqrt(%mr_itan(%i*d*x+%i*c))))] 
INERT_LEAK 6.3.2-e13 | [%mr_itan] 
RATSIMP_SELF_DIFF_ZERO 6.3.2-e13 | not attempted (leak or error) 
