# section-9 probe 03: which 9.3 record blocks 1.3.1 e190
# tree f547a03, 2026-09-23, budget 90s
# branch core stamp: fingerprint 434c241ad6c11e1b152b9b1bc1469214
# branch core stamp: rules 3997
ARM none-removed | HUNG (no return inside 90s)
ARM all-9_3-out | kept_9_3: 0 | table: 3930 | seconds: 2.086046 | answer: [(d*x^3+c*x^2+a)^(n+1)/(n+1)] 
ARM body-out | kept_9_3: 11 | table: 3941 | seconds: 15.884383 | answer: [(d*x^3+c*x^2+a)^(n+1)/(n+1)] 
Killed
ARM tail-out | HUNG (no return inside 90s)
ARM body-first-28 | kept_9_3: 28 | table: 3958 | seconds: 1.8582329999999998 | answer: [(d*x^3+c*x^2+a)^(n+1)/(n+1)] 
ARM block-r30-r36 | kept_9_3: 7 | table: 3937 | seconds: 1.910696 | answer: [(d*x^3+c*x^2+a)^(n+1)/(n+1)] 
ARM block-r39-r45 | HUNG (no return inside 90s)
ARM block-r46-r53 | kept_9_3: 7 | table: 3937 | seconds: 1.763773 | answer: [(d*x^3+c*x^2+a)^(n+1)/(n+1)] 
ARM block-r54-r65 | kept_9_3: 7 | table: 3937 | seconds: 1.770391 | answer: [(d*x^3+c*x^2+a)^(n+1)/(n+1)] 
ARM only-r39 | kept_9_3: 1 | table: 3931 | seconds: 1.808061 | answer: [(d*x^3+c*x^2+a)^(n+1)/(n+1)] 
ARM only-r40 | kept_9_3: 1 | table: 3931 | seconds: 1.784959 | answer: [(d*x^3+c*x^2+a)^(n+1)/(n+1)] 
ARM only-r41 | HUNG (no return inside 90s)
ARM only-r42 | kept_9_3: 1 | table: 3931 | seconds: 1.757133 | answer: [(d*x^3+c*x^2+a)^(n+1)/(n+1)] 
ARM only-r43 | kept_9_3: 1 | table: 3931 | seconds: 1.7708359999999999 | answer: [(d*x^3+c*x^2+a)^(n+1)/(n+1)] 
ARM only-r44 | kept_9_3: 1 | table: 3931 | seconds: 1.766328 | answer: [(d*x^3+c*x^2+a)^(n+1)/(n+1)] 
ARM only-r45 | kept_9_3: 1 | table: 3931 | seconds: 1.756818 | answer: [(d*x^3+c*x^2+a)^(n+1)/(n+1)] 
