# section-9 probe 07: records firing on an inert integrand, over the 286 leak entries of test/section9_paired_class6.new/queue.log
# core: /home/serge/src/maxima-rubi/test/mr_rules.core
# core stamp: fingerprint fa583d5fb2effbaa5c5406198ad21fb7
# core stamp: rules 3997
# 30 s cpu cap, 12 workers
entries run: 286; capped or unfinished: 2
records firing on an inert integrand (entries in which each fired):
   280  9_3 r41   <- non-class-4
   112  4_7_5 r71
   108  4_7_5 r72
    66  9_3 r62   <- non-class-4
    50  4_7_5 r21
    30  4_7_5 r22
    24  9_3 r51   <- non-class-4
    13  1_4_1 r7   <- non-class-4
    13  9_3 r63   <- non-class-4
     8  9_1 r12   <- non-class-4
     4  1_3_3 r13   <- non-class-4
     4  1_4_1 r18   <- non-class-4
     4  4_7_5 r58
     2  4_7_5 r47
     2  9_1 r11   <- non-class-4
non-class-4 record sets (entries):
   181  9_3 r41
    64  9_3 r41, 9_3 r62
    24  9_3 r41, 9_3 r51
     5  1_4_1 r7, 9_3 r41, 9_3 r63
     4  1_4_1 r7, 9_1 r12, 9_3 r41, 9_3 r63
     2  1_3_3 r13, 1_4_1 r18, 1_4_1 r7, 9_1 r12, 9_3 r62, 9_3 r63
     2  1_3_3 r13, 1_4_1 r18, 1_4_1 r7, 9_1 r12, 9_3 r63
     2  9_1 r11, 9_3 r41
entries with NO non-class-4 record firing inert: 2
    6 Hyperbolic functions/6.7 Miscellaneous/6.7.1 Hyperbolic functions.mac e560 L631  cap=True finished=False
    6 Hyperbolic functions/6.7 Miscellaneous/6.7.1 Hyperbolic functions.mac e562 L633  cap=True finished=False
