# section-9 probe 09: the last-resort tier (ticket 14), off vs on, same core
# tree 7040502, 2026-09-23, 12+12 workers concurrently, 30 s cpu cap
# core: fingerprint b95498b74e100709af641a22b5dc912d
# core: git_rev 704050283e5132f22698e26b2f9a4fb6df27801f
# core: rules 3997
# host at end: 15.33 18.51 12.94 1/1717 770118

== give-up bucket (reference PASS, branch FAIL, restored by mr_giveup_last=false)
giveup: 214 entries finished in both arms
  PASS off 14  on 129   P->F 0  F->P 115
     111  contains-noun -> no-answer
       4  timeout -> no-answer
  class 1: 0 of 8 back in a PASS class with the tier
  class 2: 3 of 9 back in a PASS class with the tier
  class 3: 102 of 115 back in a PASS class with the tier
  class 6: 24 of 82 back in a PASS class with the tier
  NOT recovered by the tier: 85
    verified -> timeout (off: timeout)  1 Algebraic functions/1.1 Binomial products/1.1.1 Linear/1.1.1.3 (a+b x)^m (c+d x)^n (e+f x)^p.mac e1100
    verified -> timeout (off: timeout)  1 Algebraic functions/1.2 Trinomial products/1.2.1 Quadratic/1.2.1.2 (d+e x)^m (a+b x+c x^2)^p.mac e404
    verified -> timeout (off: timeout)  1 Algebraic functions/1.2 Trinomial products/1.2.1 Quadratic/1.2.1.3 (d+e x)^m (f+g x) (a+b x+c x^2)^p.mac e969
    verified -> timeout (off: timeout)  1 Algebraic functions/1.2 Trinomial products/1.2.1 Quadratic/1.2.1.3 (d+e x)^m (f+g x) (a+b x+c x^2)^p.mac e1154
    verified -> timeout (off: timeout)  1 Algebraic functions/1.2 Trinomial products/1.2.1 Quadratic/1.2.1.3 (d+e x)^m (f+g x) (a+b x+c x^2)^p.mac e1276
    verified -> timeout (off: timeout)  1 Algebraic functions/1.2 Trinomial products/1.2.1 Quadratic/1.2.1.4 (d+e x)^m (f+g x)^n (a+b x+c x^2)^p.mac e341
    verified -> timeout (off: timeout)  1 Algebraic functions/1.2 Trinomial products/1.2.2 Quartic/1.2.2.3 (d+e x^2)^m (a+b x^2+c x^4)^p.mac e259
    verified -> timeout (off: timeout)  1 Algebraic functions/1.2 Trinomial products/1.2.2 Quartic/1.2.2.3 (d+e x^2)^m (a+b x^2+c x^4)^p.mac e260
    no-answer -> contains-noun (off: contains-noun)  2 Exponentials/2.3 Exponential functions.mac e543
    no-answer -> contains-noun (off: contains-noun)  2 Exponentials/2.3 Exponential functions.mac e548
    no-answer -> contains-noun (off: contains-noun)  2 Exponentials/2.3 Exponential functions.mac e549
    no-answer -> contains-noun (off: contains-noun)  2 Exponentials/2.3 Exponential functions.mac e550
    no-answer -> contains-noun (off: contains-noun)  2 Exponentials/2.3 Exponential functions.mac e555
    no-answer -> contains-noun (off: contains-noun)  2 Exponentials/2.3 Exponential functions.mac e556
    no-answer -> contains-noun (off: contains-noun)  3 Logarithms/3.1.4 (f x)^m (d+e x^r)^q (a+b log(c x^n))^p.mac e322
    no-answer -> timeout (off: timeout)  3 Logarithms/3.3 u (a+b log(c (d+e x)^n))^p.mac e543
    no-answer -> contains-noun (off: contains-noun)  3 Logarithms/3.4 u (a+b log(c (d+e x^m)^n))^p.mac e104
    no-answer -> contains-noun (off: contains-noun)  3 Logarithms/3.4 u (a+b log(c (d+e x^m)^n))^p.mac e105
    no-answer -> contains-noun (off: contains-noun)  3 Logarithms/3.4 u (a+b log(c (d+e x^m)^n))^p.mac e111
    no-answer -> contains-noun (off: contains-noun)  3 Logarithms/3.4 u (a+b log(c (d+e x^m)^n))^p.mac e112
    no-answer -> contains-noun (off: contains-noun)  3 Logarithms/3.4 u (a+b log(c (d+e x^m)^n))^p.mac e118
    no-answer -> contains-noun (off: contains-noun)  3 Logarithms/3.4 u (a+b log(c (d+e x^m)^n))^p.mac e119
    no-answer -> contains-noun (off: contains-noun)  3 Logarithms/3.4 u (a+b log(c (d+e x^m)^n))^p.mac e141
    no-answer -> contains-noun (off: contains-noun)  3 Logarithms/3.4 u (a+b log(c (d+e x^m)^n))^p.mac e142
    no-answer -> contains-noun (off: contains-noun)  3 Logarithms/3.4 u (a+b log(c (d+e x^m)^n))^p.mac e151
    no-answer -> contains-noun (off: contains-noun)  3 Logarithms/3.4 u (a+b log(c (d+e x^m)^n))^p.mac e152
    no-answer -> contains-noun (off: contains-noun)  3 Logarithms/3.4 u (a+b log(c (d+e x^m)^n))^p.mac e386
    no-answer -> contains-noun (off: contains-noun)  6 Hyperbolic functions/6.1 Hyperbolic sine/6.1.1 (c+d x)^m (a+b sinh)^n.mac e112
    no-answer -> contains-noun (off: contains-noun)  6 Hyperbolic functions/6.1 Hyperbolic sine/6.1.1 (c+d x)^m (a+b sinh)^n.mac e155
    no-answer -> contains-noun (off: contains-noun)  6 Hyperbolic functions/6.1 Hyperbolic sine/6.1.1 (c+d x)^m (a+b sinh)^n.mac e156
    expected -> timeout (off: timeout)  6 Hyperbolic functions/6.1 Hyperbolic sine/6.1.3 (e x)^m (a+b sinh(c+d x^n))^p.mac e69
    no-answer -> contains-noun (off: contains-noun)  6 Hyperbolic functions/6.1 Hyperbolic sine/6.1.3 (e x)^m (a+b sinh(c+d x^n))^p.mac e74
    expected -> timeout (off: timeout)  6 Hyperbolic functions/6.1 Hyperbolic sine/6.1.3 (e x)^m (a+b sinh(c+d x^n))^p.mac e80
    no-answer -> contains-noun (off: contains-noun)  6 Hyperbolic functions/6.1 Hyperbolic sine/6.1.5 Hyperbolic sine functions.mac e264
    no-answer -> contains-noun (off: contains-noun)  6 Hyperbolic functions/6.1 Hyperbolic sine/6.1.5 Hyperbolic sine functions.mac e265
    verified -> timeout (off: timeout)  6 Hyperbolic functions/6.1 Hyperbolic sine/6.1.7 hyper^m (a+b sinh^n)^p.mac e339
    no-answer -> contains-noun (off: contains-noun)  6 Hyperbolic functions/6.2 Hyperbolic cosine/6.2.1 (c+d x)^m (a+b cosh)^n.mac e68
    no-answer -> contains-noun (off: contains-noun)  6 Hyperbolic functions/6.2 Hyperbolic cosine/6.2.1 (c+d x)^m (a+b cosh)^n.mac e69
    no-answer -> contains-noun (off: contains-noun)  6 Hyperbolic functions/6.2 Hyperbolic cosine/6.2.1 (c+d x)^m (a+b cosh)^n.mac e115
    no-answer -> contains-noun (off: contains-noun)  6 Hyperbolic functions/6.2 Hyperbolic cosine/6.2.1 (c+d x)^m (a+b cosh)^n.mac e154
    no-answer -> contains-noun (off: contains-noun)  6 Hyperbolic functions/6.2 Hyperbolic cosine/6.2.1 (c+d x)^m (a+b cosh)^n.mac e155
    no-answer -> contains-noun (off: contains-noun)  6 Hyperbolic functions/6.2 Hyperbolic cosine/6.2.5 Hyperbolic cosine functions.mac e216
    no-answer -> contains-noun (off: contains-noun)  6 Hyperbolic functions/6.2 Hyperbolic cosine/6.2.5 Hyperbolic cosine functions.mac e217
    no-answer -> contains-noun (off: contains-noun)  6 Hyperbolic functions/6.3 Hyperbolic tangent/6.3.1 (c+d x)^m (a+b tanh)^n.mac e48
    no-answer -> contains-noun (off: contains-noun)  6 Hyperbolic functions/6.3 Hyperbolic tangent/6.3.1 (c+d x)^m (a+b tanh)^n.mac e49
    no-answer -> contains-noun (off: contains-noun)  6 Hyperbolic functions/6.3 Hyperbolic tangent/6.3.1 (c+d x)^m (a+b tanh)^n.mac e56
    no-answer -> contains-noun (off: contains-noun)  6 Hyperbolic functions/6.3 Hyperbolic tangent/6.3.1 (c+d x)^m (a+b tanh)^n.mac e57
    no-answer -> contains-noun (off: contains-noun)  6 Hyperbolic functions/6.3 Hyperbolic tangent/6.3.1 (c+d x)^m (a+b tanh)^n.mac e61
    no-answer -> contains-noun (off: contains-noun)  6 Hyperbolic functions/6.3 Hyperbolic tangent/6.3.1 (c+d x)^m (a+b tanh)^n.mac e62
    no-answer -> contains-noun (off: contains-noun)  6 Hyperbolic functions/6.3 Hyperbolic tangent/6.3.1 (c+d x)^m (a+b tanh)^n.mac e66
    no-answer -> contains-noun (off: contains-noun)  6 Hyperbolic functions/6.3 Hyperbolic tangent/6.3.1 (c+d x)^m (a+b tanh)^n.mac e67
    no-answer -> contains-noun (off: contains-noun)  6 Hyperbolic functions/6.4 Hyperbolic cotangent/6.4.1 (c+d x)^m (a+b coth)^n.mac e32
    no-answer -> contains-noun (off: contains-noun)  6 Hyperbolic functions/6.4 Hyperbolic cotangent/6.4.1 (c+d x)^m (a+b coth)^n.mac e33
    no-answer -> contains-noun (off: contains-noun)  6 Hyperbolic functions/6.4 Hyperbolic cotangent/6.4.1 (c+d x)^m (a+b coth)^n.mac e40
    no-answer -> contains-noun (off: contains-noun)  6 Hyperbolic functions/6.4 Hyperbolic cotangent/6.4.1 (c+d x)^m (a+b coth)^n.mac e41
    no-answer -> contains-noun (off: contains-noun)  6 Hyperbolic functions/6.4 Hyperbolic cotangent/6.4.1 (c+d x)^m (a+b coth)^n.mac e45
    no-answer -> contains-noun (off: contains-noun)  6 Hyperbolic functions/6.4 Hyperbolic cotangent/6.4.1 (c+d x)^m (a+b coth)^n.mac e46
    no-answer -> contains-noun (off: contains-noun)  6 Hyperbolic functions/6.4 Hyperbolic cotangent/6.4.1 (c+d x)^m (a+b coth)^n.mac e50
    no-answer -> contains-noun (off: contains-noun)  6 Hyperbolic functions/6.4 Hyperbolic cotangent/6.4.1 (c+d x)^m (a+b coth)^n.mac e51
    no-answer -> contains-noun (off: contains-noun)  6 Hyperbolic functions/6.5 Hyperbolic secant/6.5.2 (e x)^m (a+b sech(c+d x^n))^p.mac e13
    no-answer -> contains-noun (off: contains-noun)  6 Hyperbolic functions/6.5 Hyperbolic secant/6.5.2 (e x)^m (a+b sech(c+d x^n))^p.mac e21
    no-answer -> contains-noun (off: contains-noun)  6 Hyperbolic functions/6.5 Hyperbolic secant/6.5.2 (e x)^m (a+b sech(c+d x^n))^p.mac e28
    no-answer -> contains-noun (off: contains-noun)  6 Hyperbolic functions/6.5 Hyperbolic secant/6.5.2 (e x)^m (a+b sech(c+d x^n))^p.mac e30
    no-answer -> contains-noun (off: contains-noun)  6 Hyperbolic functions/6.5 Hyperbolic secant/6.5.2 (e x)^m (a+b sech(c+d x^n))^p.mac e40
    no-answer -> contains-noun (off: contains-noun)  6 Hyperbolic functions/6.5 Hyperbolic secant/6.5.2 (e x)^m (a+b sech(c+d x^n))^p.mac e45
    no-answer -> contains-noun (off: contains-noun)  6 Hyperbolic functions/6.5 Hyperbolic secant/6.5.2 (e x)^m (a+b sech(c+d x^n))^p.mac e50
    no-answer -> contains-noun (off: contains-noun)  6 Hyperbolic functions/6.5 Hyperbolic secant/6.5.2 (e x)^m (a+b sech(c+d x^n))^p.mac e60
    no-answer -> contains-noun (off: contains-noun)  6 Hyperbolic functions/6.5 Hyperbolic secant/6.5.2 (e x)^m (a+b sech(c+d x^n))^p.mac e61
    no-answer -> contains-noun (off: contains-noun)  6 Hyperbolic functions/6.5 Hyperbolic secant/6.5.2 (e x)^m (a+b sech(c+d x^n))^p.mac e65
    no-answer -> contains-noun (off: contains-noun)  6 Hyperbolic functions/6.5 Hyperbolic secant/6.5.2 (e x)^m (a+b sech(c+d x^n))^p.mac e66
    no-answer -> contains-noun (off: contains-noun)  6 Hyperbolic functions/6.5 Hyperbolic secant/6.5.2 (e x)^m (a+b sech(c+d x^n))^p.mac e70
    no-answer -> contains-noun (off: contains-noun)  6 Hyperbolic functions/6.5 Hyperbolic secant/6.5.2 (e x)^m (a+b sech(c+d x^n))^p.mac e71
    no-answer -> contains-noun (off: contains-noun)  6 Hyperbolic functions/6.6 Hyperbolic cosecant/6.6.2 (e x)^m (a+b csch(c+d x^n))^p.mac e13
    no-answer -> contains-noun (off: contains-noun)  6 Hyperbolic functions/6.6 Hyperbolic cosecant/6.6.2 (e x)^m (a+b csch(c+d x^n))^p.mac e21
    no-answer -> contains-noun (off: contains-noun)  6 Hyperbolic functions/6.6 Hyperbolic cosecant/6.6.2 (e x)^m (a+b csch(c+d x^n))^p.mac e28
    no-answer -> contains-noun (off: contains-noun)  6 Hyperbolic functions/6.6 Hyperbolic cosecant/6.6.2 (e x)^m (a+b csch(c+d x^n))^p.mac e30
    no-answer -> contains-noun (off: contains-noun)  6 Hyperbolic functions/6.6 Hyperbolic cosecant/6.6.2 (e x)^m (a+b csch(c+d x^n))^p.mac e39
    no-answer -> contains-noun (off: contains-noun)  6 Hyperbolic functions/6.6 Hyperbolic cosecant/6.6.2 (e x)^m (a+b csch(c+d x^n))^p.mac e44
    no-answer -> contains-noun (off: contains-noun)  6 Hyperbolic functions/6.6 Hyperbolic cosecant/6.6.2 (e x)^m (a+b csch(c+d x^n))^p.mac e49
    no-answer -> contains-noun (off: contains-noun)  6 Hyperbolic functions/6.6 Hyperbolic cosecant/6.6.2 (e x)^m (a+b csch(c+d x^n))^p.mac e59
    no-answer -> contains-noun (off: contains-noun)  6 Hyperbolic functions/6.6 Hyperbolic cosecant/6.6.2 (e x)^m (a+b csch(c+d x^n))^p.mac e60
    no-answer -> contains-noun (off: contains-noun)  6 Hyperbolic functions/6.6 Hyperbolic cosecant/6.6.2 (e x)^m (a+b csch(c+d x^n))^p.mac e64
    no-answer -> contains-noun (off: contains-noun)  6 Hyperbolic functions/6.6 Hyperbolic cosecant/6.6.2 (e x)^m (a+b csch(c+d x^n))^p.mac e65
    no-answer -> contains-noun (off: contains-noun)  6 Hyperbolic functions/6.6 Hyperbolic cosecant/6.6.2 (e x)^m (a+b csch(c+d x^n))^p.mac e69
    no-answer -> contains-noun (off: contains-noun)  6 Hyperbolic functions/6.6 Hyperbolic cosecant/6.6.2 (e x)^m (a+b csch(c+d x^n))^p.mac e70

== control: probe 06's class-1 PASS sample
control: 2000 entries finished in both arms
  PASS off 1998  on 1999   P->F 0  F->P 1
       1  timeout -> verified
