# section-9 probe 10: 9.3 general body after the give-ups (ticket 14), tail vs body, same core [FIRST RUN: the bridge kept in pass 1]
# tree 7040502, 2026-09-23, 12+12 workers concurrently, 30 s cpu cap
# core: fingerprint 60553c6d320b3e2d7363a83ca17ece18
# core: git_rev 704050283e5132f22698e26b2f9a4fb6df27801f
# core: rules 3997
# host at end: 13.15 22.60 21.01 2/1732 824789

== giveup bucket: 214 entries finished in both arms
  PASS tail 129  body 178   P->F 0  F->P 49
      49  contains-noun -> no-answer

== control: 2000 entries finished in both arms
  PASS tail 1999  body 1999   P->F 0  F->P 0

== section-9 gains: 1132 entries finished in both arms
  PASS tail 1117  body 1094   P->F 25  F->P 2
      22  verified -> timeout
       2  expected -> timeout
       2  timeout -> verified
       1  verified -> unverified
    LOST verified -> timeout  3.7s -> 30.1s  6 Hyperbolic functions/6.1 Hyperbolic sine/6.1.1 (c+d x)^m (a+b sinh)^n.mac e202
    LOST verified -> timeout  2.9s -> 30.1s  6 Hyperbolic functions/6.1 Hyperbolic sine/6.1.1 (c+d x)^m (a+b sinh)^n.mac e231
    LOST verified -> timeout  18.0s -> 30.0s  6 Hyperbolic functions/6.1 Hyperbolic sine/6.1.5 Hyperbolic sine functions.mac e73
    LOST verified -> timeout  4.5s -> 30.1s  6 Hyperbolic functions/6.1 Hyperbolic sine/6.1.7 hyper^m (a+b sinh^n)^p.mac e230
    LOST expected -> timeout  27.7s -> 30.1s  6 Hyperbolic functions/6.1 Hyperbolic sine/6.1.7 hyper^m (a+b sinh^n)^p.mac e268
    LOST verified -> timeout  1.0s -> 30.1s  6 Hyperbolic functions/6.1 Hyperbolic sine/6.1.7 hyper^m (a+b sinh^n)^p.mac e417
    LOST verified -> timeout  17.0s -> 30.1s  6 Hyperbolic functions/6.2 Hyperbolic cosine/6.2.7 hyper^m (a+b cosh^n)^p.mac e21
    LOST expected -> timeout  27.9s -> 30.0s  6 Hyperbolic functions/6.2 Hyperbolic cosine/6.2.7 hyper^m (a+b cosh^n)^p.mac e65
    LOST verified -> timeout  21.3s -> 30.0s  6 Hyperbolic functions/6.3 Hyperbolic tangent/6.3.2 Hyperbolic tangent functions.mac e135
    LOST verified -> timeout  0.8s -> 30.0s  6 Hyperbolic functions/6.3 Hyperbolic tangent/6.3.7 (d hyper)^m (a+b (c tanh)^n)^p.mac e94
    LOST verified -> timeout  0.9s -> 30.1s  6 Hyperbolic functions/6.3 Hyperbolic tangent/6.3.7 (d hyper)^m (a+b (c tanh)^n)^p.mac e119
    LOST verified -> timeout  21.1s -> 30.0s  6 Hyperbolic functions/6.4 Hyperbolic cotangent/6.4.2 Hyperbolic cotangent functions.mac e147
    LOST verified -> timeout  24.0s -> 30.1s  6 Hyperbolic functions/6.5 Hyperbolic secant/6.5.7 (d hyper)^m (a+b (c sech)^n)^p.mac e79
    LOST verified -> unverified  0.5s -> 2.6s  6 Hyperbolic functions/6.7 Miscellaneous/6.7.1 Hyperbolic functions.mac e117
    LOST verified -> timeout  1.1s -> 30.1s  6 Hyperbolic functions/6.7 Miscellaneous/6.7.1 Hyperbolic functions.mac e988
    LOST verified -> timeout  2.4s -> 30.0s  6 Hyperbolic functions/6.7 Miscellaneous/6.7.1 Hyperbolic functions.mac e991
    LOST verified -> timeout  3.3s -> 30.1s  6 Hyperbolic functions/6.7 Miscellaneous/6.7.1 Hyperbolic functions.mac e992
    LOST verified -> timeout  1.7s -> 30.1s  6 Hyperbolic functions/6.7 Miscellaneous/6.7.1 Hyperbolic functions.mac e993
    LOST verified -> timeout  2.3s -> 30.0s  6 Hyperbolic functions/6.7 Miscellaneous/6.7.1 Hyperbolic functions.mac e994
    LOST verified -> timeout  4.6s -> 30.1s  6 Hyperbolic functions/6.7 Miscellaneous/6.7.1 Hyperbolic functions.mac e1018
    LOST verified -> timeout  1.4s -> 30.1s  6 Hyperbolic functions/6.7 Miscellaneous/6.7.1 Hyperbolic functions.mac e1023
    LOST verified -> timeout  2.5s -> 30.1s  6 Hyperbolic functions/6.7 Miscellaneous/6.7.1 Hyperbolic functions.mac e1024
    LOST verified -> timeout  3.3s -> 30.0s  6 Hyperbolic functions/6.7 Miscellaneous/6.7.1 Hyperbolic functions.mac e1025
    LOST verified -> timeout  1.8s -> 30.0s  6 Hyperbolic functions/6.7 Miscellaneous/6.7.1 Hyperbolic functions.mac e1026
    LOST verified -> timeout  1.8s -> 30.0s  6 Hyperbolic functions/6.7 Miscellaneous/6.7.1 Hyperbolic functions.mac e1027

