# class-2 rule syntax census, 2026-08-28
=== class-2 rule syntax census (only Rubi.m-loaded files) ===
loaded rule files: 3   rules: 125   with /; condition: 125
optional-capture histogram (rules by # distinct a_. names):
  0 optional names: 2 rules
  1 optional names: 8 rules
  2 optional names: 7 rules
  3 optional names: 7 rules
  4 optional names: 10 rules
  5 optional names: 21 rules
  6 optional names: 15 rules
  7 optional names: 15 rules
  8 optional names: 14 rules
  9 optional names: 7 rules
  10 optional names: 14 rules
  11 optional names: 4 rules
  15 optional names: 1 rules

rule classification: AUTO (tokens all BUILTIN/B_TIER): 80 ( 64.0%)
                      MANUAL (>=1 C-tier token/exotic pattern): 45 ( 36.0%)

== condition tokens: tier | rules | uses | token (U = unlistied) ==
  B   rules= 124  uses=  125  FreeQ
  b   rules=  35  uses=   44  EqQ
  B   rules=  33  uses=   35  Not
  B   rules=  29  uses=   35  IntegerQ
  b   rules=  23  uses=   26  NeQ
  C   rules=  21  uses=   21  LinearQ
  B   rules=  18  uses=   18  IGtQ
  B   rules=  14  uses=   15  GtQ
  B   rules=  14  uses=   17  LtQ
  C   rules=  11  uses=   13  PolynomialQ
  B   rules=  10  uses=   10  ILtQ
  B   rules=   9  uses=   12  Log
  U   rules=   9  uses=    9  TrueQ
  C   rules=   6  uses=    6  LinearMatchQ
  U   rules=   6  uses=    6  PowerOfLinearQ
  b   rules=   6  uses=    6  RationalQ
  b   rules=   4  uses=    6  Simplify
  B   rules=   3  uses=    3  LeQ
  U   rules=   3  uses=    3  PowerOfLinearMatchQ
  C   rules=   2  uses=    2  BinomialQ
  B   rules=   2  uses=    4  Coefficient
  U   rules=   2  uses=    5  Exponent
  C   rules=   2  uses=    2  QuadraticMatchQ
  C   rules=   2  uses=    2  QuadraticQ
  C   rules=   2  uses=    2  SumSimplerQ
  C   rules=   1  uses=    1  BinomialMatchQ
  B   rules=   1  uses=    1  D
  U   rules=   1  uses=    1  F
  b   rules=   1  uses=    1  FractionQ
  U   rules=   1  uses=    1  FunctionOfExponentialQ
  B   rules=   1  uses=    1  GeQ
  B   rules=   1  uses=    1  If
  b   rules=   1  uses=    1  IntegersQ
  C   rules=   1  uses=    1  InverseFunctionQ
  C   rules=   1  uses=    2  LeafCount
  C   rules=   1  uses=    2  MatchQ
  B   rules=   1  uses=    1  NegQ
  B   rules=   1  uses=    1  PosQ
  C   rules=   1  uses=    1  SumQ

== replacement tokens: tier | rules | uses | token (U = unlistied) ==
  b   rules=  94  uses=  106  Int
  B   rules=  64  uses=  142  Log
  b   rules=  18  uses=   18  Subst
  b   rules=  18  uses=   18  With
  b   rules=  16  uses=   23  ExpandToSum
  b   rules=  13  uses=   13  ExpandIntegrand
  B   rules=   8  uses=   23  Sqrt
  b   rules=   8  uses=    8  Unintegrable
  b   rules=   7  uses=    9  Simplify
  U   rules=   6  uses=    6  NormalizePowerOfLinear
  B   rules=   5  uses=   11  Denominator
  U   rules=   5  uses=    5  Gamma
  b   rules=   5  uses=    7  Rt
  B   rules=   3  uses=    4  D
  U   rules=   3  uses=    3  ExpIntegralEi
  b   rules=   3  uses=    3  FullSimplify
  B   rules=   3  uses=    3  Hypergeometric2F1
  b   rules=   3  uses=    3  IntHide
  B   rules=   3  uses=    3  Numerator
  B   rules=   2  uses=    7  Coefficient
  b   rules=   2  uses=    2  Dist
  U   rules=   2  uses=    3  Erf
  B   rules=   2  uses=    2  Expand
  B   rules=   2  uses=    2  FreeQ
  B   rules=   2  uses=    2  If
  b   rules=   2  uses=    2  Module
  U   rules=   2  uses=    2  PowerQ
  U   rules=   1  uses=    1  Erfi
  U   rules=   1  uses=    2  Exp
  b   rules=   1  uses=    1  ExpandLinearProduct
  U   rules=   1  uses=    2  Exponent
  b   rules=   1  uses=    2  FracPart
  U   rules=   1  uses=    1  FunctionExpand
  U   rules=   1  uses=    1  FunctionOfExponential
  U   rules=   1  uses=    1  FunctionOfExponentialFunction
  b   rules=   1  uses=    1  IntPart
  U   rules=   1  uses=    1  NormalizeIntegrand

== pattern features ==
     15  head in pattern: Log
      5  head in pattern: Sqrt
    123  optional captures
     24  power of capture/x in pattern
    125  x_Symbol

== C-tier tokens in conditions/rules (rules containing) ==
    21  LinearQ
    11  PolynomialQ
     9  TrueQ
     6  LinearMatchQ
     6  PowerOfLinearQ
     3  PowerOfLinearMatchQ
     2  BinomialQ
     2  Exponent
     2  QuadraticMatchQ
     2  QuadraticQ
     2  SumSimplerQ
     1  BinomialMatchQ
     1  F
     1  FunctionOfExponentialQ
     1  InverseFunctionQ
     1  LeafCount
     1  MatchQ
     1  SumQ
== C-tier tokens in replacements ==
     6  NormalizePowerOfLinear
     5  Gamma
     3  ExpIntegralEi
     2  Erf
     2  PowerQ
     1  Erfi
     1  Exp
     1  Exponent
     1  FunctionExpand
     1  FunctionOfExponential
     1  FunctionOfExponentialFunction
     1  NormalizeIntegrand
== UNLISTIED tokens (not in any tier — need triage) ==
     9  TrueQ
     6  NormalizePowerOfLinear
     6  PowerOfLinearQ
     5  Gamma
     3  ExpIntegralEi
     3  Exponent
     3  PowerOfLinearMatchQ
     2  Erf
     2  PowerQ
     1  Erfi
     1  Exp
     1  F
     1  FunctionExpand
     1  FunctionOfExponential
     1  FunctionOfExponentialFunction
     1  FunctionOfExponentialQ
     1  NormalizeIntegrand

== manual bucket by file (rules / distinct token-sets) ==
  rules= 37  distinct-sets=22  2 Exponentials/2.3 Miscellaneous exponentials.m
  rules=  8  distinct-sets=5  2 Exponentials/2.1 (c+d x)^m (a+b (F^(g (e+f x)))^n)^p.m

== C-tier token examples (first 2 rules each) ==
  [BinomialMatchQ] 2 Exponentials/2.3 Miscellaneous exponentials.m :: Int[u_^m_.*F_^v_, x_Symbol]   | cond: FreeQ[{F, m}, x] && LinearQ[u, x] && BinomialQ[v, x] && Not[LinearMatchQ[u, x] &
  [BinomialQ] 2 Exponentials/2.3 Miscellaneous exponentials.m :: Int[u_.*F_^v_*G_^w_, x_Symbol]   | cond: BinomialQ[z, x] || PolynomialQ[z, x] && LeQ[Exponent[z, x], 2]] /; FreeQ[{F, G},
  [Erf] 2 Exponentials/2.3 Miscellaneous exponentials.m :: Int[F_^((a_. + b_.*x_^4)/x_^2), x_Symbol]   | cond: FreeQ[{F, a, b}, x]
  [Erfi] 2 Exponentials/2.3 Miscellaneous exponentials.m :: Int[F_^(a_. + b_.*(c_. + d_.*x_)^2), x_Symbol]   | cond: FreeQ[{F, a, b, c, d}, x] && PosQ[b]
  [Exp] 2 Exponentials/2.3 Miscellaneous exponentials.m :: Int[F_^((a_. + b_.*x_^4)/x_^2), x_Symbol]   | cond: FreeQ[{F, a, b}, x]
  [ExpIntegralEi] 2 Exponentials/2.3 Miscellaneous exponentials.m :: Int[F_^(a_. + b_.*(c_. + d_.*x_)^n_)/(e_. + f_.*x_), x_Symbol]   | cond: FreeQ[{F, a, b, c, d, e, f, n}, x] && EqQ[d*e - c*f, 0]
  [Exponent] 2 Exponentials/2.3 Miscellaneous exponentials.m :: Int[F_^u_*v_^n_.*w_, x_Symbol]   | cond: EqQ[Exponent[w, x], Exponent[z, x]] && EqQ[w*Coefficient[z, x, Exponent[z, x]], 
  [F] 2 Exponentials/2.3 Miscellaneous exponentials.m :: Int[u_, x_Symbol]   | cond: FunctionOfExponentialQ[u, x] && Not[ MatchQ[u, w_*(a_.*v_^n_)^m_ /; FreeQ[{a, m,
  [FunctionExpand] 2 Exponentials/2.3 Miscellaneous exponentials.m :: Int[(e_. + f_.*x_)^m_.*F_^(a_. + b_.*(c_. + d_.*x_)^n_), x_Symbol]   | cond: IGtQ[p, 0]] /; FreeQ[{F, a, b, c, d, e, f, m, n}, x] && EqQ[d*e - c*f, 0] && Not
  [FunctionOfExponential] 2 Exponentials/2.3 Miscellaneous exponentials.m :: Int[u_, x_Symbol]   | cond: FunctionOfExponentialQ[u, x] && Not[ MatchQ[u, w_*(a_.*v_^n_)^m_ /; FreeQ[{a, m,
  [FunctionOfExponentialFunction] 2 Exponentials/2.3 Miscellaneous exponentials.m :: Int[u_, x_Symbol]   | cond: FunctionOfExponentialQ[u, x] && Not[ MatchQ[u, w_*(a_.*v_^n_)^m_ /; FreeQ[{a, m,
  [FunctionOfExponentialQ] 2 Exponentials/2.3 Miscellaneous exponentials.m :: Int[u_, x_Symbol]   | cond: FunctionOfExponentialQ[u, x] && Not[ MatchQ[u, w_*(a_.*v_^n_)^m_ /; FreeQ[{a, m,
  [Gamma] 2 Exponentials/2.1 (c+d x)^m (a+b (F^(g (e+f x)))^n)^p.m :: Int[(c_. + d_.*x_)^m_*F_^(g_.*(e_. + f_.*x_)), x_Symbol]   | cond: FreeQ[{F, c, d, e, f, g, m}, x] && Not[IntegerQ[m]]
  [InverseFunctionQ] 2 Exponentials/2.3 Miscellaneous exponentials.m :: Int[u_, x_Symbol]   | cond: FunctionOfExponentialQ[u, x] && Not[ MatchQ[u, w_*(a_.*v_^n_)^m_ /; FreeQ[{a, m,
  [LeafCount] 2 Exponentials/2.3 Miscellaneous exponentials.m :: Int[u_/(a_ + b_.*F_^v_ + c_.*F_^w_), x_Symbol]   | cond: FreeQ[{F, a, b, c}, x] && EqQ[w, -v] && LinearQ[v, x] && If[RationalQ[Coefficien
  [LinearMatchQ] 2 Exponentials/2.1 (c+d x)^m (a+b (F^(g (e+f x)))^n)^p.m :: Int[u_^m_.*(a_. + b_.*(F_^(g_.*v_))^n_.)^p_., x_Symbol]   | cond: FreeQ[{F, a, b, g, m, n, p}, x] && LinearQ[v, x] && PowerOfLinearQ[u, x] && Not[
  [LinearQ] 2 Exponentials/2.1 (c+d x)^m (a+b (F^(g (e+f x)))^n)^p.m :: Int[u_^m_.*(a_. + b_.*(F_^(g_.*v_))^n_.)^p_., x_Symbol]   | cond: FreeQ[{F, a, b, g, m, n, p}, x] && LinearQ[v, x] && PowerOfLinearQ[u, x] && Not[
  [MatchQ] 2 Exponentials/2.3 Miscellaneous exponentials.m :: Int[u_, x_Symbol]   | cond: FunctionOfExponentialQ[u, x] && Not[ MatchQ[u, w_*(a_.*v_^n_)^m_ /; FreeQ[{a, m,
  [NormalizeIntegrand] 2 Exponentials/2.3 Miscellaneous exponentials.m :: Int[u_.*F_^v_*G_^w_, x_Symbol]   | cond: BinomialQ[z, x] || PolynomialQ[z, x] && LeQ[Exponent[z, x], 2]] /; FreeQ[{F, G},
  [NormalizePowerOfLinear] 2 Exponentials/2.1 (c+d x)^m (a+b (F^(g (e+f x)))^n)^p.m :: Int[u_^m_.*(a_. + b_.*(F_^(g_.*v_))^n_.)^p_., x_Symbol]   | cond: FreeQ[{F, a, b, g, m, n, p}, x] && LinearQ[v, x] && PowerOfLinearQ[u, x] && Not[
  [PolynomialQ] 2 Exponentials/2.3 Miscellaneous exponentials.m :: Int[u_*F_^(c_.*v_), x_Symbol]   | cond: FreeQ[{F, c}, x] && PolynomialQ[u, x] && LinearQ[v, x] && Not[TrueQ[$UseGamma]]
  [PowerOfLinearMatchQ] 2 Exponentials/2.1 (c+d x)^m (a+b (F^(g (e+f x)))^n)^p.m :: Int[u_^m_.*(a_. + b_.*(F_^(g_.*v_))^n_.)^p_., x_Symbol]   | cond: FreeQ[{F, a, b, g, m, n, p}, x] && LinearQ[v, x] && PowerOfLinearQ[u, x] && Not[
  [PowerOfLinearQ] 2 Exponentials/2.1 (c+d x)^m (a+b (F^(g (e+f x)))^n)^p.m :: Int[u_^m_.*(a_. + b_.*(F_^(g_.*v_))^n_.)^p_., x_Symbol]   | cond: FreeQ[{F, a, b, g, m, n, p}, x] && LinearQ[v, x] && PowerOfLinearQ[u, x] && Not[
  [PowerQ] 2 Exponentials/2.3 Miscellaneous exponentials.m :: Int[w_*u_^m_.*F_^(c_.*v_), x_Symbol]   | cond: FreeQ[{F, c, m}, x] && PolynomialQ[w, x] && LinearQ[v, x] && PowerOfLinearQ[u, x
  [QuadraticMatchQ] 2 Exponentials/2.3 Miscellaneous exponentials.m :: Int[u_^m_.*F_^v_, x_Symbol]   | cond: FreeQ[{F, m}, x] && LinearQ[u, x] && QuadraticQ[v, x] && Not[LinearMatchQ[u, x] 
  [QuadraticQ] 2 Exponentials/2.3 Miscellaneous exponentials.m :: Int[u_^m_.*F_^v_, x_Symbol]   | cond: FreeQ[{F, m}, x] && LinearQ[u, x] && QuadraticQ[v, x] && Not[LinearMatchQ[u, x] 
  [SumQ] 2 Exponentials/2.3 Miscellaneous exponentials.m :: Int[(e_. + f_.*x_)^m_.*(a_. + b_.*F_^u_)^p_.*(c_. + d_.*F_^v_)^q_., x_   | cond: SumQ[w]] /; FreeQ[{F, a, b, c, d, e, f, m}, x] && IntegersQ[p, q] && LinearQ[{u,
  [SumSimplerQ] 2 Exponentials/2.3 Miscellaneous exponentials.m :: Int[(c_. + d_.*x_)^m_.*F_^(a_. + b_.*(c_. + d_.*x_)^n_), x_Symbol]   | cond: FreeQ[{F, a, b, c, d, m, n}, x] && IntegerQ[2*Simplify[(m + 1)/n]] && LtQ[-4, Si
  [TrueQ] 2 Exponentials/2.1 (c+d x)^m (a+b (F^(g (e+f x)))^n)^p.m :: Int[(c_. + d_.*x_)^m_*(b_.*F_^(g_.*(e_. + f_.*x_)))^n_., x_Symbol]   | cond: FreeQ[{F, b, c, d, e, f, g, n}, x] && LtQ[m, -1] && IntegerQ[2*m] && Not[TrueQ[$
