# class-3 rule syntax census, 2026-08-29
=== class-3 rule syntax census (only Rubi.m-loaded files) ===
loaded rule files: 11   rules: 333   with /; condition: 332
optional-capture histogram (rules by # distinct a_. names):
  0 optional names: 9 rules
  1 optional names: 5 rules
  2 optional names: 9 rules
  3 optional names: 5 rules
  4 optional names: 10 rules
  5 optional names: 27 rules
  6 optional names: 44 rules
  7 optional names: 48 rules
  8 optional names: 63 rules
  9 optional names: 31 rules
  10 optional names: 29 rules
  11 optional names: 15 rules
  12 optional names: 15 rules
  13 optional names: 7 rules
  15 optional names: 11 rules
  16 optional names: 2 rules
  17 optional names: 1 rules
  18 optional names: 1 rules
  19 optional names: 1 rules

rule classification: AUTO (tokens all BUILTIN/B_TIER): 241 ( 72.4%)
                      MANUAL (>=1 C-tier token/exotic pattern): 92 ( 27.6%)

== condition tokens: tier | rules | uses | token (U = unlistied) ==
  B   rules= 323  uses=  329  FreeQ
  b   rules= 114  uses=  159  EqQ
  B   rules= 108  uses=  122  IGtQ
  b   rules=  92  uses=  107  NeQ
  B   rules=  87  uses=  130  IntegerQ
  B   rules=  53  uses=   55  GtQ
  B   rules=  44  uses=   46  Not
  B   rules=  19  uses=   20  LtQ
  C   rules=  16  uses=   17  LinearQ
  C   rules=  16  uses=   18  RationalFunctionQ
  C   rules=  13  uses=   13  BinomialQ
  b   rules=  13  uses=   13  IntegersQ
  U   rules=  13  uses=   17  InverseFunctionFreeQ
  C   rules=  13  uses=   13  SumQ
  C   rules=  12  uses=   12  BinomialMatchQ
  b   rules=  12  uses=   12  FractionQ
  C   rules=  12  uses=   12  LinearMatchQ
  B   rules=  10  uses=   12  ILtQ
  C   rules=   6  uses=    6  PolynomialQ
  b   rules=   6  uses=    9  RationalQ
  C   rules=   5  uses=    5  AlgebraicFunctionQ
  b   rules=   5  uses=    5  Simplify
  U   rules=   4  uses=    4  MemberQ
  U   rules=   3  uses=    3  FalseQ
  C   rules=   3  uses=    3  MatchQ
  C   rules=   3  uses=    3  PolyQ
  C   rules=   3  uses=    3  QuadraticQ
  B   rules=   2  uses=    2  D
  U   rules=   2  uses=    2  ProductQ
  C   rules=   1  uses=    1  BinomialDegree
  b   rules=   1  uses=    1  Coeff
  b   rules=   1  uses=    1  Expon
  b   rules=   1  uses=    1  IntHide
  U   rules=   1  uses=    1  IntegralFreeQ
  B   rules=   1  uses=    1  LeQ
  B   rules=   1  uses=    1  Log
  B   rules=   1  uses=    1  NegQ
  B   rules=   1  uses=    1  PosQ
  C   rules=   1  uses=    1  QuadraticMatchQ
  U   rules=   1  uses=    1  RationalFunctionExponents

== replacement tokens: tier | rules | uses | token (U = unlistied) ==
  B   rules= 327  uses=  584  Log
  b   rules= 288  uses=  330  Int
  b   rules=  67  uses=   67  With
  b   rules=  57  uses=   57  Subst
  b   rules=  36  uses=   36  IntHide
  b   rules=  32  uses=   34  SimplifyIntegrand
  b   rules=  31  uses=   31  Unintegrable
  b   rules=  26  uses=   35  Dist
  b   rules=  24  uses=   24  ExpandIntegrand
  b   rules=  23  uses=   43  ExpandToSum
  B   rules=  17  uses=   19  D
  U   rules=  17  uses=   37  PolyLog
  B   rules=  17  uses=   37  Sqrt
  b   rules=   9  uses=   11  Simplify
  B   rules=   8  uses=    8  Denominator
  b   rules=   4  uses=   11  Coeff
  U   rules=   4  uses=    4  F
  U   rules=   2  uses=    2  DerivativeDivides
  b   rules=   2  uses=    4  FracPart
  b   rules=   2  uses=    2  IntPart
  b   rules=   2  uses=    8  Rt
  B   rules=   1  uses=    2  ArcSin
  B   rules=   1  uses=    2  ArcSinh
  b   rules=   1  uses=    1  FullSimplify
  U   rules=   1  uses=    1  Gamma
  U   rules=   1  uses=    2  LogGamma
  U   rules=   1  uses=    1  LogIntegral
  U   rules=   1  uses=    1  SubstForFractionalPowerOfLinear

== pattern features ==
      1  head in pattern: Gamma
    333  head in pattern: Log
      8  head in pattern: PolyLog
     16  head in pattern: Sqrt
    324  optional captures
    204  power of capture/x in pattern
    333  x_Symbol

== C-tier tokens in conditions/rules (rules containing) ==
    16  LinearQ
    16  RationalFunctionQ
    13  BinomialQ
    13  InverseFunctionFreeQ
    13  SumQ
    12  BinomialMatchQ
    12  LinearMatchQ
     6  PolynomialQ
     5  AlgebraicFunctionQ
     4  MemberQ
     3  FalseQ
     3  MatchQ
     3  PolyQ
     3  QuadraticQ
     2  ProductQ
     1  BinomialDegree
     1  IntegralFreeQ
     1  QuadraticMatchQ
     1  RationalFunctionExponents
== C-tier tokens in replacements ==
    17  PolyLog
     4  F
     2  DerivativeDivides
     1  Gamma
     1  LogGamma
     1  LogIntegral
     1  SubstForFractionalPowerOfLinear
== UNLISTIED tokens (not in any tier — need triage) ==
    17  PolyLog
    13  InverseFunctionFreeQ
     4  F
     4  MemberQ
     3  FalseQ
     2  DerivativeDivides
     2  ProductQ
     1  Gamma
     1  IntegralFreeQ
     1  LogGamma
     1  LogIntegral
     1  RationalFunctionExponents
     1  SubstForFractionalPowerOfLinear

== manual bucket by file (rules / distinct token-sets) ==
  rules= 23  distinct-sets=15  3 Logarithms/3.5 Miscellaneous logarithms.m
  rules= 21  distinct-sets=9  3 Logarithms/3.1.5 u (a+b log(c x^n))^p.m
  rules= 14  distinct-sets=10  3 Logarithms/3.3 u (a+b log(c (d+e x)^n))^p.m
  rules=  9  distinct-sets=5  3 Logarithms/3.4 u (a+b log(c (d+e x^m)^n))^p.m
  rules=  7  distinct-sets=6  3 Logarithms/3.2.3 u log(e (f (a+b x)^p (c+d x)^q)^r)^s.m
  rules=  5  distinct-sets=3  3 Logarithms/3.2.2 (f+g x)^m (h+i x)^q (A+B log(e ((a+b x) over (c+d x))^n))^p.m
  rules=  4  distinct-sets=4  3 Logarithms/3.1.3 (d+e x^r)^q (a+b log(c x^n))^p.m
  rules=  4  distinct-sets=3  3 Logarithms/3.1.4 (f x)^m (d+e x^r)^q (a+b log(c x^n))^p.m
  rules=  4  distinct-sets=1  3 Logarithms/3.2.1 (f+g x)^m (A+B log(e ((a+b x) over (c+d x))^n))^p.m
  rules=  1  distinct-sets=1  3 Logarithms/3.1.1 (a+b log(c x^n))^p.m

== C-tier token examples (first 2 rules each) ==
  [AlgebraicFunctionQ] 3 Logarithms/3.2.3 u log(e (f (a+b x)^p (c+d x)^q)^r)^s.m :: Int[u_.*Log[e_.*(f_.*v_^p_.*w_^q_.)^r_.]^s_., x_Symbol]   | cond: FreeQ[{e, f, p, q, r, s}, x] && LinearQ[{v, w}, x] && Not[LinearMatchQ[{v, w}, x
  [BinomialDegree] 3 Logarithms/3.5 Miscellaneous logarithms.m :: Int[Log[u_]/(a_. + b_.*x_), x_Symbol]   | cond: FreeQ[{a, b}, x] && RationalFunctionQ[D[u, x]/u, x] && (NeQ[a, 0] || Not[Binomia
  [BinomialMatchQ] 3 Logarithms/3.1.4 (f x)^m (d+e x^r)^q (a+b log(c x^n))^p.m :: Int[(f_.*x_)^m_.*u_^q_.*(a_. + b_.*Log[c_.*x_^n_.])^p_., x_Symbol]   | cond: FreeQ[{a, b, c, f, m, n, p, q}, x] && BinomialQ[u, x] && Not[BinomialMatchQ[u, x
  [BinomialQ] 3 Logarithms/3.1.4 (f x)^m (d+e x^r)^q (a+b log(c x^n))^p.m :: Int[(f_.*x_)^m_.*u_^q_.*(a_. + b_.*Log[c_.*x_^n_.])^p_., x_Symbol]   | cond: FreeQ[{a, b, c, f, m, n, p, q}, x] && BinomialQ[u, x] && Not[BinomialMatchQ[u, x
  [DerivativeDivides] 3 Logarithms/3.5 Miscellaneous logarithms.m :: Int[(a_. + b_.*Log[u_])*Log[v_]*w_, x_Symbol]   | cond: Not[FalseQ[z]]] /; FreeQ[{a, b}, x] && InverseFunctionFreeQ[u, x]
  [F] 3 Logarithms/3.1.5 u (a+b log(c x^n))^p.m :: Int[Px_.*F_[d_.*(e_. + f_.*x_)]*(a_. + b_.*Log[c_.*x_^n_.]), x_Symbol]   | cond: FreeQ[{a, b, c, d, e, f, n}, x] && PolynomialQ[Px, x] && MemberQ[{ArcTan, ArcCot
  [FalseQ] 3 Logarithms/3.5 Miscellaneous logarithms.m :: Int[(a_. + b_.*Log[u_])*Log[v_]*w_, x_Symbol]   | cond: Not[FalseQ[z]]] /; FreeQ[{a, b}, x] && InverseFunctionFreeQ[u, x]
  [Gamma] 3 Logarithms/3.5 Miscellaneous logarithms.m :: Int[u_.*Log[Gamma[v_]], x_Symbol]   | cond: 
  [IntegralFreeQ] 3 Logarithms/3.3 u (a+b log(c (d+e x)^n))^p.m :: Int[u_.*(a_. + b_.*Log[c_.*(d_.*(e_. + f_. x_)^m_.)^n_])^p_., x_Symbol   | cond: FreeQ[{a, b, c, d, e, f, m, n, p}, x] && Not[IntegerQ[n]] && Not[EqQ[d, 1] && Eq
  [InverseFunctionFreeQ] 3 Logarithms/3.1.4 (f x)^m (d+e x^r)^q (a+b log(c x^n))^p.m :: Int[(f_.*x_)^m_.*(d_ + e_.*x_^r_.)^q_.*(a_. + b_.*Log[c_.*x_^n_.]), x_   | cond: (EqQ[r, 1] || EqQ[r, 2]) && IntegerQ[m] && IntegerQ[q - 1/2] || InverseFunctionF
  [LinearMatchQ] 3 Logarithms/3.2.1 (f+g x)^m (A+B log(e ((a+b x) over (c+d x))^n))^p.m :: Int[(A_. + B_.*Log[e_.*u_^n_.*v_^mn_])^p_., x_Symbol]   | cond: FreeQ[{e, A, B, n, p}, x] && EqQ[n + mn, 0] && IGtQ[n, 0] && LinearQ[{u, v}, x] 
  [LinearQ] 3 Logarithms/3.1.5 u (a+b log(c x^n))^p.m :: Int[u_^m_.*(a_. + b_.*Log[v_])^p_.*(c_. + d_.*Log[v_])^q_., x_Symbol]   | cond: EqQ[f*g - e*h, 0] && NeQ[g, 0]] /; FreeQ[{a, b, c, d, m, p, q}, x] && LinearQ[{u
  [LogGamma] 3 Logarithms/3.5 Miscellaneous logarithms.m :: Int[u_.*Log[Gamma[v_]], x_Symbol]   | cond: 
  [LogIntegral] 3 Logarithms/3.1.1 (a+b log(c x^n))^p.m :: Int[1/Log[c_.*x_], x_Symbol]   | cond: FreeQ[c, x]
  [MatchQ] 3 Logarithms/3.3 u (a+b log(c (d+e x)^n))^p.m :: Int[u_.*(a_. + b_.*Log[c_.*v_^n_.])^p_., x_Symbol]   | cond: FreeQ[{a, b, c, n, p}, x] && LinearQ[v, x] && Not[LinearMatchQ[v, x]] && Not[EqQ
  [MemberQ] 3 Logarithms/3.1.5 u (a+b log(c x^n))^p.m :: Int[Px_.*F_[d_.*(e_. + f_.*x_)]*(a_. + b_.*Log[c_.*x_^n_.]), x_Symbol]   | cond: FreeQ[{a, b, c, d, e, f, n}, x] && PolynomialQ[Px, x] && MemberQ[{ArcTan, ArcCot
  [PolyLog] 3 Logarithms/3.1.5 u (a+b log(c x^n))^p.m :: Int[Log[d_.*(e_ + f_.*x_^m_.)]*(a_. + b_.*Log[c_.*x_^n_.])^p_./x_, x_S   | cond: FreeQ[{a, b, c, d, e, f, m, n}, x] && IGtQ[p, 0] && EqQ[d*e, 1]
  [PolyQ] 3 Logarithms/3.2.2 (f+g x)^m (h+i x)^q (A+B log(e ((a+b x) over (c+d x))^n))^p.m :: Int[P2x_^ m_.*(A_. + B_.*Log[e_.*(a_. + b_.*x_)^n_.*(c_. + d_.*x_)^mn_   | cond: FreeQ[{a, b, c, d, e, A, B, n}, x] && PolyQ[P2x, x, 2] && EqQ[n + mn, 0] && IGtQ
  [PolynomialQ] 3 Logarithms/3.1.5 u (a+b log(c x^n))^p.m :: Int[Px_.*F_[d_.*(e_. + f_.*x_)]^m_.*(a_. + b_.*Log[c_.*x_^n_.]), x_Sym   | cond: FreeQ[{a, b, c, d, e, f, n}, x] && PolynomialQ[Px, x] && IGtQ[m, 0] && MemberQ[{
  [ProductQ] 3 Logarithms/3.5 Miscellaneous logarithms.m :: Int[v_*Log[u_], x_Symbol]   | cond: InverseFunctionFreeQ[w, x]] /; ProductQ[u]
  [QuadraticMatchQ] 3 Logarithms/3.5 Miscellaneous logarithms.m :: Int[v_.*Log[d_. + e_.*x_ + f_.*Sqrt[u_]], x_Symbol]   | cond: FreeQ[{d, e, f}, x] && QuadraticQ[u, x] && Not[QuadraticMatchQ[u, x]] && (EqQ[v,
  [QuadraticQ] 3 Logarithms/3.5 Miscellaneous logarithms.m :: Int[v_.*Log[d_. + e_.*x_ + f_.*Sqrt[u_]], x_Symbol]   | cond: FreeQ[{d, e, f}, x] && QuadraticQ[u, x] && Not[QuadraticMatchQ[u, x]] && (EqQ[v,
  [RationalFunctionExponents] 3 Logarithms/3.4 u (a+b log(c (d+e x^m)^n))^p.m :: Int[Pq_^m_.*Log[u_], x_Symbol]   | cond: FreeQ[C, x]] /; IntegerQ[m] && PolyQ[Pq, x] && RationalFunctionQ[u, x] && LeQ[Ra
  [RationalFunctionQ] 3 Logarithms/3.1.5 u (a+b log(c x^n))^p.m :: Int[RFx_*(a_. + b_.*Log[c_.*x_^n_.])^p_., x_Symbol]   | cond: SumQ[u]] /; FreeQ[{a, b, c, n}, x] && RationalFunctionQ[RFx, x] && IGtQ[p, 0]
  [SubstForFractionalPowerOfLinear] 3 Logarithms/3.5 Miscellaneous logarithms.m :: Int[RFx_*(a_. + b_.*Log[u_]), x_Symbol]   | cond: Not[FalseQ[lst]]] /; FreeQ[{a, b}, x] && RationalFunctionQ[RFx, x]
  [SumQ] 3 Logarithms/3.1.4 (f x)^m (d+e x^r)^q (a+b log(c x^n))^p.m :: Int[(f_.*x_)^m_.*(d_ + e_.*x_^r_.)^q_.*(a_. + b_.*Log[c_.*x_^n_.]), x_   | cond: SumQ[u]] /; FreeQ[{a, b, c, d, e, f, m, n, q, r}, x] && IntegerQ[q] && (GtQ[q, 0
