# class-4 rule syntax census, 2026-09-20
=== class-4 rule syntax census (only Rubi.m-loaded files) ===
loaded rule files: 56   rules: 2073   with /; condition: 2073
optional-capture histogram (rules by # distinct a_. names):
  0 optional names: 5 rules
  1 optional names: 22 rules
  2 optional names: 21 rules
  3 optional names: 243 rules
  4 optional names: 492 rules
  5 optional names: 450 rules
  6 optional names: 347 rules
  7 optional names: 235 rules
  8 optional names: 165 rules
  9 optional names: 65 rules
  10 optional names: 20 rules
  11 optional names: 6 rules
  13 optional names: 2 rules

rule classification: AUTO (tokens all BUILTIN/B_TIER): 1106 ( 53.4%)
                      MANUAL (>=1 C-tier token/exotic pattern): 967 ( 46.6%)

== condition tokens: tier | rules | uses | token (U = unlistied) ==
  B   rules=2055  uses= 2065  FreeQ
  b   rules= 874  uses= 1332  NeQ
  b   rules= 846  uses= 1202  EqQ
  B   rules= 704  uses=  962  IntegerQ
  B   rules= 482  uses=  586  Not
  B   rules= 380  uses=  435  LtQ
  B   rules= 309  uses=  339  GtQ
  B   rules= 289  uses=  367  IGtQ
  b   rules= 185  uses=  189  IntegersQ
  B   rules=  80  uses=   93  ILtQ
  B   rules=  50  uses=   51  LeQ
  U   rules=  42  uses=   51  FunctionOfQ
  b   rules=  27  uses=   34  Simplify
  C   rules=  23  uses=   29  LinearQ
  U   rules=  22  uses=   22  KnownSecantIntegrandQ
  U   rules=  22  uses=   22  KnownSineIntegrandQ
  U   rules=  20  uses=   20  NonsumQ
  C   rules=  18  uses=   18  BinomialQ
  B   rules=  15  uses=   15  GeQ
  C   rules=  14  uses=   16  LinearMatchQ
  B   rules=  14  uses=   14  Log
  b   rules=  14  uses=   14  RationalQ
  B   rules=  13  uses=   14  PosQ
  C   rules=  12  uses=   12  BinomialMatchQ
  b   rules=  12  uses=   14  FractionQ
  B   rules=  11  uses=   11  NegQ
  B   rules=  11  uses=   25  Sin
  U   rules=  11  uses=   15  TrigQ
  B   rules=   9  uses=   24  Cos
  U   rules=   9  uses=   17  FalseQ
  U   rules=   9  uses=   10  InertTrigFreeQ
  U   rules=   8  uses=    8  KnownCotangentIntegrandQ
  U   rules=   8  uses=    8  KnownTangentIntegrandQ
  U   rules=   8  uses=   39  Tan
  U   rules=   7  uses=    7  Cosh
  U   rules=   7  uses=    7  InertTrigQ
  C   rules=   7  uses=    8  MatchQ
  U   rules=   7  uses=    8  MemberQ
  B   rules=   7  uses=    7  Sinh
  B   rules=   6  uses=    6  Cancel
  U   rules=   6  uses=    6  IndependentQ
  C   rules=   6  uses=   12  PolynomialQ
  U   rules=   5  uses=   14  Cot
  C   rules=   5  uses=    7  SumSimplerQ
  U   rules=   4  uses=    8  ActivateTrig
  B   rules=   4  uses=   12  Coefficient
  b   rules=   4  uses=   12  Dist
  U   rules=   4  uses=   12  F
  U   rules=   4  uses=   16  FreeFactors
  U   rules=   4  uses=   20  FunctionOfTrig
  B   rules=   4  uses=    6  Hold
  B   rules=   4  uses=    6  If
  b   rules=   4  uses=   38  Int
  C   rules=   4  uses=   11  NonfreeFactors
  C   rules=   4  uses=    4  QuadraticMatchQ
  C   rules=   4  uses=    4  QuadraticQ
  b   rules=   4  uses=    6  ShowStep
  C   rules=   4  uses=    4  SimplerQ
  B   rules=   4  uses=    4  Sqrt
  b   rules=   4  uses=   18  Subst
  b   rules=   4  uses=   14  SubstFor
  U   rules=   4  uses=    6  TrueQ
  U   rules=   4  uses=    8  TryPureTanSubst
  b   rules=   4  uses=   22  With
  U   rules=   3  uses=    3  ComplexFreeQ
  U   rules=   3  uses=    3  Coth
  U   rules=   3  uses=    5  InverseFunctionFreeQ
  C   rules=   3  uses=    6  PolyQ
  B   rules=   3  uses=    3  Tanh
  U   rules=   2  uses=    2  IGeQ
  U   rules=   2  uses=    2  QuotientOfLinearsQ
  C   rules=   2  uses=    2  SumQ
  B   rules=   1  uses=    1  Abs
  U   rules=   1  uses=    2  Block
  U   rules=   1  uses=    2  CalculusFreeQ
  b   rules=   1  uses=    2  Module
  C   rules=   1  uses=    1  PerfectSquareQ
  U   rules=   1  uses=    1  TrigSimplifyQ

== replacement tokens: tier | rules | uses | token (U = unlistied) ==
  b   rules=1851  uses= 2199  Int
  B   rules= 928  uses= 2422  Sin
  B   rules= 756  uses= 1254  Cos
  b   rules= 426  uses= 1390  Csc
  U   rules= 379  uses=  931  Tan
  b   rules= 330  uses=  331  Subst
  U   rules= 313  uses=  404  Cot
  B   rules= 310  uses=  831  Sqrt
  b   rules= 256  uses=  260  Simp
  b   rules= 169  uses=  308  Sec
  U   rules= 152  uses=  152  FreeFactors
  b   rules= 138  uses=  138  With
  U   rules= 105  uses=  121  ActivateTrig
  B   rules=  85  uses=  145  Log
  b   rules=  77  uses=  163  FracPart
  b   rules=  67  uses=   67  Module
  b   rules=  64  uses=   70  Unintegrable
  b   rules=  61  uses=   72  IntPart
  b   rules=  59  uses=   72  ExpandToSum
  U   rules=  50  uses=   50  ExpandTrig
  b   rules=  45  uses=   85  Rt
  b   rules=  39  uses=   39  ExpandIntegrand
  b   rules=  38  uses=   38  SubstFor
  U   rules=  30  uses=   30  ExpandTrigReduce
  B   rules=  27  uses=   27  ArcSin
  U   rules=  18  uses=   23  F
  B   rules=  13  uses=   13  EllipticPi
  b   rules=  13  uses=   16  Simplify
  B   rules=  12  uses=   12  Denominator
  B   rules=  12  uses=   12  EllipticE
  B   rules=  12  uses=   12  Hypergeometric2F1
  B   rules=  10  uses=   10  ArcTan
  B   rules=  10  uses=   10  EllipticF
  B   rules=   9  uses=   16  ArcTanh
  U   rules=   8  uses=    8  G
  U   rules=   7  uses=   21  Cosh
  b   rules=   7  uses=    8  Dist
  b   rules=   7  uses=    7  RemoveContent
  B   rules=   7  uses=   21  Sinh
  b   rules=   6  uses=    6  IntHide
  B   rules=   4  uses=    4  Coefficient
  U   rules=   4  uses=    4  DerivativeDivides
  U   rules=   4  uses=    4  ExpandTrigToExp
  B   rules=   4  uses=    8  If
  B   rules=   3  uses=    3  AppellF1
  U   rules=   3  uses=    7  Coth
  B   rules=   3  uses=    3  Expand
  B   rules=   3  uses=    7  Tanh
  U   rules=   2  uses=    2  Apart
  U   rules=   2  uses=    2  Complex
  U   rules=   2  uses=    2  CosIntegral
  U   rules=   2  uses=    2  CoshIntegral
  b   rules=   2  uses=    2  FractionQ
  U   rules=   2  uses=    2  H
  C   rules=   2  uses=    6  MatchQ
  C   rules=   2  uses=    6  NonfreeFactors
  U   rules=   2  uses=    2  QuotientOfLinearsParts
  b   rules=   2  uses=    2  SimplifyIntegrand
  U   rules=   2  uses=    2  SinIntegral
  B   rules=   1  uses=    1  CannotIntegrate
  U   rules=   1  uses=    1  Csch
  U   rules=   1  uses=    1  ExpandTrigExpand
  U   rules=   1  uses=    1  FresnelC
  U   rules=   1  uses=    1  FresnelS
  U   rules=   1  uses=    1  FunctionOfTrig
  U   rules=   1  uses=    1  Sech
  B   rules=   1  uses=    2  Sign
  U   rules=   1  uses=    1  SinhIntegral
  B   rules=   1  uses=    1  Sum
  U   rules=   1  uses=    1  TrigSimplify

== pattern features ==
      9  head in pattern: Complex
    181  head in pattern: Cos
      3  head in pattern: Cosh
     40  head in pattern: Cot
      4  head in pattern: Coth
     45  head in pattern: Csc
      2  head in pattern: Csch
     52  head in pattern: Log
     45  head in pattern: Sec
      2  head in pattern: Sech
    179  head in pattern: Sin
      3  head in pattern: Sinh
    257  head in pattern: Sqrt
     40  head in pattern: Tan
      4  head in pattern: Tanh
   2068  optional captures
    176  power of capture/x in pattern
   2073  x_Symbol

== C-tier tokens in conditions/rules (rules containing) ==
    42  FunctionOfQ
    23  LinearQ
    22  KnownSecantIntegrandQ
    22  KnownSineIntegrandQ
    20  NonsumQ
    18  BinomialQ
    14  LinearMatchQ
    12  BinomialMatchQ
    11  TrigQ
     9  FalseQ
     9  InertTrigFreeQ
     8  KnownCotangentIntegrandQ
     8  KnownTangentIntegrandQ
     8  Tan
     7  Cosh
     7  InertTrigQ
     7  MatchQ
     7  MemberQ
     6  IndependentQ
     6  PolynomialQ
     5  Cot
     5  SumSimplerQ
     4  ActivateTrig
     4  F
     4  FreeFactors
     4  FunctionOfTrig
     4  NonfreeFactors
     4  QuadraticMatchQ
     4  QuadraticQ
     4  SimplerQ
     4  TrueQ
     4  TryPureTanSubst
     3  ComplexFreeQ
     3  Coth
     3  InverseFunctionFreeQ
     3  PolyQ
     2  IGeQ
     2  QuotientOfLinearsQ
     2  SumQ
     1  Block
     1  CalculusFreeQ
     1  PerfectSquareQ
     1  TrigSimplifyQ
== C-tier tokens in replacements ==
   379  Tan
   313  Cot
   152  FreeFactors
   105  ActivateTrig
    50  ExpandTrig
    30  ExpandTrigReduce
    18  F
     8  G
     7  Cosh
     4  DerivativeDivides
     4  ExpandTrigToExp
     3  Coth
     2  Apart
     2  Complex
     2  CosIntegral
     2  CoshIntegral
     2  H
     2  MatchQ
     2  NonfreeFactors
     2  QuotientOfLinearsParts
     2  SinIntegral
     1  Csch
     1  ExpandTrigExpand
     1  FresnelC
     1  FresnelS
     1  FunctionOfTrig
     1  Sech
     1  SinhIntegral
     1  TrigSimplify
== UNLISTIED tokens (not in any tier — need triage) ==
   387  Tan
   318  Cot
   156  FreeFactors
   109  ActivateTrig
    50  ExpandTrig
    42  FunctionOfQ
    30  ExpandTrigReduce
    22  F
    22  KnownSecantIntegrandQ
    22  KnownSineIntegrandQ
    20  NonsumQ
    14  Cosh
    11  TrigQ
     9  FalseQ
     9  InertTrigFreeQ
     8  G
     8  KnownCotangentIntegrandQ
     8  KnownTangentIntegrandQ
     7  InertTrigQ
     7  MemberQ
     6  Coth
     6  IndependentQ
     5  FunctionOfTrig
     4  DerivativeDivides
     4  ExpandTrigToExp
     4  TrueQ
     4  TryPureTanSubst
     3  ComplexFreeQ
     3  InverseFunctionFreeQ
     2  Apart
     2  Complex
     2  CosIntegral
     2  CoshIntegral
     2  H
     2  IGeQ
     2  QuotientOfLinearsParts
     2  QuotientOfLinearsQ
     2  SinIntegral
     1  Block
     1  CalculusFreeQ
     1  Csch
     1  ExpandTrigExpand
     1  FresnelC
     1  FresnelS
     1  Sech
     1  SinhIntegral
     1  TrigSimplify
     1  TrigSimplifyQ

== manual bucket by file (rules / distinct token-sets) ==
  rules= 66  distinct-sets=23  4 Trig functions/4.7 Miscellaneous/4.7.5 Inert trig functions.m
  rules= 59  distinct-sets=2  4 Trig functions/4.5 Secant/4.5.1.2 (d sec)^n (a+b sec)^m.m
  rules= 57  distinct-sets=4  4 Trig functions/4.3 Tangent/4.3.2.1 (a+b tan)^m (c+d tan)^n.m
  rules= 51  distinct-sets=10  4 Trig functions/4.1 Sine/4.1.7 (d trig)^m (a+b (c sin)^n)^p.m
  rules= 40  distinct-sets=8  4 Trig functions/4.7 Miscellaneous/4.7.9 Active trig functions.m
  rules= 34  distinct-sets=7  4 Trig functions/4.3 Tangent/4.3.9 trig^m (a+b tan^n+c tan^(2 n))^p.m
  rules= 34  distinct-sets=1  4 Trig functions/4.5 Secant/4.5.3.1 (a+b sec)^m (d sec)^n (A+B sec).m
  rules= 32  distinct-sets=6  4 Trig functions/4.1 Sine/4.1.9 trig^m (a+b sin^n+c sin^(2 n))^p.m
  rules= 32  distinct-sets=1  4 Trig functions/4.5 Secant/4.5.4.2 (a+b sec)^m (d sec)^n (A+B sec+C sec^2).m
  rules= 29  distinct-sets=1  4 Trig functions/4.3 Tangent/4.3.3.1 (a+b tan)^m (c+d tan)^n (A+B tan).m
  rules= 28  distinct-sets=1  4 Trig functions/4.3 Tangent/4.3.1.2 (d sec)^m (a+b tan)^n.m
  rules= 27  distinct-sets=4  4 Trig functions/4.1 Sine/4.1.0.2 (a trg)^m (b tan)^n.m
  rules= 27  distinct-sets=3  4 Trig functions/4.5 Secant/4.5.2.2 (g sec)^p (a+b sec)^m (c+d sec)^n.m
  rules= 26  distinct-sets=4  4 Trig functions/4.7 Miscellaneous/4.7.1 Sine normalization rules.m
  rules= 25  distinct-sets=2  4 Trig functions/4.3 Tangent/4.3.4.2 (a+b tan)^m (c+d tan)^n (A+B tan+C tan^2).m
  rules= 25  distinct-sets=9  4 Trig functions/4.3 Tangent/4.3.7 (d trig)^m (a+b (c tan)^n)^p.m
  rules= 24  distinct-sets=4  4 Trig functions/4.7 Miscellaneous/4.7.3 Secant normalization rules.m
  rules= 23  distinct-sets=8  4 Trig functions/4.5 Secant/4.5.7 (d trig)^m (a+b (c sec)^n)^p.m
  rules= 20  distinct-sets=7  4 Trig functions/4.1 Sine/4.1.12 (e x)^m (a+b sin(c+d x^n))^p.m
  rules= 20  distinct-sets=2  4 Trig functions/4.5 Secant/4.5.2.1 (a+b sec)^m (c+d sec)^n.m
  rules= 19  distinct-sets=7  4 Trig functions/4.7 Miscellaneous/4.7.2 Tangent normalization rules.m
  rules= 18  distinct-sets=6  4 Trig functions/4.3 Tangent/4.3.11 (e x)^m (a+b tan(c+d x^n))^p.m
  rules= 18  distinct-sets=5  4 Trig functions/4.7 Miscellaneous/4.7.6 (c+d x)^m trig(a+b x)^n trig(a+b x)^p.m
  rules= 16  distinct-sets=4  4 Trig functions/4.3 Tangent/4.3.10 (c+d x)^m (a+b tan)^n.m
  rules= 16  distinct-sets=3  4 Trig functions/4.5 Secant/4.5.1.4 (d tan)^n (a+b sec)^m.m
  rules= 15  distinct-sets=2  4 Trig functions/4.3 Tangent/4.3.4.1 (a+b tan)^m (A+B tan+C tan^2).m
  rules= 13  distinct-sets=2  4 Trig functions/4.1 Sine/4.1.1.3 (g tan)^p (a+b sin)^m.m
  rules= 13  distinct-sets=1  4 Trig functions/4.5 Secant/4.5.4.1 (a+b sec)^m (A+B sec+C sec^2).m
  rules= 12  distinct-sets=7  4 Trig functions/4.1 Sine/4.1.10 (c+d x)^m (a+b sin)^n.m
  rules= 12  distinct-sets=3  4 Trig functions/4.1 Sine/4.1.2.2 (g cos)^p (a+b sin)^m (c+d sin)^n.m
  rules= 12  distinct-sets=3  4 Trig functions/4.1 Sine/4.1.5 trig^m (a cos+b sin)^n.m
  rules= 12  distinct-sets=1  4 Trig functions/4.3 Tangent/4.3.1.1 (a+b tan)^n.m
  rules= 12  distinct-sets=4  4 Trig functions/4.5 Secant/4.5.9 trig^m (a+b sec^n+c sec^(2 n))^p.m
  rules= 12  distinct-sets=7  4 Trig functions/4.7 Miscellaneous/4.7.7 F^(c (a+b x)) trig(d+e x)^n.m
  rules=  9  distinct-sets=1  4 Trig functions/4.5 Secant/4.5.1.1 (a+b sec)^n.m
  rules=  8  distinct-sets=3  4 Trig functions/4.1 Sine/4.1.13 (d+e x)^m sin(a+b x+c x^2)^n.m
  rules=  8  distinct-sets=4  4 Trig functions/4.1 Sine/4.1.6 (a+b cos+c sin)^n.m
  rules=  8  distinct-sets=2  4 Trig functions/4.1 Sine/4.1.8 trig^m (a+b cos^p+c sin^q)^n.m
  rules=  8  distinct-sets=3  4 Trig functions/4.3 Tangent/4.3.2.3 (g tan)^p (a+b tan)^m (c+d tan)^n.m
  rules=  7  distinct-sets=4  4 Trig functions/4.1 Sine/4.1.2.1 (a+b sin)^m (c+d sin)^n.m
  rules=  6  distinct-sets=2  4 Trig functions/4.3 Tangent/4.3.12 (d+e x)^m tan(a+b x+c x^2)^n.m
  rules=  6  distinct-sets=3  4 Trig functions/4.5 Secant/4.5.10 (c+d x)^m (a+b sec)^n.m
  rules=  6  distinct-sets=2  4 Trig functions/4.5 Secant/4.5.11 (e x)^m (a+b sec(c+d x^n))^p.m
  rules=  4  distinct-sets=3  4 Trig functions/4.1 Sine/4.1.2.3 (g sin)^p (a+b sin)^m (c+d sin)^n.m
  rules=  4  distinct-sets=2  4 Trig functions/4.7 Miscellaneous/4.7.8 u trig(a+b log(c x^n))^p.m
  rules=  3  distinct-sets=2  4 Trig functions/4.1 Sine/4.1.0.3 (a csc)^m (b sec)^n.m
  rules=  3  distinct-sets=2  4 Trig functions/4.1 Sine/4.1.1.1 (a+b sin)^n.m
  rules=  3  distinct-sets=3  4 Trig functions/4.1 Sine/4.1.3.1 (a+b sin)^m (c+d sin)^n (A+B sin).m
  rules=  3  distinct-sets=1  4 Trig functions/4.3 Tangent/4.3.1.3 (d sin)^m (a+b tan)^n.m
  rules=  1  distinct-sets=1  4 Trig functions/4.1 Sine/4.1.0.1 (a sin)^m (b trg)^n.m
  rules=  1  distinct-sets=1  4 Trig functions/4.5 Secant/4.5.1.3 (d sin)^n (a+b sec)^m.m

== C-tier token examples (first 2 rules each) ==
  [ActivateTrig] 4 Trig functions/4.1 Sine/4.1.7 (d trig)^m (a+b (c sin)^n)^p.m :: Int[u_.*(a_ + b_.*sin[e_. + f_.*x_]^2)^p_, x_Symbol]   | cond: FreeQ[{a, b, e, f, p}, x] && EqQ[a + b, 0]
  [Apart] 4 Trig functions/4.1 Sine/4.1.7 (d trig)^m (a+b (c sin)^n)^p.m :: Int[(d_.*tan[e_. + f_.*x_])^m_*(a_ + b_.*sin[e_. + f_.*x_]^4)^p_, x_Sy   | cond: FreeQ[{a, b, d, e, f, m}, x] && IntegerQ[p - 1/2]
  [BinomialMatchQ] 4 Trig functions/4.1 Sine/4.1.12 (e x)^m (a+b sin(c+d x^n))^p.m :: Int[(a_. + b_.*Cos[u_])^p_., x_Symbol]   | cond: FreeQ[{a, b, p}, x] && BinomialQ[u, x] && Not[BinomialMatchQ[u, x]]
  [BinomialQ] 4 Trig functions/4.1 Sine/4.1.12 (e x)^m (a+b sin(c+d x^n))^p.m :: Int[(a_. + b_.*Cos[u_])^p_., x_Symbol]   | cond: FreeQ[{a, b, p}, x] && BinomialQ[u, x] && Not[BinomialMatchQ[u, x]]
  [Block] 4 Trig functions/4.7 Miscellaneous/4.7.5 Inert trig functions.m :: Int[u_, x_Symbol]   | cond: SumQ[v]] /; Not[InertTrigFreeQ[u]]
If[TrueQ[$LoadShowSteps], Int[u_, x_Symbol] :
  [CalculusFreeQ] 4 Trig functions/4.7 Miscellaneous/4.7.5 Inert trig functions.m :: Int[u_, x_Symbol]   | cond: SumQ[v]] /; Not[InertTrigFreeQ[u]]
If[TrueQ[$LoadShowSteps], Int[u_, x_Symbol] :
  [Complex] 4 Trig functions/4.5 Secant/4.5.10 (c+d x)^m (a+b sec)^n.m :: Int[(c_. + d_.*x_)^m_.*csc[e_. + f_.*x_]^n_., x_Symbol]   | cond: FreeQ[{c, d, e, f, m, n}, x] && IntegerQ[n]
  [ComplexFreeQ] 4 Trig functions/4.1 Sine/4.1.10 (c+d x)^m (a+b sin)^n.m :: Int[sin[e_. + f_.*x_]/Sqrt[c_. + d_.*x_], x_Symbol]   | cond: FreeQ[{c, d, e, f}, x] && ComplexFreeQ[f] && EqQ[d*e - c*f, 0]
  [CosIntegral] 4 Trig functions/4.1 Sine/4.1.12 (e x)^m (a+b sin(c+d x^n))^p.m :: Int[Cos[d_.*x_^n_]/x_, x_Symbol]   | cond: FreeQ[{d, n}, x]
  [Cosh] 4 Trig functions/4.7 Miscellaneous/4.7.5 Inert trig functions.m :: Int[u_*Tanh[c_.*(a_. + b_.*x_)], x_Symbol]   | cond: FunctionOfQ[Cosh[c*(a + b*x)]/d, u, x, True]] /; FreeQ[{a, b, c}, x]
  [CoshIntegral] 4 Trig functions/4.1 Sine/4.1.10 (c+d x)^m (a+b sin)^n.m :: Int[sin[e_. + f_.*Complex[0, fz_]*x_]/(c_. + d_.*x_), x_Symbol]   | cond: FreeQ[{c, d, e, f, fz}, x] && EqQ[d*(e - Pi/2) - c*f*fz*I, 0]
  [Cot] 4 Trig functions/4.1 Sine/4.1.1.3 (g tan)^p (a+b sin)^m.m :: Int[(g_.*cot[e_. + f_.*x_])^p_*(a_ + b_.*sin[e_. + f_.*x_])^m_., x_Sym   | cond: FreeQ[{a, b, e, f, g, m, p}, x] && Not[IntegerQ[p]]
  [Coth] 4 Trig functions/4.7 Miscellaneous/4.7.5 Inert trig functions.m :: Int[u_*Csch[c_.*(a_. + b_.*x_)]^2, x_Symbol]   | cond: FunctionOfQ[Coth[c*(a + b*x)]/d, u, x, True]] /; FreeQ[{a, b, c}, x] && NonsumQ[
  [Csch] 4 Trig functions/4.5 Secant/4.5.10 (c+d x)^m (a+b sec)^n.m :: Int[(c_. + d_.*x_)^m_.*csc[e_. + f_.*x_]^n_., x_Symbol]   | cond: FreeQ[{c, d, e, f, m, n}, x] && IntegerQ[n]
  [DerivativeDivides] 4 Trig functions/4.7 Miscellaneous/4.7.5 Inert trig functions.m :: Int[u_/(y_*w_), x_Symbol]   | cond: Not[FalseQ[q]]] /; Not[InertTrigFreeQ[u]]
  [ExpandTrig] 4 Trig functions/4.1 Sine/4.1.2.1 (a+b sin)^m (c+d sin)^n.m :: Int[(a_ + b_.*sin[e_. + f_.*x_])^m_.*(d_.*sin[e_. + f_.*x_])^n_., x_Sy   | cond: FreeQ[{a, b, d, e, f, n}, x] && EqQ[a^2 - b^2, 0] && IGtQ[m, 0] && RationalQ[n]
  [ExpandTrigExpand] 4 Trig functions/4.7 Miscellaneous/4.7.6 (c+d x)^m trig(a+b x)^n trig(a+b x)^p.m :: Int[(e_. + f_.*x_)^m_.*F_[a_. + b_.*x_]^p_.*G_[c_. + d_.*x_]^q_., x_Sy   | cond: FreeQ[{a, b, c, d, e, f, m}, x] && MemberQ[{Sin, Cos}, F] && MemberQ[{Sec, Csc},
  [ExpandTrigReduce] 4 Trig functions/4.1 Sine/4.1.10 (c+d x)^m (a+b sin)^n.m :: Int[(c_. + d_.*x_)^m_*sin[e_. + f_.*x_]^n_, x_Symbol]   | cond: FreeQ[{c, d, e, f, m}, x] && IGtQ[n, 1] && GeQ[m, -2] && LtQ[m, -1]
  [ExpandTrigToExp] 4 Trig functions/4.7 Miscellaneous/4.7.7 F^(c (a+b x)) trig(d+e x)^n.m :: Int[F_^u_*Sin[v_]^n_., x_Symbol]   | cond: FreeQ[F, x] && (LinearQ[u, x] || PolyQ[u, x, 2]) && (LinearQ[v, x] || PolyQ[v, x
  [F] 4 Trig functions/4.7 Miscellaneous/4.7.5 Inert trig functions.m :: Int[(a_.*(b_.*F_[c_. + d_.*x_])^p_)^n_., x_Symbol]   | cond: FreeQ[{a, b, c, d, n, p}, x] && InertTrigQ[F] && Not[IntegerQ[n]] && Not[Integer
  [FalseQ] 4 Trig functions/4.7 Miscellaneous/4.7.5 Inert trig functions.m :: Int[u_*(v_ + d_.*F_[c_.*(a_. + b_.*x_)]^n_.), x_Symbol]   | cond: FunctionOfQ[Cos[c*(a + b*x)]/e, u, x]] /; FreeQ[{a, b, c, d}, x] && Not[FreeQ[v,
  [FreeFactors] 4 Trig functions/4.1 Sine/4.1.0.2 (a trg)^m (b tan)^n.m :: Int[(a_.*sin[e_. + f_.*x_])^m_.*tan[e_. + f_.*x_]^n_., x_Symbol]   | cond: FreeQ[{a, e, f, m}, x] && IntegerQ[(n + 1)/2]
  [FresnelC] 4 Trig functions/4.1 Sine/4.1.12 (e x)^m (a+b sin(c+d x^n))^p.m :: Int[Cos[d_.*(e_. + f_.*x_)^2], x_Symbol]   | cond: FreeQ[{d, e, f}, x]
  [FresnelS] 4 Trig functions/4.1 Sine/4.1.12 (e x)^m (a+b sin(c+d x^n))^p.m :: Int[Sin[d_.*(e_. + f_.*x_)^2], x_Symbol]   | cond: FreeQ[{d, e, f}, x]
  [FunctionOfQ] 4 Trig functions/4.7 Miscellaneous/4.7.5 Inert trig functions.m :: Int[u_*F_[c_.*(a_. + b_.*x_)], x_Symbol]   | cond: FunctionOfQ[Cos[c*(a + b*x)]/d, u, x, True]] /; FreeQ[{a, b, c}, x] && (EqQ[F, S
  [FunctionOfTrig] 4 Trig functions/4.7 Miscellaneous/4.7.5 Inert trig functions.m :: Int[u_*(v_ + d_.*F_[c_.*(a_. + b_.*x_)]^n_.), x_Symbol]   | cond: FunctionOfQ[Cos[c*(a + b*x)]/e, u, x]] /; FreeQ[{a, b, c, d}, x] && Not[FreeQ[v,
  [G] 4 Trig functions/4.7 Miscellaneous/4.7.5 Inert trig functions.m :: Int[F_[a_. + b_.*x_]^p_.*G_[c_. + d_.*x_]^q_.*H_[e_. + f_.*x_]^r_., x_   | cond: FreeQ[{a, b, c, d, e, f}, x] && (EqQ[F, sin] || EqQ[F, cos]) && (EqQ[G, sin] || 
  [H] 4 Trig functions/4.7 Miscellaneous/4.7.7 F^(c (a+b x)) trig(d+e x)^n.m :: Int[F_^(c_.*(a_. + b_.*x_))*G_[d_. + e_.*x_]^m_.*H_[d_. + e_.*x_]^n_.,   | cond: FreeQ[{F, a, b, c, d, e}, x] && IGtQ[m, 0] && IGtQ[n, 0] && TrigQ[G] && TrigQ[H]
  [IGeQ] 4 Trig functions/4.7 Miscellaneous/4.7.9 Active trig functions.m :: Int[(g_. + h_.*x_)^p_.*(a_ + b_.*Cos[e_. + f_.*x_])^ m_*(c_ + d_.*Cos[   | cond: FreeQ[{a, b, c, d, e, f, g, h}, x] && EqQ[b*c + a*d, 0] && EqQ[a^2 - b^2, 0] && 
  [IndependentQ] 4 Trig functions/4.7 Miscellaneous/4.7.9 Active trig functions.m :: Int[Cos[v_]^p_.*Cos[w_]^q_., x_Symbol]   | cond: (PolynomialQ[v, x] && PolynomialQ[w, x] || BinomialQ[{v, w}, x] && IndependentQ[
  [InertTrigFreeQ] 4 Trig functions/4.7 Miscellaneous/4.7.5 Inert trig functions.m :: Int[u_/(y_*w_), x_Symbol]   | cond: Not[FalseQ[q]]] /; Not[InertTrigFreeQ[u]]
  [InertTrigQ] 4 Trig functions/4.7 Miscellaneous/4.7.5 Inert trig functions.m :: Int[(a_.*(b_.*F_[c_. + d_.*x_])^p_)^n_., x_Symbol]   | cond: FreeQ[{a, b, c, d, n, p}, x] && InertTrigQ[F] && Not[IntegerQ[n]] && Not[Integer
  [InverseFunctionFreeQ] 4 Trig functions/4.7 Miscellaneous/4.7.5 Inert trig functions.m :: Int[u_*(c_.*sin[v_])^m_, x_Symbol]   | cond: Not[FalseQ[w]] && FunctionOfQ[NonfreeFactors[Tan[w], x], u*Sin[v/2]^(2*m)/(c*Tan
  [KnownCotangentIntegrandQ] 4 Trig functions/4.7 Miscellaneous/4.7.2 Tangent normalization rules.m :: Int[u_*(c_.*tan[a_. + b_.*x_])^m_., x_Symbol]   | cond: FreeQ[{a, b, c, m}, x] && Not[IntegerQ[m]] && KnownCotangentIntegrandQ[u, x]
  [KnownSecantIntegrandQ] 4 Trig functions/4.7 Miscellaneous/4.7.3 Secant normalization rules.m :: Int[u_*(c_.*cos[a_. + b_.*x_])^m_.*(d_.*sec[a_. + b_.*x_])^n_., x_Symb   | cond: FreeQ[{a, b, c, d, m, n}, x] && KnownSecantIntegrandQ[u, x]
  [KnownSineIntegrandQ] 4 Trig functions/4.7 Miscellaneous/4.7.1 Sine normalization rules.m :: Int[u_*(c_.*tan[a_. + b_.*x_])^m_.*(d_.*cos[a_. + b_.*x_])^n_., x_Symb   | cond: FreeQ[{a, b, c, d, m, n}, x] && KnownSineIntegrandQ[u, x] && Not[IntegerQ[m]]
  [KnownTangentIntegrandQ] 4 Trig functions/4.7 Miscellaneous/4.7.2 Tangent normalization rules.m :: Int[u_*(c_.*cot[a_. + b_.*x_])^m_., x_Symbol]   | cond: FreeQ[{a, b, c, m}, x] && Not[IntegerQ[m]] && KnownTangentIntegrandQ[u, x]
  [LinearMatchQ] 4 Trig functions/4.1 Sine/4.1.10 (c+d x)^m (a+b sin)^n.m :: Int[u_^m_.*(a_. + b_.*Cos[v_])^n_., x_Symbol]   | cond: FreeQ[{a, b, m, n}, x] && LinearQ[{u, v}, x] && Not[LinearMatchQ[{u, v}, x]]
  [LinearQ] 4 Trig functions/4.1 Sine/4.1.10 (c+d x)^m (a+b sin)^n.m :: Int[u_^m_.*(a_. + b_.*Cos[v_])^n_., x_Symbol]   | cond: FreeQ[{a, b, m, n}, x] && LinearQ[{u, v}, x] && Not[LinearMatchQ[{u, v}, x]]
  [MatchQ] 4 Trig functions/4.1 Sine/4.1.7 (d trig)^m (a+b (c sin)^n)^p.m :: Int[u_.*(b_.*(c_.*sin[e_. + f_.*x_])^n_)^p_, x_Symbol]   | cond: FreeQ[{b, c, e, f, n, p}, x] && Not[IntegerQ[p]] && Not[IntegerQ[n]] && (EqQ[u, 
  [MemberQ] 4 Trig functions/4.1 Sine/4.1.7 (d trig)^m (a+b (c sin)^n)^p.m :: Int[u_.*(b_.*(c_.*sin[e_. + f_.*x_])^n_)^p_, x_Symbol]   | cond: FreeQ[{b, c, e, f, n, p}, x] && Not[IntegerQ[p]] && Not[IntegerQ[n]] && (EqQ[u, 
  [NonfreeFactors] 4 Trig functions/4.7 Miscellaneous/4.7.5 Inert trig functions.m :: Int[u_*Tanh[c_.*(a_. + b_.*x_)]^n_., x_Symbol]   | cond: FunctionOfQ[Coth[c*(a + b*x)]/d, u, x, True] && TryPureTanSubst[ActivateTrig[u]*
  [NonsumQ] 4 Trig functions/4.7 Miscellaneous/4.7.5 Inert trig functions.m :: Int[u_/cos[c_.*(a_. + b_.*x_)]^2, x_Symbol]   | cond: FunctionOfQ[Tan[c*(a + b*x)]/d, u, x, True]] /; FreeQ[{a, b, c}, x] && NonsumQ[u
  [PerfectSquareQ] 4 Trig functions/4.3 Tangent/4.3.2.1 (a+b tan)^m (c+d tan)^n.m :: Int[(c_. + d_.*tan[e_. + f_.*x_])/Sqrt[a_ + b_.*tan[e_. + f_.*x_]], x_   | cond: FreeQ[{a, b, c, d, e, f}, x] && NeQ[b*c - a*d, 0] && NeQ[a^2 + b^2, 0] && NeQ[c^
  [PolyQ] 4 Trig functions/4.7 Miscellaneous/4.7.7 F^(c (a+b x)) trig(d+e x)^n.m :: Int[F_^u_*Cos[v_]^n_., x_Symbol]   | cond: FreeQ[F, x] && (LinearQ[u, x] || PolyQ[u, x, 2]) && (LinearQ[v, x] || PolyQ[v, x
  [PolynomialQ] 4 Trig functions/4.7 Miscellaneous/4.7.9 Active trig functions.m :: Int[Cos[v_]^p_.*Cos[w_]^q_., x_Symbol]   | cond: (PolynomialQ[v, x] && PolynomialQ[w, x] || BinomialQ[{v, w}, x] && IndependentQ[
  [QuadraticMatchQ] 4 Trig functions/4.1 Sine/4.1.13 (d+e x)^m sin(a+b x+c x^2)^n.m :: Int[Cos[v_]^n_., x_Symbol]   | cond: IGtQ[n, 0] && QuadraticQ[v, x] && Not[QuadraticMatchQ[v, x]]
  [QuadraticQ] 4 Trig functions/4.1 Sine/4.1.13 (d+e x)^m sin(a+b x+c x^2)^n.m :: Int[Cos[v_]^n_., x_Symbol]   | cond: IGtQ[n, 0] && QuadraticQ[v, x] && Not[QuadraticMatchQ[v, x]]
  [QuotientOfLinearsParts] 4 Trig functions/4.7 Miscellaneous/4.7.9 Active trig functions.m :: Int[Cos[u_]^n_., x_Symbol]   | cond: IGtQ[n, 0] && QuotientOfLinearsQ[u, x]
  [QuotientOfLinearsQ] 4 Trig functions/4.7 Miscellaneous/4.7.9 Active trig functions.m :: Int[Cos[u_]^n_., x_Symbol]   | cond: IGtQ[n, 0] && QuotientOfLinearsQ[u, x]
  [Sech] 4 Trig functions/4.5 Secant/4.5.10 (c+d x)^m (a+b sec)^n.m :: Int[(c_. + d_.*x_)^m_.*csc[e_. + f_.*x_]^n_., x_Symbol]   | cond: FreeQ[{c, d, e, f, m, n}, x] && IntegerQ[n]
  [SimplerQ] 4 Trig functions/4.1 Sine/4.1.0.3 (a csc)^m (b sec)^n.m :: Int[(a_.*csc[e_. + f_.*x_])^m_*(b_.*sec[e_. + f_.*x_])^n_, x_Symbol]   | cond: FreeQ[{a, b, e, f, m, n}, x] && Not[SimplerQ[-m, -n]]
  [SinIntegral] 4 Trig functions/4.1 Sine/4.1.12 (e x)^m (a+b sin(c+d x^n))^p.m :: Int[Sin[d_.*x_^n_]/x_, x_Symbol]   | cond: FreeQ[{d, n}, x]
  [SinhIntegral] 4 Trig functions/4.1 Sine/4.1.10 (c+d x)^m (a+b sin)^n.m :: Int[sin[e_. + f_.*Complex[0, fz_]*x_]/(c_. + d_.*x_), x_Symbol]   | cond: FreeQ[{c, d, e, f, fz}, x] && EqQ[d*e - c*f*fz*I, 0]
  [SumQ] 4 Trig functions/4.7 Miscellaneous/4.7.5 Inert trig functions.m :: Int[u_, x_Symbol]   | cond: SumQ[v]] /; Not[InertTrigFreeQ[u]]
If[TrueQ[$LoadShowSteps], Int[u_, x_Symbol] :
  [SumSimplerQ] 4 Trig functions/4.1 Sine/4.1.2.2 (g cos)^p (a+b sin)^m (c+d sin)^n.m :: Int[(g_.*cos[e_. + f_.*x_])^p_*(a_ + b_.*sin[e_. + f_.*x_])^ m_*(c_ +    | cond: FreeQ[{a, b, c, d, e, f, g, m, n, p}, x] && EqQ[b*c + a*d, 0] && EqQ[a^2 - b^2, 
  [Tan] 4 Trig functions/4.1 Sine/4.1.0.2 (a trg)^m (b tan)^n.m :: Int[sin[e_. + f_.*x_]^m_*(b_.*tan[e_. + f_.*x_])^n_., x_Symbol]   | cond: FreeQ[{b, e, f, n}, x] && IntegerQ[m/2]
  [TrigQ] 4 Trig functions/4.7 Miscellaneous/4.7.7 F^(c (a+b x)) trig(d+e x)^n.m :: Int[F_^(c_.*u_)*G_[v_]^n_., x_Symbol]   | cond: FreeQ[{F, c, n}, x] && TrigQ[G] && LinearQ[{u, v}, x] && Not[LinearMatchQ[{u, v}
  [TrigSimplify] 4 Trig functions/4.7 Miscellaneous/4.7.5 Inert trig functions.m :: Int[u_, x_Symbol]   | cond: TrigSimplifyQ[u]
  [TrigSimplifyQ] 4 Trig functions/4.7 Miscellaneous/4.7.5 Inert trig functions.m :: Int[u_, x_Symbol]   | cond: TrigSimplifyQ[u]
  [TrueQ] 4 Trig functions/4.7 Miscellaneous/4.7.5 Inert trig functions.m :: Int[u_*(v_ + d_.*F_[c_.*(a_. + b_.*x_)]^n_.), x_Symbol]   | cond: FunctionOfQ[Cos[c*(a + b*x)]/e, u, x]] /; FreeQ[{a, b, c, d}, x] && Not[FreeQ[v,
  [TryPureTanSubst] 4 Trig functions/4.7 Miscellaneous/4.7.5 Inert trig functions.m :: Int[u_*F_[c_.*(a_. + b_.*x_)]^n_., x_Symbol]   | cond: FunctionOfQ[Cot[c*(a + b*x)]/d, u, x, True] && TryPureTanSubst[ActivateTrig[u]*T
