# section-9 rule syntax census, 2026-09-22
=== class-9 rule syntax census (only Rubi.m-loaded files) ===
loaded rule files: 3   rules: 116   with /; condition: 115
optional-capture histogram (rules by # distinct a_. names):
  0 optional names: 43 rules
  1 optional names: 15 rules
  2 optional names: 7 rules
  3 optional names: 11 rules
  4 optional names: 9 rules
  5 optional names: 9 rules
  6 optional names: 6 rules
  7 optional names: 5 rules
  8 optional names: 4 rules
  9 optional names: 2 rules
  10 optional names: 3 rules
  11 optional names: 1 rules
  12 optional names: 1 rules

rule classification: AUTO (tokens all BUILTIN/B_TIER): 25 ( 21.6%)
                      MANUAL (>=1 C-tier token/exotic pattern): 91 ( 78.4%)

== condition tokens: tier | rules | uses | token (U = unlistied) ==
  B   rules=  77  uses=   91  FreeQ
  B   rules=  58  uses=   81  Not
  b   rules=  46  uses=   79  EqQ
  U   rules=  38  uses=   42  FalseQ
  b   rules=  29  uses=   38  NeQ
  B   rules=  23  uses=   29  IntegerQ
  U   rules=  19  uses=   19  PiecewiseLinearQ
  B   rules=  14  uses=   15  IGtQ
  U   rules=  12  uses=   12  FunctionOfQ
  B   rules=  10  uses=   10  ILtQ
  U   rules=   8  uses=   11  Derivative
  B   rules=   8  uses=    8  GtQ
  U   rules=   6  uses=    6  EulerIntegrandQ
  C   rules=   4  uses=    4  AlgebraicFunctionQ
  U   rules=   4  uses=    4  DerivativeDivides
  U   rules=   4  uses=    4  Divides
  B   rules=   4  uses=    4  LtQ
  U   rules=   4  uses=    4  NonsumQ
  C   rules=   3  uses=    3  LinearQ
  B   rules=   3  uses=    3  PosQ
  C   rules=   3  uses=    3  RationalFunctionQ
  C   rules=   3  uses=    3  SumQ
  C   rules=   2  uses=    2  BinomialQ
  b   rules=   2  uses=    2  FractionQ
  B   rules=   2  uses=    2  NegQ
  b   rules=   2  uses=    2  RationalQ
  U   rules=   2  uses=    2  SubstForFractionalPowerQ
  C   rules=   2  uses=    2  SumSimplerQ
  B   rules=   1  uses=    1  GeQ
  B   rules=   1  uses=    1  LeQ
  U   rules=   1  uses=    1  PolynomialInQ
  U   rules=   1  uses=    1  SimplerIntegrandQ
  b   rules=   1  uses=    1  Simplify

== replacement tokens: tier | rules | uses | token (U = unlistied) ==
  b   rules=  97  uses=  120  Int
  b   rules=  67  uses=   67  With
  b   rules=  56  uses=   65  Subst
  b   rules=  30  uses=   48  Simplify
  B   rules=  26  uses=   49  D
  U   rules=  16  uses=   16  DerivativeDivides
  U   rules=  15  uses=   35  Derivative
  B   rules=  15  uses=   45  Sqrt
  U   rules=  13  uses=   22  F
  b   rules=  12  uses=   12  SimplifyIntegrand
  b   rules=  12  uses=   12  SubstFor
  B   rules=   9  uses=    9  Hold
  b   rules=   9  uses=    9  ShowStep
  B   rules=   8  uses=   11  Log
  b   rules=   7  uses=   21  FracPart
  b   rules=   7  uses=   12  Rt
  U   rules=   6  uses=    6  FunctionOfSquareRootOfQuadratic
  U   rules=   5  uses=    5  NormalizeIntegrand
  b   rules=   4  uses=    4  ExpandIntegrand
  b   rules=   4  uses=    4  IntPart
  b   rules=   4  uses=    4  Module
  U   rules=   4  uses=    4  PowerVariableExpn
  U   rules=   4  uses=    4  SubstForFractionalPowerOfLinear
  B   rules=   3  uses=    4  Cos
  B   rules=   3  uses=    4  Sin
  B   rules=   3  uses=    4  Together
  B   rules=   2  uses=    2  ArcTan
  B   rules=   2  uses=    2  ArcTanh
  U   rules=   2  uses=    2  FunctionOfLinear
  B   rules=   2  uses=    2  Hypergeometric2F1
  b   rules=   2  uses=    2  RationalFunctionExpand
  b   rules=   2  uses=    2  RemoveContent
  U   rules=   2  uses=    2  SubstForFractionalPowerOfQuotientOfLinears
  B   rules=   2  uses=    2  Sum
  b   rules=   2  uses=    2  Unintegrable
  B   rules=   1  uses=    1  CannotIntegrate
  B   rules=   1  uses=    1  Denominator
  B   rules=   1  uses=    1  GCD
  U   rules=   1  uses=    1  PolynomialInSubst
  B   rules=   1  uses=    1  ReplaceAll
  b   rules=   1  uses=    1  SubstPower

== pattern features ==
      2  head in pattern: Cos
     18  head in pattern: Derivative
      2  head in pattern: Log
      2  head in pattern: Sin
     11  head in pattern: Sqrt
     73  optional captures
     20  power of capture/x in pattern
    115  x_Symbol

== C-tier tokens in conditions/rules (rules containing) ==
    38  FalseQ
    19  PiecewiseLinearQ
    12  FunctionOfQ
     8  Derivative
     6  EulerIntegrandQ
     4  AlgebraicFunctionQ
     4  DerivativeDivides
     4  Divides
     4  NonsumQ
     3  LinearQ
     3  RationalFunctionQ
     3  SumQ
     2  BinomialQ
     2  SubstForFractionalPowerQ
     2  SumSimplerQ
     1  PolynomialInQ
     1  SimplerIntegrandQ
== C-tier tokens in replacements ==
    16  DerivativeDivides
    15  Derivative
    13  F
     6  FunctionOfSquareRootOfQuadratic
     5  NormalizeIntegrand
     4  PowerVariableExpn
     4  SubstForFractionalPowerOfLinear
     2  FunctionOfLinear
     2  SubstForFractionalPowerOfQuotientOfLinears
     1  PolynomialInSubst
== UNLISTIED tokens (not in any tier — need triage) ==
    38  FalseQ
    23  Derivative
    20  DerivativeDivides
    19  PiecewiseLinearQ
    13  F
    12  FunctionOfQ
     6  EulerIntegrandQ
     6  FunctionOfSquareRootOfQuadratic
     5  NormalizeIntegrand
     4  Divides
     4  NonsumQ
     4  PowerVariableExpn
     4  SubstForFractionalPowerOfLinear
     2  FunctionOfLinear
     2  SubstForFractionalPowerOfQuotientOfLinears
     2  SubstForFractionalPowerQ
     1  PolynomialInQ
     1  PolynomialInSubst
     1  SimplerIntegrandQ

== manual bucket by file (rules / distinct token-sets) ==
  rules= 54  distinct-sets=26  9 Miscellaneous/9.3 Miscellaneous integration rules.m
  rules= 19  distinct-sets=3  9 Miscellaneous/9.2 Piecewise linear functions.m
  rules= 18  distinct-sets=3  9 Miscellaneous/9.1 Derivative integration rules.m

== C-tier token examples (first 2 rules each) ==
  [AlgebraicFunctionQ] 9 Miscellaneous/9.3 Miscellaneous integration rules.m :: Int[u_*(a_.+b_.*x_^n_.+c_.*x_^n2_.)^p_,x_Symbol]   | cond: FreeQ[{a,b,c,n,p},x] && EqQ[n2,2*n] && EqQ[b^2-4*a*c,0] && Not[IntegerQ[p]] && N
  [BinomialQ] 9 Miscellaneous/9.3 Miscellaneous integration rules.m :: Int[u_.*(a_.+b_.*x_^m_.*v_^n_)^p_,x_Symbol]   | cond: FreeQ[{a,b,m,p},x] && Not[IntegerQ[p]] && ILtQ[n,0] && BinomialQ[v,x]
  [Derivative] 9 Miscellaneous/9.1 Derivative integration rules.m :: Int[(c_.*F_^(a_.+b_.*x_))^p_.*Derivative[n_][f_][x_],x_Symbol]   | cond: FreeQ[{a,b,c,f,F,p},x] && IGtQ[n,0]
  [DerivativeDivides] 9 Miscellaneous/9.3 Miscellaneous integration rules.m :: Int[u_/(y_*w_),x_Symbol]   | cond: Not[FalseQ[q]]]
  [Divides] 9 Miscellaneous/9.3 Miscellaneous integration rules.m :: Int[u_.*v_^m_.*(a_.+b_.*y_^n_+c_.*w_^n2_.)^p_.,x_Symbol]   | cond: Not[FalseQ[r=Divides[y^m,v^m,x]]] && Not[FalseQ[q=DerivativeDivides[y,u,x]]]] /;
  [EulerIntegrandQ] 9 Miscellaneous/9.3 Miscellaneous integration rules.m :: Int[u_,x_Symbol]   | cond: Not[FalseQ[lst]] && EqQ[lst[[3]],1]] /;
EulerIntegrandQ[u,x]]
  [F] 9 Miscellaneous/9.3 Miscellaneous integration rules.m :: Int[(a_.+b_.*F_[c_.*Sqrt[d_.+e_.*x_]/Sqrt[f_.+g_.*x_]])^n_./(A_.+C_.*x   | cond: FreeQ[{a,b,c,d,e,f,g,A,C,F},x] && EqQ[C*d*f-A*e*g,0] && EqQ[e*f+d*g,0] && IGtQ[n
  [FalseQ] 9 Miscellaneous/9.3 Miscellaneous integration rules.m :: Int[u_/(y_*w_),x_Symbol]   | cond: Not[FalseQ[q]]]
  [FunctionOfLinear] 9 Miscellaneous/9.3 Miscellaneous integration rules.m :: Int[u_,x_Symbol]   | cond: Not[FalseQ[lst]]]]
  [FunctionOfQ] 9 Miscellaneous/9.1 Derivative integration rules.m :: Int[u_*(a_.*Derivative[1][f_][x_]*g_[x_]+a_.*f_[x_]*Derivative[1][g_][   | cond: FreeQ[{a,f,g},x] && FunctionOfQ[f[x]*g[x],u,x]
  [FunctionOfSquareRootOfQuadratic] 9 Miscellaneous/9.3 Miscellaneous integration rules.m :: Int[u_,x_Symbol]   | cond: Not[FalseQ[lst]] && EqQ[lst[[3]],1]] /;
EulerIntegrandQ[u,x]]
  [LinearQ] 9 Miscellaneous/9.2 Piecewise linear functions.m :: Int[u_^n_.*(a_.+b_.*x_)^m_.*Log[a_.+b_.*x_],x_Symbol]   | cond: FreeQ[{a,b,m},x] && PiecewiseLinearQ[u,x] && Not[LinearQ[u,x]] && GtQ[n,0] && Ne
  [NonsumQ] 9 Miscellaneous/9.3 Miscellaneous integration rules.m :: Int[u_/x_,x_Symbol]   | cond: Not[FalseQ[lst]] && NeQ[lst[[2]],0]] /;
NonsumQ[u] && Not[RationalFunctionQ[u,x]
  [NormalizeIntegrand] 9 Miscellaneous/9.3 Miscellaneous integration rules.m :: Int[u_/x_,x_Symbol]   | cond: Not[FalseQ[lst]] && NeQ[lst[[2]],0]] /;
NonsumQ[u] && Not[RationalFunctionQ[u,x]
  [PiecewiseLinearQ] 9 Miscellaneous/9.2 Piecewise linear functions.m :: Int[v_/u_,x_Symbol]   | cond: NeQ[b*u-a*v,0]] /;
PiecewiseLinearQ[u,v,x]
  [PolynomialInQ] 9 Miscellaneous/9.3 Miscellaneous integration rules.m :: Int[v_/(a_+b_.*u_^n_.),x_Symbol]   | cond: FreeQ[{a,b},x] && IGtQ[n,0] && PolynomialInQ[v,u,x]
  [PolynomialInSubst] 9 Miscellaneous/9.3 Miscellaneous integration rules.m :: Int[v_/(a_+b_.*u_^n_.),x_Symbol]   | cond: FreeQ[{a,b},x] && IGtQ[n,0] && PolynomialInQ[v,u,x]
  [PowerVariableExpn] 9 Miscellaneous/9.3 Miscellaneous integration rules.m :: Int[u_/x_,x_Symbol]   | cond: Not[FalseQ[lst]] && NeQ[lst[[2]],0]] /;
NonsumQ[u] && Not[RationalFunctionQ[u,x]
  [RationalFunctionQ] 9 Miscellaneous/9.3 Miscellaneous integration rules.m :: Int[u_/x_,x_Symbol]   | cond: Not[FalseQ[lst]] && NeQ[lst[[2]],0]] /;
SimplifyFlag && NonsumQ[u] && Not[Ration
  [SimplerIntegrandQ] 9 Miscellaneous/9.3 Miscellaneous integration rules.m :: Int[u_,x_Symbol]   | cond: SimplerIntegrandQ[v,u,x]]
  [SubstForFractionalPowerOfLinear] 9 Miscellaneous/9.3 Miscellaneous integration rules.m :: Int[u_,x_Symbol]   | cond: Not[FalseQ[lst]] && SubstForFractionalPowerQ[u,lst[[3]],x]]]
  [SubstForFractionalPowerOfQuotientOfLinears] 9 Miscellaneous/9.3 Miscellaneous integration rules.m :: Int[u_,x_Symbol]   | cond: Not[FalseQ[lst]]]]
  [SubstForFractionalPowerQ] 9 Miscellaneous/9.3 Miscellaneous integration rules.m :: Int[u_,x_Symbol]   | cond: Not[FalseQ[lst]] && SubstForFractionalPowerQ[u,lst[[3]],x]]]
  [SumQ] 9 Miscellaneous/9.3 Miscellaneous integration rules.m :: Int[u_/(a_.+b_.*x_^n_.+c_.*x_^n2_.),x_Symbol]   | cond: SumQ[v]] /;
FreeQ[{a,b,c},x] && EqQ[n2,2*n] && IGtQ[n,0]
  [SumSimplerQ] 9 Miscellaneous/9.2 Piecewise linear functions.m :: Int[u_^m_*v_^n_,x_Symbol]   | cond: NeQ[b*u-a*v,0]] /;
PiecewiseLinearQ[u,v,x] && Not[RationalQ[m]] && SumSimplerQ[m
