# class-8 rule syntax census, 2026-09-24
=== class-8 rule syntax census (only Rubi.m-loaded files) ===
loaded rule files: 9   rules: 307   with /; condition: 307
optional-capture histogram (rules by # distinct a_. names):
  0 optional names: 3 rules
  1 optional names: 17 rules
  2 optional names: 66 rules
  3 optional names: 41 rules
  4 optional names: 55 rules
  5 optional names: 64 rules
  6 optional names: 21 rules
  7 optional names: 32 rules
  8 optional names: 3 rules
  9 optional names: 2 rules
  10 optional names: 3 rules

rule classification: AUTO (tokens all BUILTIN/B_TIER): 1 (  0.3%)
                      MANUAL (>=1 C-tier token/exotic pattern): 306 ( 99.7%)

== condition tokens: tier | rules | uses | token (U = unlistied) ==
  B   rules= 306  uses=  306  FreeQ
  b   rules=  66  uses=   68  EqQ
  b   rules=  53  uses=   61  NeQ
  B   rules=  47  uses=   49  IGtQ
  B   rules=  29  uses=   30  ILtQ
  B   rules=  21  uses=   24  IntegerQ
  B   rules=  15  uses=   16  GtQ
  B   rules=  13  uses=   13  LtQ
  B   rules=   8  uses=    8  Not
  U   rules=   6  uses=    6  MemberQ
  C   rules=   4  uses=    4  PolyQ
  b   rules=   4  uses=    6  Simplify
  B   rules=   3  uses=    3  NegQ
  B   rules=   3  uses=    3  PosQ
  U   rules=   2  uses=    2  FalseQ
  b   rules=   1  uses=    1  Coeff
  U   rules=   1  uses=    1  FunctionOfQ
  b   rules=   1  uses=    1  IntegersQ
  U   rules=   1  uses=    1  InverseFunctionFreeQ
  U   rules=   1  uses=    1  ProductLog
  b   rules=   1  uses=    1  RationalQ

== replacement tokens: tier | rules | uses | token (U = unlistied) ==
  b   rules= 206  uses=  274  Int
  B   rules=  59  uses=  107  Log
  B   rules=  46  uses=   50  Sqrt
  U   rules=  44  uses=   85  ProductLog
  B   rules=  42  uses=   66  Sin
  B   rules=  40  uses=   62  Cos
  b   rules=  35  uses=   35  Unintegrable
  b   rules=  31  uses=   31  Subst
  U   rules=  29  uses=   41  Erf
  U   rules=  26  uses=   34  FresnelC
  U   rules=  26  uses=   34  FresnelS
  U   rules=  26  uses=   42  PolyLog
  U   rules=  22  uses=   30  Erfi
  U   rules=  19  uses=   27  Erfc
  U   rules=  19  uses=   23  Gamma
  U   rules=  17  uses=   29  Cosh
  U   rules=  17  uses=   24  ExpIntegralEi
  B   rules=  17  uses=   29  Sinh
  U   rules=  16  uses=   22  HypergeometricPFQ
  U   rules=  13  uses=   21  CosIntegral
  U   rules=  13  uses=   21  CoshIntegral
  b   rules=  13  uses=   17  ExpandIntegrand
  U   rules=  13  uses=   21  SinIntegral
  U   rules=  13  uses=   21  SinhIntegral
  U   rules=   8  uses=   14  ExpIntegralE
  U   rules=   8  uses=   11  PolyGamma
  U   rules=   6  uses=    6  F
  b   rules=   6  uses=   12  Rt
  U   rules=   4  uses=    4  LogIntegral
  b   rules=   4  uses=    4  With
  U   rules=   3  uses=    5  Zeta
  U   rules=   2  uses=    2  DerivativeDivides
  b   rules=   2  uses=    2  IntHide
  b   rules=   2  uses=    2  SimplifyIntegrand
  U   rules=   1  uses=    1  Block
  b   rules=   1  uses=    2  Coeff
  B   rules=   1  uses=    1  D
  U   rules=   1  uses=    1  LogGamma
  b   rules=   1  uses=    1  SubstFor

== pattern features ==
     23  head in pattern: Cos
     14  head in pattern: CosIntegral
      9  head in pattern: Cosh
     14  head in pattern: CoshIntegral
     22  head in pattern: Erf
     22  head in pattern: Erfc
     22  head in pattern: Erfi
      9  head in pattern: ExpIntegralE
     13  head in pattern: ExpIntegralEi
     27  head in pattern: FresnelC
     27  head in pattern: FresnelS
     16  head in pattern: Gamma
     42  head in pattern: Log
      3  head in pattern: LogGamma
      4  head in pattern: LogIntegral
      6  head in pattern: PolyGamma
     26  head in pattern: PolyLog
     43  head in pattern: ProductLog
     23  head in pattern: Sin
     14  head in pattern: SinIntegral
      9  head in pattern: Sinh
     14  head in pattern: SinhIntegral
      2  head in pattern: Sqrt
      5  head in pattern: Zeta
    304  optional captures
    153  power of capture/x in pattern
    307  x_Symbol

== C-tier tokens in conditions/rules (rules containing) ==
     6  MemberQ
     4  PolyQ
     2  FalseQ
     1  FunctionOfQ
     1  InverseFunctionFreeQ
     1  ProductLog
== C-tier tokens in replacements ==
    44  ProductLog
    29  Erf
    26  FresnelC
    26  FresnelS
    26  PolyLog
    22  Erfi
    19  Erfc
    19  Gamma
    17  Cosh
    17  ExpIntegralEi
    16  HypergeometricPFQ
    13  CosIntegral
    13  CoshIntegral
    13  SinIntegral
    13  SinhIntegral
     8  ExpIntegralE
     8  PolyGamma
     6  F
     4  LogIntegral
     3  Zeta
     2  DerivativeDivides
     1  Block
     1  LogGamma
== UNLISTIED tokens (not in any tier — need triage) ==
    45  ProductLog
    29  Erf
    26  FresnelC
    26  FresnelS
    26  PolyLog
    22  Erfi
    19  Erfc
    19  Gamma
    17  Cosh
    17  ExpIntegralEi
    16  HypergeometricPFQ
    13  CosIntegral
    13  CoshIntegral
    13  SinIntegral
    13  SinhIntegral
     8  ExpIntegralE
     8  PolyGamma
     6  F
     6  MemberQ
     4  LogIntegral
     3  Zeta
     2  DerivativeDivides
     2  FalseQ
     1  Block
     1  FunctionOfQ
     1  InverseFunctionFreeQ
     1  LogGamma

== manual bucket by file (rules / distinct token-sets) ==
  rules= 69  distinct-sets=5  8 Special functions/8.1 Error functions.m
  rules= 55  distinct-sets=5  8 Special functions/8.2 Fresnel integral functions.m
  rules= 44  distinct-sets=6  8 Special functions/8.9 Product logarithm function.m
  rules= 29  distinct-sets=4  8 Special functions/8.4 Trig integral functions.m
  rules= 29  distinct-sets=6  8 Special functions/8.5 Hyperbolic integral functions.m
  rules= 26  distinct-sets=7  8 Special functions/8.3 Exponential integral functions.m
  rules= 26  distinct-sets=4  8 Special functions/8.8 Polylogarithm function.m
  rules= 23  distinct-sets=6  8 Special functions/8.6 Gamma functions.m
  rules=  5  distinct-sets=2  8 Special functions/8.7 Zeta function.m

== C-tier token examples (first 2 rules each) ==
  [Block] 8 Special functions/8.6 Gamma functions.m :: Int[(c_. + d_.*x_)^m_.*Gamma[n_, a_. + b_.*x_], x_Symbol]   | cond: FreeQ[{a, b, c, d, m, n}, x] && (IGtQ[m, 0] || IGtQ[n, 0] || IntegersQ[m, n]) &&
  [CosIntegral] 8 Special functions/8.4 Trig integral functions.m :: Int[(c_. + d_.*x_)^m_.*CosIntegral[a_. + b_.*x_], x_Symbol]   | cond: FreeQ[{a, b, c, d, m}, x] && NeQ[m, -1]
  [Cosh] 8 Special functions/8.5 Hyperbolic integral functions.m :: Int[(c_. + d_.*x_)^m_.*CoshIntegral[a_. + b_.*x_], x_Symbol]   | cond: FreeQ[{a, b, c, d, m}, x] && NeQ[m, -1]
  [CoshIntegral] 8 Special functions/8.5 Hyperbolic integral functions.m :: Int[(c_. + d_.*x_)^m_.*CoshIntegral[a_. + b_.*x_], x_Symbol]   | cond: FreeQ[{a, b, c, d, m}, x] && NeQ[m, -1]
  [DerivativeDivides] 8 Special functions/8.8 Polylogarithm function.m :: Int[u_*Log[w_]*PolyLog[n_, v_], x_Symbol]   | cond: Not[FalseQ[z]]] /; FreeQ[n, x] && InverseFunctionFreeQ[w, x]
  [Erf] 8 Special functions/8.1 Error functions.m :: Int[Erf[a_. + b_.*x_]^2, x_Symbol]   | cond: FreeQ[{a, b}, x]
  [Erfc] 8 Special functions/8.1 Error functions.m :: Int[Erfc[a_. + b_.*x_]^2, x_Symbol]   | cond: FreeQ[{a, b}, x]
  [Erfi] 8 Special functions/8.1 Error functions.m :: Int[Erfi[a_. + b_.*x_]^2, x_Symbol]   | cond: FreeQ[{a, b}, x]
  [ExpIntegralE] 8 Special functions/8.3 Exponential integral functions.m :: Int[x_^m_.*ExpIntegralE[n_, b_.*x_], x_Symbol]   | cond: FreeQ[b, x] && EqQ[m + n, 0] && IGtQ[m, 0]
  [ExpIntegralEi] 8 Special functions/8.3 Exponential integral functions.m :: Int[ExpIntegralEi[b_.*x_]/x_, x_Symbol]   | cond: FreeQ[b, x]
  [F] 8 Special functions/8.1 Error functions.m :: Int[F_[f_.*(a_. + b_.*Log[c_.*(d_ + e_.*x_)^n_.])], x_Symbol]   | cond: FreeQ[{a, b, c, d, e, f, n}, x] && MemberQ[{Erf, Erfc, Erfi, FresnelS, FresnelC,
  [FalseQ] 8 Special functions/8.8 Polylogarithm function.m :: Int[u_*Log[w_]*PolyLog[n_, v_], x_Symbol]   | cond: Not[FalseQ[z]]] /; FreeQ[n, x] && InverseFunctionFreeQ[w, x]
  [FresnelC] 8 Special functions/8.2 Fresnel integral functions.m :: Int[FresnelC[a_. + b_.*x_]^2, x_Symbol]   | cond: FreeQ[{a, b}, x]
  [FresnelS] 8 Special functions/8.2 Fresnel integral functions.m :: Int[FresnelS[a_. + b_.*x_]^2, x_Symbol]   | cond: FreeQ[{a, b}, x]
  [FunctionOfQ] 8 Special functions/8.9 Product logarithm function.m :: Int[u_, x_Symbol]   | cond: FunctionOfQ[ProductLog[x], u, x]
  [Gamma] 8 Special functions/8.6 Gamma functions.m :: Int[Gamma[n_, a_. + b_.*x_], x_Symbol]   | cond: FreeQ[{a, b, n}, x]
  [HypergeometricPFQ] 8 Special functions/8.1 Error functions.m :: Int[Erfi[b_.*x_]/x_, x_Symbol]   | cond: FreeQ[b, x]
  [InverseFunctionFreeQ] 8 Special functions/8.8 Polylogarithm function.m :: Int[u_*Log[w_]*PolyLog[n_, v_], x_Symbol]   | cond: Not[FalseQ[z]]] /; FreeQ[n, x] && InverseFunctionFreeQ[w, x]
  [LogGamma] 8 Special functions/8.6 Gamma functions.m :: Int[(c_. + d_.*x_)^m_.*LogGamma[a_. + b_.*x_], x_Symbol]   | cond: FreeQ[{a, b, c, d, m}, x]
  [LogIntegral] 8 Special functions/8.3 Exponential integral functions.m :: Int[LogIntegral[b_.*x_]/x_, x_Symbol]   | cond: FreeQ[b, x]
  [MemberQ] 8 Special functions/8.1 Error functions.m :: Int[F_[f_.*(a_. + b_.*Log[c_.*(d_ + e_.*x_)^n_.])], x_Symbol]   | cond: FreeQ[{a, b, c, d, e, f, n}, x] && MemberQ[{Erf, Erfc, Erfi, FresnelS, FresnelC,
  [PolyGamma] 8 Special functions/8.6 Gamma functions.m :: Int[(c_. + d_.*x_)^m_.*LogGamma[a_. + b_.*x_], x_Symbol]   | cond: FreeQ[{a, b, c, d}, x] && IGtQ[m, 0]
  [PolyLog] 8 Special functions/8.8 Polylogarithm function.m :: Int[PolyLog[n_, a_.*(b_.*x_^p_.)^q_.], x_Symbol]   | cond: FreeQ[{a, b, p, q}, x] && LtQ[n, -1]
  [PolyQ] 8 Special functions/8.8 Polylogarithm function.m :: Int[x_^m_*Px_*(g_. + h_.*Log[1 + e_.*x_])*PolyLog[2, c_.*x_], x_Symbol   | cond: FreeQ[{c, e, g, h}, x] && PolyQ[Px, x] && ILtQ[m, 0] && EqQ[c + e, 0] && NeQ[Coe
  [ProductLog] 8 Special functions/8.9 Product logarithm function.m :: Int[(c_.*ProductLog[a_. + b_.*x_])^p_., x_Symbol]   | cond: FreeQ[{a, b, c}, x] && Not[LtQ[p, -1]]
  [SinIntegral] 8 Special functions/8.4 Trig integral functions.m :: Int[(c_. + d_.*x_)^m_.*SinIntegral[a_. + b_.*x_], x_Symbol]   | cond: FreeQ[{a, b, c, d, m}, x] && NeQ[m, -1]
  [SinhIntegral] 8 Special functions/8.5 Hyperbolic integral functions.m :: Int[(c_. + d_.*x_)^m_.*SinhIntegral[a_. + b_.*x_], x_Symbol]   | cond: FreeQ[{a, b, c, d, m}, x] && NeQ[m, -1]
  [Zeta] 8 Special functions/8.7 Zeta function.m :: Int[(c_. + d_.*x_)^m_.*Zeta[s_, a_. + b_.*x_], x_Symbol]   | cond: FreeQ[{a, b, c, d, s}, x] && NeQ[s, 1] && NeQ[s, 2] && GtQ[m, 0]

=== class-8 port: token closure against translation_table.py ===
files: 10   rules: 328   LoadShowSteps lines: 0
    69  8.1 Error functions
    55  8.2 Fresnel integral functions
    26  8.3 Exponential integral functions
    29  8.4 Trig integral functions
    29  8.5 Hyperbolic integral functions
    24  8.6 Gamma functions
     5  8.7 Zeta function
    26  8.8 Polylogarithm function
    44  8.9 Product logarithm function
    21  9.1 Derivative integration rules

== head variables (pattern variables in head position) ==
  F        uses=6

== tokens the table translates: 45 ==
  rules= 328 uses= 619  Int -> mr_int
  rules= 327 uses= 327  FreeQ -> freeof
  rules=  75 uses=  85  EqQ -> %mr_eqQ
  rules=  63 uses= 153  Log -> log
  rules=  55 uses=  91  Cos -> cos
  rules=  55 uses=  95  Sin -> sin
  rules=  53 uses=  61  NeQ -> %mr_neQ
  rules=  50 uses=  52  IGtQ -> cmp
  rules=  46 uses=  52  Sqrt -> sqrt
  rules=  42 uses=  42  Subst -> %mr_subst
  rules=  35 uses=  35  Unintegrable -> noun
  rules=  32 uses=  63  Erf -> erf
  rules=  32 uses=  33  ILtQ -> cmp
  rules=  26 uses=  68  PolyLog -> polylog
  rules=  25 uses=  52  Erfi -> erfi
  rules=  22 uses=  38  Cosh -> cosh
  rules=  22 uses=  38  Sinh -> sinh
  rules=  21 uses=  24  IntegerQ -> integerp
  rules=  20 uses=  39  Gamma -> gamma_incomplete
  rules=  17 uses=  37  ExpIntegralEi -> expintegral_ei
  rules=  15 uses=  16  GtQ -> cmp
  rules=  14 uses=  35  CoshIntegral -> expintegral_chi
  rules=  14 uses=  35  SinhIntegral -> expintegral_shi
  rules=  13 uses=  17  ExpandIntegrand -> %mr_expandIntegrand
  rules=  13 uses=  13  LtQ -> cmp
  rules=  13 uses=  13  SimplifyIntegrand -> %mr_simp
  rules=  12 uses=  12  FunctionOfQ -> %mr_functionOfQ
  rules=  12 uses=  12  SubstFor -> %mr_substFor
  rules=   8 uses=   8  Not -> not
  rules=   6 uses=   6  MemberQ -> %mr_memberQ
  rules=   6 uses=  12  Rt -> %mr_rt
  rules=   4 uses=   8  LogIntegral -> expintegral_li
  rules=   4 uses=   6  Simplify -> %mr_simp
  rules=   4 uses=   4  With -> block
  rules=   3 uses=   4  LogGamma -> loggamma
  rules=   3 uses=   3  NegQ -> %mr_negQ
  rules=   3 uses=   3  PosQ -> %mr_posQ
  rules=   2 uses=   2  DerivativeDivides -> %mr_derivativeDivides
  rules=   2 uses=   2  FalseQ -> %mr_falseQ
  rules=   2 uses=   2  IntHide -> mr_int
  rules=   1 uses=   3  Coeff -> %mr_coeff
  rules=   1 uses=   1  D -> diff
  rules=   1 uses=   1  IntegersQ -> %mr_integersQ
  rules=   1 uses=   1  InverseFunctionFreeQ -> %mr_inverseFunctionFreeQ
  rules=   1 uses=   1  RationalQ -> %mr_rationalQ

== UNLISTED tokens (adjudicate on the ticket): 13 ==
  rules=  44 uses= 153  ProductLog               first at 8.9 Product logarithm function r1
  rules=  28 uses=  61  FresnelC                 first at 8.2 Fresnel integral functions r2
  rules=  28 uses=  61  FresnelS                 first at 8.2 Fresnel integral functions r1
  rules=  22 uses=  49  Erfc                     first at 8.1 Error functions r2
  rules=  18 uses=  89  Derivative               first at 9.1 Derivative integration rules r1
  rules=  16 uses=  22  HypergeometricPFQ        first at 8.1 Error functions r10
  rules=  14 uses=  35  CosIntegral              first at 8.4 Trig integral functions r2
  rules=  14 uses=  35  SinIntegral              first at 8.4 Trig integral functions r1
  rules=  10 uses=  23  ExpIntegralE             first at 8.3 Exponential integral functions r1
  rules=  10 uses=  17  PolyGamma                first at 8.6 Gamma functions r11
  rules=   5 uses=  10  Zeta                     first at 8.7 Zeta function r1
  rules=   4 uses=   4  PolyQ                    first at 8.8 Polylogarithm function r19
  rules=   1 uses=   1  Block                    first at 8.6 Gamma functions r9
