# class-5 rule syntax census, 2026-09-24
=== class-5 rule syntax census (only Rubi.m-loaded files) ===
loaded rule files: 15   rules: 665   with /; condition: 665
optional-capture histogram (rules by # distinct a_. names):
  0 optional names: 10 rules
  1 optional names: 9 rules
  2 optional names: 35 rules
  3 optional names: 97 rules
  4 optional names: 118 rules
  5 optional names: 152 rules
  6 optional names: 122 rules
  7 optional names: 78 rules
  8 optional names: 36 rules
  9 optional names: 4 rules
  11 optional names: 4 rules

rule classification: AUTO (tokens all BUILTIN/B_TIER): 361 ( 54.3%)
                      MANUAL (>=1 C-tier token/exotic pattern): 304 ( 45.7%)

== condition tokens: tier | rules | uses | token (U = unlistied) ==
  B   rules= 654  uses=  671  FreeQ
  b   rules= 355  uses=  434  EqQ
  B   rules= 260  uses=  294  IGtQ
  B   rules= 166  uses=  188  GtQ
  B   rules= 163  uses=  235  IntegerQ
  b   rules= 122  uses=  129  NeQ
  B   rules= 113  uses=  150  Not
  B   rules=  90  uses=   94  LtQ
  B   rules=  55  uses=   70  ILtQ
  U   rules=  26  uses=   38  InverseFunctionFreeQ
  C   rules=  12  uses=   12  PolynomialQ
  B   rules=  10  uses=   10  GeQ
  b   rules=  10  uses=   10  RationalQ
  C   rules=  10  uses=   10  SumQ
  b   rules=   9  uses=    9  IntegersQ
  C   rules=   9  uses=   18  MatchQ
  b   rules=   8  uses=    8  FractionQ
  U   rules=   8  uses=    8  FunctionOfExponentialQ
  U   rules=   8  uses=    8  HalfIntegerQ
  C   rules=   8  uses=    8  RationalFunctionQ
  U   rules=   6  uses=    6  FunctionOfQ
  U   rules=   5  uses=    8  FalseQ
  B   rules=   5  uses=    5  LeQ
  b   rules=   3  uses=    4  Simplify
  U   rules=   2  uses=    3  ArcCot
  B   rules=   2  uses=    3  ArcTan
  B   rules=   2  uses=    6  D
  U   rules=   2  uses=    2  FunctionOfLinear
  U   rules=   2  uses=    2  IGeQ
  U   rules=   2  uses=    2  PowerVariableExpn
  B   rules=   1  uses=    8  Coefficient
  U   rules=   1  uses=    1  Cot
  b   rules=   1  uses=    2  Csc
  U   rules=   1  uses=   12  Discriminant
  U   rules=   1  uses=    4  Head
  B   rules=   1  uses=    2  Hold
  B   rules=   1  uses=    2  If
  b   rules=   1  uses=   12  Int
  U   rules=   1  uses=    4  InverseFunctionOfLinear
  C   rules=   1  uses=    2  LinearQ
  B   rules=   1  uses=    4  NegQ
  C   rules=   1  uses=    4  QuadraticQ
  b   rules=   1  uses=    2  Sec
  b   rules=   1  uses=    2  ShowStep
  b   rules=   1  uses=    4  SimplifyIntegrand
  b   rules=   1  uses=    6  Subst
  U   rules=   1  uses=    4  SubstForInverseFunction
  U   rules=   1  uses=    1  Tan
  U   rules=   1  uses=    2  TrueQ
  b   rules=   1  uses=    4  With

== replacement tokens: tier | rules | uses | token (U = unlistied) ==
  b   rules= 589  uses=  721  Int
  B   rules= 191  uses=  470  Sqrt
  B   rules= 170  uses=  254  ArcTan
  U   rules= 164  uses=  248  ArcCot
  B   rules= 117  uses=  199  ArcCos
  b   rules= 115  uses=  115  Subst
  B   rules= 112  uses=  192  ArcSin
  B   rules=  76  uses=  162  Log
  b   rules=  68  uses=   68  With
  b   rules=  60  uses=   60  ExpandIntegrand
  b   rules=  56  uses=   68  Simp
  b   rules=  54  uses=   60  SimplifyIntegrand
  b   rules=  50  uses=   54  Dist
  b   rules=  50  uses=   50  IntHide
  B   rules=  37  uses=   60  Cos
  B   rules=  37  uses=   60  Sin
  b   rules=  28  uses=   28  Unintegrable
  U   rules=  23  uses=   31  ArcCsc
  U   rules=  23  uses=   31  ArcSec
  B   rules=  22  uses=   26  D
  U   rules=  16  uses=   16  Cot
  U   rules=  16  uses=   44  PolyLog
  U   rules=  15  uses=   15  Tan
  U   rules=  12  uses=   12  Coth
  B   rules=  12  uses=   12  Tanh
  U   rules=   9  uses=    9  FresnelC
  U   rules=   9  uses=    9  FresnelS
  B   rules=   8  uses=    8  Denominator
  b   rules=   8  uses=   19  FracPart
  b   rules=   8  uses=    8  IntPart
  U   rules=   8  uses=    8  Sech
  b   rules=   7  uses=    9  Csc
  b   rules=   7  uses=    9  Sec
  U   rules=   6  uses=    6  CosIntegral
  U   rules=   6  uses=    6  SinIntegral
  B   rules=   4  uses=    4  ReplaceAll
  B   rules=   3  uses=    4  ArcTanh
  U   rules=   2  uses=    2  ExpandExpression
  U   rules=   2  uses=    2  ExpandTrigReduce
  B   rules=   2  uses=    2  Hypergeometric2F1
  U   rules=   2  uses=    2  HypergeometricPFQ
  b   rules=   2  uses=    2  RemoveContent
  b   rules=   2  uses=    8  Rt
  b   rules=   2  uses=    2  Simplify
  U   rules=   1  uses=    2  ArcCoth

== pattern features ==
    110  head in pattern: ArcCos
    192  head in pattern: ArcCot
      4  head in pattern: ArcCoth
     30  head in pattern: ArcCsc
     30  head in pattern: ArcSec
    105  head in pattern: ArcSin
    198  head in pattern: ArcTan
      3  head in pattern: ArcTanh
      8  head in pattern: Cot
     12  head in pattern: Coth
     35  head in pattern: Log
      4  head in pattern: PolyLog
     70  head in pattern: Sqrt
      8  head in pattern: Tan
     12  head in pattern: Tanh
    655  optional captures
    445  power of capture/x in pattern
    665  x_Symbol

== C-tier tokens in conditions/rules (rules containing) ==
    26  InverseFunctionFreeQ
    12  PolynomialQ
    10  SumQ
     9  MatchQ
     8  FunctionOfExponentialQ
     8  HalfIntegerQ
     8  RationalFunctionQ
     6  FunctionOfQ
     5  FalseQ
     2  ArcCot
     2  FunctionOfLinear
     2  IGeQ
     2  PowerVariableExpn
     1  Cot
     1  Discriminant
     1  Head
     1  InverseFunctionOfLinear
     1  LinearQ
     1  QuadraticQ
     1  SubstForInverseFunction
     1  Tan
     1  TrueQ
== C-tier tokens in replacements ==
   164  ArcCot
    23  ArcCsc
    23  ArcSec
    16  Cot
    16  PolyLog
    15  Tan
    12  Coth
     9  FresnelC
     9  FresnelS
     8  Sech
     6  CosIntegral
     6  SinIntegral
     2  ExpandExpression
     2  ExpandTrigReduce
     2  HypergeometricPFQ
     1  ArcCoth
== UNLISTIED tokens (not in any tier — need triage) ==
   166  ArcCot
    26  InverseFunctionFreeQ
    23  ArcCsc
    23  ArcSec
    17  Cot
    16  PolyLog
    16  Tan
    12  Coth
     9  FresnelC
     9  FresnelS
     8  FunctionOfExponentialQ
     8  HalfIntegerQ
     8  Sech
     6  CosIntegral
     6  FunctionOfQ
     6  SinIntegral
     5  FalseQ
     2  ExpandExpression
     2  ExpandTrigReduce
     2  FunctionOfLinear
     2  HypergeometricPFQ
     2  IGeQ
     2  PowerVariableExpn
     1  ArcCoth
     1  Discriminant
     1  Head
     1  InverseFunctionOfLinear
     1  SubstForInverseFunction
     1  TrueQ

== manual bucket by file (rules / distinct token-sets) ==
  rules= 87  distinct-sets=8  5 Inverse trig functions/5.3 Inverse tangent/5.3.4 u (a+b arctan(c x))^p.m
  rules= 57  distinct-sets=19  5 Inverse trig functions/5.3 Inverse tangent/5.3.7 Miscellaneous inverse tangent.m
  rules= 25  distinct-sets=9  5 Inverse trig functions/5.1 Inverse sine/5.1.6 Miscellaneous inverse sine.m
  rules= 22  distinct-sets=6  5 Inverse trig functions/5.1 Inverse sine/5.1.5 u (a+b arcsin(c x))^n.m
  rules= 22  distinct-sets=6  5 Inverse trig functions/5.5 Inverse secant/5.5.1 u (a+b arcsec(c x))^n.m
  rules= 22  distinct-sets=10  5 Inverse trig functions/5.5 Inverse secant/5.5.2 Miscellaneous inverse secant.m
  rules= 17  distinct-sets=2  5 Inverse trig functions/5.3 Inverse tangent/5.3.6 Exponentials of inverse tangent.m
  rules= 13  distinct-sets=3  5 Inverse trig functions/5.3 Inverse tangent/5.3.3 (d+e x)^m (a+b arctan(c x^n))^p.m
  rules= 10  distinct-sets=2  5 Inverse trig functions/5.3 Inverse tangent/5.3.2 (d x)^m (a+b arctan(c x^n))^p.m
  rules=  9  distinct-sets=1  5 Inverse trig functions/5.3 Inverse tangent/5.3.5 u (a+b arctan(c+d x))^p.m
  rules=  8  distinct-sets=4  5 Inverse trig functions/5.1 Inverse sine/5.1.4 (f x)^m (d+e x^2)^p (a+b arcsin(c x))^n.m
  rules=  4  distinct-sets=3  5 Inverse trig functions/5.1 Inverse sine/5.1.2 (d x)^m (a+b arcsin(c x))^n.m
  rules=  4  distinct-sets=1  5 Inverse trig functions/5.1 Inverse sine/5.1.3 (d+e x^2)^p (a+b arcsin(c x))^n.m
  rules=  4  distinct-sets=1  5 Inverse trig functions/5.3 Inverse tangent/5.3.1 (a+b arctan(c x^n))^p.m

== C-tier token examples (first 2 rules each) ==
  [ArcCot] 5 Inverse trig functions/5.3 Inverse tangent/5.3.1 (a+b arctan(c x^n))^p.m :: Int[(a_. + b_.*ArcTan[c_.*x_^n_])^p_, x_Symbol]   | cond: FreeQ[{a, b, c}, x] && IGtQ[p, 1] && ILtQ[n, 0]
  [ArcCoth] 5 Inverse trig functions/5.3 Inverse tangent/5.3.2 (d x)^m (a+b arctan(c x^n))^p.m :: Int[(a_. + b_.*ArcCot[c_.*x_])^p_/x_, x_Symbol]   | cond: FreeQ[{a, b, c}, x] && IGtQ[p, 1]
  [ArcCsc] 5 Inverse trig functions/5.5 Inverse secant/5.5.1 u (a+b arcsec(c x))^n.m :: Int[ArcCsc[c_.*x_], x_Symbol]   | cond: FreeQ[c, x]
  [ArcSec] 5 Inverse trig functions/5.5 Inverse secant/5.5.1 u (a+b arcsec(c x))^n.m :: Int[ArcSec[c_.*x_], x_Symbol]   | cond: FreeQ[c, x]
  [CosIntegral] 5 Inverse trig functions/5.1 Inverse sine/5.1.6 Miscellaneous inverse sine.m :: Int[1/(a_. + b_.*ArcCos[1 + d_.*x_^2]), x_Symbol]   | cond: FreeQ[{a, b, d}, x]
  [Cot] 5 Inverse trig functions/5.1 Inverse sine/5.1.4 (f x)^m (d+e x^2)^p (a+b arcsin(c x))^n.m :: Int[x_*(a_. + b_.*ArcCos[c_.*x_])^n_./(d_ + e_.*x_^2), x_Symbol]   | cond: FreeQ[{a, b, c, d, e}, x] && EqQ[c^2*d + e, 0] && IGtQ[n, 0]
  [Coth] 5 Inverse trig functions/5.3 Inverse tangent/5.3.7 Miscellaneous inverse tangent.m :: Int[ArcCot[Coth[a_. + b_.*x_]], x_Symbol]   | cond: FreeQ[{a, b}, x]
  [Discriminant] 5 Inverse trig functions/5.3 Inverse tangent/5.3.7 Miscellaneous inverse tangent.m :: Int[u_.*ArcCot[v_ + s_.*Sqrt[w_]], x_Symbol]   | cond: EqQ[s^2, 1] && EqQ[w, v^2 + 1]
If[TrueQ[$LoadShowSteps], Int[u_*v_^n_., x_Symbol
  [ExpandExpression] 5 Inverse trig functions/5.1 Inverse sine/5.1.5 u (a+b arcsin(c x))^n.m :: Int[Px_*(a_. + b_.*ArcCos[c_.*x_]), x_Symbol]   | cond: FreeQ[{a, b, c}, x] && PolynomialQ[Px, x]
  [ExpandTrigReduce] 5 Inverse trig functions/5.1 Inverse sine/5.1.2 (d x)^m (a+b arcsin(c x))^n.m :: Int[x_^m_.*(a_. + b_.*ArcCos[c_.*x_])^n_, x_Symbol]   | cond: FreeQ[{a, b, c}, x] && IGtQ[m, 0] && GeQ[n, -2] && LtQ[n, -1]
  [FalseQ] 5 Inverse trig functions/5.3 Inverse tangent/5.3.7 Miscellaneous inverse tangent.m :: Int[(c_. + d_.*x_)^m_.*(a_. + b_.*ArcTan[u_]), x_Symbol]   | cond: FreeQ[{a, b, c, d, m}, x] && NeQ[m, -1] && InverseFunctionFreeQ[u, x] && Not[Fun
  [FresnelC] 5 Inverse trig functions/5.1 Inverse sine/5.1.6 Miscellaneous inverse sine.m :: Int[Sqrt[a_. + b_.*ArcCos[1 + d_.*x_^2]], x_Symbol]   | cond: FreeQ[{a, b, d}, x]
  [FresnelS] 5 Inverse trig functions/5.1 Inverse sine/5.1.6 Miscellaneous inverse sine.m :: Int[Sqrt[a_. + b_.*ArcCos[1 + d_.*x_^2]], x_Symbol]   | cond: FreeQ[{a, b, d}, x]
  [FunctionOfExponentialQ] 5 Inverse trig functions/5.1 Inverse sine/5.1.6 Miscellaneous inverse sine.m :: Int[ArcCos[u_], x_Symbol]   | cond: InverseFunctionFreeQ[u, x] && Not[FunctionOfExponentialQ[u, x]]
  [FunctionOfLinear] 5 Inverse trig functions/5.3 Inverse tangent/5.3.7 Miscellaneous inverse tangent.m :: Int[v_*(a_. + b_.*ArcCot[u_]), x_Symbol]   | cond: InverseFunctionFreeQ[w, x]] /; FreeQ[{a, b}, x] && InverseFunctionFreeQ[u, x] &&
  [FunctionOfQ] 5 Inverse trig functions/5.1 Inverse sine/5.1.6 Miscellaneous inverse sine.m :: Int[(c_. + d_.*x_)^m_.*(a_. + b_.*ArcCos[u_]), x_Symbol]   | cond: FreeQ[{a, b, c, d, m}, x] && NeQ[m, -1] && InverseFunctionFreeQ[u, x] && Not[Fun
  [HalfIntegerQ] 5 Inverse trig functions/5.1 Inverse sine/5.1.3 (d+e x^2)^p (a+b arcsin(c x))^n.m :: Int[(d_ + e_.*x_)^p_*(f_ + g_.*x_)^q_*(a_. + b_.*ArcCos[c_.*x_])^n_.,    | cond: FreeQ[{a, b, c, d, e, f, g, n}, x] && EqQ[e*f + d*g, 0] && EqQ[c^2*d^2 - e^2, 0]
  [Head] 5 Inverse trig functions/5.3 Inverse tangent/5.3.7 Miscellaneous inverse tangent.m :: Int[u_.*ArcCot[v_ + s_.*Sqrt[w_]], x_Symbol]   | cond: EqQ[s^2, 1] && EqQ[w, v^2 + 1]
If[TrueQ[$LoadShowSteps], Int[u_*v_^n_., x_Symbol
  [HypergeometricPFQ] 5 Inverse trig functions/5.1 Inverse sine/5.1.4 (f x)^m (d+e x^2)^p (a+b arcsin(c x))^n.m :: Int[(f_.*x_)^m_*(a_. + b_.*ArcCos[c_.*x_])/Sqrt[d_ + e_.*x_^2], x_Symb   | cond: FreeQ[{a, b, c, d, e, f, m}, x] && EqQ[c^2*d + e, 0] && Not[IntegerQ[m]]
  [IGeQ] 5 Inverse trig functions/5.3 Inverse tangent/5.3.4 u (a+b arctan(c x))^p.m :: Int[(a_. + b_.*ArcTan[c_.*x_])^ q_.*(a_. + b_.*ArcCot[c_.*x_])^p_./(d_   | cond: FreeQ[{a, b, c, d, e}, x] && EqQ[e, c^2*d] && IGtQ[p, 0] && IGeQ[q, p]
  [InverseFunctionFreeQ] 5 Inverse trig functions/5.1 Inverse sine/5.1.5 u (a+b arcsin(c x))^n.m :: Int[u_*(a_. + b_.*ArcCos[c_.*x_]), x_Symbol]   | cond: InverseFunctionFreeQ[v, x]] /; FreeQ[{a, b, c}, x]
  [InverseFunctionOfLinear] 5 Inverse trig functions/5.3 Inverse tangent/5.3.7 Miscellaneous inverse tangent.m :: Int[u_.*ArcCot[v_ + s_.*Sqrt[w_]], x_Symbol]   | cond: EqQ[s^2, 1] && EqQ[w, v^2 + 1]
If[TrueQ[$LoadShowSteps], Int[u_*v_^n_., x_Symbol
  [LinearQ] 5 Inverse trig functions/5.3 Inverse tangent/5.3.7 Miscellaneous inverse tangent.m :: Int[ArcTan[v_]*Log[w_]/(a_. + b_.*x_), x_Symbol]   | cond: FreeQ[{a, b}, x] && LinearQ[v, x] && LinearQ[w, x] && EqQ[Simplify[D[v/(a + b*x)
  [MatchQ] 5 Inverse trig functions/5.1 Inverse sine/5.1.6 Miscellaneous inverse sine.m :: Int[v_*(a_. + b_.*ArcCos[u_]), x_Symbol]   | cond: InverseFunctionFreeQ[w, x]] /; FreeQ[{a, b}, x] && InverseFunctionFreeQ[u, x] &&
  [PolyLog] 5 Inverse trig functions/5.3 Inverse tangent/5.3.3 (d+e x)^m (a+b arctan(c x^n))^p.m :: Int[(a_. + b_.*ArcCot[c_.*x_])^2/(d_ + e_.*x_), x_Symbol]   | cond: FreeQ[{a, b, c, d, e}, x] && NeQ[c^2*d^2 + e^2, 0]
  [PolynomialQ] 5 Inverse trig functions/5.1 Inverse sine/5.1.5 u (a+b arcsin(c x))^n.m :: Int[Px_*(a_. + b_.*ArcCos[c_.*x_]), x_Symbol]   | cond: FreeQ[{a, b, c}, x] && PolynomialQ[Px, x]
  [PowerVariableExpn] 5 Inverse trig functions/5.3 Inverse tangent/5.3.7 Miscellaneous inverse tangent.m :: Int[(c_. + d_.*x_)^m_.*(a_. + b_.*ArcCot[u_]), x_Symbol]   | cond: FreeQ[{a, b, c, d, m}, x] && NeQ[m, -1] && InverseFunctionFreeQ[u, x] && Not[Fun
  [QuadraticQ] 5 Inverse trig functions/5.3 Inverse tangent/5.3.7 Miscellaneous inverse tangent.m :: Int[u_.*ArcCot[v_ + s_.*Sqrt[w_]], x_Symbol]   | cond: EqQ[s^2, 1] && EqQ[w, v^2 + 1]
If[TrueQ[$LoadShowSteps], Int[u_*v_^n_., x_Symbol
  [RationalFunctionQ] 5 Inverse trig functions/5.1 Inverse sine/5.1.5 u (a+b arcsin(c x))^n.m :: Int[RFx_*ArcCos[c_.*x_]^n_., x_Symbol]   | cond: SumQ[u]] /; FreeQ[c, x] && RationalFunctionQ[RFx, x] && IGtQ[n, 0]
  [Sech] 5 Inverse trig functions/5.3 Inverse tangent/5.3.7 Miscellaneous inverse tangent.m :: Int[ArcCot[Tanh[a_. + b_.*x_]], x_Symbol]   | cond: FreeQ[{a, b}, x]
  [SinIntegral] 5 Inverse trig functions/5.1 Inverse sine/5.1.6 Miscellaneous inverse sine.m :: Int[1/(a_. + b_.*ArcCos[1 + d_.*x_^2]), x_Symbol]   | cond: FreeQ[{a, b, d}, x]
  [SubstForInverseFunction] 5 Inverse trig functions/5.3 Inverse tangent/5.3.7 Miscellaneous inverse tangent.m :: Int[u_.*ArcCot[v_ + s_.*Sqrt[w_]], x_Symbol]   | cond: EqQ[s^2, 1] && EqQ[w, v^2 + 1]
If[TrueQ[$LoadShowSteps], Int[u_*v_^n_., x_Symbol
  [SumQ] 5 Inverse trig functions/5.1 Inverse sine/5.1.5 u (a+b arcsin(c x))^n.m :: Int[Px_*(d_ + e_.*x_^2)^p_*(a_. + b_.*ArcCos[c_.*x_])^n_., x_Symbol]   | cond: SumQ[u]] /; FreeQ[{a, b, c, d, e, n}, x] && PolynomialQ[Px, x] && EqQ[c^2*d + e,
  [Tan] 5 Inverse trig functions/5.1 Inverse sine/5.1.4 (f x)^m (d+e x^2)^p (a+b arcsin(c x))^n.m :: Int[x_*(a_. + b_.*ArcSin[c_.*x_])^n_./(d_ + e_.*x_^2), x_Symbol]   | cond: FreeQ[{a, b, c, d, e}, x] && EqQ[c^2*d + e, 0] && IGtQ[n, 0]
  [TrueQ] 5 Inverse trig functions/5.3 Inverse tangent/5.3.7 Miscellaneous inverse tangent.m :: Int[u_.*ArcCot[v_ + s_.*Sqrt[w_]], x_Symbol]   | cond: EqQ[s^2, 1] && EqQ[w, v^2 + 1]
If[TrueQ[$LoadShowSteps], Int[u_*v_^n_., x_Symbol

=== class-5 port: token closure against translation_table.py ===
files: 15   rules: 667   LoadShowSteps lines: 2
     6  5.1.1 (a+b arcsin(c x))^n
    14  5.1.2 (d x)^m (a+b arcsin(c x))^n
    30  5.1.3 (d+e x^2)^p (a+b arcsin(c x))^n
    60  5.1.4 (f x)^m (d+e x^2)^p (a+b arcsin(c x))^n
    62  5.1.5 u (a+b arcsin(c x))^n
    43  5.1.6 Miscellaneous inverse sine
    10  5.3.1 (a+b arctan(c x^n))^p
    24  5.3.2 (d x)^m (a+b arctan(c x^n))^p
    22  5.3.3 (d+e x)^m (a+b arctan(c x^n))^p
   161  5.3.4 u (a+b arctan(c x))^p
    20  5.3.5 u (a+b arctan(c+d x))^p
    76  5.3.6 Exponentials of inverse tangent
    79  5.3.7 Miscellaneous inverse tangent
    36  5.5.1 u (a+b arcsec(c x))^n
    24  5.5.2 Miscellaneous inverse secant

== head variables (pattern variables in head position) ==

== tokens the table translates: 69 ==
  rules= 667 uses=1390  Int -> mr_int
  rules= 655 uses= 669  FreeQ -> freeof
  rules= 357 uses= 430  EqQ -> %mr_eqQ
  rules= 260 uses= 294  IGtQ -> cmp
  rules= 206 uses= 453  ArcTan -> atan
  rules= 196 uses= 441  ArcCot -> acot
  rules= 193 uses= 548  Sqrt -> sqrt
  rules= 166 uses= 188  GtQ -> cmp
  rules= 163 uses= 235  IntegerQ -> integerp
  rules= 122 uses= 129  NeQ -> %mr_neQ
  rules= 118 uses= 309  ArcCos -> acos
  rules= 117 uses= 117  Subst -> %mr_subst
  rules= 114 uses= 148  Not -> not
  rules= 113 uses= 297  ArcSin -> asin
  rules=  90 uses=  94  LtQ -> cmp
  rules=  80 uses= 197  Log -> log
  rules=  70 uses=  70  With -> block
  rules=  60 uses=  60  ExpandIntegrand -> %mr_expandIntegrand
  rules=  56 uses=  68  ILtQ -> cmp
  rules=  56 uses=  68  Simp -> %mr_simp
  rules=  56 uses=  62  SimplifyIntegrand -> %mr_simp
  rules=  50 uses=  54  Dist -> %mr_dist
  rules=  50 uses=  50  IntHide -> mr_int
  rules=  37 uses=  60  Cos -> cos
  rules=  37 uses=  60  Sin -> sin
  rules=  28 uses=  28  Unintegrable -> noun
  rules=  26 uses=  38  InverseFunctionFreeQ -> %mr_inverseFunctionFreeQ
  rules=  25 uses=  30  D -> diff
  rules=  16 uses=  24  Cot -> cot
  rules=  16 uses=  48  PolyLog -> polylog
  rules=  15 uses=  23  Tan -> tan
  rules=  12 uses=  24  Coth -> coth
  rules=  12 uses=  12  PolynomialQ -> %mr_polynomialQ
  rules=  12 uses=  24  Tanh -> tanh
  rules=  10 uses=  10  GeQ -> cmp
  rules=  10 uses=  16  MatchQ -> %mr_matchQ
  rules=  10 uses=  10  RationalQ -> %mr_rationalQ
  rules=  10 uses=  10  SumQ -> %mr_sumQ
  rules=   9 uses=   9  FresnelC -> fresnel_c
  rules=   9 uses=   9  FresnelS -> fresnel_s
  rules=   9 uses=   9  IntegersQ -> %mr_integersQ
  rules=   8 uses=  10  Csc -> csc
  rules=   8 uses=   8  Denominator -> denom
  rules=   8 uses=  19  FracPart -> %mr_fracPart
  rules=   8 uses=   8  FractionQ -> %mr_fractionQ
  rules=   8 uses=   8  FunctionOfExponentialQ -> %mr_functionOfExponentialQ
  rules=   8 uses=   8  IntPart -> %mr_intPart
  rules=   8 uses=   8  RationalFunctionQ -> %mr_rationalFunctionQ
  rules=   8 uses=  10  Sec -> sec
  rules=   8 uses=   8  Sech -> sech
  rules=   6 uses=   7  ArcTanh -> %mr_atanh
  rules=   6 uses=   6  CosIntegral -> expintegral_ci
  rules=   6 uses=   6  FalseQ -> %mr_falseQ
  rules=   6 uses=   6  FunctionOfQ -> %mr_functionOfQ
  rules=   6 uses=   6  SinIntegral -> expintegral_si
  rules=   5 uses=   6  ArcCoth -> acoth
  rules=   5 uses=   5  LeQ -> cmp
  rules=   3 uses=   6  Simplify -> %mr_simp
  rules=   2 uses=   4  Coefficient -> %mr_coeff
  rules=   2 uses=   2  ExpandTrigReduce -> %mr_expandTrigReduce
  rules=   2 uses=   2  FunctionOfLinear -> %mr_functionOfLinear
  rules=   2 uses=   2  Hypergeometric2F1 -> hypergeometric
  rules=   2 uses=   2  HypergeometricPFQ -> hypergeometric
  rules=   2 uses=   2  NegQ -> %mr_negQ
  rules=   2 uses=   2  PowerVariableExpn -> %mr_powerVariableExpn
  rules=   2 uses=   2  QuadraticQ -> %mr_quadraticQ
  rules=   2 uses=   2  RemoveContent -> %mr_removeContent
  rules=   2 uses=   8  Rt -> %mr_rt
  rules=   1 uses=   2  LinearQ -> %mr_linearQ

== emitter-dispatched (no table row; generate_rules.py names the token as a string literal — read the case): 2 ==
  rules=   4 uses=   4  ReplaceAll               first at 5.1.6 Miscellaneous inverse sine r34
  rules=   2 uses=   2  IGeQ                     first at 5.3.4 u (a+b arctan(c x))^p r136

== UNLISTED tokens (adjudicate on the ticket): 8 ==
  rules=  31 uses=  61  ArcCsc                   first at 5.1.6 Miscellaneous inverse sine r30
  rules=  31 uses=  61  ArcSec                   first at 5.1.6 Miscellaneous inverse sine r31
  rules=   8 uses=   8  HalfIntegerQ             first at 5.1.3 (d+e x^2)^p (a+b arcsin(c x))^n r27
  rules=   2 uses=   6  Discriminant             first at 5.3.7 Miscellaneous inverse tangent r27
  rules=   2 uses=   2  ExpandExpression         first at 5.1.5 u (a+b arcsin(c x))^n r9
  rules=   2 uses=   2  Head                     first at 5.3.7 Miscellaneous inverse tangent r27
  rules=   2 uses=   2  InverseFunctionOfLinear  first at 5.3.7 Miscellaneous inverse tangent r27
  rules=   2 uses=   2  SubstForInverseFunction  first at 5.3.7 Miscellaneous inverse tangent r27

== transitive closure through IntegrationUtilityFunctions.m ==
utilities reached: 195  (rule-side 41, transitive-only 154)
status: table 67  ported 69  ABSENT 59

-- rule-side utilities --
  ABSENT  HalfIntegerQ                         rules=8
  ABSENT  InverseFunctionOfLinear              rules=2
  ABSENT  SubstForInverseFunction              rules=2
  ported  ExpandExpression                     rules=2
  ported  IGeQ                                 rules=2
  table   EqQ                                  rules=357
  table   ExpandIntegrand                      rules=60
  table   ExpandTrigReduce                     rules=2
  table   FalseQ                               rules=6
  table   FracPart                             rules=8
  table   FractionQ                            rules=8
  table   FreeQ                                rules=655
  table   FunctionOfExponentialQ               rules=8
  table   FunctionOfLinear                     rules=2
  table   FunctionOfQ                          rules=6
  table   GeQ                                  rules=10
  table   GtQ                                  rules=166
  table   IGtQ                                 rules=260
  table   ILtQ                                 rules=56
  table   IntHide                              rules=50
  table   IntPart                              rules=8
  table   IntegerQ                             rules=163
  table   IntegersQ                            rules=9
  table   InverseFunctionFreeQ                 rules=26
  table   LeQ                                  rules=5
  table   LinearQ                              rules=1
  table   LtQ                                  rules=90
  table   NeQ                                  rules=122
  table   NegQ                                 rules=2
  table   Not                                  rules=114
  table   PolynomialQ                          rules=12
  table   PowerVariableExpn                    rules=2
  table   QuadraticQ                           rules=2
  table   RationalFunctionQ                    rules=8
  table   RationalQ                            rules=10
  table   RemoveContent                        rules=2
  table   Rt                                   rules=2
  table   Simp                                 rules=56
  table   SimplifyIntegrand                    rules=56
  table   Subst                                rules=117
  table   SumQ                                 rules=10

-- transitive-only utilities (reached through a utility) --
  ABSENT  CollectRecipTerms                    via ExpandIntegrand
  ABSENT  ComplexFreeQ                         via FreeQ
  ABSENT  ContentFactorAux                     via ContentFactor
  ABSENT  DistributeOverTerms                  via ExpandIntegrand
  ABSENT  ExpandBinomial                       via ExpandIntegrand
  ABSENT  Expon                                via ExpandToSum
  ABSENT  FactorNumericGcd                     via SimpHelp
  ABSENT  FixSimplify                          via TogetherSimplify
  ABSENT  FractionalPowerOfSquareQ             via SmartSimplify
  ABSENT  FractionalPowerSubexpressionQ        via SmartSimplify
  ABSENT  FunctionOfCoshQ                      via FunctionOfQ
  ABSENT  FunctionOfExponentialTest            via FunctionOfExponentialQ
  ABSENT  FunctionOfExponentialTestAux         via FunctionOfExponentialTest
  ABSENT  FunctionOfSinhQ                      via FunctionOfQ
  ABSENT  FunctionOfTanhQ                      via FunctionOfQ
  ABSENT  GensymSubst                          via SmartApart
  ABSENT  HeldFormQ                            via Subst
  ABSENT  InverseHyperbolicQ                   via InverseFunctionQ
  ABSENT  InverseTrigQ                         via InverseFunctionQ
  ABSENT  KernelSubst                          via SmartApart
  ABSENT  MakeAssocList                        via SmartApart
  ABSENT  Map2                                 via CommonFactors
  ABSENT  MergeFactor                          via MergeFactors
  ABSENT  MergeFactors                         via SimpHelp
  ABSENT  MergeableFactorQ                     via MergeFactors
  ABSENT  NormalizeHyperbolic                  via SimpHelp
  ABSENT  NormalizeSumFactors                  via Simp
  ABSENT  NormalizeTogether                    via SimplifyAntiderivative
  ABSENT  NormalizeTrig                        via SimpHelp
  ABSENT  NthRoot                              via RtAux
  ABSENT  OddHyperbolicPowerQ                  via FunctionOfTanhQ
  ABSENT  PureFunctionOfCosQ                   via FunctionOfQ
  ABSENT  PureFunctionOfCoshQ                  via FunctionOfQ
  ABSENT  PureFunctionOfCotQ                   via FunctionOfQ
  ABSENT  PureFunctionOfCothQ                  via FunctionOfQ
  ABSENT  PureFunctionOfSinQ                   via FunctionOfQ
  ABSENT  PureFunctionOfSinhQ                  via FunctionOfQ
  ABSENT  PureFunctionOfTanQ                   via FunctionOfQ
  ABSENT  PureFunctionOfTanhQ                  via FunctionOfQ
  ABSENT  RealNumberQ                          via GeQ
  ABSENT  ReapList                             via FunctionOfTanQ
  ABSENT  RectifyCotangent                     via SimplifyAntiderivative
  ABSENT  RectifyTangent                       via SimplifyAntiderivative
  ABSENT  SimpFixFactor                        via SimpHelp
  ABSENT  SimpHelp                             via Simp
  ABSENT  SimplifyAntiderivative               via Subst
  ABSENT  SimplifyAntiderivativeSum            via SimplifyAntiderivative
  ABSENT  SmartDenominator                     via RectifyTangent
  ABSENT  SmartNumerator                       via RectifyTangent
  ABSENT  SmartSimplify                        via SimpHelp
  ABSENT  SqrtNumberQ                          via SqrtNumberSumQ
  ABSENT  SqrtNumberSumQ                       via IntegerQ
  ABSENT  StopFunctionQ                        via NormalizeSumFactors
  ABSENT  SubstAux                             via Subst
  ABSENT  SubstForExpn                         via SmartSimplify
  ABSENT  UnifyNegativeBaseFactors             via ContentFactorAux
  ported  AbsorbMinusSign                      via NormalizeLeadTermSigns
  ported  AbsurdNumberQ                        via FixSimplify
  ported  BinomialParts                        via ExpandToSum
  ported  CalculusQ                            via FunctionOfLinear
  ported  CollectReciprocals                   via ExpandCleanup
  ported  CommonFactors                        via FunctionOfLinear
  ported  ComplexNumberQ                       via ComplexFreeQ
  ported  ContentFactor                        via NumericFactor
  ported  DivideDegreesOfFactors               via FunctionOfLinear
  ported  EvenQuotientQ                        via FunctionOfSinQ
  ported  EveryQ                               via CommonFactors
  ported  ExpandAlgebraicFunction              via ExpandExpression
  ported  ExpandCleanup                        via ExpandExpression
  ported  ExpandTrigReduceAux                  via ExpandTrigReduce
  ported  FactorOrder                          via MostMainFactorPosition
  ported  FindTrigFactor                       via FunctionOfSinQ
  ported  FreeTerms                            via DistributeOverTerms
  ported  FunctionOfCosQ                       via FunctionOfQ
  ported  FunctionOfExpnQ                      via FunctionOfQ
  ported  FunctionOfLinearSubst                via FunctionOfLinear
  ported  FunctionOfSinQ                       via FunctionOfQ
  ported  FunctionOfTanQ                       via FunctionOfQ
  ported  GeneralizedBinomialParts             via ExpandToSum
  ported  GeneralizedTrinomialParts            via ExpandToSum
  ported  IntegerQuotientQ                     via FunctionOfSinQ
  ported  LeadBase                             via CommonFactors
  ported  LeadDegree                           via DivideDegreesOfFactors
  ported  LeadFactor                           via FunctionOfLinear
  ported  LogQ                                 via CommonFactors
  ported  MergeMonomials                       via DistributeOverTerms
  ported  MinimumDegree                        via MonomialFactor
  ported  MinimumMonomialExponent              via NormalizeIntegrandFactor
  ported  MonomialExponent                     via MinimumMonomialExponent
  ported  MonomialFactor                       via FunctionOfLinear
  ported  MostMainFactorPosition               via CommonFactors
  ported  NonfreeTerms                         via DistributeOverTerms
  ported  NonnumericFactors                    via Subst
  ported  NonrationalFunctionFactors           via ExpandExpression
  ported  NormalizeIntegrandAux                via SimplifyIntegrand
  ported  NormalizeIntegrandFactor             via NormalizeIntegrandAux
  ported  NormalizeIntegrandFactorBase         via NormalizeIntegrandFactor
  ported  NormalizeLeadTermSigns               via SimplifyIntegrand
  ported  NormalizeTrigReduce                  via ExpandTrigReduceAux
  ported  NumericFactor                        via Subst
  ported  OddQuotientQ                         via FunctionOfSinQ
  ported  OddTrigPowerQ                        via FunctionOfTanQ
  ported  PolyQ                                via FreeQ
  ported  PolynomialInSubstAux                 via PolynomialInSubst
  ported  PosAux                               via PosQ
  ported  PowerVariableDegree                  via PowerVariableExpn
  ported  PowerVariableSubst                   via PowerVariableExpn
  ported  RationalFunctionFactors              via ExpandExpression
  ported  RemainingFactors                     via CommonFactors
  ported  RemoveContentAux                     via RemoveContent
  ported  RtAux                                via Rt
  ported  SignOfFactor                         via NormalizeSumFactors
  ported  SimplifyTerm                         via ExpandExpression
  ported  Smallest                             via CommonFactors
  ported  SmartApart                           via ExpandExpression
  ported  SplitSum                             via TrigSquare
  ported  TogetherSimplify                     via ExpandIntegrand
  ported  TrigQ                                via FreeQ
  ported  TrigSquare                           via RtAux
  ported  TrinomialParts                       via ExpandToSum
  ported  UnifySum                             via ExpandCleanup
  ported  UnifyTerm                            via UnifyTerms
  ported  UnifyTerms                           via UnifySum
  table   ActivateTrig                         via FunctionOfQ
  table   AlgebraicFunctionQ                   via ExpandExpression
  table   BinomialMatchQ                       via NormalizeIntegrandFactorBase
  table   BinomialQ                            via FreeQ
  table   Coeff                                via ExpandToSum
  table   ExpandLinearProduct                  via ExpandIntegrand
  table   ExpandToSum                          via ExpandIntegrand
  table   FreeFactors                          via FunctionOfQ
  table   GeneralizedBinomialQ                 via ExpandToSum
  table   GeneralizedTrinomialQ                via ExpandToSum
  table   HyperbolicQ                          via FreeQ
  table   If                                   via ExpandExpression
  table   InertReciprocalQ                     via FreeQ
  table   InertTrigFreeQ                       via FunctionOfQ
  table   IntegralFreeQ                        via Not
  table   InverseFunctionQ                     via InverseFunctionFreeQ
  table   MemberQ                              via FreeQ
  table   MonomialQ                            via SubstAux
  table   NonfreeFactors                       via FunctionOfQ
  table   NonsumQ                              via SimplifyAntiderivative
  table   NormalizeIntegrand                   via ExpandIntegrand
  table   OddQ                                 via ExpandBinomial
  table   PolynomialDivide                     via ExpandIntegrand
  table   PolynomialInSubst                    via PolynomialDivide
  table   PosQ                                 via FreeQ
  table   PowerOfInertTrigSumQ                 via FreeQ
  table   PowerQ                               via FunctionOfLinear
  table   ProductQ                             via FunctionOfLinear
  table   SplitProduct                         via RtAux
  table   TrinomialMatchQ                      via NormalizeIntegrandFactorBase
  table   TrinomialQ                           via ExpandToSum
