# class-7 rule syntax census, 2026-09-25
=== class-7 rule syntax census (only Rubi.m-loaded files) ===
loaded rule files: 21   rules: 710   with /; condition: 710
optional-capture histogram (rules by # distinct a_. names):
  0 optional names: 6 rules
  1 optional names: 15 rules
  2 optional names: 44 rules
  3 optional names: 90 rules
  4 optional names: 126 rules
  5 optional names: 150 rules
  6 optional names: 126 rules
  7 optional names: 101 rules
  8 optional names: 40 rules
  9 optional names: 6 rules
  10 optional names: 2 rules
  11 optional names: 4 rules

rule classification: AUTO (tokens all BUILTIN/B_TIER): 386 ( 54.4%)
                      MANUAL (>=1 C-tier token/exotic pattern): 324 ( 45.6%)

== condition tokens: tier | rules | uses | token (U = unlistied) ==
  B   rules= 698  uses=  716  FreeQ
  b   rules= 385  uses=  516  EqQ
  B   rules= 274  uses=  317  IGtQ
  B   rules= 184  uses=  255  IntegerQ
  B   rules= 175  uses=  205  GtQ
  b   rules= 133  uses=  144  NeQ
  B   rules= 124  uses=  158  Not
  B   rules= 110  uses=  117  LtQ
  B   rules=  59  uses=   74  ILtQ
  U   rules=  22  uses=   28  InverseFunctionFreeQ
  b   rules=  14  uses=   14  IntegersQ
  b   rules=  12  uses=   12  RationalQ
  C   rules=  10  uses=   10  PolyQ
  C   rules=  10  uses=   10  SumQ
  C   rules=   9  uses=   18  MatchQ
  b   rules=   8  uses=    8  FractionQ
  U   rules=   8  uses=    8  FunctionOfExponentialQ
  C   rules=   8  uses=    8  RationalFunctionQ
  U   rules=   6  uses=    6  FunctionOfQ
  B   rules=   6  uses=    6  GeQ
  C   rules=   6  uses=    6  PolynomialQ
  U   rules=   5  uses=    8  FalseQ
  B   rules=   5  uses=    5  LeQ
  U   rules=   4  uses=    4  HalfIntegerQ
  U   rules=   2  uses=    3  ArcCoth
  B   rules=   2  uses=    3  ArcTanh
  U   rules=   2  uses=    2  FunctionOfLinear
  U   rules=   2  uses=    2  PowerVariableExpn
  b   rules=   2  uses=    2  Simplify
  B   rules=   1  uses=    8  Coefficient
  U   rules=   1  uses=    1  Coth
  U   rules=   1  uses=    2  Csch
  B   rules=   1  uses=    4  D
  U   rules=   1  uses=   12  Discriminant
  U   rules=   1  uses=    4  Head
  B   rules=   1  uses=    2  Hold
  U   rules=   1  uses=    1  IGeQ
  B   rules=   1  uses=    2  If
  b   rules=   1  uses=   12  Int
  U   rules=   1  uses=    4  InverseFunctionOfLinear
  B   rules=   1  uses=    4  PosQ
  C   rules=   1  uses=    4  QuadraticQ
  U   rules=   1  uses=    2  Sech
  b   rules=   1  uses=    2  ShowStep
  b   rules=   1  uses=    4  SimplifyIntegrand
  b   rules=   1  uses=    6  Subst
  U   rules=   1  uses=    4  SubstForInverseFunction
  B   rules=   1  uses=    1  Tanh
  U   rules=   1  uses=    2  TrueQ
  b   rules=   1  uses=    4  With

== replacement tokens: tier | rules | uses | token (U = unlistied) ==
  b   rules= 626  uses=  770  Int
  B   rules= 223  uses=  665  Sqrt
  B   rules= 166  uses=  250  ArcTanh
  U   rules= 162  uses=  246  ArcCoth
  B   rules= 147  uses=  262  ArcCosh
  b   rules= 120  uses=  120  Subst
  B   rules= 112  uses=  192  ArcSinh
  b   rules=  80  uses=  133  Simp
  B   rules=  74  uses=  149  Log
  b   rules=  67  uses=   67  With
  b   rules=  61  uses=   61  ExpandIntegrand
  b   rules=  51  uses=   53  SimplifyIntegrand
  b   rules=  49  uses=   53  Dist
  b   rules=  49  uses=   49  IntHide
  U   rules=  40  uses=   69  Cosh
  B   rules=  40  uses=   69  Sinh
  b   rules=  30  uses=   30  Unintegrable
  U   rules=  25  uses=   33  ArcSech
  U   rules=  22  uses=   30  ArcCsch
  B   rules=  18  uses=   18  D
  U   rules=  18  uses=   48  PolyLog
  U   rules=  15  uses=   15  Coth
  B   rules=  14  uses=   14  Tanh
  U   rules=  12  uses=   12  Cot
  b   rules=  12  uses=   32  FracPart
  b   rules=  12  uses=   12  IntPart
  U   rules=  12  uses=   12  Tan
  B   rules=   8  uses=    8  Denominator
  b   rules=   8  uses=    8  Sec
  U   rules=   7  uses=    7  Erf
  U   rules=   7  uses=    7  Erfi
  U   rules=   6  uses=    6  CoshIntegral
  U   rules=   6  uses=    7  Csch
  U   rules=   6  uses=    7  Sech
  U   rules=   6  uses=    6  SinhIntegral
  B   rules=   3  uses=    3  Hypergeometric2F1
  U   rules=   3  uses=    3  HypergeometricPFQ
  B   rules=   2  uses=    2  ArcTan
  U   rules=   2  uses=    2  ExpandExpression
  U   rules=   2  uses=    2  ExpandTrigReduce
  U   rules=   2  uses=    2  FresnelC
  U   rules=   2  uses=    2  FresnelS
  b   rules=   2  uses=    2  RemoveContent
  b   rules=   2  uses=    8  Rt
  b   rules=   2  uses=    2  Simplify

== pattern features ==
    142  head in pattern: ArcCosh
    193  head in pattern: ArcCoth
     35  head in pattern: ArcCsch
     37  head in pattern: ArcSech
    107  head in pattern: ArcSinh
    199  head in pattern: ArcTanh
     12  head in pattern: Cot
      8  head in pattern: Coth
     31  head in pattern: Log
      4  head in pattern: PolyLog
     75  head in pattern: Sqrt
     12  head in pattern: Tan
      8  head in pattern: Tanh
    704  optional captures
    452  power of capture/x in pattern
    710  x_Symbol

== C-tier tokens in conditions/rules (rules containing) ==
    22  InverseFunctionFreeQ
    10  PolyQ
    10  SumQ
     9  MatchQ
     8  FunctionOfExponentialQ
     8  RationalFunctionQ
     6  FunctionOfQ
     6  PolynomialQ
     5  FalseQ
     4  HalfIntegerQ
     2  ArcCoth
     2  FunctionOfLinear
     2  PowerVariableExpn
     1  Coth
     1  Csch
     1  Discriminant
     1  Head
     1  IGeQ
     1  InverseFunctionOfLinear
     1  QuadraticQ
     1  Sech
     1  SubstForInverseFunction
     1  TrueQ
== C-tier tokens in replacements ==
   162  ArcCoth
    40  Cosh
    25  ArcSech
    22  ArcCsch
    18  PolyLog
    15  Coth
    12  Cot
    12  Tan
     7  Erf
     7  Erfi
     6  CoshIntegral
     6  Csch
     6  Sech
     6  SinhIntegral
     3  HypergeometricPFQ
     2  ExpandExpression
     2  ExpandTrigReduce
     2  FresnelC
     2  FresnelS
== UNLISTIED tokens (not in any tier — need triage) ==
   164  ArcCoth
    40  Cosh
    25  ArcSech
    22  ArcCsch
    22  InverseFunctionFreeQ
    18  PolyLog
    16  Coth
    12  Cot
    12  Tan
     8  FunctionOfExponentialQ
     7  Csch
     7  Erf
     7  Erfi
     7  Sech
     6  CoshIntegral
     6  FunctionOfQ
     6  SinhIntegral
     5  FalseQ
     4  HalfIntegerQ
     3  HypergeometricPFQ
     2  ExpandExpression
     2  ExpandTrigReduce
     2  FresnelC
     2  FresnelS
     2  FunctionOfLinear
     2  PowerVariableExpn
     1  Discriminant
     1  Head
     1  IGeQ
     1  InverseFunctionOfLinear
     1  SubstForInverseFunction
     1  TrueQ

== manual bucket by file (rules / distinct token-sets) ==
  rules= 91  distinct-sets=14  7 Inverse hyperbolic functions/7.3 Inverse hyperbolic tangent/7.3.4 u (a+b arctanh(c x))^p.m
  rules= 51  distinct-sets=14  7 Inverse hyperbolic functions/7.3 Inverse hyperbolic tangent/7.3.7 Miscellaneous inverse hyperbolic tangent.m
  rules= 23  distinct-sets=10  7 Inverse hyperbolic functions/7.5 Inverse hyperbolic secant/7.5.2 Miscellaneous inverse hyperbolic secant.m
  rules= 22  distinct-sets=6  7 Inverse hyperbolic functions/7.5 Inverse hyperbolic secant/7.5.1 u (a+b arcsech(c x))^n.m
  rules= 17  distinct-sets=8  7 Inverse hyperbolic functions/7.2 Inverse hyperbolic cosine/7.2.6 Miscellaneous inverse hyperbolic cosine.m
  rules= 17  distinct-sets=2  7 Inverse hyperbolic functions/7.3 Inverse hyperbolic tangent/7.3.6 Exponentials of inverse hyperbolic tangent.m
  rules= 14  distinct-sets=10  7 Inverse hyperbolic functions/7.1 Inverse hyperbolic sine/7.1.6 Miscellaneous inverse hyperbolic sine.m
  rules= 14  distinct-sets=7  7 Inverse hyperbolic functions/7.2 Inverse hyperbolic cosine/7.2.5 u (a+b arccosh(c x))^n.m
  rules= 13  distinct-sets=7  7 Inverse hyperbolic functions/7.1 Inverse hyperbolic sine/7.1.5 u (a+b arcsinh(c x))^n.m
  rules= 13  distinct-sets=3  7 Inverse hyperbolic functions/7.3 Inverse hyperbolic tangent/7.3.3 (d+e x)^m (a+b arctanh(c x^n))^p.m
  rules= 12  distinct-sets=2  7 Inverse hyperbolic functions/7.3 Inverse hyperbolic tangent/7.3.2 (d x)^m (a+b arctanh(c x^n))^p.m
  rules=  9  distinct-sets=1  7 Inverse hyperbolic functions/7.3 Inverse hyperbolic tangent/7.3.5 u (a+b arctanh(c+d x))^p.m
  rules=  8  distinct-sets=3  7 Inverse hyperbolic functions/7.2 Inverse hyperbolic cosine/7.2.4 (f x)^m (d+e x^2)^p (a+b arccosh(c x))^n.m
  rules=  5  distinct-sets=3  7 Inverse hyperbolic functions/7.1 Inverse hyperbolic sine/7.1.4 (f x)^m (d+e x^2)^p (a+b arcsinh(c x))^n.m
  rules=  4  distinct-sets=3  7 Inverse hyperbolic functions/7.1 Inverse hyperbolic sine/7.1.3 (d+e x^2)^p (a+b arcsinh(c x))^n.m
  rules=  4  distinct-sets=1  7 Inverse hyperbolic functions/7.3 Inverse hyperbolic tangent/7.3.1 (a+b arctanh(c x^n))^p.m
  rules=  3  distinct-sets=3  7 Inverse hyperbolic functions/7.1 Inverse hyperbolic sine/7.1.2 (d x)^m (a+b arcsinh(c x))^n.m
  rules=  2  distinct-sets=2  7 Inverse hyperbolic functions/7.2 Inverse hyperbolic cosine/7.2.2 (d x)^m (a+b arccosh(c x))^n.m
  rules=  1  distinct-sets=1  7 Inverse hyperbolic functions/7.1 Inverse hyperbolic sine/7.1.1 (a+b arcsinh(c x))^n.m
  rules=  1  distinct-sets=1  7 Inverse hyperbolic functions/7.2 Inverse hyperbolic cosine/7.2.3 (d+e x^2)^p (a+b arccosh(c x))^n.m

== C-tier token examples (first 2 rules each) ==
  [ArcCoth] 7 Inverse hyperbolic functions/7.3 Inverse hyperbolic tangent/7.3.1 (a+b arctanh(c x^n))^p.m :: Int[(a_. + b_.*ArcTanh[c_.*x_^n_])^p_, x_Symbol]   | cond: FreeQ[{a, b, c}, x] && IGtQ[p, 1] && ILtQ[n, 0]
  [ArcCsch] 7 Inverse hyperbolic functions/7.5 Inverse hyperbolic secant/7.5.1 u (a+b arcsech(c x))^n.m :: Int[ArcCsch[c_.*x_], x_Symbol]   | cond: FreeQ[c, x]
  [ArcSech] 7 Inverse hyperbolic functions/7.5 Inverse hyperbolic secant/7.5.1 u (a+b arcsech(c x))^n.m :: Int[ArcSech[c_.*x_], x_Symbol]   | cond: FreeQ[c, x]
  [Cosh] 7 Inverse hyperbolic functions/7.1 Inverse hyperbolic sine/7.1.2 (d x)^m (a+b arcsinh(c x))^n.m :: Int[x_^m_.*(a_. + b_.*ArcSinh[c_.*x_])^n_, x_Symbol]   | cond: FreeQ[{a, b, c, n}, x] && IGtQ[m, 0]
  [CoshIntegral] 7 Inverse hyperbolic functions/7.1 Inverse hyperbolic sine/7.1.6 Miscellaneous inverse hyperbolic sine.m :: Int[1/(a_. + b_.*ArcSinh[c_ + d_.*x_^2])^2, x_Symbol]   | cond: FreeQ[{a, b, c, d}, x] && EqQ[c^2, -1]
  [Cot] 7 Inverse hyperbolic functions/7.3 Inverse hyperbolic tangent/7.3.7 Miscellaneous inverse hyperbolic tangent.m :: Int[ArcCoth[Cot[a_. + b_.*x_]], x_Symbol]   | cond: FreeQ[{a, b}, x]
  [Coth] 7 Inverse hyperbolic functions/7.1 Inverse hyperbolic sine/7.1.6 Miscellaneous inverse hyperbolic sine.m :: Int[ArcSinh[a_.*x_^p_]^n_./x_, x_Symbol]   | cond: FreeQ[{a, p}, x] && IGtQ[n, 0]
  [Csch] 7 Inverse hyperbolic functions/7.3 Inverse hyperbolic tangent/7.3.4 u (a+b arctanh(c x))^p.m :: Int[(a_. + b_.*ArcCoth[c_.*x_])^p_./Sqrt[d_ + e_.*x_^2], x_Symbol]   | cond: FreeQ[{a, b, c, d, e}, x] && EqQ[c^2*d + e, 0] && IGtQ[p, 0] && GtQ[d, 0]
  [Discriminant] 7 Inverse hyperbolic functions/7.3 Inverse hyperbolic tangent/7.3.7 Miscellaneous inverse hyperbolic tangent.m :: Int[ArcCoth[c_.*x_/Sqrt[a_. + b_.*x_^2]]^m_./Sqrt[d_. + e_.*x_^2], x_S   | cond: FreeQ[{a, b, c, d, e, m}, x] && EqQ[b, c^2] && EqQ[b*d - a*e, 0]
If[TrueQ[$LoadS
  [Erf] 7 Inverse hyperbolic functions/7.2 Inverse hyperbolic cosine/7.2.6 Miscellaneous inverse hyperbolic cosine.m :: Int[Sqrt[a_. + b_.*ArcCosh[1 + d_.*x_^2]], x_Symbol]   | cond: FreeQ[{a, b, d}, x]
  [Erfi] 7 Inverse hyperbolic functions/7.2 Inverse hyperbolic cosine/7.2.6 Miscellaneous inverse hyperbolic cosine.m :: Int[Sqrt[a_. + b_.*ArcCosh[1 + d_.*x_^2]], x_Symbol]   | cond: FreeQ[{a, b, d}, x]
  [ExpandExpression] 7 Inverse hyperbolic functions/7.2 Inverse hyperbolic cosine/7.2.5 u (a+b arccosh(c x))^n.m :: Int[Px_*(a_. + b_.*ArcCosh[c_.*x_]), x_Symbol]   | cond: FreeQ[{a, b, c}, x] && PolyQ[Px, x]
  [ExpandTrigReduce] 7 Inverse hyperbolic functions/7.2 Inverse hyperbolic cosine/7.2.2 (d x)^m (a+b arccosh(c x))^n.m :: Int[x_^m_.*(a_. + b_.*ArcCosh[c_.*x_])^n_, x_Symbol]   | cond: FreeQ[{a, b, c}, x] && IGtQ[m, 0] && GeQ[n, -2] && LtQ[n, -1]
  [FalseQ] 7 Inverse hyperbolic functions/7.3 Inverse hyperbolic tangent/7.3.7 Miscellaneous inverse hyperbolic tangent.m :: Int[(c_. + d_.*x_)^m_.*(a_. + b_.*ArcTanh[u_]), x_Symbol]   | cond: FreeQ[{a, b, c, d, m}, x] && NeQ[m, -1] && InverseFunctionFreeQ[u, x] && Not[Fun
  [FresnelC] 7 Inverse hyperbolic functions/7.1 Inverse hyperbolic sine/7.1.6 Miscellaneous inverse hyperbolic sine.m :: Int[1/(a_. + b_.*ArcSinh[c_ + d_.*x_^2])^(3/2), x_Symbol]   | cond: FreeQ[{a, b, c, d}, x] && EqQ[c^2, -1]
  [FresnelS] 7 Inverse hyperbolic functions/7.1 Inverse hyperbolic sine/7.1.6 Miscellaneous inverse hyperbolic sine.m :: Int[1/(a_. + b_.*ArcSinh[c_ + d_.*x_^2])^(3/2), x_Symbol]   | cond: FreeQ[{a, b, c, d}, x] && EqQ[c^2, -1]
  [FunctionOfExponentialQ] 7 Inverse hyperbolic functions/7.1 Inverse hyperbolic sine/7.1.6 Miscellaneous inverse hyperbolic sine.m :: Int[(c_. + d_.*x_)^m_.*(a_. + b_.*ArcSinh[u_]), x_Symbol]   | cond: FreeQ[{a, b, c, d, m}, x] && NeQ[m, -1] && InverseFunctionFreeQ[u, x] && Not[Fun
  [FunctionOfLinear] 7 Inverse hyperbolic functions/7.3 Inverse hyperbolic tangent/7.3.7 Miscellaneous inverse hyperbolic tangent.m :: Int[v_*(a_. + b_.*ArcCoth[u_]), x_Symbol]   | cond: InverseFunctionFreeQ[w, x]] /; FreeQ[{a, b}, x] && InverseFunctionFreeQ[u, x] &&
  [FunctionOfQ] 7 Inverse hyperbolic functions/7.2 Inverse hyperbolic cosine/7.2.6 Miscellaneous inverse hyperbolic cosine.m :: Int[(c_. + d_.*x_)^m_.*(a_. + b_.*ArcCosh[u_]), x_Symbol]   | cond: FreeQ[{a, b, c, d, m}, x] && NeQ[m, -1] && InverseFunctionFreeQ[u, x] && Not[Fun
  [HalfIntegerQ] 7 Inverse hyperbolic functions/7.1 Inverse hyperbolic sine/7.1.3 (d+e x^2)^p (a+b arcsinh(c x))^n.m :: Int[(d_ + e_.*x_)^p_*(f_ + g_.*x_)^q_*(a_. + b_.*ArcSinh[c_.*x_])^n_.,   | cond: FreeQ[{a, b, c, d, e, f, g, n}, x] && EqQ[e*f + d*g, 0] && EqQ[c^2*d^2 + e^2, 0]
  [Head] 7 Inverse hyperbolic functions/7.3 Inverse hyperbolic tangent/7.3.7 Miscellaneous inverse hyperbolic tangent.m :: Int[ArcCoth[c_.*x_/Sqrt[a_. + b_.*x_^2]]^m_./Sqrt[d_. + e_.*x_^2], x_S   | cond: FreeQ[{a, b, c, d, e, m}, x] && EqQ[b, c^2] && EqQ[b*d - a*e, 0]
If[TrueQ[$LoadS
  [HypergeometricPFQ] 7 Inverse hyperbolic functions/7.2 Inverse hyperbolic cosine/7.2.4 (f x)^m (d+e x^2)^p (a+b arccosh(c x))^n.m :: Int[(f_.*x_)^m_*(a_. + b_.*ArcCosh[c_.*x_])/Sqrt[d_ + e_.*x_^2], x_Sym   | cond: FreeQ[{a, b, c, d, e, f, m}, x] && EqQ[c^2*d + e, 0] && Not[IntegerQ[m]]
  [IGeQ] 7 Inverse hyperbolic functions/7.3 Inverse hyperbolic tangent/7.3.4 u (a+b arctanh(c x))^p.m :: Int[(a_. + b_.*ArcCoth[c_.*x_])^ m_.*(a_. + b_.*ArcTanh[c_.*x_])^p_./(   | cond: FreeQ[{a, b, c, d, e}, x] && EqQ[c^2*d + e, 0] && IGtQ[p, 0] && IGeQ[m, p]
  [InverseFunctionFreeQ] 7 Inverse hyperbolic functions/7.1 Inverse hyperbolic sine/7.1.6 Miscellaneous inverse hyperbolic sine.m :: Int[ArcSinh[u_], x_Symbol]   | cond: InverseFunctionFreeQ[u, x] && Not[FunctionOfExponentialQ[u, x]]
  [InverseFunctionOfLinear] 7 Inverse hyperbolic functions/7.3 Inverse hyperbolic tangent/7.3.7 Miscellaneous inverse hyperbolic tangent.m :: Int[ArcCoth[c_.*x_/Sqrt[a_. + b_.*x_^2]]^m_./Sqrt[d_. + e_.*x_^2], x_S   | cond: FreeQ[{a, b, c, d, e, m}, x] && EqQ[b, c^2] && EqQ[b*d - a*e, 0]
If[TrueQ[$LoadS
  [MatchQ] 7 Inverse hyperbolic functions/7.2 Inverse hyperbolic cosine/7.2.6 Miscellaneous inverse hyperbolic cosine.m :: Int[v_*(a_. + b_.*ArcCosh[u_]), x_Symbol]   | cond: InverseFunctionFreeQ[w, x]] /; FreeQ[{a, b}, x] && InverseFunctionFreeQ[u, x] &&
  [PolyLog] 7 Inverse hyperbolic functions/7.3 Inverse hyperbolic tangent/7.3.2 (d x)^m (a+b arctanh(c x^n))^p.m :: Int[(a_. + b_.*ArcCoth[c_.*x_])/x_, x_Symbol]   | cond: FreeQ[{a, b, c}, x]
  [PolyQ] 7 Inverse hyperbolic functions/7.1 Inverse hyperbolic sine/7.1.6 Miscellaneous inverse hyperbolic sine.m :: Int[x_^m_.*E^(n_.*ArcSinh[u_]), x_Symbol]   | cond: RationalQ[m] && IntegerQ[n] && PolyQ[u, x]
  [PolynomialQ] 7 Inverse hyperbolic functions/7.1 Inverse hyperbolic sine/7.1.5 u (a+b arcsinh(c x))^n.m :: Int[Px_*(a_. + b_.*ArcSinh[c_.*x_])^n_, x_Symbol]   | cond: FreeQ[{a, b, c, n}, x] && PolynomialQ[Px, x]
  [PowerVariableExpn] 7 Inverse hyperbolic functions/7.3 Inverse hyperbolic tangent/7.3.7 Miscellaneous inverse hyperbolic tangent.m :: Int[(c_. + d_.*x_)^m_.*(a_. + b_.*ArcCoth[u_]), x_Symbol]   | cond: FreeQ[{a, b, c, d, m}, x] && NeQ[m, -1] && InverseFunctionFreeQ[u, x] && Not[Fun
  [QuadraticQ] 7 Inverse hyperbolic functions/7.3 Inverse hyperbolic tangent/7.3.7 Miscellaneous inverse hyperbolic tangent.m :: Int[ArcCoth[c_.*x_/Sqrt[a_. + b_.*x_^2]]^m_./Sqrt[d_. + e_.*x_^2], x_S   | cond: FreeQ[{a, b, c, d, e, m}, x] && EqQ[b, c^2] && EqQ[b*d - a*e, 0]
If[TrueQ[$LoadS
  [RationalFunctionQ] 7 Inverse hyperbolic functions/7.1 Inverse hyperbolic sine/7.1.5 u (a+b arcsinh(c x))^n.m :: Int[RFx_*(a_ + b_.*ArcSinh[c_.*x_])^n_., x_Symbol]   | cond: FreeQ[{a, b, c}, x] && RationalFunctionQ[RFx, x] && IGtQ[n, 0]
  [Sech] 7 Inverse hyperbolic functions/7.3 Inverse hyperbolic tangent/7.3.4 u (a+b arctanh(c x))^p.m :: Int[(a_. + b_.*ArcTanh[c_.*x_])^p_./Sqrt[d_ + e_.*x_^2], x_Symbol]   | cond: FreeQ[{a, b, c, d, e}, x] && EqQ[c^2*d + e, 0] && IGtQ[p, 0] && GtQ[d, 0]
  [SinhIntegral] 7 Inverse hyperbolic functions/7.1 Inverse hyperbolic sine/7.1.6 Miscellaneous inverse hyperbolic sine.m :: Int[1/(a_. + b_.*ArcSinh[c_ + d_.*x_^2])^2, x_Symbol]   | cond: FreeQ[{a, b, c, d}, x] && EqQ[c^2, -1]
  [SubstForInverseFunction] 7 Inverse hyperbolic functions/7.3 Inverse hyperbolic tangent/7.3.7 Miscellaneous inverse hyperbolic tangent.m :: Int[ArcCoth[c_.*x_/Sqrt[a_. + b_.*x_^2]]^m_./Sqrt[d_. + e_.*x_^2], x_S   | cond: FreeQ[{a, b, c, d, e, m}, x] && EqQ[b, c^2] && EqQ[b*d - a*e, 0]
If[TrueQ[$LoadS
  [SumQ] 7 Inverse hyperbolic functions/7.1 Inverse hyperbolic sine/7.1.5 u (a+b arcsinh(c x))^n.m :: Int[Px_.*(f_ + g_.*(d_ + e_.*x_^2)^p_)^ m_.*(a_. + b_.*ArcSinh[c_.*x_]   | cond: SumQ[u]] /; FreeQ[{a, b, c, d, e, f, g}, x] && PolynomialQ[Px, x] && EqQ[e, c^2*
  [Tan] 7 Inverse hyperbolic functions/7.3 Inverse hyperbolic tangent/7.3.7 Miscellaneous inverse hyperbolic tangent.m :: Int[ArcCoth[Tan[a_. + b_.*x_]], x_Symbol]   | cond: FreeQ[{a, b}, x]
  [TrueQ] 7 Inverse hyperbolic functions/7.3 Inverse hyperbolic tangent/7.3.7 Miscellaneous inverse hyperbolic tangent.m :: Int[ArcCoth[c_.*x_/Sqrt[a_. + b_.*x_^2]]^m_./Sqrt[d_. + e_.*x_^2], x_S   | cond: FreeQ[{a, b, c, d, e, m}, x] && EqQ[b, c^2] && EqQ[b*d - a*e, 0]
If[TrueQ[$LoadS

=== class-7 port: token closure against translation_table.py ===
files: 21   rules: 712   LoadShowSteps lines: 2
     3  7.1.1 (a+b arcsinh(c x))^n
     7  7.1.2 (d x)^m (a+b arcsinh(c x))^n
    15  7.1.3 (d+e x^2)^p (a+b arcsinh(c x))^n
    30  7.1.4 (f x)^m (d+e x^2)^p (a+b arcsinh(c x))^n
    31  7.1.5 u (a+b arcsinh(c x))^n
    21  7.1.6 Miscellaneous inverse hyperbolic sine
     3  7.2.1 (a+b arccosh(c x))^n
     7  7.2.2 (d x)^m (a+b arccosh(c x))^n
    23  7.2.3 (d+e x^2)^p (a+b arccosh(c x))^n
    50  7.2.4 (f x)^m (d+e x^2)^p (a+b arccosh(c x))^n
    33  7.2.5 u (a+b arccosh(c x))^n
    26  7.2.6 Miscellaneous inverse hyperbolic cosine
    10  7.3.1 (a+b arctanh(c x^n))^p
    24  7.3.2 (d x)^m (a+b arctanh(c x^n))^p
    22  7.3.3 (d+e x)^m (a+b arctanh(c x^n))^p
   161  7.3.4 u (a+b arctanh(c x))^p
    20  7.3.5 u (a+b arctanh(c+d x))^p
    82  7.3.6 Exponentials of inverse hyperbolic tangent
    72  7.3.7 Miscellaneous inverse hyperbolic tangent
    36  7.5.1 u (a+b arcsech(c x))^n
    36  7.5.2 Miscellaneous inverse hyperbolic secant

== head variables (pattern variables in head position) ==

== tokens the table translates: 75 ==
  rules= 712 uses=1484  Int -> mr_int
  rules= 700 uses= 714  FreeQ -> freeof
  rules= 387 uses= 512  EqQ -> %mr_eqQ
  rules= 274 uses= 317  IGtQ -> cmp
  rules= 223 uses= 761  Sqrt -> sqrt
  rules= 206 uses= 452  ArcTanh -> %mr_atanh
  rules= 197 uses= 442  ArcCoth -> acoth
  rules= 184 uses= 255  IntegerQ -> integerp
  rules= 175 uses= 205  GtQ -> cmp
  rules= 150 uses= 404  ArcCosh -> %mr_acosh
  rules= 133 uses= 144  NeQ -> %mr_neQ
  rules= 125 uses= 156  Not -> not
  rules= 122 uses= 122  Subst -> %mr_subst
  rules= 115 uses= 299  ArcSinh -> %mr_asinh
  rules= 110 uses= 117  LtQ -> cmp
  rules=  80 uses= 133  Simp -> %mr_simp
  rules=  78 uses= 180  Log -> log
  rules=  69 uses=  69  With -> block
  rules=  61 uses=  61  ExpandIntegrand -> %mr_expandIntegrand
  rules=  60 uses=  72  ILtQ -> cmp
  rules=  53 uses=  55  SimplifyIntegrand -> %mr_simp
  rules=  49 uses=  53  Dist -> %mr_dist
  rules=  49 uses=  49  IntHide -> mr_int
  rules=  40 uses=  69  Cosh -> cosh
  rules=  40 uses=  69  Sinh -> sinh
  rules=  30 uses=  30  Unintegrable -> noun
  rules=  22 uses=  28  InverseFunctionFreeQ -> %mr_inverseFunctionFreeQ
  rules=  20 uses=  20  D -> diff
  rules=  18 uses=  52  PolyLog -> polylog
  rules=  15 uses=  23  Coth -> coth
  rules=  14 uses=  14  IntegersQ -> %mr_integersQ
  rules=  14 uses=  22  Tanh -> tanh
  rules=  12 uses=  24  Cot -> cot
  rules=  12 uses=  32  FracPart -> %mr_fracPart
  rules=  12 uses=  12  IntPart -> %mr_intPart
  rules=  12 uses=  12  RationalQ -> %mr_rationalQ
  rules=  12 uses=  24  Tan -> tan
  rules=  10 uses=  16  MatchQ -> %mr_matchQ
  rules=  10 uses=  10  SumQ -> %mr_sumQ
  rules=   8 uses=   8  Denominator -> denom
  rules=   8 uses=   8  FractionQ -> %mr_fractionQ
  rules=   8 uses=   8  FunctionOfExponentialQ -> %mr_functionOfExponentialQ
  rules=   8 uses=   8  RationalFunctionQ -> %mr_rationalFunctionQ
  rules=   8 uses=   8  Sec -> sec
  rules=   7 uses=   8  Csch -> csch
  rules=   7 uses=   7  Erf -> erf
  rules=   7 uses=   7  Erfi -> erfi
  rules=   7 uses=   8  Sech -> sech
  rules=   6 uses=   6  CoshIntegral -> expintegral_chi
  rules=   6 uses=   6  FalseQ -> %mr_falseQ
  rules=   6 uses=   6  FunctionOfQ -> %mr_functionOfQ
  rules=   6 uses=   6  GeQ -> cmp
  rules=   6 uses=   6  PolynomialQ -> %mr_polynomialQ
  rules=   6 uses=   6  SinhIntegral -> expintegral_shi
  rules=   5 uses=   5  LeQ -> cmp
  rules=   4 uses=   4  HalfIntegerQ -> %mr_halfIntegerQ
  rules=   3 uses=   3  Hypergeometric2F1 -> hypergeometric
  rules=   3 uses=   3  HypergeometricPFQ -> hypergeometric
  rules=   2 uses=   2  ArcTan -> atan
  rules=   2 uses=   4  Coefficient -> %mr_coeff
  rules=   2 uses=   6  Discriminant -> poly_discriminant
  rules=   2 uses=   2  ExpandExpression -> %mr_expandExpression
  rules=   2 uses=   2  ExpandTrigReduce -> %mr_expandTrigReduce
  rules=   2 uses=   2  FresnelC -> fresnel_c
  rules=   2 uses=   2  FresnelS -> fresnel_s
  rules=   2 uses=   2  FunctionOfLinear -> %mr_functionOfLinear
  rules=   2 uses=   2  Head -> %mr_head
  rules=   2 uses=   2  InverseFunctionOfLinear -> %mr_inverseFunctionOfLinear
  rules=   2 uses=   2  PosQ -> %mr_posQ
  rules=   2 uses=   2  PowerVariableExpn -> %mr_powerVariableExpn
  rules=   2 uses=   2  QuadraticQ -> %mr_quadraticQ
  rules=   2 uses=   2  RemoveContent -> %mr_removeContent
  rules=   2 uses=   8  Rt -> %mr_rt
  rules=   2 uses=   4  Simplify -> %mr_simp
  rules=   2 uses=   2  SubstForInverseFunction -> %mr_substForInverseFunction

== emitter-dispatched (no table row; generate_rules.py names the token as a string literal — read the case): 2 ==
  rules=  10 uses=  10  PolyQ                    first at 7.1.6 Miscellaneous inverse hyperbolic sine r20
  rules=   1 uses=   1  IGeQ                     first at 7.3.4 u (a+b arctanh(c x))^p r136

== UNLISTED tokens (adjudicate on the ticket): 2 ==
  rules=  38 uses=  70  ArcSech                  first at 7.2.6 Miscellaneous inverse hyperbolic cosine r18
  rules=  36 uses=  65  ArcCsch                  first at 7.1.6 Miscellaneous inverse hyperbolic sine r13

== transitive closure through IntegrationUtilityFunctions.m ==
utilities reached: 195  (rule-side 41, transitive-only 154)
status: table 71  ported 68  ABSENT 56

-- rule-side utilities --
  ported  IGeQ                                 rules=1
  ported  PolyQ                                rules=10
  table   EqQ                                  rules=387
  table   ExpandExpression                     rules=2
  table   ExpandIntegrand                      rules=61
  table   ExpandTrigReduce                     rules=2
  table   FalseQ                               rules=6
  table   FracPart                             rules=12
  table   FractionQ                            rules=8
  table   FreeQ                                rules=700
  table   FunctionOfExponentialQ               rules=8
  table   FunctionOfLinear                     rules=2
  table   FunctionOfQ                          rules=6
  table   GeQ                                  rules=6
  table   GtQ                                  rules=175
  table   HalfIntegerQ                         rules=4
  table   IGtQ                                 rules=274
  table   ILtQ                                 rules=60
  table   IntHide                              rules=49
  table   IntPart                              rules=12
  table   IntegerQ                             rules=184
  table   IntegersQ                            rules=14
  table   InverseFunctionFreeQ                 rules=22
  table   InverseFunctionOfLinear              rules=2
  table   LeQ                                  rules=5
  table   LtQ                                  rules=110
  table   NeQ                                  rules=133
  table   Not                                  rules=125
  table   PolynomialQ                          rules=6
  table   PosQ                                 rules=2
  table   PowerVariableExpn                    rules=2
  table   QuadraticQ                           rules=2
  table   RationalFunctionQ                    rules=8
  table   RationalQ                            rules=12
  table   RemoveContent                        rules=2
  table   Rt                                   rules=2
  table   Simp                                 rules=80
  table   SimplifyIntegrand                    rules=53
  table   Subst                                rules=122
  table   SubstForInverseFunction              rules=2
  table   SumQ                                 rules=10

-- transitive-only utilities (reached through a utility) --
  ABSENT  CollectRecipTerms                    via ExpandIntegrand
  ABSENT  ComplexFreeQ                         via FreeQ
  ABSENT  ContentFactorAux                     via ContentFactor
  ABSENT  DistributeOverTerms                  via ExpandIntegrand
  ABSENT  ExpandBinomial                       via ExpandIntegrand
  ABSENT  Expon                                via PolyQ
  ABSENT  FactorNumericGcd                     via SimpHelp
  ABSENT  FixSimplify                          via TogetherSimplify
  ABSENT  FractionalPowerOfSquareQ             via SmartSimplify
  ABSENT  FractionalPowerSubexpressionQ        via SmartSimplify
  ABSENT  FunctionOfCoshQ                      via FunctionOfQ
  ABSENT  FunctionOfExponentialTest            via FunctionOfExponentialQ
  ABSENT  FunctionOfExponentialTestAux         via FunctionOfExponentialTest
  ABSENT  FunctionOfSinhQ                      via FunctionOfQ
  ABSENT  FunctionOfTanhQ                      via FunctionOfQ
  ABSENT  GensymSubst                          via SmartApart
  ABSENT  HeldFormQ                            via Subst
  ABSENT  InverseHyperbolicQ                   via InverseFunctionQ
  ABSENT  InverseTrigQ                         via InverseFunctionQ
  ABSENT  KernelSubst                          via SmartApart
  ABSENT  MakeAssocList                        via SmartApart
  ABSENT  Map2                                 via CommonFactors
  ABSENT  MergeFactor                          via MergeFactors
  ABSENT  MergeFactors                         via SimpHelp
  ABSENT  MergeableFactorQ                     via MergeFactors
  ABSENT  NormalizeHyperbolic                  via SimpHelp
  ABSENT  NormalizeSumFactors                  via Simp
  ABSENT  NormalizeTogether                    via SimplifyAntiderivative
  ABSENT  NormalizeTrig                        via SimpHelp
  ABSENT  NthRoot                              via RtAux
  ABSENT  OddHyperbolicPowerQ                  via FunctionOfTanhQ
  ABSENT  PureFunctionOfCosQ                   via FunctionOfQ
  ABSENT  PureFunctionOfCoshQ                  via FunctionOfQ
  ABSENT  PureFunctionOfCotQ                   via FunctionOfQ
  ABSENT  PureFunctionOfCothQ                  via FunctionOfQ
  ABSENT  PureFunctionOfSinQ                   via FunctionOfQ
  ABSENT  PureFunctionOfSinhQ                  via FunctionOfQ
  ABSENT  PureFunctionOfTanQ                   via FunctionOfQ
  ABSENT  PureFunctionOfTanhQ                  via FunctionOfQ
  ABSENT  RealNumberQ                          via GeQ
  ABSENT  ReapList                             via FunctionOfTanQ
  ABSENT  RectifyCotangent                     via SimplifyAntiderivative
  ABSENT  RectifyTangent                       via SimplifyAntiderivative
  ABSENT  SimpFixFactor                        via SimpHelp
  ABSENT  SimpHelp                             via Simp
  ABSENT  SimplifyAntiderivative               via Subst
  ABSENT  SimplifyAntiderivativeSum            via SimplifyAntiderivative
  ABSENT  SmartDenominator                     via RectifyTangent
  ABSENT  SmartNumerator                       via RectifyTangent
  ABSENT  SmartSimplify                        via SimpHelp
  ABSENT  SqrtNumberQ                          via SqrtNumberSumQ
  ABSENT  SqrtNumberSumQ                       via IntegerQ
  ABSENT  StopFunctionQ                        via NormalizeSumFactors
  ABSENT  SubstAux                             via Subst
  ABSENT  SubstForExpn                         via SmartSimplify
  ABSENT  UnifyNegativeBaseFactors             via ContentFactorAux
  ported  AbsorbMinusSign                      via NormalizeLeadTermSigns
  ported  AbsurdNumberQ                        via FixSimplify
  ported  BinomialParts                        via ExpandToSum
  ported  CalculusQ                            via FunctionOfLinear
  ported  CollectReciprocals                   via ExpandCleanup
  ported  CommonFactors                        via FunctionOfLinear
  ported  ComplexNumberQ                       via ComplexFreeQ
  ported  ContentFactor                        via NumericFactor
  ported  DivideDegreesOfFactors               via FunctionOfLinear
  ported  EvenQuotientQ                        via FunctionOfSinQ
  ported  EveryQ                               via CommonFactors
  ported  ExpandAlgebraicFunction              via ExpandExpression
  ported  ExpandCleanup                        via ExpandExpression
  ported  ExpandTrigReduceAux                  via ExpandTrigReduce
  ported  FactorOrder                          via MostMainFactorPosition
  ported  FindTrigFactor                       via FunctionOfSinQ
  ported  FreeTerms                            via DistributeOverTerms
  ported  FunctionOfCosQ                       via FunctionOfQ
  ported  FunctionOfExpnQ                      via FunctionOfQ
  ported  FunctionOfLinearSubst                via FunctionOfLinear
  ported  FunctionOfSinQ                       via FunctionOfQ
  ported  FunctionOfTanQ                       via FunctionOfQ
  ported  GeneralizedBinomialParts             via ExpandToSum
  ported  GeneralizedTrinomialParts            via ExpandToSum
  ported  IntegerQuotientQ                     via FunctionOfSinQ
  ported  LeadBase                             via CommonFactors
  ported  LeadDegree                           via DivideDegreesOfFactors
  ported  LeadFactor                           via FunctionOfLinear
  ported  LogQ                                 via CommonFactors
  ported  MergeMonomials                       via DistributeOverTerms
  ported  MinimumDegree                        via MonomialFactor
  ported  MinimumMonomialExponent              via NormalizeIntegrandFactor
  ported  MonomialExponent                     via MinimumMonomialExponent
  ported  MonomialFactor                       via FunctionOfLinear
  ported  MostMainFactorPosition               via CommonFactors
  ported  NonfreeTerms                         via DistributeOverTerms
  ported  NonnumericFactors                    via Subst
  ported  NonrationalFunctionFactors           via ExpandExpression
  ported  NormalizeIntegrandAux                via SimplifyIntegrand
  ported  NormalizeIntegrandFactor             via NormalizeIntegrandAux
  ported  NormalizeIntegrandFactorBase         via NormalizeIntegrandFactor
  ported  NormalizeLeadTermSigns               via SimplifyIntegrand
  ported  NormalizeTrigReduce                  via ExpandTrigReduceAux
  ported  NumericFactor                        via Subst
  ported  OddQuotientQ                         via FunctionOfSinQ
  ported  OddTrigPowerQ                        via FunctionOfTanQ
  ported  PolynomialInSubstAux                 via PolynomialInSubst
  ported  PosAux                               via PosQ
  ported  PowerVariableDegree                  via PowerVariableExpn
  ported  PowerVariableSubst                   via PowerVariableExpn
  ported  RationalFunctionFactors              via ExpandExpression
  ported  RemainingFactors                     via CommonFactors
  ported  RemoveContentAux                     via RemoveContent
  ported  RtAux                                via Rt
  ported  SignOfFactor                         via NormalizeSumFactors
  ported  SimplifyTerm                         via ExpandExpression
  ported  Smallest                             via CommonFactors
  ported  SmartApart                           via ExpandExpression
  ported  SplitSum                             via TrigSquare
  ported  TogetherSimplify                     via ExpandIntegrand
  ported  TrigQ                                via FreeQ
  ported  TrigSquare                           via RtAux
  ported  TrinomialParts                       via ExpandToSum
  ported  UnifySum                             via ExpandCleanup
  ported  UnifyTerm                            via UnifyTerms
  ported  UnifyTerms                           via UnifySum
  table   ActivateTrig                         via FunctionOfQ
  table   AlgebraicFunctionQ                   via ExpandExpression
  table   BinomialMatchQ                       via NormalizeIntegrandFactorBase
  table   BinomialQ                            via FreeQ
  table   Coeff                                via PolyQ
  table   ExpandLinearProduct                  via ExpandIntegrand
  table   ExpandToSum                          via ExpandIntegrand
  table   FreeFactors                          via FunctionOfQ
  table   GeneralizedBinomialQ                 via ExpandToSum
  table   GeneralizedTrinomialQ                via ExpandToSum
  table   HyperbolicQ                          via FreeQ
  table   If                                   via ExpandExpression
  table   InertReciprocalQ                     via FreeQ
  table   InertTrigFreeQ                       via FunctionOfQ
  table   IntegralFreeQ                        via Not
  table   InverseFunctionQ                     via InverseFunctionFreeQ
  table   LinearQ                              via ExpandIntegrand
  table   MemberQ                              via FreeQ
  table   MonomialQ                            via SubstAux
  table   NegQ                                 via PolynomialDivide
  table   NonfreeFactors                       via FunctionOfQ
  table   NonsumQ                              via SimplifyAntiderivative
  table   NormalizeIntegrand                   via ExpandIntegrand
  table   OddQ                                 via ExpandBinomial
  table   PolynomialDivide                     via ExpandIntegrand
  table   PolynomialInSubst                    via PolynomialDivide
  table   PowerOfInertTrigSumQ                 via FreeQ
  table   PowerQ                               via FunctionOfLinear
  table   ProductQ                             via FunctionOfLinear
  table   SplitProduct                         via RtAux
  table   TrinomialMatchQ                      via NormalizeIntegrandFactorBase
  table   TrinomialQ                           via ExpandToSum

=== 7 Inverse hyperbolic functions: .m files in the tree 25, loaded 21, NOT loaded 4 ===

NOT LOADED  7.3 Inverse hyperbolic tangent/7.3.1 u (a+b arctanh(c x^n))^p.m   ^Int[ lines: 193
  no loaded file with the same title; its 193 rule runs found verbatim in loaded files:
       6  7.3.2 (d x)^m (a+b arctanh(c x^n))^p.m
      12  7.3.3 (d+e x)^m (a+b arctanh(c x^n))^p.m
     161  7.3.4 u (a+b arctanh(c x))^p.m
      14  in no loaded file

NOT LOADED  7.3 Inverse hyperbolic tangent/7.3.2 u (a+b arctanh(c+d x))^p.m   ^Int[ lines: 20
  same title as LOADED 7.3.5 u (a+b arctanh(c+d x))^p.m
    byte-identical: False;  identical without the `(* <number> <title> *)` header comments: True
    rule runs: excluded 20, loaded 20, excluded runs found verbatim in the loaded file: 20

NOT LOADED  7.3 Inverse hyperbolic tangent/7.3.3 Exponentials of inverse hyperbolic tangent.m   ^Int[ lines: 82
  same title as LOADED 7.3.6 Exponentials of inverse hyperbolic tangent.m
    byte-identical: False;  identical without the `(* <number> <title> *)` header comments: True
    rule runs: excluded 82, loaded 82, excluded runs found verbatim in the loaded file: 82

NOT LOADED  7.3 Inverse hyperbolic tangent/7.3.4 Miscellaneous inverse hyperbolic tangent.m   ^Int[ lines: 70
  same title as LOADED 7.3.7 Miscellaneous inverse hyperbolic tangent.m
    byte-identical: False;  identical without the `(* <number> <title> *)` header comments: True
    rule runs: excluded 70, loaded 70, excluded runs found verbatim in the loaded file: 70
