# class-4 callee sweep, 2026-09-25
Maxima-version: "branch_5_50_base_84_g4204fb669"
Maxima build date: "2026-08-31 13:27:47"
Host type: "x86_64-pc-linux-gnu"
Lisp implementation type: "SBCL"
Lisp implementation version: "2.6.7"
User dir: "/home/serge/.maxima"
Temp dir: "/tmp"
Object dir: "/home/serge/.maxima/binary/branch_5_50_base_84_g4204fb669/sbcl/2_6_7"
Frontend: false
 
names swept: 176 
UNBOUND AppellF1 
UNBOUND mr_witness_4_1_0_1 
UNBOUND mr_witness_4_1_0_2 
UNBOUND mr_witness_4_1_0_3 
UNBOUND mr_witness_4_1_10 
UNBOUND mr_witness_4_1_1_1 
UNBOUND mr_witness_4_1_11 
UNBOUND mr_witness_4_1_1_2 
UNBOUND mr_witness_4_1_12 
UNBOUND mr_witness_4_1_1_3 
UNBOUND mr_witness_4_1_13 
UNBOUND mr_witness_4_1_2_1 
UNBOUND mr_witness_4_1_2_2 
UNBOUND mr_witness_4_1_2_3 
UNBOUND mr_witness_4_1_3_1 
UNBOUND mr_witness_4_1_4_1 
UNBOUND mr_witness_4_1_4_2 
UNBOUND mr_witness_4_1_5 
UNBOUND mr_witness_4_1_6 
UNBOUND mr_witness_4_1_7 
UNBOUND mr_witness_4_1_8 
UNBOUND mr_witness_4_1_9 
UNBOUND mr_witness_4_3_10 
UNBOUND mr_witness_4_3_1_1 
UNBOUND mr_witness_4_3_11 
UNBOUND mr_witness_4_3_1_2 
UNBOUND mr_witness_4_3_12 
UNBOUND mr_witness_4_3_1_3 
UNBOUND mr_witness_4_3_2_1 
UNBOUND mr_witness_4_3_2_3 
UNBOUND mr_witness_4_3_3_1 
UNBOUND mr_witness_4_3_4_1 
UNBOUND mr_witness_4_3_4_2 
UNBOUND mr_witness_4_3_7 
UNBOUND mr_witness_4_3_9 
UNBOUND mr_witness_4_5_10 
UNBOUND mr_witness_4_5_1_1 
UNBOUND mr_witness_4_5_11 
UNBOUND mr_witness_4_5_1_2 
UNBOUND mr_witness_4_5_1_3 
UNBOUND mr_witness_4_5_1_4 
UNBOUND mr_witness_4_5_2_1 
UNBOUND mr_witness_4_5_2_2 
UNBOUND mr_witness_4_5_3_1 
UNBOUND mr_witness_4_5_4_1 
UNBOUND mr_witness_4_5_4_2 
UNBOUND mr_witness_4_5_7 
UNBOUND mr_witness_4_5_9 
UNBOUND mr_witness_4_7_1 
UNBOUND mr_witness_4_7_2 
UNBOUND mr_witness_4_7_3 
UNBOUND mr_witness_4_7_4 
UNBOUND mr_witness_4_7_5 
UNBOUND mr_witness_4_7_6 
UNBOUND mr_witness_4_7_7 
UNBOUND mr_witness_4_7_8 
UNBOUND mr_witness_4_7_9 
control (false, true): false true 
