=== maxima-rubi corpus queue worker 02 (filter '5 Inverse trig functions/') ===
date: 2026-09-29 09:42 UTC
maxima: Maxima-version: "branch_5_50_base_84_g4204fb669"
maxima: Maxima build date: "2026-08-31 13:27:47"
maxima: Host type: "x86_64-pc-linux-gnu"
maxima: Lisp implementation type: "SBCL"
maxima: Lisp implementation version: "2.6.7"
filter: '5 Inverse trig functions/'  queue worker 02 of 12  timeout: 30s cpu  entries: 48  subset: verified of /home/serge/src/maxima-rubi/probes/verify-stages/08-stage-order/entries/class5.control.out  switches: mr_flat_wide=false mr_cond_retry=true mr_model_flags=true mr_nested_fallback=false mr_giveup_last=true mr_inert_leak_misfire=true mr_last_resort_tier=true mr_general_after_giveups=true mr_max_depth=32 mr_eqq_symbolic=true mr_subst_simp=false mr_gtq_facts=false  verify: 30s cpu, stage 5s

expected       t=   0.3s 5 Inverse trig functions/5.1 Inverse sine/5.1.2 (d x)^m (a+b arcsin(c x))^n.mac e159 L194
verified       t=   0.3s 5 Inverse trig functions/5.2 Inverse cosine/5.2.2 (d x)^m (a+b arccos(c x))^n.mac e27 L38
verified       t=   0.4s 5 Inverse trig functions/5.3 Inverse tangent/5.3.2 (d x)^m (a+b arctan(c x^n))^p.mac e23 L34
verified       t=   1.2s 5 Inverse trig functions/5.3 Inverse tangent/5.3.4 u (a+b arctan(c x))^p.mac e68 L85
verified       t=   0.1s 5 Inverse trig functions/5.3 Inverse tangent/5.3.6 Exponentials of inverse tangent.mac e313 L378
verified       t=   0.0s 5 Inverse trig functions/5.4 Inverse cotangent/5.4.1 Inverse cotangent functions.mac e2 L13

=== summary ===
head rewrites: {'li[': 30, 'expintegral_si(': 16, 'expintegral_ci(': 9, 'fresnel_s(': 9, 'fresnel_c(': 8}
expected       1
verified       5
total integrals: 6
wall time: 3.8s
Results: 6 passed, 0 failed
