=== maxima-rubi corpus queue worker 11 (filter '6 Hyperbolic functions/') ===
date: 2026-09-28 17:20 UTC
maxima: Maxima-version: "branch_5_50_base_84_g4204fb669"
maxima: Maxima build date: "2026-08-31 13:27:47"
maxima: Host type: "x86_64-pc-linux-gnu"
maxima: Lisp implementation type: "SBCL"
maxima: Lisp implementation version: "2.6.7"
filter: '6 Hyperbolic functions/'  queue worker 11 of 12  timeout: 30s cpu  entries: 83  subset: unverified of /home/serge/src/maxima-rubi/test/corpus_class6.pfs.out  switches: mr_flat_wide=false mr_cond_retry=true mr_model_flags=true mr_nested_fallback=false mr_giveup_last=true mr_inert_leak_misfire=true mr_last_resort_tier=true mr_general_after_giveups=true mr_max_depth=32 mr_eqq_symbolic=true mr_subst_simp=false mr_gtq_facts=false  verify: 30s cpu, stage 5s

verified       t=   0.2s 6 Hyperbolic functions/6.1 Hyperbolic sine/6.1.5 Hyperbolic sine functions.mac e137 L180
expected       t=   0.1s 6 Hyperbolic functions/6.1 Hyperbolic sine/6.1.5 Hyperbolic sine functions.mac e328 L433
unverified     t=   0.2s 6 Hyperbolic functions/6.1 Hyperbolic sine/6.1.7 hyper^m (a+b sinh^n)^p.mac e177 L206
unverified     t=   0.3s 6 Hyperbolic functions/6.7 Miscellaneous/6.7.1 Hyperbolic functions.mac e59 L74

=== summary ===
head rewrites: {}
expected       1
unverified     2
verified       1
total integrals: 4
wall time: 30.9s
Results: 2 passed, 2 failed
