=== maxima-rubi corpus queue worker 04 (filter '6 Hyperbolic functions/') ===
date: 2026-09-28 17:20 UTC
maxima: Maxima-version: "branch_5_50_base_84_g4204fb669"
maxima: Maxima build date: "2026-08-31 13:27:47"
maxima: Host type: "x86_64-pc-linux-gnu"
maxima: Lisp implementation type: "SBCL"
maxima: Lisp implementation version: "2.6.7"
filter: '6 Hyperbolic functions/'  queue worker 04 of 12  timeout: 30s cpu  entries: 83  subset: unverified of /home/serge/src/maxima-rubi/test/corpus_class6.pfs.out  switches: mr_flat_wide=false mr_cond_retry=true mr_model_flags=true mr_nested_fallback=false mr_giveup_last=true mr_inert_leak_misfire=true mr_last_resort_tier=true mr_general_after_giveups=true mr_max_depth=32 mr_eqq_symbolic=true mr_subst_simp=false mr_gtq_facts=false  verify: 30s cpu, stage 5s

verified       t=   0.1s 6 Hyperbolic functions/6.1 Hyperbolic sine/6.1.5 Hyperbolic sine functions.mac e109 L140
verified       t=   0.1s 6 Hyperbolic functions/6.1 Hyperbolic sine/6.1.5 Hyperbolic sine functions.mac e286 L381
unverified     t=   0.2s 6 Hyperbolic functions/6.5 Hyperbolic secant/6.5.3 Hyperbolic secant functions.mac e186 L251
verified       t=   0.1s 6 Hyperbolic functions/6.6 Hyperbolic cosecant/6.6.3 Hyperbolic cosecant functions.mac e163 L216
verified       t=   0.1s 6 Hyperbolic functions/6.6 Hyperbolic cosecant/6.6.3 Hyperbolic cosecant functions.mac e164 L217
verified       t=   0.1s 6 Hyperbolic functions/6.6 Hyperbolic cosecant/6.6.3 Hyperbolic cosecant functions.mac e169 L222
verified       t=   0.1s 6 Hyperbolic functions/6.7 Miscellaneous/6.7.1 Hyperbolic functions.mac e89 L106
verified       t=   0.1s 6 Hyperbolic functions/6.7 Miscellaneous/6.7.1 Hyperbolic functions.mac e224 L253
verified       t=   0.0s 6 Hyperbolic functions/6.7 Miscellaneous/6.7.1 Hyperbolic functions.mac e608 L689

=== summary ===
head rewrites: {}
unverified     1
verified       8
total integrals: 9
wall time: 20.2s
Results: 8 passed, 1 failed
