=== maxima-rubi corpus queue worker 09 (filter '6 Hyperbolic functions/') ===
date: 2026-09-28 17:20 UTC
maxima: Maxima-version: "branch_5_50_base_84_g4204fb669"
maxima: Maxima build date: "2026-08-31 13:27:47"
maxima: Host type: "x86_64-pc-linux-gnu"
maxima: Lisp implementation type: "SBCL"
maxima: Lisp implementation version: "2.6.7"
filter: '6 Hyperbolic functions/'  queue worker 09 of 12  timeout: 30s cpu  entries: 83  subset: unverified of /home/serge/src/maxima-rubi/test/corpus_class6.pfs.out  switches: mr_flat_wide=false mr_cond_retry=true mr_model_flags=true mr_nested_fallback=false mr_giveup_last=true mr_inert_leak_misfire=true mr_last_resort_tier=true mr_general_after_giveups=true mr_max_depth=32 mr_eqq_symbolic=true mr_subst_simp=false mr_gtq_facts=false  verify: 30s cpu, stage 5s

verified       t=   0.5s 6 Hyperbolic functions/6.1 Hyperbolic sine/6.1.5 Hyperbolic sine functions.mac e127 L168
error          t=   0.2s 6 Hyperbolic functions/6.1 Hyperbolic sine/6.1.7 hyper^m (a+b sinh^n)^p.mac e271 L314
expected       t=   0.2s 6 Hyperbolic functions/6.1 Hyperbolic sine/6.1.7 hyper^m (a+b sinh^n)^p.mac e518 L615
error          t=   0.3s 6 Hyperbolic functions/6.2 Hyperbolic cosine/6.2.7 hyper^m (a+b cosh^n)^p.mac e74 L121
unverified     t=   0.2s 6 Hyperbolic functions/6.4 Hyperbolic cotangent/6.4.2 Hyperbolic cotangent functions.mac e45 L66
unverified     t=   0.1s 6 Hyperbolic functions/6.4 Hyperbolic cotangent/6.4.7 (d hyper)^m (a+b (c coth)^n)^p.mac e50 L81
verified       t=   0.0s 6 Hyperbolic functions/6.5 Hyperbolic secant/6.5.3 Hyperbolic secant functions.mac e94 L131
verified       t=   0.7s 6 Hyperbolic functions/6.5 Hyperbolic secant/6.5.3 Hyperbolic secant functions.mac e130 L183
verified       t=   0.0s 6 Hyperbolic functions/6.5 Hyperbolic secant/6.5.3 Hyperbolic secant functions.mac e140 L195
verified       t=   0.7s 6 Hyperbolic functions/6.5 Hyperbolic secant/6.5.3 Hyperbolic secant functions.mac e141 L196
verified       t=   0.1s 6 Hyperbolic functions/6.5 Hyperbolic secant/6.5.3 Hyperbolic secant functions.mac e189 L254
verified       t=   0.1s 6 Hyperbolic functions/6.5 Hyperbolic secant/6.5.3 Hyperbolic secant functions.mac e195 L260
expected       t=   0.1s 6 Hyperbolic functions/6.5 Hyperbolic secant/6.5.3 Hyperbolic secant functions.mac e201 L268

=== summary ===
head rewrites: {}
error          2
expected       2
unverified     2
verified       7
total integrals: 13
wall time: 24.5s
Results: 9 passed, 4 failed
