2026-10-02 21:19:52 CEST base records at 6e09656, tree 6e09656, 2 uncommitted paths
built test/mr_rules.core (187638000 bytes) rules=7776 fingerprint=8887e30483b837701282efdd9ec9d74e
2026-10-02 21:19:58 CEST start rubi 0 Independent test suites
=== class0 queue plan ===
entries: 1869  units: 1869  workers: 24  cap: 30s  timed by /home/serge/src/maxima-rubi/.scratch/answer-quality/ifold_ab/old_class0.out: 1869  untimed (run first): 0
job-seconds: 0  (one entry per unit)
estimated core-seconds: 768  estimated wall: 1.5 min (= core-seconds/workers + largest unit; timed entries only)
switches: mr_flat_wide=false mr_cond_retry=true mr_model_flags=true mr_nested_fallback=false mr_giveup_last=true mr_inert_leak_misfire=true mr_last_resort_tier=true mr_general_after_giveups=true mr_max_depth=32 mr_eqq_symbolic=true mr_subst_simp=false mr_gtq_facts=false mr_ifold=true
outputs: /home/serge/src/maxima-rubi/test/corpus_class0.shard00.out .. corpus_class0.shard23.out  pids: /home/serge/src/maxima-rubi/test/corpus_class0.shard-pids  log: /home/serge/src/maxima-rubi/test/corpus_class0.shard-queue.log
removed 97 files of the previous run
launched the queue: pid 1936617; pids in /home/serge/src/maxima-rubi/test/corpus_class0.shard-pids; log /home/serge/src/maxima-rubi/test/corpus_class0.shard-queue.log
2026-10-02 19:19:58 UTC watcher: waiting for pids: 1936617
2026-10-02 19:21:58 UTC watcher: all shards exited; merging
OK: 1780 tags (24 sidecars)
wrote test/corpus_class0.proof.out
OK: 1869 entries (24 sidecars); A 1679 B 67 C 38 F 77 F(-1) 8
wrote test/corpus_class0.grade.out
2026-10-02 21:21:58 CEST done 0 Independent test suites: Results: 1783 passed, 86 failed | Results: 0 worse, 0 missing
2026-10-02 21:21:58 CEST start rubi 2 Exponentials
=== class2 queue plan ===
entries: 965  units: 965  workers: 24  cap: 30s  timed by /home/serge/src/maxima-rubi/.scratch/answer-quality/ifold_ab/old_class2.out: 965  untimed (run first): 0
job-seconds: 0  (one entry per unit)
estimated core-seconds: 740  estimated wall: 1.5 min (= core-seconds/workers + largest unit; timed entries only)
switches: mr_flat_wide=false mr_cond_retry=true mr_model_flags=true mr_nested_fallback=false mr_giveup_last=true mr_inert_leak_misfire=true mr_last_resort_tier=true mr_general_after_giveups=true mr_max_depth=32 mr_eqq_symbolic=true mr_subst_simp=false mr_gtq_facts=false mr_ifold=true
outputs: /home/serge/src/maxima-rubi/test/corpus_class2.shard00.out .. corpus_class2.shard23.out  pids: /home/serge/src/maxima-rubi/test/corpus_class2.shard-pids  log: /home/serge/src/maxima-rubi/test/corpus_class2.shard-queue.log
removed 97 files of the previous run
launched the queue: pid 1942791; pids in /home/serge/src/maxima-rubi/test/corpus_class2.shard-pids; log /home/serge/src/maxima-rubi/test/corpus_class2.shard-queue.log
2026-10-02 19:21:58 UTC watcher: waiting for pids: 1942791
2026-10-02 19:23:58 UTC watcher: all shards exited; merging
OK: 816 tags (24 sidecars)
wrote test/corpus_class2.proof.out
OK: 965 entries (24 sidecars); A 841 B 24 C 18 F 73 F(-1) 9
wrote test/corpus_class2.grade.out
2026-10-02 21:23:59 CEST done 2 Exponentials: Results: 875 passed, 90 failed | Results: 0 worse, 0 missing
2026-10-02 21:23:59 CEST start rubi 8 Special functions
=== class8 queue plan ===
entries: 1949  units: 1949  workers: 24  cap: 30s  timed by /home/serge/src/maxima-rubi/.scratch/answer-quality/ifold_ab/old_class8.out: 1949  untimed (run first): 0
job-seconds: 0  (one entry per unit)
estimated core-seconds: 1690  estimated wall: 2.2 min (= core-seconds/workers + largest unit; timed entries only)
switches: mr_flat_wide=false mr_cond_retry=true mr_model_flags=true mr_nested_fallback=false mr_giveup_last=true mr_inert_leak_misfire=true mr_last_resort_tier=true mr_general_after_giveups=true mr_max_depth=32 mr_eqq_symbolic=true mr_subst_simp=false mr_gtq_facts=false mr_ifold=true
outputs: /home/serge/src/maxima-rubi/test/corpus_class8.shard00.out .. corpus_class8.shard23.out  pids: /home/serge/src/maxima-rubi/test/corpus_class8.shard-pids  log: /home/serge/src/maxima-rubi/test/corpus_class8.shard-queue.log
removed 97 files of the previous run
launched the queue: pid 1946100; pids in /home/serge/src/maxima-rubi/test/corpus_class8.shard-pids; log /home/serge/src/maxima-rubi/test/corpus_class8.shard-queue.log
2026-10-02 19:23:59 UTC watcher: waiting for pids: 1946100
2026-10-02 19:25:59 UTC watcher: all shards exited; merging
OK: 1510 tags (24 sidecars)
wrote test/corpus_class8.proof.out
OK: 1949 entries (24 sidecars); A 1678 B 41 C 11 F 204 F(-1) 15
wrote test/corpus_class8.grade.out
2026-10-02 21:25:59 CEST done 8 Special functions: Results: 1727 passed, 222 failed | Results: 0 worse, 0 missing
2026-10-02 21:25:59 CEST start rubi 3 Logarithms
=== class3 queue plan ===
entries: 3085  units: 3085  workers: 24  cap: 30s  timed by /home/serge/src/maxima-rubi/.scratch/answer-quality/ifold_ab/old_class3.out: 3085  untimed (run first): 0
job-seconds: 0  (one entry per unit)
estimated core-seconds: 2726  estimated wall: 2.9 min (= core-seconds/workers + largest unit; timed entries only)
switches: mr_flat_wide=false mr_cond_retry=true mr_model_flags=true mr_nested_fallback=false mr_giveup_last=true mr_inert_leak_misfire=true mr_last_resort_tier=true mr_general_after_giveups=true mr_max_depth=32 mr_eqq_symbolic=true mr_subst_simp=false mr_gtq_facts=false mr_ifold=true
outputs: /home/serge/src/maxima-rubi/test/corpus_class3.shard00.out .. corpus_class3.shard23.out  pids: /home/serge/src/maxima-rubi/test/corpus_class3.shard-pids  log: /home/serge/src/maxima-rubi/test/corpus_class3.shard-queue.log
removed 97 files of the previous run
launched the queue: pid 1952389; pids in /home/serge/src/maxima-rubi/test/corpus_class3.shard-pids; log /home/serge/src/maxima-rubi/test/corpus_class3.shard-queue.log
2026-10-02 19:25:59 UTC watcher: waiting for pids: 1952389
2026-10-02 19:29:59 UTC watcher: all shards exited; merging
OK: 2377 tags (24 sidecars)
wrote test/corpus_class3.proof.out
OK: 3085 entries (24 sidecars); A 2589 B 46 C 14 F 425 F(-1) 9 - 2
wrote test/corpus_class3.grade.out
2026-10-02 21:29:59 CEST done 3 Logarithms: Results: 2648 passed, 437 failed | Results: 0 worse, 0 missing
2026-10-02 21:29:59 CEST start rubi 5 Inverse trig functions
=== class5 queue plan ===
entries: 4585  units: 4585  workers: 24  cap: 30s  timed by /home/serge/src/maxima-rubi/.scratch/answer-quality/ifold_ab/old_class5.out: 4585  untimed (run first): 0
job-seconds: 0  (one entry per unit)
estimated core-seconds: 4450  estimated wall: 4.1 min (= core-seconds/workers + largest unit; timed entries only)
switches: mr_flat_wide=false mr_cond_retry=true mr_model_flags=true mr_nested_fallback=false mr_giveup_last=true mr_inert_leak_misfire=true mr_last_resort_tier=true mr_general_after_giveups=true mr_max_depth=32 mr_eqq_symbolic=true mr_subst_simp=false mr_gtq_facts=false mr_ifold=true
outputs: /home/serge/src/maxima-rubi/test/corpus_class5.shard00.out .. corpus_class5.shard23.out  pids: /home/serge/src/maxima-rubi/test/corpus_class5.shard-pids  log: /home/serge/src/maxima-rubi/test/corpus_class5.shard-queue.log
removed 97 files of the previous run
launched the queue: pid 1962424; pids in /home/serge/src/maxima-rubi/test/corpus_class5.shard-pids; log /home/serge/src/maxima-rubi/test/corpus_class5.shard-queue.log
2026-10-02 19:29:59 UTC watcher: waiting for pids: 1962424
2026-10-02 19:35:59 UTC watcher: all shards exited; merging
OK: 3140 tags (24 sidecars)
wrote test/corpus_class5.proof.out
OK: 4585 entries (24 sidecars); A 3695 B 142 C 46 F 684 F(-1) 18
wrote test/corpus_class5.grade.out
2026-10-02 21:35:59 CEST done 5 Inverse trig functions: Results: 3880 passed, 705 failed | Results: 0 worse, 0 missing
2026-10-02 21:35:59 CEST start rubi 6 Hyperbolic functions
=== class6 queue plan ===
entries: 5080  units: 5080  workers: 24  cap: 30s  timed by /home/serge/src/maxima-rubi/.scratch/answer-quality/ifold_ab/old_class6.out: 5080  untimed (run first): 0
job-seconds: 0  (one entry per unit)
estimated core-seconds: 4596  estimated wall: 4.2 min (= core-seconds/workers + largest unit; timed entries only)
switches: mr_flat_wide=false mr_cond_retry=true mr_model_flags=true mr_nested_fallback=false mr_giveup_last=true mr_inert_leak_misfire=true mr_last_resort_tier=true mr_general_after_giveups=true mr_max_depth=32 mr_eqq_symbolic=true mr_subst_simp=false mr_gtq_facts=false mr_ifold=true
outputs: /home/serge/src/maxima-rubi/test/corpus_class6.shard00.out .. corpus_class6.shard23.out  pids: /home/serge/src/maxima-rubi/test/corpus_class6.shard-pids  log: /home/serge/src/maxima-rubi/test/corpus_class6.shard-queue.log
removed 97 files of the previous run
launched the queue: pid 1977296; pids in /home/serge/src/maxima-rubi/test/corpus_class6.shard-pids; log /home/serge/src/maxima-rubi/test/corpus_class6.shard-queue.log
2026-10-02 19:35:59 UTC watcher: waiting for pids: 1977296
2026-10-02 19:43:59 UTC watcher: all shards exited; merging
OK: 4237 tags (24 sidecars)
wrote test/corpus_class6.proof.out
OK: 5080 entries (24 sidecars); A 4057 B 175 C 283 F 525 F(-1) 26 - 14
wrote test/corpus_class6.grade.out
2026-10-02 21:44:00 CEST done 6 Hyperbolic functions: Results: 4496 passed, 584 failed | Results: 0 worse, 0 missing
2026-10-02 21:44:00 CEST start rubi 7 Inverse hyperbolic functions
=== class7 queue plan ===
entries: 6552  units: 6552  workers: 24  cap: 30s  timed by /home/serge/src/maxima-rubi/.scratch/answer-quality/ifold_ab/old_class7.out: 6552  untimed (run first): 0
job-seconds: 0  (one entry per unit)
estimated core-seconds: 6332  estimated wall: 5.4 min (= core-seconds/workers + largest unit; timed entries only)
switches: mr_flat_wide=false mr_cond_retry=true mr_model_flags=true mr_nested_fallback=false mr_giveup_last=true mr_inert_leak_misfire=true mr_last_resort_tier=true mr_general_after_giveups=true mr_max_depth=32 mr_eqq_symbolic=true mr_subst_simp=false mr_gtq_facts=false mr_ifold=true
outputs: /home/serge/src/maxima-rubi/test/corpus_class7.shard00.out .. corpus_class7.shard23.out  pids: /home/serge/src/maxima-rubi/test/corpus_class7.shard-pids  log: /home/serge/src/maxima-rubi/test/corpus_class7.shard-queue.log
removed 97 files of the previous run
launched the queue: pid 1994017; pids in /home/serge/src/maxima-rubi/test/corpus_class7.shard-pids; log /home/serge/src/maxima-rubi/test/corpus_class7.shard-queue.log
2026-10-02 19:44:00 UTC watcher: waiting for pids: 1994017
2026-10-02 19:54:00 UTC watcher: all shards exited; merging
OK: 5540 tags (24 sidecars)
wrote test/corpus_class7.proof.out
OK: 6552 entries (24 sidecars); A 5419 B 430 C 76 F 602 F(-1) 25
wrote test/corpus_class7.grade.out
2026-10-02 21:54:00 CEST done 7 Inverse hyperbolic functions: Results: 5894 passed, 658 failed | Results: 0 worse, 0 missing
2026-10-02 21:54:00 CEST start rubi 4 Trig functions
=== class4 queue plan ===
entries: 22472  units: 22472  workers: 24  cap: 30s  timed by /home/serge/src/maxima-rubi/.scratch/answer-quality/ifold_ab/old_class4.out: 22472  untimed (run first): 0
job-seconds: 0  (one entry per unit)
estimated core-seconds: 42842  estimated wall: 30.8 min (= core-seconds/workers + largest unit; timed entries only)
switches: mr_flat_wide=false mr_cond_retry=true mr_model_flags=true mr_nested_fallback=false mr_giveup_last=true mr_inert_leak_misfire=true mr_last_resort_tier=true mr_general_after_giveups=true mr_max_depth=32 mr_eqq_symbolic=true mr_subst_simp=false mr_gtq_facts=false mr_ifold=true
outputs: /home/serge/src/maxima-rubi/test/corpus_class4.shard00.out .. corpus_class4.shard23.out  pids: /home/serge/src/maxima-rubi/test/corpus_class4.shard-pids  log: /home/serge/src/maxima-rubi/test/corpus_class4.shard-queue.log
removed 97 files of the previous run
launched the queue: pid 2015453; pids in /home/serge/src/maxima-rubi/test/corpus_class4.shard-pids; log /home/serge/src/maxima-rubi/test/corpus_class4.shard-queue.log
2026-10-02 19:54:00 UTC watcher: waiting for pids: 2015453
2026-10-02 21:12:00 UTC watcher: all shards exited; merging
OK: 20888 tags (24 sidecars)
wrote test/corpus_class4.proof.out
OK: 22472 entries (24 sidecars); A 20017 B 1020 C 363 F 808 F(-1) 248 - 16
wrote test/corpus_class4.grade.out
2026-10-02 23:12:01 CEST done 4 Trig functions: Results: 21219 passed, 1253 failed | Results: 4 worse, 0 missing
2026-10-02 23:12:01 CEST start rubi 1 Algebraic functions
=== class1 queue plan ===
entries: 25697  units: 25697  workers: 24  cap: 30s  timed by /home/serge/src/maxima-rubi/.scratch/answer-quality/ifold_ab/old_class1.out: 25697  untimed (run first): 0
job-seconds: 0  (one entry per unit)
estimated core-seconds: 27271  estimated wall: 19.9 min (= core-seconds/workers + largest unit; timed entries only)
switches: mr_flat_wide=false mr_cond_retry=true mr_model_flags=true mr_nested_fallback=false mr_giveup_last=true mr_inert_leak_misfire=true mr_last_resort_tier=true mr_general_after_giveups=true mr_max_depth=32 mr_eqq_symbolic=true mr_subst_simp=false mr_gtq_facts=false mr_ifold=true
outputs: /home/serge/src/maxima-rubi/test/corpus_class1.shard00.out .. corpus_class1.shard23.out  pids: /home/serge/src/maxima-rubi/test/corpus_class1.shard-pids  log: /home/serge/src/maxima-rubi/test/corpus_class1.shard-queue.log
removed 97 files of the previous run
launched the queue: pid 2098234; pids in /home/serge/src/maxima-rubi/test/corpus_class1.shard-pids; log /home/serge/src/maxima-rubi/test/corpus_class1.shard-queue.log
2026-10-02 21:12:01 UTC watcher: waiting for pids: 2098234
2026-10-02 22:18:01 UTC watcher: all shards exited; merging
OK: 24745 tags (24 sidecars)
wrote test/corpus_class1.proof.out
OK: 25697 entries (24 sidecars); A 22608 B 1803 C 338 F 616 F(-1) 307 F(-2) 3 - 22
wrote test/corpus_class1.grade.out
2026-10-03 00:18:02 CEST done 1 Algebraic functions: Results: 24706 passed, 991 failed | Results: 0 worse, 0 missing
2026-10-03 00:18:02 CEST IFOLD MEASURE DONE
