2026-10-03 16:18:41 CEST base records at 36fd3f7, tree 36fd3f7, 2 uncommitted paths
built test/mr_rules.core (187670776 bytes) rules=7776 fingerprint=0ec3176166a9465bf298d6821ed96b25
2026-10-03 16:18:47 CEST start rubi 0 Independent test suites
=== class0 queue plan ===
entries: 1869  units: 1869  workers: 24  cap: 30s  timed by /home/serge/src/maxima-rubi/.scratch/answer-quality/rcfold_ab/old_class0.out: 1869  untimed (run first): 0
job-seconds: 0  (one entry per unit)
estimated core-seconds: 821  estimated wall: 1.6 min (= core-seconds/workers + largest unit; timed entries only)
switches: mr_flat_wide=false mr_cond_retry=true mr_model_flags=true mr_nested_fallback=false mr_giveup_last=true mr_inert_leak_misfire=true mr_last_resort_tier=true mr_general_after_giveups=true mr_max_depth=32 mr_eqq_symbolic=true mr_subst_simp=false mr_gtq_facts=false mr_ifold=true
outputs: /home/serge/src/maxima-rubi/test/corpus_class0.shard00.out .. corpus_class0.shard23.out  pids: /home/serge/src/maxima-rubi/test/corpus_class0.shard-pids  log: /home/serge/src/maxima-rubi/test/corpus_class0.shard-queue.log
removed 97 files of the previous run
launched the queue: pid 54023; pids in /home/serge/src/maxima-rubi/test/corpus_class0.shard-pids; log /home/serge/src/maxima-rubi/test/corpus_class0.shard-queue.log
2026-10-03 14:18:47 UTC watcher: waiting for pids: 54023
2026-10-03 14:20:47 UTC watcher: all shards exited; merging
OK: 1780 tags (24 sidecars)
wrote test/corpus_class0.proof.out
OK: 1869 entries (24 sidecars); A 1679 B 67 C 38 F 77 F(-1) 8
wrote test/corpus_class0.grade.out
2026-10-03 16:20:47 CEST done 0 Independent test suites: Results: 1783 passed, 86 failed | Results: 0 worse, 0 missing
2026-10-03 16:20:47 CEST start rubi 2 Exponentials
=== class2 queue plan ===
entries: 965  units: 965  workers: 24  cap: 30s  timed by /home/serge/src/maxima-rubi/.scratch/answer-quality/rcfold_ab/old_class2.out: 965  untimed (run first): 0
job-seconds: 0  (one entry per unit)
estimated core-seconds: 738  estimated wall: 1.5 min (= core-seconds/workers + largest unit; timed entries only)
switches: mr_flat_wide=false mr_cond_retry=true mr_model_flags=true mr_nested_fallback=false mr_giveup_last=true mr_inert_leak_misfire=true mr_last_resort_tier=true mr_general_after_giveups=true mr_max_depth=32 mr_eqq_symbolic=true mr_subst_simp=false mr_gtq_facts=false mr_ifold=true
outputs: /home/serge/src/maxima-rubi/test/corpus_class2.shard00.out .. corpus_class2.shard23.out  pids: /home/serge/src/maxima-rubi/test/corpus_class2.shard-pids  log: /home/serge/src/maxima-rubi/test/corpus_class2.shard-queue.log
removed 97 files of the previous run
launched the queue: pid 60417; pids in /home/serge/src/maxima-rubi/test/corpus_class2.shard-pids; log /home/serge/src/maxima-rubi/test/corpus_class2.shard-queue.log
2026-10-03 14:20:47 UTC watcher: waiting for pids: 60417
2026-10-03 14:22:47 UTC watcher: all shards exited; merging
OK: 816 tags (24 sidecars)
wrote test/corpus_class2.proof.out
OK: 965 entries (24 sidecars); A 841 B 24 C 18 F 73 F(-1) 9
wrote test/corpus_class2.grade.out
2026-10-03 16:22:47 CEST done 2 Exponentials: Results: 875 passed, 90 failed | Results: 0 worse, 0 missing
2026-10-03 16:22:47 CEST start rubi 8 Special functions
=== class8 queue plan ===
entries: 1949  units: 1949  workers: 24  cap: 30s  timed by /home/serge/src/maxima-rubi/.scratch/answer-quality/rcfold_ab/old_class8.out: 1949  untimed (run first): 0
job-seconds: 0  (one entry per unit)
estimated core-seconds: 1697  estimated wall: 2.2 min (= core-seconds/workers + largest unit; timed entries only)
switches: mr_flat_wide=false mr_cond_retry=true mr_model_flags=true mr_nested_fallback=false mr_giveup_last=true mr_inert_leak_misfire=true mr_last_resort_tier=true mr_general_after_giveups=true mr_max_depth=32 mr_eqq_symbolic=true mr_subst_simp=false mr_gtq_facts=false mr_ifold=true
outputs: /home/serge/src/maxima-rubi/test/corpus_class8.shard00.out .. corpus_class8.shard23.out  pids: /home/serge/src/maxima-rubi/test/corpus_class8.shard-pids  log: /home/serge/src/maxima-rubi/test/corpus_class8.shard-queue.log
removed 97 files of the previous run
launched the queue: pid 63718; pids in /home/serge/src/maxima-rubi/test/corpus_class8.shard-pids; log /home/serge/src/maxima-rubi/test/corpus_class8.shard-queue.log
2026-10-03 14:22:48 UTC watcher: waiting for pids: 63718
2026-10-03 14:24:48 UTC watcher: all shards exited; merging
OK: 1510 tags (24 sidecars)
wrote test/corpus_class8.proof.out
OK: 1949 entries (24 sidecars); A 1678 B 41 C 11 F 204 F(-1) 15
wrote test/corpus_class8.grade.out
2026-10-03 16:24:48 CEST done 8 Special functions: Results: 1727 passed, 222 failed | Results: 0 worse, 0 missing
2026-10-03 16:24:48 CEST start rubi 3 Logarithms
=== class3 queue plan ===
entries: 3085  units: 3085  workers: 24  cap: 30s  timed by /home/serge/src/maxima-rubi/.scratch/answer-quality/rcfold_ab/old_class3.out: 3085  untimed (run first): 0
job-seconds: 0  (one entry per unit)
estimated core-seconds: 2737  estimated wall: 2.9 min (= core-seconds/workers + largest unit; timed entries only)
switches: mr_flat_wide=false mr_cond_retry=true mr_model_flags=true mr_nested_fallback=false mr_giveup_last=true mr_inert_leak_misfire=true mr_last_resort_tier=true mr_general_after_giveups=true mr_max_depth=32 mr_eqq_symbolic=true mr_subst_simp=false mr_gtq_facts=false mr_ifold=true
outputs: /home/serge/src/maxima-rubi/test/corpus_class3.shard00.out .. corpus_class3.shard23.out  pids: /home/serge/src/maxima-rubi/test/corpus_class3.shard-pids  log: /home/serge/src/maxima-rubi/test/corpus_class3.shard-queue.log
removed 97 files of the previous run
launched the queue: pid 69929; pids in /home/serge/src/maxima-rubi/test/corpus_class3.shard-pids; log /home/serge/src/maxima-rubi/test/corpus_class3.shard-queue.log
2026-10-03 14:24:48 UTC watcher: waiting for pids: 69929
2026-10-03 14:28:48 UTC watcher: all shards exited; merging
OK: 2377 tags (24 sidecars)
wrote test/corpus_class3.proof.out
OK: 3085 entries (24 sidecars); A 2589 B 46 C 14 F 425 F(-1) 9 - 2
wrote test/corpus_class3.grade.out
2026-10-03 16:28:48 CEST done 3 Logarithms: Results: 2648 passed, 437 failed | Results: 0 worse, 0 missing
2026-10-03 16:28:48 CEST start rubi 5 Inverse trig functions
=== class5 queue plan ===
entries: 4585  units: 4585  workers: 24  cap: 30s  timed by /home/serge/src/maxima-rubi/.scratch/answer-quality/rcfold_ab/old_class5.out: 4585  untimed (run first): 0
job-seconds: 0  (one entry per unit)
estimated core-seconds: 4481  estimated wall: 4.1 min (= core-seconds/workers + largest unit; timed entries only)
switches: mr_flat_wide=false mr_cond_retry=true mr_model_flags=true mr_nested_fallback=false mr_giveup_last=true mr_inert_leak_misfire=true mr_last_resort_tier=true mr_general_after_giveups=true mr_max_depth=32 mr_eqq_symbolic=true mr_subst_simp=false mr_gtq_facts=false mr_ifold=true
outputs: /home/serge/src/maxima-rubi/test/corpus_class5.shard00.out .. corpus_class5.shard23.out  pids: /home/serge/src/maxima-rubi/test/corpus_class5.shard-pids  log: /home/serge/src/maxima-rubi/test/corpus_class5.shard-queue.log
removed 97 files of the previous run
launched the queue: pid 79878; pids in /home/serge/src/maxima-rubi/test/corpus_class5.shard-pids; log /home/serge/src/maxima-rubi/test/corpus_class5.shard-queue.log
2026-10-03 14:28:48 UTC watcher: waiting for pids: 79878
2026-10-03 14:34:48 UTC watcher: all shards exited; merging
OK: 3140 tags (24 sidecars)
wrote test/corpus_class5.proof.out
OK: 4585 entries (24 sidecars); A 3695 B 142 C 46 F 687 F(-1) 15
wrote test/corpus_class5.grade.out
2026-10-03 16:34:48 CEST done 5 Inverse trig functions: Results: 3879 passed, 706 failed | Results: 0 worse, 0 missing
2026-10-03 16:34:48 CEST start rubi 6 Hyperbolic functions
=== class6 queue plan ===
entries: 5080  units: 5080  workers: 24  cap: 30s  timed by /home/serge/src/maxima-rubi/.scratch/answer-quality/rcfold_ab/old_class6.out: 5080  untimed (run first): 0
job-seconds: 0  (one entry per unit)
estimated core-seconds: 4642  estimated wall: 4.2 min (= core-seconds/workers + largest unit; timed entries only)
switches: mr_flat_wide=false mr_cond_retry=true mr_model_flags=true mr_nested_fallback=false mr_giveup_last=true mr_inert_leak_misfire=true mr_last_resort_tier=true mr_general_after_giveups=true mr_max_depth=32 mr_eqq_symbolic=true mr_subst_simp=false mr_gtq_facts=false mr_ifold=true
outputs: /home/serge/src/maxima-rubi/test/corpus_class6.shard00.out .. corpus_class6.shard23.out  pids: /home/serge/src/maxima-rubi/test/corpus_class6.shard-pids  log: /home/serge/src/maxima-rubi/test/corpus_class6.shard-queue.log
removed 97 files of the previous run
launched the queue: pid 94850; pids in /home/serge/src/maxima-rubi/test/corpus_class6.shard-pids; log /home/serge/src/maxima-rubi/test/corpus_class6.shard-queue.log
2026-10-03 14:34:48 UTC watcher: waiting for pids: 94850
2026-10-03 14:42:48 UTC watcher: all shards exited; merging
OK: 4237 tags (24 sidecars)
wrote test/corpus_class6.proof.out
OK: 5080 entries (24 sidecars); A 4090 B 176 C 249 F 525 F(-1) 26 - 14
wrote test/corpus_class6.grade.out
2026-10-03 16:42:49 CEST done 6 Hyperbolic functions: Results: 4496 passed, 584 failed | Results: 0 worse, 0 missing
2026-10-03 16:42:49 CEST start rubi 7 Inverse hyperbolic functions
=== class7 queue plan ===
entries: 6552  units: 6552  workers: 24  cap: 30s  timed by /home/serge/src/maxima-rubi/.scratch/answer-quality/rcfold_ab/old_class7.out: 6552  untimed (run first): 0
job-seconds: 0  (one entry per unit)
estimated core-seconds: 6358  estimated wall: 5.4 min (= core-seconds/workers + largest unit; timed entries only)
switches: mr_flat_wide=false mr_cond_retry=true mr_model_flags=true mr_nested_fallback=false mr_giveup_last=true mr_inert_leak_misfire=true mr_last_resort_tier=true mr_general_after_giveups=true mr_max_depth=32 mr_eqq_symbolic=true mr_subst_simp=false mr_gtq_facts=false mr_ifold=true
outputs: /home/serge/src/maxima-rubi/test/corpus_class7.shard00.out .. corpus_class7.shard23.out  pids: /home/serge/src/maxima-rubi/test/corpus_class7.shard-pids  log: /home/serge/src/maxima-rubi/test/corpus_class7.shard-queue.log
removed 97 files of the previous run
launched the queue: pid 111464; pids in /home/serge/src/maxima-rubi/test/corpus_class7.shard-pids; log /home/serge/src/maxima-rubi/test/corpus_class7.shard-queue.log
2026-10-03 14:42:49 UTC watcher: waiting for pids: 111464
2026-10-03 14:52:49 UTC watcher: all shards exited; merging
OK: 5540 tags (24 sidecars)
wrote test/corpus_class7.proof.out
OK: 6552 entries (24 sidecars); A 5419 B 430 C 76 F 602 F(-1) 25
wrote test/corpus_class7.grade.out
2026-10-03 16:52:49 CEST done 7 Inverse hyperbolic functions: Results: 5894 passed, 658 failed | Results: 0 worse, 0 missing
2026-10-03 16:52:49 CEST start rubi 4 Trig functions
=== class4 queue plan ===
entries: 22472  units: 22472  workers: 24  cap: 30s  timed by /home/serge/src/maxima-rubi/.scratch/answer-quality/rcfold_ab/old_class4.out: 22472  untimed (run first): 0
job-seconds: 0  (one entry per unit)
estimated core-seconds: 43272  estimated wall: 31.1 min (= core-seconds/workers + largest unit; timed entries only)
switches: mr_flat_wide=false mr_cond_retry=true mr_model_flags=true mr_nested_fallback=false mr_giveup_last=true mr_inert_leak_misfire=true mr_last_resort_tier=true mr_general_after_giveups=true mr_max_depth=32 mr_eqq_symbolic=true mr_subst_simp=false mr_gtq_facts=false mr_ifold=true
outputs: /home/serge/src/maxima-rubi/test/corpus_class4.shard00.out .. corpus_class4.shard23.out  pids: /home/serge/src/maxima-rubi/test/corpus_class4.shard-pids  log: /home/serge/src/maxima-rubi/test/corpus_class4.shard-queue.log
removed 97 files of the previous run
launched the queue: pid 132726; pids in /home/serge/src/maxima-rubi/test/corpus_class4.shard-pids; log /home/serge/src/maxima-rubi/test/corpus_class4.shard-queue.log
2026-10-03 14:52:49 UTC watcher: waiting for pids: 132726
2026-10-03 16:12:49 UTC watcher: all shards exited; merging
OK: 20882 tags (24 sidecars)
wrote test/corpus_class4.proof.out
OK: 22472 entries (24 sidecars); A 20016 B 1015 C 363 F 807 F(-1) 255 - 16
wrote test/corpus_class4.grade.out
2026-10-03 18:12:50 CEST done 4 Trig functions: Results: 21213 passed, 1259 failed | Results: 6 worse, 0 missing
2026-10-03 18:12:50 CEST start rubi 1 Algebraic functions
=== class1 queue plan ===
entries: 25697  units: 25697  workers: 24  cap: 30s  timed by /home/serge/src/maxima-rubi/.scratch/answer-quality/rcfold_ab/old_class1.out: 25697  untimed (run first): 0
job-seconds: 0  (one entry per unit)
estimated core-seconds: 27402  estimated wall: 20.0 min (= core-seconds/workers + largest unit; timed entries only)
switches: mr_flat_wide=false mr_cond_retry=true mr_model_flags=true mr_nested_fallback=false mr_giveup_last=true mr_inert_leak_misfire=true mr_last_resort_tier=true mr_general_after_giveups=true mr_max_depth=32 mr_eqq_symbolic=true mr_subst_simp=false mr_gtq_facts=false mr_ifold=true
outputs: /home/serge/src/maxima-rubi/test/corpus_class1.shard00.out .. corpus_class1.shard23.out  pids: /home/serge/src/maxima-rubi/test/corpus_class1.shard-pids  log: /home/serge/src/maxima-rubi/test/corpus_class1.shard-queue.log
removed 97 files of the previous run
launched the queue: pid 213542; pids in /home/serge/src/maxima-rubi/test/corpus_class1.shard-pids; log /home/serge/src/maxima-rubi/test/corpus_class1.shard-queue.log
2026-10-03 16:12:50 UTC watcher: waiting for pids: 213542
2026-10-03 17:18:50 UTC watcher: all shards exited; merging
OK: 24745 tags (24 sidecars)
wrote test/corpus_class1.proof.out
OK: 25697 entries (24 sidecars); A 22608 B 1803 C 338 F 616 F(-1) 307 F(-2) 3 - 22
wrote test/corpus_class1.grade.out
2026-10-03 19:18:51 CEST done 1 Algebraic functions: Results: 24706 passed, 991 failed | Results: 0 worse, 0 missing
2026-10-03 19:18:51 CEST RCFOLD MEASURE DONE
