# numcheck arm final=final
final    A'-f=   6.329625397139666e-16  E'-f=                       0  noun=false  1 Algebraic functions/1.1 Binomial products/1.1.1 Linear/1.1.1.2 (a+b x)^m (c+d x)^n.mac e369
final    A'-f=                     err  E'-f=                     cap  noun=cap    1 Algebraic functions/1.2 Trinomial products/1.2.1 Quadratic/1.2.1.2 (d+e x)^m (a+b x+c x^2)^p.mac e438
final    A'-f=                     err  E'-f=                       0  noun=false  1 Algebraic functions/1.2 Trinomial products/1.2.2 Quartic/1.2.2.2 (d x)^m (a+b x^2+c x^4)^p.mac e1035
final    A'-f=                     n/a  E'-f=                     n/a  noun=n/a    1 Algebraic functions/1.3 Miscellaneous/1.3.1 Rational functions.mac e195
final    A'-f=                     err  E'-f=  3.7549173839690475e-15  noun=false  6 Hyperbolic functions/6.4 Hyperbolic cotangent/6.4.2 Hyperbolic cotangent functions.mac e9
final    A'-f=                     err  E'-f=   7.206908680945645e-15  noun=false  6 Hyperbolic functions/6.4 Hyperbolic cotangent/6.4.2 Hyperbolic cotangent functions.mac e23
final    A'-f=                     err  E'-f=  5.3094681429222135e-14  noun=false  6 Hyperbolic functions/6.4 Hyperbolic cotangent/6.4.2 Hyperbolic cotangent functions.mac e27
final    A'-f=                     err  E'-f=   3.619663162951481e-15  noun=false  6 Hyperbolic functions/6.4 Hyperbolic cotangent/6.4.2 Hyperbolic cotangent functions.mac e44
final    A'-f=                     err  E'-f=   7.213847574849552e-15  noun=false  6 Hyperbolic functions/6.4 Hyperbolic cotangent/6.4.2 Hyperbolic cotangent functions.mac e45
final    A'-f=                     err  E'-f=   9.938447634305625e-15  noun=false  6 Hyperbolic functions/6.4 Hyperbolic cotangent/6.4.2 Hyperbolic cotangent functions.mac e46
final    A'-f=                     err  E'-f=  2.7335772534442526e-14  noun=false  6 Hyperbolic functions/6.4 Hyperbolic cotangent/6.4.2 Hyperbolic cotangent functions.mac e48
final    A'-f=                     err  E'-f=  5.4034901553201564e-14  noun=false  6 Hyperbolic functions/6.4 Hyperbolic cotangent/6.4.2 Hyperbolic cotangent functions.mac e49
final    A'-f=                     err  E'-f=                     err  noun=false  5 Inverse trig functions/5.1 Inverse sine/5.1.4a (f x)^m (d-c^2 d x^2)^p (a+b arcsin(c x))^n.mac e276
final    A'-f=                     err  E'-f=                     err  noun=false  5 Inverse trig functions/5.1 Inverse sine/5.1.4a (f x)^m (d-c^2 d x^2)^p (a+b arcsin(c x))^n.mac e277
final    A'-f=                     err  E'-f=                     err  noun=false  5 Inverse trig functions/5.1 Inverse sine/5.1.4a (f x)^m (d-c^2 d x^2)^p (a+b arcsin(c x))^n.mac e278
final    A'-f=   4.019354293838262e-15  E'-f=  4.8405723873656825e-14  noun=false  7 Inverse hyperbolic functions/7.3 Inverse hyperbolic tangent/7.3.6 Exponentials of inverse hyperbolic tangent functions.mac e798
final    A'-f=      0.9944911816862376  E'-f=   5.661048867003676e-16  noun=false  4 Trig functions/4.1 Sine/4.1.0 (a sin)^m (b trg)^n.mac e494
final    A'-f=  3.3477412582782145e-15  E'-f=  2.9057317281871776e-15  noun=false  4 Trig functions/4.5 Secant/4.5.1.4 (d tan)^n (a+b sec)^m.mac e224
final    A'-f=   3.552713678800501e-15  E'-f=   3.552713678800501e-15  noun=false  4 Trig functions/4.5 Secant/4.5.7 (d trig)^m (a+b (c sec)^n)^p.mac e328
final    A'-f=   5.551115123125783e-17  E'-f=   3.552713678800501e-15  noun=false  4 Trig functions/4.5 Secant/4.5.7 (d trig)^m (a+b (c sec)^n)^p.mac e331
final    A'-f=  1.7763568394002505e-15  E'-f=  3.1086244689504383e-15  noun=false  4 Trig functions/4.5 Secant/4.5.7 (d trig)^m (a+b (c sec)^n)^p.mac e332
final    A'-f=   3.552713678800501e-15  E'-f=   3.552713678800501e-15  noun=false  4 Trig functions/4.5 Secant/4.5.7 (d trig)^m (a+b (c sec)^n)^p.mac e333
final    A'-f=    9.236905462728373e-9  E'-f=   1.2962195761190287e-8  noun=false  4 Trig functions/4.7 Miscellaneous/4.7.7 Trig functions.mac e348
# numcheck arm final=final params [0.37, 0.61, 0.83, 0.29, 0.53, 0.71, 0.45, 0.33] x [0.1, 0.2, 0.3]
final    A'-f=   4.577566798522237e-16  E'-f=                       0  noun=false  1 Algebraic functions/1.1 Binomial products/1.1.1 Linear/1.1.1.2 (a+b x)^m (c+d x)^n.mac e369
final    A'-f=                     cap  E'-f=                     cap  noun=cap    1 Algebraic functions/1.2 Trinomial products/1.2.1 Quadratic/1.2.1.2 (d+e x)^m (a+b x+c x^2)^p.mac e438
final    A'-f=                     err  E'-f=                       0  noun=false  1 Algebraic functions/1.2 Trinomial products/1.2.2 Quartic/1.2.2.2 (d x)^m (a+b x^2+c x^4)^p.mac e1035
final    A'-f=                     n/a  E'-f=                     n/a  noun=n/a    1 Algebraic functions/1.3 Miscellaneous/1.3.1 Rational functions.mac e195
final    A'-f=                     err  E'-f=   5.551115123125783e-17  noun=false  6 Hyperbolic functions/6.4 Hyperbolic cotangent/6.4.2 Hyperbolic cotangent functions.mac e9
final    A'-f=                     err  E'-f=   5.967448757360216e-16  noun=false  6 Hyperbolic functions/6.4 Hyperbolic cotangent/6.4.2 Hyperbolic cotangent functions.mac e23
final    A'-f=                     err  E'-f=  1.4432899320127035e-15  noun=false  6 Hyperbolic functions/6.4 Hyperbolic cotangent/6.4.2 Hyperbolic cotangent functions.mac e27
final    A'-f=                     err  E'-f=   3.365363543395006e-16  noun=false  6 Hyperbolic functions/6.4 Hyperbolic cotangent/6.4.2 Hyperbolic cotangent functions.mac e44
final    A'-f=                     err  E'-f=  3.8163916471489756e-16  noun=false  6 Hyperbolic functions/6.4 Hyperbolic cotangent/6.4.2 Hyperbolic cotangent functions.mac e45
final    A'-f=                     err  E'-f=  2.0816681711721685e-16  noun=false  6 Hyperbolic functions/6.4 Hyperbolic cotangent/6.4.2 Hyperbolic cotangent functions.mac e46
final    A'-f=                     err  E'-f=   5.828670879282072e-16  noun=false  6 Hyperbolic functions/6.4 Hyperbolic cotangent/6.4.2 Hyperbolic cotangent functions.mac e48
final    A'-f=                     err  E'-f=  1.4432899320127035e-15  noun=false  6 Hyperbolic functions/6.4 Hyperbolic cotangent/6.4.2 Hyperbolic cotangent functions.mac e49
final    A'-f=  3.5236570605778894e-19  E'-f=                     err  noun=false  5 Inverse trig functions/5.1 Inverse sine/5.1.4a (f x)^m (d-c^2 d x^2)^p (a+b arcsin(c x))^n.mac e276
final    A'-f=   4.336808689942018e-19  E'-f=                     err  noun=false  5 Inverse trig functions/5.1 Inverse sine/5.1.4a (f x)^m (d-c^2 d x^2)^p (a+b arcsin(c x))^n.mac e277
final    A'-f=   1.734723475976807e-18  E'-f=                     err  noun=false  5 Inverse trig functions/5.1 Inverse sine/5.1.4a (f x)^m (d-c^2 d x^2)^p (a+b arcsin(c x))^n.mac e278
final    A'-f=   8.480152344225722e-14  E'-f=   7.673861546209082e-13  noun=false  7 Inverse hyperbolic functions/7.3 Inverse hyperbolic tangent/7.3.6 Exponentials of inverse hyperbolic tangent functions.mac e798
final    A'-f=  1.1102230246251565e-16  E'-f=  1.1102230246251565e-16  noun=false  4 Trig functions/4.1 Sine/4.1.0 (a sin)^m (b trg)^n.mac e494
final    A'-f=                     cap  E'-f=                     cap  noun=cap    4 Trig functions/4.5 Secant/4.5.1.4 (d tan)^n (a+b sec)^m.mac e224
final    A'-f=   2.220446049250313e-15  E'-f=   4.440892098500626e-16  noun=false  4 Trig functions/4.5 Secant/4.5.7 (d trig)^m (a+b (c sec)^n)^p.mac e328
final    A'-f=   8.881784197001252e-16  E'-f=   8.881784197001252e-16  noun=false  4 Trig functions/4.5 Secant/4.5.7 (d trig)^m (a+b (c sec)^n)^p.mac e331
final    A'-f=  1.7763568394002505e-15  E'-f=   8.881784197001252e-16  noun=false  4 Trig functions/4.5 Secant/4.5.7 (d trig)^m (a+b (c sec)^n)^p.mac e332
final    A'-f=                       0  E'-f=   8.881784197001252e-16  noun=false  4 Trig functions/4.5 Secant/4.5.7 (d trig)^m (a+b (c sec)^n)^p.mac e333
final    A'-f=    9.987784551412915e-4  E'-f=   0.0049050284551412915  noun=false  4 Trig functions/4.7 Miscellaneous/4.7.7 Trig functions.mac e348
