batch("17-proposed-checks.red.mac")
display2d:false
linel:400
mr_pc_pass:0
mr_pc_fail:0
pc(label,got,want):=if is(got = want) then (mr_pc_pass:mr_pc_pass+1,print("PASS:",label)) else (mr_pc_fail:mr_pc_fail+1,print("FAIL:",label,"got",got,"want",want))
pct(label,expr_val,want,t,lim):=pc(sconcat(label," (",t," s <= ",lim," s)"),is(expr_val = want and t <= lim),true)
ex(e)::=buildq([e],block([t0:elapsed_run_time(),r],r:e,[r,elapsed_run_time()-t0]))
pc("identically zero, symbolic coefficients (issue 03 witness)",%mr_eqQ(c*d^3*e-d*e*(c*d^2+a*e^2)+a*d*e^3,0),true)
PASS: identically zero, symbolic coefficients (issue 03 witness) 
pc("a true perfect power reads zero (1_4_1 r4 witness)",%mr_eqQ(expand((a+b*x)^3),(%mr_rt(a^3,3)+%mr_rt(b^3,3)*x)^3),true)
PASS: a true perfect power reads zero (1_4_1 r4 witness) 
pc("a branch identity stays nonzero (Rubi's EqQ False)",%mr_eqQ(sqrt(a*b),sqrt(a)*sqrt(b)),false)
PASS: a branch identity stays nonzero (Rubi's EqQ False) 
pc("a parameter-dependent zero stays nonzero",%mr_eqQ(a*b*c,0),false)
PASS: a parameter-dependent zero stays nonzero 
pc("pseudoRoot(d^9, 9) carries no conditional",freeof("if",%mr_pseudoRoot(d^9,9)) and freeof('unknown,%mr_pseudoRoot(d^9,9)),true)
FAIL: pseudoRoot(d^9, 9) carries no conditional got false want true 
block([r],r:ex(%mr_eqQ(expand((a+b*x)^4*(c+d*x)^3),(%mr_rt(a^4*c^3,7)+%mr_rt(b^4*d^3,7)*x)^7)),pct("1_4_1 r4 test of (a+b*x)^4*(c+d*x)^3 is false and cheap (1.1.1.2 e1259)",r[1],false,r[2],2))
rc 200 cpu 90.101853
