=== maxima-rubi corpus queue worker 10 (filter '7 Inverse hyperbolic functions/') ===
date: 2026-09-29 05:19 UTC
maxima: Maxima-version: "branch_5_50_base_84_g4204fb669"
maxima: Maxima build date: "2026-08-31 13:27:47"
maxima: Host type: "x86_64-pc-linux-gnu"
maxima: Lisp implementation type: "SBCL"
maxima: Lisp implementation version: "2.6.7"
filter: '7 Inverse hyperbolic functions/'  queue worker 10 of 12  timeout: 30s cpu  entries: 258  subset: unverified of /home/serge/src/maxima-rubi/probes/verify-stages/08-stage-order/entries/class7.unverified.out  switches: mr_flat_wide=false mr_cond_retry=true mr_model_flags=true mr_nested_fallback=false mr_giveup_last=true mr_inert_leak_misfire=true mr_last_resort_tier=true mr_general_after_giveups=true mr_max_depth=32 mr_eqq_symbolic=true mr_subst_simp=false mr_gtq_facts=false  verify: 30s cpu, stage 5s, stages chainA.1,chainA.2,chainA.3,chainA.4,chainB.1,chainB.2,chainB.3,chainB.4,radcan,exponentialize,trigexpand,demoivre,logarc,rat-radcan,rectform

verified       t=   1.4s 7 Inverse hyperbolic functions/7.3 Inverse hyperbolic tangent/7.3.6 Exponentials of inverse hyperbolic tangent functions.mac e57 L70
unverified     t=   0.1s 7 Inverse hyperbolic functions/7.3 Inverse hyperbolic tangent/7.3.6 Exponentials of inverse hyperbolic tangent functions.mac e280 L331
verified       t=   0.4s 7 Inverse hyperbolic functions/7.3 Inverse hyperbolic tangent/7.3.6 Exponentials of inverse hyperbolic tangent functions.mac e334 L391
unverified     t=   0.1s 7 Inverse hyperbolic functions/7.3 Inverse hyperbolic tangent/7.3.6 Exponentials of inverse hyperbolic tangent functions.mac e441 L510
verified       t=   0.4s 7 Inverse hyperbolic functions/7.3 Inverse hyperbolic tangent/7.3.6 Exponentials of inverse hyperbolic tangent functions.mac e454 L529
unverified     t=   0.3s 7 Inverse hyperbolic functions/7.3 Inverse hyperbolic tangent/7.3.6 Exponentials of inverse hyperbolic tangent functions.mac e591 L686
unverified     t=   0.2s 7 Inverse hyperbolic functions/7.3 Inverse hyperbolic tangent/7.3.6 Exponentials of inverse hyperbolic tangent functions.mac e797 L916
verified       t=   0.3s 7 Inverse hyperbolic functions/7.3 Inverse hyperbolic tangent/7.3.6 Exponentials of inverse hyperbolic tangent functions.mac e893 L1060
verified       t=   0.2s 7 Inverse hyperbolic functions/7.3 Inverse hyperbolic tangent/7.3.6 Exponentials of inverse hyperbolic tangent functions.mac e900 L1067
verified       t=   0.2s 7 Inverse hyperbolic functions/7.3 Inverse hyperbolic tangent/7.3.6 Exponentials of inverse hyperbolic tangent functions.mac e910 L1077
unverified     t=   0.8s 7 Inverse hyperbolic functions/7.3 Inverse hyperbolic tangent/7.3.6 Exponentials of inverse hyperbolic tangent functions.mac e1135 L1334
unverified     t=   0.1s 7 Inverse hyperbolic functions/7.3 Inverse hyperbolic tangent/7.3.6 Exponentials of inverse hyperbolic tangent functions.mac e1333 L1644
unverified     t=   0.3s 7 Inverse hyperbolic functions/7.3 Inverse hyperbolic tangent/7.3.6 Exponentials of inverse hyperbolic tangent functions.mac e1341 L1654
verified       t=   0.0s 7 Inverse hyperbolic functions/7.3 Inverse hyperbolic tangent/7.3.7 Inverse hyperbolic tangent functions.mac e269 L314
expected       t=   0.0s 7 Inverse hyperbolic functions/7.3 Inverse hyperbolic tangent/7.3.7 Inverse hyperbolic tangent functions.mac e271 L316
verified       t=   0.1s 7 Inverse hyperbolic functions/7.4 Inverse hyperbolic cotangent/7.4.1 Inverse hyperbolic cotangent functions.mac e187 L254
verified       t=   0.0s 7 Inverse hyperbolic functions/7.4 Inverse hyperbolic cotangent/7.4.1 Inverse hyperbolic cotangent functions.mac e188 L255
expected       t=   0.2s 7 Inverse hyperbolic functions/7.4 Inverse hyperbolic cotangent/7.4.1 Inverse hyperbolic cotangent functions.mac e192 L259
unverified     t=   3.3s 7 Inverse hyperbolic functions/7.4 Inverse hyperbolic cotangent/7.4.2 Exponentials of inverse hyperbolic cotangent functions.mac e155 L190
unverified     t=   0.4s 7 Inverse hyperbolic functions/7.4 Inverse hyperbolic cotangent/7.4.2 Exponentials of inverse hyperbolic cotangent functions.mac e738 L849
unverified     t=   0.1s 7 Inverse hyperbolic functions/7.4 Inverse hyperbolic cotangent/7.4.2 Exponentials of inverse hyperbolic cotangent functions.mac e928 L1063
expected       t=   1.4s 7 Inverse hyperbolic functions/7.5 Inverse hyperbolic secant/7.5.1 u (a+b arcsech(c x))^n.mac e99 L138

=== summary ===
head rewrites: {'li[': 9}
expected       3
unverified     10
verified       9
total integrals: 22
wall time: 29.5s
Results: 12 passed, 10 failed
