=== maxima-rubi corpus queue worker 10 (filter '7 Inverse hyperbolic functions/') ===
date: 2026-09-29 09:43 UTC
maxima: Maxima-version: "branch_5_50_base_84_g4204fb669"
maxima: Maxima build date: "2026-08-31 13:27:47"
maxima: Host type: "x86_64-pc-linux-gnu"
maxima: Lisp implementation type: "SBCL"
maxima: Lisp implementation version: "2.6.7"
filter: '7 Inverse hyperbolic functions/'  queue worker 10 of 12  timeout: 30s cpu  entries: 87  subset: verified of /home/serge/src/maxima-rubi/probes/verify-stages/08-stage-order/entries/class7.control.out  switches: mr_flat_wide=false mr_cond_retry=true mr_model_flags=true mr_nested_fallback=false mr_giveup_last=true mr_inert_leak_misfire=true mr_last_resort_tier=true mr_general_after_giveups=true mr_max_depth=32 mr_eqq_symbolic=true mr_subst_simp=false mr_gtq_facts=false  verify: 30s cpu, stage 5s

verified       t=   0.6s 7 Inverse hyperbolic functions/7.1 Inverse hyperbolic sine/7.1.4a (f x)^m (d+c^2 d x^2)^p (a+b arcsinh(c x))^n.mac e277 L324
verified       t=   1.0s 7 Inverse hyperbolic functions/7.2 Inverse hyperbolic cosine/7.2.4b (f x)^m (d+e x^2)^p (a+b arccosh(c x))^n.mac e10 L21
verified       t=   1.0s 7 Inverse hyperbolic functions/7.3 Inverse hyperbolic tangent/7.3.4 u (a+b arctanh(c x))^p.mac e182 L225
verified       t=   0.1s 7 Inverse hyperbolic functions/7.3 Inverse hyperbolic tangent/7.3.6 Exponentials of inverse hyperbolic tangent functions.mac e1053 L1244
verified       t=   0.1s 7 Inverse hyperbolic functions/7.3 Inverse hyperbolic tangent/7.3.6 Exponentials of inverse hyperbolic tangent functions.mac e1280 L1567
verified       t=   1.1s 7 Inverse hyperbolic functions/7.4 Inverse hyperbolic cotangent/7.4.1 Inverse hyperbolic cotangent functions.mac e113 L166
verified       t=   0.2s 7 Inverse hyperbolic functions/7.5 Inverse hyperbolic secant/7.5.2 Inverse hyperbolic secant functions.mac e2 L9

=== summary ===
head rewrites: {'li[': 52, 'expintegral_chi(': 11, 'expintegral_shi(': 9, 'fresnel_s(': 2, 'fresnel_c(': 2}
verified       7
total integrals: 7
wall time: 16.6s
Results: 7 passed, 0 failed
