=== maxima-rubi corpus queue worker 11 (filter '7 Inverse hyperbolic functions/') ===
date: 2026-09-29 09:43 UTC
maxima: Maxima-version: "branch_5_50_base_84_g4204fb669"
maxima: Maxima build date: "2026-08-31 13:27:47"
maxima: Host type: "x86_64-pc-linux-gnu"
maxima: Lisp implementation type: "SBCL"
maxima: Lisp implementation version: "2.6.7"
filter: '7 Inverse hyperbolic functions/'  queue worker 11 of 12  timeout: 30s cpu  entries: 87  subset: verified of /home/serge/src/maxima-rubi/probes/verify-stages/08-stage-order/entries/class7.control.out  switches: mr_flat_wide=false mr_cond_retry=true mr_model_flags=true mr_nested_fallback=false mr_giveup_last=true mr_inert_leak_misfire=true mr_last_resort_tier=true mr_general_after_giveups=true mr_max_depth=32 mr_eqq_symbolic=true mr_subst_simp=false mr_gtq_facts=false  verify: 30s cpu, stage 5s

verified       t=   0.1s 7 Inverse hyperbolic functions/7.1 Inverse hyperbolic sine/7.1.4a (f x)^m (d+c^2 d x^2)^p (a+b arcsinh(c x))^n.mac e423 L510
verified       t=   0.3s 7 Inverse hyperbolic functions/7.1 Inverse hyperbolic sine/7.1.5 Inverse hyperbolic sine functions.mac e348 L457
verified       t=   1.0s 7 Inverse hyperbolic functions/7.2 Inverse hyperbolic cosine/7.2.4a (f x)^m (d-c^2 d x^2)^p (a+b arccosh(c x))^n.mac e420 L530
verified       t=   0.2s 7 Inverse hyperbolic functions/7.3 Inverse hyperbolic tangent/7.3.4 u (a+b arctanh(c x))^p.mac e107 L126
verified       t=   0.7s 7 Inverse hyperbolic functions/7.3 Inverse hyperbolic tangent/7.3.4 u (a+b arctanh(c x))^p.mac e246 L307
expected       t=   0.3s 7 Inverse hyperbolic functions/7.3 Inverse hyperbolic tangent/7.3.6 Exponentials of inverse hyperbolic tangent functions.mac e810 L937
verified       t=   0.0s 7 Inverse hyperbolic functions/7.3 Inverse hyperbolic tangent/7.3.7 Inverse hyperbolic tangent functions.mac e168 L203
verified       t=   0.1s 7 Inverse hyperbolic functions/7.4 Inverse hyperbolic cotangent/7.4.1 Inverse hyperbolic cotangent functions.mac e73 L98
verified       t=   0.3s 7 Inverse hyperbolic functions/7.4 Inverse hyperbolic cotangent/7.4.1 Inverse hyperbolic cotangent functions.mac e212 L295
expected       t=   0.2s 7 Inverse hyperbolic functions/7.4 Inverse hyperbolic cotangent/7.4.2 Exponentials of inverse hyperbolic cotangent functions.mac e619 L718
expected       t=   0.2s 7 Inverse hyperbolic functions/7.4 Inverse hyperbolic cotangent/7.4.2 Exponentials of inverse hyperbolic cotangent functions.mac e905 L1038
verified       t=   4.6s 7 Inverse hyperbolic functions/7.6 Inverse hyperbolic cosecant/7.6.1 u (a+b arccsch(c x))^n.mac e51 L80

=== summary ===
head rewrites: {'li[': 52, 'expintegral_chi(': 11, 'expintegral_shi(': 9, 'fresnel_s(': 2, 'fresnel_c(': 2}
expected       3
verified       9
total integrals: 12
wall time: 65.0s
Results: 12 passed, 0 failed
