# 2026-09-27, build: Maxima-version: "branch_5_50_base_84_g4204fb669" Maxima build date: "2026-08-31 13:27:47" Lisp implementation version: "2.6.7" 
=== sumfirst=false
sumfirst:false
batchload("probes/class-ports/ticket22/01-sum-split-first.mac")
F: (e^2*x^2+2*d*e*x+d^2)/x^2 
  A: 2*d*e*log(x)+e^2*x-d^2/x 
  S: ["1_4_1 r4"] 
F: (e*x+d)^2/x^2 
  A: 'unintegrable((e^2*x^2+2*d*e*x+d^2)/x^2,x) 
  S: ["1_1_1_2 r12"] 
F: b^2*x+a^2/x+2*a*b 
  A: a*(a*log(x)+b*x)+(b*x+a)^2/2 
  S: ["1_2_3_1 r11"] 
F: ((e*x+d)^2*(b*log(c*x^n)+a))/x^2 
  A: 
    'unintegrable((e^2*x^2+2*d*e*x+d^2)/x^2,x)*(b*log(c*x^n)+a)
     -b*n*'unintegrable('unintegrable((e^2*x^2+2*d*e*x+d^2)/x^2,x)/x,x) 
  S: ["3_1_4 r3"] 
=== sumfirst=true
sumfirst:true
batchload("probes/class-ports/ticket22/01-sum-split-first.mac")
F: (e^2*x^2+2*d*e*x+d^2)/x^2 
  A: 2*d*e*log(x)+e^2*x-d^2/x 
  S: ["1_4_1 r4"] 
F: (e*x+d)^2/x^2 
  A: 2*d*e*log(x)+e^2*x-d^2/x 
  S: ["1_1_1_2 r12"] 
F: b^2*x+a^2/x+2*a*b 
  A: a^2*log(x)+(b^2*x^2)/2+2*a*b*x 
  S: ["9_1 r13"] 
F: ((e*x+d)^2*(b*log(c*x^n)+a))/x^2 
  A: 
    2*d*e*log(x)*(b*log(c*x^n)+a)+e^2*x*(b*log(c*x^n)+a)
                                 -(d^2*(b*log(c*x^n)+a))/x
                                 -b*n*(d*e*log(x)^2+e^2*x+d^2/x) 
  S: ["3_1_4 r3"] 
