=== maxima-rubi corpus queue worker 06 (filter '7 Inverse hyperbolic functions/') ===
date: 2026-09-29 05:00 UTC
maxima: Maxima-version: "branch_5_50_base_84_g4204fb669"
maxima: Maxima build date: "2026-08-31 13:27:47"
maxima: Host type: "x86_64-pc-linux-gnu"
maxima: Lisp implementation type: "SBCL"
maxima: Lisp implementation version: "2.6.7"
filter: '7 Inverse hyperbolic functions/'  queue worker 06 of 12  timeout: 30s cpu  entries: 258  subset: unverified of /home/serge/src/maxima-rubi/probes/verify-stages/08-stage-order/entries/class7.unverified.out  switches: mr_flat_wide=false mr_cond_retry=true mr_model_flags=true mr_nested_fallback=false mr_giveup_last=true mr_inert_leak_misfire=true mr_last_resort_tier=true mr_general_after_giveups=true mr_max_depth=32 mr_eqq_symbolic=true mr_subst_simp=false mr_gtq_facts=false  verify: 30s cpu, stage 5s

verified       t=   1.1s 7 Inverse hyperbolic functions/7.3 Inverse hyperbolic tangent/7.3.6 Exponentials of inverse hyperbolic tangent functions.mac e23 L34
unverified     t=   0.0s 7 Inverse hyperbolic functions/7.3 Inverse hyperbolic tangent/7.3.6 Exponentials of inverse hyperbolic tangent functions.mac e151 L186
verified       t=   0.1s 7 Inverse hyperbolic functions/7.3 Inverse hyperbolic tangent/7.3.6 Exponentials of inverse hyperbolic tangent functions.mac e182 L223
unverified     t=   0.2s 7 Inverse hyperbolic functions/7.3 Inverse hyperbolic tangent/7.3.6 Exponentials of inverse hyperbolic tangent functions.mac e285 L336
verified       t=   0.3s 7 Inverse hyperbolic functions/7.3 Inverse hyperbolic tangent/7.3.6 Exponentials of inverse hyperbolic tangent functions.mac e356 L413
unverified     t=   0.2s 7 Inverse hyperbolic functions/7.3 Inverse hyperbolic tangent/7.3.6 Exponentials of inverse hyperbolic tangent functions.mac e447 L522
unverified     t=   0.2s 7 Inverse hyperbolic functions/7.3 Inverse hyperbolic tangent/7.3.6 Exponentials of inverse hyperbolic tangent functions.mac e484 L561
unverified     t=   0.2s 7 Inverse hyperbolic functions/7.3 Inverse hyperbolic tangent/7.3.6 Exponentials of inverse hyperbolic tangent functions.mac e620 L717
verified       t=   0.3s 7 Inverse hyperbolic functions/7.3 Inverse hyperbolic tangent/7.3.6 Exponentials of inverse hyperbolic tangent functions.mac e632 L735
unverified     t=   0.2s 7 Inverse hyperbolic functions/7.3 Inverse hyperbolic tangent/7.3.6 Exponentials of inverse hyperbolic tangent functions.mac e793 L912
unverified     t=   0.2s 7 Inverse hyperbolic functions/7.3 Inverse hyperbolic tangent/7.3.6 Exponentials of inverse hyperbolic tangent functions.mac e799 L918
unverified     t=   0.1s 7 Inverse hyperbolic functions/7.3 Inverse hyperbolic tangent/7.3.6 Exponentials of inverse hyperbolic tangent functions.mac e1337 L1650
unverified     t=   0.2s 7 Inverse hyperbolic functions/7.3 Inverse hyperbolic tangent/7.3.6 Exponentials of inverse hyperbolic tangent functions.mac e1356 L1671
unverified     t=   0.2s 7 Inverse hyperbolic functions/7.3 Inverse hyperbolic tangent/7.3.6 Exponentials of inverse hyperbolic tangent functions.mac e1359 L1674
verified       t=   0.1s 7 Inverse hyperbolic functions/7.3 Inverse hyperbolic tangent/7.3.7 Inverse hyperbolic tangent functions.mac e65 L88
verified       t=   0.0s 7 Inverse hyperbolic functions/7.3 Inverse hyperbolic tangent/7.3.7 Inverse hyperbolic tangent functions.mac e270 L315
expected       t=   0.1s 7 Inverse hyperbolic functions/7.3 Inverse hyperbolic tangent/7.3.7 Inverse hyperbolic tangent functions.mac e272 L317
verified       t=   0.2s 7 Inverse hyperbolic functions/7.4 Inverse hyperbolic cotangent/7.4.1 Inverse hyperbolic cotangent functions.mac e185 L252
verified       t=   0.1s 7 Inverse hyperbolic functions/7.4 Inverse hyperbolic cotangent/7.4.1 Inverse hyperbolic cotangent functions.mac e187 L254
expected       t=   0.1s 7 Inverse hyperbolic functions/7.4 Inverse hyperbolic cotangent/7.4.1 Inverse hyperbolic cotangent functions.mac e190 L257
expected       t=   1.4s 7 Inverse hyperbolic functions/7.4 Inverse hyperbolic cotangent/7.4.2 Exponentials of inverse hyperbolic cotangent functions.mac e52 L65
unverified     t=   0.1s 7 Inverse hyperbolic functions/7.4 Inverse hyperbolic cotangent/7.4.2 Exponentials of inverse hyperbolic cotangent functions.mac e145 L178
unverified     t=   0.1s 7 Inverse hyperbolic functions/7.4 Inverse hyperbolic cotangent/7.4.2 Exponentials of inverse hyperbolic cotangent functions.mac e148 L183
unverified     t=   0.1s 7 Inverse hyperbolic functions/7.4 Inverse hyperbolic cotangent/7.4.2 Exponentials of inverse hyperbolic cotangent functions.mac e153 L188
unverified     t=   3.6s 7 Inverse hyperbolic functions/7.4 Inverse hyperbolic cotangent/7.4.2 Exponentials of inverse hyperbolic cotangent functions.mac e156 L191
unverified     t=   0.2s 7 Inverse hyperbolic functions/7.4 Inverse hyperbolic cotangent/7.4.2 Exponentials of inverse hyperbolic cotangent functions.mac e746 L857
expected       t=   1.9s 7 Inverse hyperbolic functions/7.5 Inverse hyperbolic secant/7.5.1 u (a+b arcsech(c x))^n.mac e98 L137

=== summary ===
head rewrites: {'li[': 9}
expected       4
unverified     15
verified       8
total integrals: 27
wall time: 36.0s
Results: 12 passed, 15 failed
