=== class 2 ===
  polylog  entries    67  PASS    55 ->    58  | PASS->FAIL 0  FAIL->PASS 3
         55  expected -> verified
          3  unverified -> verified
  other    entries   898  PASS   741 ->   741  | PASS->FAIL 0  FAIL->PASS 0
=== class 3 ===
  polylog  entries  1195  PASS   827 ->   931  | PASS->FAIL 0  FAIL->PASS 104
        782  expected -> verified
         52  unverified -> verified
         36  timeout -> verified
         10  contains-noun -> verified
          3  timeout -> expected
          2  unverified -> expected
          1  error -> expected
  other    entries  1890  PASS  1346 ->  1346  | PASS->FAIL 0  FAIL->PASS 0
=== class 4 ===
  polylog  entries   456  PASS   222 ->   267  | PASS->FAIL 0  FAIL->PASS 45
        206  expected -> verified
         31  timeout -> verified
          7  error -> verified
          6  unverified -> verified
          1  timeout -> expected
  other    entries 22016  PASS 19182 -> 19160  | PASS->FAIL 23  FAIL->PASS 1
         23  verified -> timeout
          3  unverified -> timeout
          1  contains-noun -> timeout
          1  timeout -> verified
=== class 5 ===
  polylog  entries  1112  PASS   688 ->   813  | PASS->FAIL 1  FAIL->PASS 126
        521  expected -> verified
         60  timeout -> verified
         30  unverified -> verified
         29  timeout -> expected
          6  unverified -> expected
          2  unverified -> timeout
          2  timeout -> unverified
          1  expected -> timeout
          1  error -> expected
  other    entries  3473  PASS  2201 ->  2201  | PASS->FAIL 0  FAIL->PASS 0
=== class 6 ===
  polylog  entries   476  PASS   242 ->   277  | PASS->FAIL 0  FAIL->PASS 35
        230  expected -> verified
         22  timeout -> verified
          6  unverified -> verified
          4  error -> verified
          3  unverified -> expected
          1  contains-noun -> timeout
  other    entries  4604  PASS  3780 ->  3774  | PASS->FAIL 6  FAIL->PASS 0
          4  expected -> timeout
          2  verified -> timeout
=== class 7 ===
  polylog  entries  1125  PASS   706 ->   845  | PASS->FAIL 0  FAIL->PASS 139
        684  expected -> verified
         83  unverified -> verified
         50  timeout -> verified
          5  timeout -> expected
          1  unverified -> expected
  other    entries  5427  PASS  4251 ->  4255  | PASS->FAIL 0  FAIL->PASS 4
          4  unverified -> verified
          3  contains-noun -> timeout
=== class 8 ===
  polylog  entries   198  PASS    41 ->   180  | PASS->FAIL 1  FAIL->PASS 140
         93  contains-noun -> verified
         40  expected -> verified
         34  contains-noun -> expected
         12  unverified -> verified
          1  expected -> timeout
          1  timeout -> verified
  other    entries  1751  PASS  1276 ->  1276  | PASS->FAIL 0  FAIL->PASS 0
=== total (classes with a .li record) ===
  polylog  entries  4629  PASS  2781 ->  3371  | PASS->FAIL 2  FAIL->PASS 592
  other    entries 40059  PASS 32777 -> 32753  | PASS->FAIL 29  FAIL->PASS 5
