=== class3 queue plan ===
entries: 40  units: 40  workers: 12  cap: 30s  timed by (no --prev): 0  untimed (run first): 40
job-seconds: 0  (one entry per unit)
estimated core-seconds: 0  estimated wall: 0.0 min (= core-seconds/workers + largest unit; timed entries only)
switches: mr_flat_wide=false mr_cond_retry=true mr_model_flags=true mr_nested_fallback=false mr_giveup_last=true mr_inert_leak_misfire=true mr_last_resort_tier=true mr_general_after_giveups=true mr_max_depth=32 mr_eqq_symbolic=true mr_subst_simp=false mr_gtq_facts=false
outputs: /home/serge/src/maxima-rubi/probes/verify-stages/08-stage-order/armA/control/class3/shard00.out .. shard11.out  pids: /home/serge/src/maxima-rubi/probes/verify-stages/08-stage-order/armA/control/class3/pids  log: /home/serge/src/maxima-rubi/probes/verify-stages/08-stage-order/armA/control/class3/queue.log
PASS: verified       t=   0.0s 3 Logarithms/3.1.2 (d x)^m (a+b log(c x^n))^p.mac e18 L27
PASS: verified       t=   0.0s 3 Logarithms/3.1.2 (d x)^m (a+b log(c x^n))^p.mac e132 L161
PASS: verified       t=   0.1s 3 Logarithms/3.1.4 (f x)^m (d+e x^r)^q (a+b log(c x^n))^p.mac e306 L385
PASS: verified       t=   0.1s 3 Logarithms/3.1.2 (d x)^m (a+b log(c x^n))^p.mac e176 L209
PASS: verified       t=   0.1s 3 Logarithms/3.1.4 (f x)^m (d+e x^r)^q (a+b log(c x^n))^p.mac e246 L301
PASS: verified       t=   0.1s 3 Logarithms/3.1.2 (d x)^m (a+b log(c x^n))^p.mac e190 L223
PASS: verified       t=   0.0s 3 Logarithms/3.1.2 (d x)^m (a+b log(c x^n))^p.mac e49 L64
PASS: verified       t=   0.1s 3 Logarithms/3.1.2 (d x)^m (a+b log(c x^n))^p.mac e73 L90
PASS: verified       t=   0.0s 3 Logarithms/3.2.1 (f+g x)^m (A+B log(e ((a+b x) over (c+d x))^n))^p.mac e206 L269
PASS: verified       t=   0.1s 3 Logarithms/3.2.1 (f+g x)^m (A+B log(e ((a+b x) over (c+d x))^n))^p.mac e202 L265
PASS: verified       t=   0.5s 3 Logarithms/3.1.5 u (a+b log(c x^n))^p.mac e166 L203
PASS: verified       t=   0.4s 3 Logarithms/3.1.5 u (a+b log(c x^n))^p.mac e218 L267
PASS: verified       t=   0.1s 3 Logarithms/3.2.3 u log(e (f (a+b x)^p (c+d x)^q)^r)^s.mac e26 L43
PASS: verified       t=   0.4s 3 Logarithms/3.2.1 (f+g x)^m (A+B log(e ((a+b x) over (c+d x))^n))^p.mac e161 L210
PASS: verified       t=   0.6s 3 Logarithms/3.1.5 u (a+b log(c x^n))^p.mac e183 L224
PASS: verified       t=   0.3s 3 Logarithms/3.2.2 (f+g x)^m (h+i x)^q (A+B log(e ((a+b x) over (c+d x))^n))^p.mac e230 L275
PASS: verified       t=   0.0s 3 Logarithms/3.3 u (a+b log(c (d+e x)^n))^p.mac e38 L67
PASS: verified       t=   0.2s 3 Logarithms/3.2.3 u log(e (f (a+b x)^p (c+d x)^q)^r)^s.mac e2 L11
PASS: verified       t=   0.5s 3 Logarithms/3.2.1 (f+g x)^m (A+B log(e ((a+b x) over (c+d x))^n))^p.mac e190 L247
PASS: verified       t=   0.5s 3 Logarithms/3.2.2 (f+g x)^m (h+i x)^q (A+B log(e ((a+b x) over (c+d x))^n))^p.mac e136 L161
PASS: verified       t=   0.1s 3 Logarithms/3.3 u (a+b log(c (d+e x)^n))^p.mac e14 L25
PASS: verified       t=   0.0s 3 Logarithms/3.3 u (a+b log(c (d+e x)^n))^p.mac e72 L101
PASS: verified       t=   0.1s 3 Logarithms/3.3 u (a+b log(c (d+e x)^n))^p.mac e334 L467
PASS: verified       t=   0.1s 3 Logarithms/3.4 u (a+b log(c (d+e x^m)^n))^p.mac e190 L243
PASS: verified       t=   0.1s 3 Logarithms/3.4 u (a+b log(c (d+e x^m)^n))^p.mac e204 L259
PASS: verified       t=   0.2s 3 Logarithms/3.4 u (a+b log(c (d+e x^m)^n))^p.mac e95 L130
PASS: verified       t=   0.8s 3 Logarithms/3.2.2 (f+g x)^m (h+i x)^q (A+B log(e ((a+b x) over (c+d x))^n))^p.mac e201 L232
PASS: verified       t=   0.2s 3 Logarithms/3.4 u (a+b log(c (d+e x^m)^n))^p.mac e500 L639
PASS: verified       t=   0.1s 3 Logarithms/3.5 Logarithm functions.mac e54 L75
PASS: verified       t=   0.0s 3 Logarithms/3.5 Logarithm functions.mac e237 L302
PASS: verified       t=   0.0s 3 Logarithms/3.5 Logarithm functions.mac e240 L307
PASS: verified       t=   0.1s 3 Logarithms/3.5 Logarithm functions.mac e120 L157
PASS: verified       t=   0.5s 3 Logarithms/3.4 u (a+b log(c (d+e x^m)^n))^p.mac e83 L118
PASS: verified       t=   0.1s 3 Logarithms/3.5 Logarithm functions.mac e72 L97
PASS: verified       t=   0.1s 3 Logarithms/3.5 Logarithm functions.mac e297 L368
PASS: verified       t=   0.8s 3 Logarithms/3.3 u (a+b log(c (d+e x)^n))^p.mac e69 L98
PASS: verified       t=   1.9s 3 Logarithms/3.1.5 u (a+b log(c x^n))^p.mac e57 L74
PASS: verified       t=   2.9s 3 Logarithms/3.1.5 u (a+b log(c x^n))^p.mac e40 L55
PASS: verified       t=   3.9s 3 Logarithms/3.3 u (a+b log(c (d+e x)^n))^p.mac e436 L621
PASS: verified       t=   4.6s 3 Logarithms/3.5 Logarithm functions.mac e40 L59
queue wall: 11.1s  entries: 40  units: 40  workers: 12  harness failures: 0
