=== maxima-rubi corpus queue worker 06 (filter '7 Inverse hyperbolic functions/') ===
date: 2026-09-29 05:25 UTC
maxima: Maxima-version: "branch_5_50_base_84_g4204fb669"
maxima: Maxima build date: "2026-08-31 13:27:47"
maxima: Host type: "x86_64-pc-linux-gnu"
maxima: Lisp implementation type: "SBCL"
maxima: Lisp implementation version: "2.6.7"
filter: '7 Inverse hyperbolic functions/'  queue worker 06 of 12  timeout: 30s cpu  entries: 87  subset: verified of /home/serge/src/maxima-rubi/probes/verify-stages/08-stage-order/entries/class7.control.out  switches: mr_flat_wide=false mr_cond_retry=true mr_model_flags=true mr_nested_fallback=false mr_giveup_last=true mr_inert_leak_misfire=true mr_last_resort_tier=true mr_general_after_giveups=true mr_max_depth=32 mr_eqq_symbolic=true mr_subst_simp=false mr_gtq_facts=false  verify: 30s cpu, stage 5s, stages chainA.1,chainA.2,chainA.3,chainA.4,chainB.1,chainB.2,chainB.3,chainB.4,radcan,exponentialize,trigexpand,demoivre,logarc,rat-radcan,rectform

verified       t=   0.6s 7 Inverse hyperbolic functions/7.1 Inverse hyperbolic sine/7.1.4a (f x)^m (d+c^2 d x^2)^p (a+b arcsinh(c x))^n.mac e277 L324
verified       t=   1.5s 7 Inverse hyperbolic functions/7.2 Inverse hyperbolic cosine/7.2.4b (f x)^m (d+e x^2)^p (a+b arccosh(c x))^n.mac e15 L26
verified       t=   0.1s 7 Inverse hyperbolic functions/7.3 Inverse hyperbolic tangent/7.3.6 Exponentials of inverse hyperbolic tangent functions.mac e105 L124
verified       t=   0.2s 7 Inverse hyperbolic functions/7.3 Inverse hyperbolic tangent/7.3.6 Exponentials of inverse hyperbolic tangent functions.mac e654 L757
verified       t=   0.2s 7 Inverse hyperbolic functions/7.3 Inverse hyperbolic tangent/7.3.6 Exponentials of inverse hyperbolic tangent functions.mac e1104 L1299
verified       t=   0.3s 7 Inverse hyperbolic functions/7.4 Inverse hyperbolic cotangent/7.4.1 Inverse hyperbolic cotangent functions.mac e36 L53
expected       t=   0.2s 7 Inverse hyperbolic functions/7.4 Inverse hyperbolic cotangent/7.4.2 Exponentials of inverse hyperbolic cotangent functions.mac e161 L202
expected       t=   0.2s 7 Inverse hyperbolic functions/7.4 Inverse hyperbolic cotangent/7.4.2 Exponentials of inverse hyperbolic cotangent functions.mac e642 L743
expected       t=   0.3s 7 Inverse hyperbolic functions/7.5 Inverse hyperbolic secant/7.5.1 u (a+b arcsech(c x))^n.mac e83 L112

=== summary ===
head rewrites: {'li[': 52, 'expintegral_chi(': 11, 'expintegral_shi(': 9, 'fresnel_s(': 2, 'fresnel_c(': 2}
expected       3
verified       6
total integrals: 9
wall time: 5.0s
Results: 9 passed, 0 failed
