=== maxima-rubi corpus queue worker 08 (filter '4 Trig functions/') ===
date: 2026-09-29 08:59 UTC
maxima: Maxima-version: "branch_5_50_base_84_g4204fb669"
maxima: Maxima build date: "2026-08-31 13:27:47"
maxima: Host type: "x86_64-pc-linux-gnu"
maxima: Lisp implementation type: "SBCL"
maxima: Lisp implementation version: "2.6.7"
filter: '4 Trig functions/'  queue worker 08 of 12  timeout: 30s cpu  entries: 319  subset: verified of /home/serge/src/maxima-rubi/probes/verify-stages/08-stage-order/entries/class4.control.out  switches: mr_flat_wide=false mr_cond_retry=true mr_model_flags=true mr_nested_fallback=false mr_giveup_last=true mr_inert_leak_misfire=true mr_last_resort_tier=true mr_general_after_giveups=true mr_max_depth=32 mr_eqq_symbolic=true mr_subst_simp=false mr_gtq_facts=false  verify: 30s cpu, stage 5s

verified       t=   0.0s 4 Trig functions/4.1 Sine/4.1.1.2 (g cos)^p (a+b sin)^m.mac e82 L95
expected       t=   3.0s 4 Trig functions/4.1 Sine/4.1.10 (c+d x)^m (a+b sin)^n.mac e236 L321
expected       t=   3.9s 4 Trig functions/4.2 Cosine/4.2.4.2 (a+b cos)^m (c+d cos)^n (A+B cos+C cos^2).mac e1397 L1612
verified       t=  13.4s 4 Trig functions/4.5 Secant/4.5.3.1 (a+b sec)^m (d sec)^n (A+B sec).mac e404 L481
verified       t=   0.1s 4 Trig functions/4.7 Miscellaneous/4.7.1 (c trig)^m (d trig)^n.mac e48 L61
verified       t=   0.6s 4 Trig functions/4.7 Miscellaneous/4.7.1 (c trig)^m (d trig)^n.mac e183 L216
verified       t=   0.2s 4 Trig functions/4.7 Miscellaneous/4.7.2 trig^m (a trig+b trig)^n.mac e56 L83
verified       t=   0.7s 4 Trig functions/4.7 Miscellaneous/4.7.3 (c+d x)^m trig^n trig^p.mac e80 L105
verified       t=   0.1s 4 Trig functions/4.7 Miscellaneous/4.7.7 Trig functions.mac e488 L620
verified       t=   0.1s 4 Trig functions/4.7 Miscellaneous/4.7.7 Trig functions.mac e700 L914
expected       t=   0.0s 4 Trig functions/4.7 Miscellaneous/4.7.7 Trig functions.mac e853 L1107

=== summary ===
head rewrites: {'li[': 32, 'fresnel_s(': 5, 'fresnel_c(': 5, 'expintegral_si(': 5, 'expintegral_ci(': 5}
expected       3
verified       8
total integrals: 11
wall time: 68.6s
Results: 11 passed, 0 failed
