=== class7 queue plan ===
entries: 18  units: 18  workers: 12  cap: 30s  timed by (no --prev): 0  untimed (run first): 18
job-seconds: 0  (one entry per unit)
estimated core-seconds: 0  estimated wall: 0.0 min (= core-seconds/workers + largest unit; timed entries only)
switches: mr_flat_wide=false mr_cond_retry=true mr_model_flags=true mr_nested_fallback=false mr_giveup_last=true mr_inert_leak_misfire=true mr_last_resort_tier=true mr_general_after_giveups=true mr_max_depth=32 mr_eqq_symbolic=true mr_subst_simp=false mr_gtq_facts=false
outputs: /home/serge/src/maxima-rubi/probes/verify-stages/15-rect-args-losses/class7/shard00.out .. shard11.out  pids: /home/serge/src/maxima-rubi/probes/verify-stages/15-rect-args-losses/class7/pids  log: /home/serge/src/maxima-rubi/probes/verify-stages/15-rect-args-losses/class7/queue.log
PASS: verified       t=   1.1s 7 Inverse hyperbolic functions/7.1 Inverse hyperbolic sine/7.1.4a (f x)^m (d+c^2 d x^2)^p (a+b arcsinh(c x))^n.mac e519 L632
PASS: verified       t=   1.2s 7 Inverse hyperbolic functions/7.1 Inverse hyperbolic sine/7.1.4a (f x)^m (d+c^2 d x^2)^p (a+b arcsinh(c x))^n.mac e512 L625
PASS: verified       t=   0.0s 7 Inverse hyperbolic functions/7.1 Inverse hyperbolic sine/7.1.5 Inverse hyperbolic sine functions.mac e330 L433
PASS: verified       t=   0.0s 7 Inverse hyperbolic functions/7.1 Inverse hyperbolic sine/7.1.5 Inverse hyperbolic sine functions.mac e328 L431
PASS: verified       t=   0.0s 7 Inverse hyperbolic functions/7.1 Inverse hyperbolic sine/7.1.5 Inverse hyperbolic sine functions.mac e329 L432
PASS: verified       t=   0.0s 7 Inverse hyperbolic functions/7.1 Inverse hyperbolic sine/7.1.5 Inverse hyperbolic sine functions.mac e318 L419
PASS: verified       t=   0.0s 7 Inverse hyperbolic functions/7.1 Inverse hyperbolic sine/7.1.5 Inverse hyperbolic sine functions.mac e325 L426
PASS: verified       t=   0.0s 7 Inverse hyperbolic functions/7.1 Inverse hyperbolic sine/7.1.5 Inverse hyperbolic sine functions.mac e331 L434
PASS: verified       t=   0.0s 7 Inverse hyperbolic functions/7.1 Inverse hyperbolic sine/7.1.5 Inverse hyperbolic sine functions.mac e326 L427
FAIL: unverified     t=   0.0s 7 Inverse hyperbolic functions/7.1 Inverse hyperbolic sine/7.1.5 Inverse hyperbolic sine functions.mac e332 L435
PASS: verified       t=   0.0s 7 Inverse hyperbolic functions/7.1 Inverse hyperbolic sine/7.1.5 Inverse hyperbolic sine functions.mac e319 L420
PASS: verified       t=   0.0s 7 Inverse hyperbolic functions/7.1 Inverse hyperbolic sine/7.1.5 Inverse hyperbolic sine functions.mac e333 L436
PASS: verified       t=   0.0s 7 Inverse hyperbolic functions/7.1 Inverse hyperbolic sine/7.1.5 Inverse hyperbolic sine functions.mac e327 L428
PASS: verified       t=   0.0s 7 Inverse hyperbolic functions/7.1 Inverse hyperbolic sine/7.1.5 Inverse hyperbolic sine functions.mac e320 L421
PASS: verified       t=   0.0s 7 Inverse hyperbolic functions/7.1 Inverse hyperbolic sine/7.1.5 Inverse hyperbolic sine functions.mac e336 L439
PASS: verified       t=   0.0s 7 Inverse hyperbolic functions/7.1 Inverse hyperbolic sine/7.1.5 Inverse hyperbolic sine functions.mac e338 L441
PASS: verified       t=   0.0s 7 Inverse hyperbolic functions/7.1 Inverse hyperbolic sine/7.1.5 Inverse hyperbolic sine functions.mac e340 L443
FAIL: unverified     t=   0.0s 7 Inverse hyperbolic functions/7.1 Inverse hyperbolic sine/7.1.5 Inverse hyperbolic sine functions.mac e334 L437
queue wall: 87.9s  entries: 18  units: 18  workers: 12  harness failures: 0
