=== maxima-rubi corpus queue worker 01 (filter '7 Inverse hyperbolic functions/') ===
date: 2026-09-29 08:55 UTC
maxima: Maxima-version: "branch_5_50_base_84_g4204fb669"
maxima: Maxima build date: "2026-08-31 13:27:47"
maxima: Host type: "x86_64-pc-linux-gnu"
maxima: Lisp implementation type: "SBCL"
maxima: Lisp implementation version: "2.6.7"
filter: '7 Inverse hyperbolic functions/'  queue worker 01 of 12  timeout: 30s cpu  entries: 258  subset: unverified of /home/serge/src/maxima-rubi/probes/verify-stages/08-stage-order/entries/class7.unverified.out  switches: mr_flat_wide=false mr_cond_retry=true mr_model_flags=true mr_nested_fallback=false mr_giveup_last=true mr_inert_leak_misfire=true mr_last_resort_tier=true mr_general_after_giveups=true mr_max_depth=32 mr_eqq_symbolic=true mr_subst_simp=false mr_gtq_facts=false  verify: 30s cpu, stage 5s

verified       t=   1.0s 7 Inverse hyperbolic functions/7.2 Inverse hyperbolic cosine/7.2.5 Inverse hyperbolic cosine functions.mac e50 L77
verified       t=   0.1s 7 Inverse hyperbolic functions/7.3 Inverse hyperbolic tangent/7.3.6 Exponentials of inverse hyperbolic tangent functions.mac e110 L129
verified       t=   0.1s 7 Inverse hyperbolic functions/7.3 Inverse hyperbolic tangent/7.3.6 Exponentials of inverse hyperbolic tangent functions.mac e148 L183
verified       t=   0.1s 7 Inverse hyperbolic functions/7.3 Inverse hyperbolic tangent/7.3.6 Exponentials of inverse hyperbolic tangent functions.mac e155 L190
verified       t=   0.3s 7 Inverse hyperbolic functions/7.3 Inverse hyperbolic tangent/7.3.6 Exponentials of inverse hyperbolic tangent functions.mac e330 L387
verified       t=   0.3s 7 Inverse hyperbolic functions/7.3 Inverse hyperbolic tangent/7.3.6 Exponentials of inverse hyperbolic tangent functions.mac e356 L413
verified       t=   0.1s 7 Inverse hyperbolic functions/7.3 Inverse hyperbolic tangent/7.3.6 Exponentials of inverse hyperbolic tangent functions.mac e442 L511
verified       t=   0.5s 7 Inverse hyperbolic functions/7.3 Inverse hyperbolic tangent/7.3.6 Exponentials of inverse hyperbolic tangent functions.mac e454 L529
unverified     t=   0.2s 7 Inverse hyperbolic functions/7.3 Inverse hyperbolic tangent/7.3.6 Exponentials of inverse hyperbolic tangent functions.mac e617 L714
verified       t=   0.2s 7 Inverse hyperbolic functions/7.3 Inverse hyperbolic tangent/7.3.6 Exponentials of inverse hyperbolic tangent functions.mac e626 L723
verified       t=   0.4s 7 Inverse hyperbolic functions/7.3 Inverse hyperbolic tangent/7.3.6 Exponentials of inverse hyperbolic tangent functions.mac e649 L752
verified       t=   0.3s 7 Inverse hyperbolic functions/7.3 Inverse hyperbolic tangent/7.3.6 Exponentials of inverse hyperbolic tangent functions.mac e798 L917
verified       t=   0.3s 7 Inverse hyperbolic functions/7.3 Inverse hyperbolic tangent/7.3.6 Exponentials of inverse hyperbolic tangent functions.mac e1110 L1307
verified       t=   0.1s 7 Inverse hyperbolic functions/7.3 Inverse hyperbolic tangent/7.3.6 Exponentials of inverse hyperbolic tangent functions.mac e1308 L1613
verified       t=   0.2s 7 Inverse hyperbolic functions/7.3 Inverse hyperbolic tangent/7.3.6 Exponentials of inverse hyperbolic tangent functions.mac e1312 L1619
verified       t=   0.2s 7 Inverse hyperbolic functions/7.3 Inverse hyperbolic tangent/7.3.6 Exponentials of inverse hyperbolic tangent functions.mac e1320 L1627
verified       t=   0.2s 7 Inverse hyperbolic functions/7.3 Inverse hyperbolic tangent/7.3.6 Exponentials of inverse hyperbolic tangent functions.mac e1330 L1641
verified       t=   0.4s 7 Inverse hyperbolic functions/7.3 Inverse hyperbolic tangent/7.3.6 Exponentials of inverse hyperbolic tangent functions.mac e1335 L1648
verified       t=   0.2s 7 Inverse hyperbolic functions/7.3 Inverse hyperbolic tangent/7.3.6 Exponentials of inverse hyperbolic tangent functions.mac e1358 L1673
verified       t=   0.0s 7 Inverse hyperbolic functions/7.3 Inverse hyperbolic tangent/7.3.7 Inverse hyperbolic tangent functions.mac e36 L59
expected       t=   0.0s 7 Inverse hyperbolic functions/7.3 Inverse hyperbolic tangent/7.3.7 Inverse hyperbolic tangent functions.mac e85 L110
expected       t=   0.1s 7 Inverse hyperbolic functions/7.4 Inverse hyperbolic cotangent/7.4.1 Inverse hyperbolic cotangent functions.mac e184 L251
unverified     t=   0.1s 7 Inverse hyperbolic functions/7.4 Inverse hyperbolic cotangent/7.4.2 Exponentials of inverse hyperbolic cotangent functions.mac e139 L172
unverified     t=   0.1s 7 Inverse hyperbolic functions/7.4 Inverse hyperbolic cotangent/7.4.2 Exponentials of inverse hyperbolic cotangent functions.mac e143 L176
unverified     t=   0.1s 7 Inverse hyperbolic functions/7.4 Inverse hyperbolic cotangent/7.4.2 Exponentials of inverse hyperbolic cotangent functions.mac e147 L180
verified       t=   0.1s 7 Inverse hyperbolic functions/7.4 Inverse hyperbolic cotangent/7.4.2 Exponentials of inverse hyperbolic cotangent functions.mac e152 L187
unverified     t=   0.3s 7 Inverse hyperbolic functions/7.4 Inverse hyperbolic cotangent/7.4.2 Exponentials of inverse hyperbolic cotangent functions.mac e177 L218
expected       t=   0.3s 7 Inverse hyperbolic functions/7.4 Inverse hyperbolic cotangent/7.4.2 Exponentials of inverse hyperbolic cotangent functions.mac e383 L452
verified       t=   0.1s 7 Inverse hyperbolic functions/7.4 Inverse hyperbolic cotangent/7.4.2 Exponentials of inverse hyperbolic cotangent functions.mac e542 L627
verified       t=   0.4s 7 Inverse hyperbolic functions/7.4 Inverse hyperbolic cotangent/7.4.2 Exponentials of inverse hyperbolic cotangent functions.mac e738 L849
verified       t=   0.9s 7 Inverse hyperbolic functions/7.4 Inverse hyperbolic cotangent/7.4.2 Exponentials of inverse hyperbolic cotangent functions.mac e756 L867

=== summary ===
head rewrites: {'li[': 9}
expected       3
unverified     5
verified       23
total integrals: 31
wall time: 42.6s
Results: 26 passed, 5 failed
