=== maxima-rubi corpus queue worker 07 (filter '7 Inverse hyperbolic functions/') ===
date: 2026-09-29 09:37 UTC
maxima: Maxima-version: "branch_5_50_base_84_g4204fb669"
maxima: Maxima build date: "2026-08-31 13:27:47"
maxima: Host type: "x86_64-pc-linux-gnu"
maxima: Lisp implementation type: "SBCL"
maxima: Lisp implementation version: "2.6.7"
filter: '7 Inverse hyperbolic functions/'  queue worker 07 of 12  timeout: 30s cpu  entries: 258  subset: unverified of /home/serge/src/maxima-rubi/probes/verify-stages/08-stage-order/entries/class7.unverified.out  switches: mr_flat_wide=false mr_cond_retry=true mr_model_flags=true mr_nested_fallback=false mr_giveup_last=true mr_inert_leak_misfire=true mr_last_resort_tier=true mr_general_after_giveups=true mr_max_depth=32 mr_eqq_symbolic=true mr_subst_simp=false mr_gtq_facts=false  verify: 30s cpu, stage 5s

verified       t=   0.9s 7 Inverse hyperbolic functions/7.3 Inverse hyperbolic tangent/7.3.6 Exponentials of inverse hyperbolic tangent functions.mac e55 L68
verified       t=   0.1s 7 Inverse hyperbolic functions/7.3 Inverse hyperbolic tangent/7.3.6 Exponentials of inverse hyperbolic tangent functions.mac e148 L183
verified       t=   0.1s 7 Inverse hyperbolic functions/7.3 Inverse hyperbolic tangent/7.3.6 Exponentials of inverse hyperbolic tangent functions.mac e155 L190
verified       t=   0.1s 7 Inverse hyperbolic functions/7.3 Inverse hyperbolic tangent/7.3.6 Exponentials of inverse hyperbolic tangent functions.mac e284 L335
verified       t=   0.2s 7 Inverse hyperbolic functions/7.3 Inverse hyperbolic tangent/7.3.6 Exponentials of inverse hyperbolic tangent functions.mac e347 L404
verified       t=   0.1s 7 Inverse hyperbolic functions/7.3 Inverse hyperbolic tangent/7.3.6 Exponentials of inverse hyperbolic tangent functions.mac e440 L509
verified       t=   0.4s 7 Inverse hyperbolic functions/7.3 Inverse hyperbolic tangent/7.3.6 Exponentials of inverse hyperbolic tangent functions.mac e455 L530
verified       t=   0.2s 7 Inverse hyperbolic functions/7.3 Inverse hyperbolic tangent/7.3.6 Exponentials of inverse hyperbolic tangent functions.mac e591 L686
verified       t=   0.2s 7 Inverse hyperbolic functions/7.3 Inverse hyperbolic tangent/7.3.6 Exponentials of inverse hyperbolic tangent functions.mac e793 L912
unverified     t=   0.2s 7 Inverse hyperbolic functions/7.3 Inverse hyperbolic tangent/7.3.6 Exponentials of inverse hyperbolic tangent functions.mac e800 L921
verified       t=   0.0s 7 Inverse hyperbolic functions/7.3 Inverse hyperbolic tangent/7.3.6 Exponentials of inverse hyperbolic tangent functions.mac e878 L1035
verified       t=   0.3s 7 Inverse hyperbolic functions/7.3 Inverse hyperbolic tangent/7.3.6 Exponentials of inverse hyperbolic tangent functions.mac e894 L1061
verified       t=   0.2s 7 Inverse hyperbolic functions/7.3 Inverse hyperbolic tangent/7.3.6 Exponentials of inverse hyperbolic tangent functions.mac e900 L1067
verified       t=   0.2s 7 Inverse hyperbolic functions/7.3 Inverse hyperbolic tangent/7.3.6 Exponentials of inverse hyperbolic tangent functions.mac e1069 L1260
verified       t=   0.3s 7 Inverse hyperbolic functions/7.3 Inverse hyperbolic tangent/7.3.6 Exponentials of inverse hyperbolic tangent functions.mac e1150 L1359
verified       t=   0.1s 7 Inverse hyperbolic functions/7.3 Inverse hyperbolic tangent/7.3.6 Exponentials of inverse hyperbolic tangent functions.mac e1310 L1615
verified       t=   0.2s 7 Inverse hyperbolic functions/7.3 Inverse hyperbolic tangent/7.3.6 Exponentials of inverse hyperbolic tangent functions.mac e1316 L1623
verified       t=   0.2s 7 Inverse hyperbolic functions/7.3 Inverse hyperbolic tangent/7.3.6 Exponentials of inverse hyperbolic tangent functions.mac e1329 L1640
verified       t=   0.2s 7 Inverse hyperbolic functions/7.3 Inverse hyperbolic tangent/7.3.6 Exponentials of inverse hyperbolic tangent functions.mac e1336 L1649
verified       t=   0.2s 7 Inverse hyperbolic functions/7.3 Inverse hyperbolic tangent/7.3.6 Exponentials of inverse hyperbolic tangent functions.mac e1356 L1671
verified       t=   0.2s 7 Inverse hyperbolic functions/7.3 Inverse hyperbolic tangent/7.3.6 Exponentials of inverse hyperbolic tangent functions.mac e1359 L1674
verified       t=   0.1s 7 Inverse hyperbolic functions/7.3 Inverse hyperbolic tangent/7.3.7 Inverse hyperbolic tangent functions.mac e44 L67
expected       t=   0.1s 7 Inverse hyperbolic functions/7.3 Inverse hyperbolic tangent/7.3.7 Inverse hyperbolic tangent functions.mac e102 L127
expected       t=   1.1s 7 Inverse hyperbolic functions/7.4 Inverse hyperbolic cotangent/7.4.2 Exponentials of inverse hyperbolic cotangent functions.mac e20 L31
expected       t=   0.9s 7 Inverse hyperbolic functions/7.4 Inverse hyperbolic cotangent/7.4.2 Exponentials of inverse hyperbolic cotangent functions.mac e54 L67
unverified     t=   0.1s 7 Inverse hyperbolic functions/7.4 Inverse hyperbolic cotangent/7.4.2 Exponentials of inverse hyperbolic cotangent functions.mac e142 L175
unverified     t=   0.1s 7 Inverse hyperbolic functions/7.4 Inverse hyperbolic cotangent/7.4.2 Exponentials of inverse hyperbolic cotangent functions.mac e145 L178
unverified     t=   0.1s 7 Inverse hyperbolic functions/7.4 Inverse hyperbolic cotangent/7.4.2 Exponentials of inverse hyperbolic cotangent functions.mac e148 L183
verified       t=   0.0s 7 Inverse hyperbolic functions/7.4 Inverse hyperbolic cotangent/7.4.2 Exponentials of inverse hyperbolic cotangent functions.mac e151 L186
verified       t=   0.1s 7 Inverse hyperbolic functions/7.4 Inverse hyperbolic cotangent/7.4.2 Exponentials of inverse hyperbolic cotangent functions.mac e152 L187
expected       t=   2.5s 7 Inverse hyperbolic functions/7.4 Inverse hyperbolic cotangent/7.4.2 Exponentials of inverse hyperbolic cotangent functions.mac e181 L222
expected       t=   0.3s 7 Inverse hyperbolic functions/7.4 Inverse hyperbolic cotangent/7.4.2 Exponentials of inverse hyperbolic cotangent functions.mac e289 L344
verified       t=   0.8s 7 Inverse hyperbolic functions/7.4 Inverse hyperbolic cotangent/7.4.2 Exponentials of inverse hyperbolic cotangent functions.mac e365 L428
verified       t=   0.2s 7 Inverse hyperbolic functions/7.4 Inverse hyperbolic cotangent/7.4.2 Exponentials of inverse hyperbolic cotangent functions.mac e375 L438
expected       t=   0.4s 7 Inverse hyperbolic functions/7.4 Inverse hyperbolic cotangent/7.4.2 Exponentials of inverse hyperbolic cotangent functions.mac e418 L489
expected       t=   0.3s 7 Inverse hyperbolic functions/7.4 Inverse hyperbolic cotangent/7.4.2 Exponentials of inverse hyperbolic cotangent functions.mac e433 L504
verified       t=   0.5s 7 Inverse hyperbolic functions/7.4 Inverse hyperbolic cotangent/7.4.2 Exponentials of inverse hyperbolic cotangent functions.mac e544 L629
verified       t=   0.4s 7 Inverse hyperbolic functions/7.4 Inverse hyperbolic cotangent/7.4.2 Exponentials of inverse hyperbolic cotangent functions.mac e738 L849
verified       t=   0.2s 7 Inverse hyperbolic functions/7.4 Inverse hyperbolic cotangent/7.4.2 Exponentials of inverse hyperbolic cotangent functions.mac e745 L856
verified       t=   0.3s 7 Inverse hyperbolic functions/7.4 Inverse hyperbolic cotangent/7.4.2 Exponentials of inverse hyperbolic cotangent functions.mac e752 L863
unverified     t=   0.2s 7 Inverse hyperbolic functions/7.4 Inverse hyperbolic cotangent/7.4.2 Exponentials of inverse hyperbolic cotangent functions.mac e762 L875

=== summary ===
head rewrites: {'li[': 9}
expected       7
unverified     5
verified       29
total integrals: 41
wall time: 81.4s
Results: 36 passed, 5 failed
