== Rubi source (IntegrationRules), calls by class and head; (neg = directly under Not[), 3-arg
class            GtQ            LtQ            GeQ            LeQ  total   neg  3arg
    1            997            787             49             78   1911   139    80
    2             15             17              1              5     38     1     9
    3             57             21              0              1     79     4     1
    4            350            456             15             51    872   109    59
    5            190             99             10              5    304    18     3
    6             41             30              4              0     75     0    10
    7            304            166              6             10    486    26     8
    8             17             13              0              0     30     1     0
    9             21              9              2              6     38     2     2
  all           1992           1598             87            156   3833   300   172

== generated rules/class*/*.mac: is(A op B) sites by class and op
class      >      <     >=     <=  total  not()   cond   repl  other  rhs=0   rhs#   rhsX non-cmp is()
    1    934    793     45     94   1866    109   1866      0      0    933    732    201          168
    2     15     24      1      3     43      1     43      0      0     13     20     10            6
    3     55     20      0      1     76      2     76      0      0     56     19      1           31
    4    339    481     15     54    889     99    889      0      0    229    574     86           52
    5    188     96     10      6    300     14    300      0      0    198     96      6           24
    6     39     40      4      0     83      0     83      0      0     23     40     20            0
    7    205    120      6      6    337     14    337      0      0    218    112      7           22
    8     16     13      0      0     29      1     29      0      0     18     11      0            2
    9      7      5      1      1     14      1     14      0      0      8      3      3           58
  all   1798   1592     82    165   3637    241   3637      0      0   1696   1607    334          363

== boolean is(...) holding a RAW relation (Rubi's raw `q-n>=0` inside a With/Module
   condition; not a GtQ-family call, already read `= true`), by class: {'1': 19, '2': 3} total 22

== top 40 rule files by generated site count
  107  class 1  1_2_1_2
  104  class 1  1_1_1_3
  102  class 5  5_3_4
  102  class 7  7_3_4
   96  class 1  1_1_2_8
   89  class 4  4_1_2_2
   81  class 1  1_1_3_4
   79  class 1  1_1_2_9
   79  class 1  1_2_1_4b
   77  class 1  1_2_3_4
   75  class 4  4_1_2_1
   74  class 1  1_2_1_3
   70  class 4  4_5_1_2
   68  class 1  1_1_2_4
   68  class 1  1_1_3_2
   67  class 1  1_2_2_4
   65  class 1  1_2_2_3
   57  class 1  1_2_1_3b
   56  class 5  5_1_4
   53  class 1  1_1_2_7
   50  class 4  4_7_4
   47  class 1  1_1_1_2
   46  class 1  1_1_2_3
   46  class 7  7_2_4
   46  class 7  7_3_6
   44  class 5  5_3_6
   42  class 4  4_5_3_1
   42  class 4  4_5_4_2
   41  class 1  1_1_3_1
   40  class 2  2_3
   39  class 4  4_3_2_1
   37  class 1  1_2_2_2
   36  class 6  6_1_12
   35  class 1  1_1_3_3
   34  class 5  5_1_5
   32  class 1  1_1_4_2
   32  class 4  4_1_5
   31  class 4  4_1_3_1
   31  class 7  7_2_5
   30  class 1  1_1_2_2
