run: 2026-09-25T15:53:16Z
loadavg: 6.77 7.41 8.79 10/1101 1297015
batch("probes/gtq/03-cost.mac")
print("build:",(build_info())@version,(build_info())@timestamp,
build: branch_5_50_base_84_g4204fb669 2026-08-31 13:27:47 SBCL 
N:20000
print("shape (u > 0)        cur us   F-inl us F-fn us  R-fn us")
shape (u > 0)        cur us   F-inl us F-fn us  R-fn us 
-- pass 1 
a                        0.79     1.18     5.01    12.41
m+1                      6.69     7.51     9.52    12.43
2                        0.42     0.92     4.17     7.16
-(3/2)                   0.61     0.93     5.73     6.88
0.5                      0.46     1.04     4.46     8.62
sqrt(2)-1                1.79     1.98     8.30    15.42
a^2+1                   30.39    31.29    35.45    14.77
b^2-4*a*c               92.12    96.59   101.92    17.83
%e^a                     1.81     2.01     5.21    13.65
(2*n)/3-1/2             12.57    13.81    17.87    14.62
-- pass 2 
a                        0.50     1.00     4.65    12.45
m+1                      4.22     5.07     8.27    13.14
2                        0.55     1.14     5.83    10.59
-(3/2)                   0.77     1.15     5.04     8.68
0.5                      0.72     1.12     5.88     7.98
sqrt(2)-1                1.41     1.65     5.97    14.68
a^2+1                   26.30    26.58    30.11    13.44
b^2-4*a*c               90.51   115.93    98.69    20.04
%e^a                     1.47     1.39     4.80    14.10
(2*n)/3-1/2             12.72    13.72    16.92    14.40
"/home/serge/src/mr-gtq/probes/gtq/03-cost.mac"
