entries: 295  (runs: 885)

== calls (cur arm; killed runs contribute their GTQN floor)
sec entries    calls    true   false unknown   err F#R calls entries w/ F#R no-summary
  1      40     1389     341     733     315     0         6              1          0
  2      15      408      27     379       2     0         0              0          0
  3      40     1123      96     981      46     0         0              0          0
  4      40      624     103     362     159     0         0              0          0
  5      40     1627     283    1252      92     0         2              2          0
  6      40     1080     117     941      22     0         0              0          0
  7      40     1626     310    1196     120     0         2              2          0
  8      40      966      63     886      17     0         0              0          0
all     295     8843    1340    6730     773     0        10              5          0

== distinct disagreeing calls (cur arm log), by (op, u, v, cur, F, R): count, sections, handles
    4  >  u=(%i*sqrt(a)*e)/(%i*sqrt(a)*e-sqrt(c)*d)-(sqrt(c)*d)/(%i*sqrt(a)*e-sqrt(c)*d)  v=0  cur=false F=false R=true  sec 1  handles 3: 1_1_1_3 r65 s1, 1_1_1_3 r65 s2, 1_1_1_3 r67 s1 neg
    2  >  u=(%i*sqrt(a)*e)/(%i*sqrt(a)*e+sqrt(c)*d)+(sqrt(c)*d)/(%i*sqrt(a)*e+sqrt(c)*d)  v=0  cur=false F=false R=true  sec 1  handles 2: 1_1_1_3 r65 s1, 1_1_1_3 r67 s1 neg
    2  >  u=1/c^2  v=0  cur=true F=true R=false  sec 7  handles 1: 1_1_2_1 r13 s1
    1  <  u=-(1/a^2)  v=0  cur=true F=true R=false  sec 5  handles 1: 1_1_2_1 r14 s1
    1  >  u=4*(1-%i*a)*(%i*a+1)-4*a^2  v=0  cur=false F=false R=true  sec 5  handles 1: 1_2_1_1 r13 s1
distinct: 5

== verdicts by arm (PASS = verified/expected/no-answer)
sec cur PASS  F PASS  R PASS  F#R entries  cur#F  cur#R
  1       35      39      39            0      4      4
  2       14      14      14            0      0      0
  3       34      34      34            0      0      0
  4       34      36      36            0      3      3
  5       30      32      32            0      2      2
  6       28      28      28            0      1      1
  7       35      37      37            0      3      3
  8       27      27      27            0      0      0
all      237     247     247            0     13     13

== every entry whose verdict differs between arms: cur / F / R (cpu s), and its F#R calls (cur arm)
contains-noun / verified      / verified      (1.4/1.3/1.3)  1 Algebraic functions/1.2 Trinomial products/1.2.1 Quadratic/1.2.1.4 (d+e x)^m (f+g x)^n (a+b x+c x^2)^p.mac e319 L402
contains-noun / verified      / verified      (1.1/1.0/1.0)  1 Algebraic functions/1.1 Binomial products/1.1.2 Quadratic/1.1.2.8 P(x) (c x)^m (a+b x^2)^p.mac e12 L25
contains-noun / verified      / verified      (1.6/1.4/1.5)  1 Algebraic functions/1.1 Binomial products/1.1.3 General/1.1.3.4 (e x)^m (a+b x^n)^p (c+d x^n)^q.mac e620 L721
contains-noun / expected      / expected      (6.9/2.0/2.2)  1 Algebraic functions/1.1 Binomial products/1.1.3 General/1.1.3.4 (e x)^m (a+b x^n)^p (c+d x^n)^q.mac e818 L973
contains-noun / timeout       / timeout       (4.0/30.1/30.1)  4 Trig functions/4.5 Secant/4.5.3.1 (a+b sec)^m (d sec)^n (A+B sec).mac e269 L326
   unverified / expected      / expected      (3.5/2.7/2.6)  4 Trig functions/4.5 Secant/4.5.4.2 (a+b sec)^m (d sec)^n (A+B sec+C sec^2).mac e29 L50
   unverified / expected      / expected      (4.2/4.4/4.2)  4 Trig functions/4.3 Tangent/4.3.2.1 (a+b tan)^m (c+d tan)^n.mac e320 L371
     deferred / expected      / expected      (1.6/2.2/2.2)  5 Inverse trig functions/5.3 Inverse tangent/5.3.6 Exponentials of inverse tangent.mac e348 L441
contains-noun / verified      / verified      (7.4/5.4/5.6)  5 Inverse trig functions/5.5 Inverse secant/5.5.1 u (a+b arcsec(c x))^n.mac e65 L92
contains-noun / timeout       / timeout       (1.7/30.1/30.1)  6 Hyperbolic functions/6.1 Hyperbolic sine/6.1.7 hyper^m (a+b sinh^n)^p.mac e365 L428
     deferred / verified      / verified      (1.5/1.5/1.4)  7 Inverse hyperbolic functions/7.3 Inverse hyperbolic tangent/7.3.6 Exponentials of inverse hyperbolic tangent functions.mac e1249 L1514
contains-noun / timeout       / timeout       (3.5/30.1/30.1)  7 Inverse hyperbolic functions/7.1 Inverse hyperbolic sine/7.1.4b (f x)^m (d+e x^2)^p (a+b arcsinh(c x))^n.mac e44 L67
contains-noun / verified      / verified      (6.8/7.6/7.3)  7 Inverse hyperbolic functions/7.1 Inverse hyperbolic sine/7.1.5 Inverse hyperbolic sine functions.mac e45 L76
