entries: 119 (7.3.7, rubi below A, native A)   rows: 119
e39 B sech true r9_2 true trigsimp A
e41 B sech true r9_2 true trigsimp A
e45 B sech true r9_2 true trigsimp A
e46 B sech true r9_2 true trigsimp A
e47 B sech true r9_2 true trigsimp A
e49 B sech true r9_2 true trigsimp A
e50 B sech true r9_2 true trigsimp A
e51 B sech true r9_2 true trigsimp A
e53 B sech true r9_2 true trigsimp B
e55 B sech true r9_2 true trigsimp A
e56 B sech true r9_2 true trigsimp A
e57 B sech true r9_2 true trigsimp A
e59 B sech true r9_2 true trigsimp A
e60 B sech true r9_2 true trigsimp A
e61 B sech true r9_2 true trigsimp A
e62 B sech true r9_2 true trigsimp A
e66 B sech true r9_2 true trigsimp A
e67 B sech true r9_2 true trigsimp A
e68 B sech true r9_2 true trigsimp A
e69 B sech true r9_2 true trigsimp A
e70 B sech true r9_2 true trigsimp A
e73 B sech true r9_2 true trigsimp A
e74 B sech true r9_2 true trigsimp A
e75 B sech true r9_2 true trigsimp A
e76 B sech true r9_2 true trigsimp A
e77 B sech true r9_2 true trigsimp A
e80 B sech true r9_2 true trigsimp A
e81 B sech true r9_2 true trigsimp B
e82 B sech true r9_2 true trigsimp A
e83 B sech true r9_2 true trigsimp A
e86 B sech true r9_2 true trigsimp B
e87 B sech true r9_2 true trigsimp B
e88 B sech true r9_2 true trigsimp A
e89 B sech true r9_2 true trigsimp A
e91 B sech true r9_2 true trigsimp A
e92 B sech true r9_2 true trigsimp A
e94 B sech true r9_2 true trigsimp B
e95 B sech true r9_2 true trigsimp B
e96 B sech true r9_2 true trigsimp B
e97 B sech true r9_2 true trigsimp B
e98 B sech true r9_2 true trigsimp A
e99 B sech true r9_2 true trigsimp A
e100 B sech true r9_2 true trigsimp A
e101 B sech true r9_2 true trigsimp A
e103 B sech true r9_2 true trigsimp B
e104 B sech true r9_2 true trigsimp B
e105 B sech true r9_2 true trigsimp A
e106 B sech true r9_2 true trigsimp A
e107 B sech true r9_2 true trigsimp A
e108 B sech true r9_2 true trigsimp A
e109 B sech true r9_2 true trigsimp A
e110 B sech true r9_2 true trigsimp A
e111 B sech true r9_2 true trigsimp A
e112 B sech true r9_2 true trigsimp A
e113 B sech true r9_2 true trigsimp A
e120 B sech true r9_2 true trigsimp A
e121 B sech true r9_2 true trigsimp A
e122 B sech true r9_2 true trigsimp A
e129 B sech true r9_2 true trigsimp A
e130 B sech true r9_2 true trigsimp A
e131 B sech true r9_2 true trigsimp A
e140 B sech true r9_2 true trigsimp A
e141 B sech true r9_2 true trigsimp A
e142 B sech true r9_2 true trigsimp A
e143 B sech true r9_2 true trigsimp A
e149 B sech true r9_2 true trigsimp A
e150 B sech true r9_2 true trigsimp A
e151 B sech true r9_2 true trigsimp A
e152 B sech true r9_2 true trigsimp A
e153 B sech true r9_2 true trigsimp A
e158 B sech true r9_2 true trigsimp A
e159 B sech true r9_2 true trigsimp A
e160 B sech true r9_2 true trigsimp A
e187 B sech true r9_2 true trigsimp A
e188 B sech true r9_2 true trigsimp A
e191 B sech true r9_2 true trigsimp B
e192 B sech true r9_2 true trigsimp B
e193 B sech true r9_2 true trigsimp B
e194 B sech true r9_2 true trigsimp B
e195 B sech true r9_2 true trigsimp A
e196 B sech true r9_2 true trigsimp B
e197 B sech true r9_2 true trigsimp B
e198 B sech true r9_2 true trigsimp B
e199 B sech true r9_2 true trigsimp B
e200 B sech true r9_2 true trigsimp B
e201 B sech true r9_2 true trigsimp B
e202 B sech true r9_2 true trigsimp A
e203 B sech true r9_2 true trigsimp A
e204 B sech true r9_2 true trigsimp B
e205 B sech true r9_2 true trigsimp B
e206 B sech true r9_2 true trigsimp B
e207 B sech true r9_2 true trigsimp B
e208 B sech true r9_2 true trigsimp B
e209 B sech true r9_2 true trigsimp B
e210 B sech true r9_2 true trigsimp B
e211 B sech true r9_2 true trigsimp A
e212 B sech true r9_2 true trigsimp B
e213 B sech true r9_2 true trigsimp B
e214 B sech true r9_2 true trigsimp B
e218 B sech true r9_2 true trigsimp A
e221 B sech true r9_2 true trigsimp A
e222 B sech true r9_2 true trigsimp A
e227 B sech true r9_2 true trigsimp A
e230 B sech true r9_2 true trigsimp A
e231 B sech true r9_2 true trigsimp A
e236 B sech true r9_2 true trigsimp A
e239 B sech true r9_2 true trigsimp A
e240 B sech true r9_2 true trigsimp A
e247 B sech true r9_2 true trigsimp A
e255 B sech true r9_2 true trigsimp A
e262 B sech true r9_2 true trigsimp A
e264 B sech true r9_2 true trigsimp A
e277 B sech false r9_2 true trigsimp A
e279 B sech false r9_2 true trigsimp A
e281 F sech false r9_2 false trigsimp F
e282 F sech false r9_2 false trigsimp F
e283 F sech false r9_2 false trigsimp F
e356 C sech false r9_2 false trigsimp C
e359 C sech true r9_2 false trigsimp C
answer holds sech: 113   a 9_2 rule fired: 114   both: 112
of the sech answers, A after trigsimp: 82
grades now: B 114, C 2, F 3
