=== probes/matcher/01-corpus-arity  run: 2026-09-11 19:33 UTC
maxima: Maxima-version: "branch_5_50_base_84_g4204fb669"
maxima: Maxima build date: "2026-08-31 13:27:47"
maxima: Host type: "x86_64-pc-linux-gnu"
maxima: Lisp implementation type: "SBCL"
maxima: Lisp implementation version: "2.6.7"
entries read: 29747  bad entry shapes/files skipped: 0  results: 29747

SECTION 1 Algebraic functions: n=25697 failures={}
  max Plus args anywhere             p50 2 p90 3 p99 5 max 9   >=4: 1199 (4.67%)  >=6: 146 (0.57%)  >=8: 23 (0.09%)  >=10: 0 (0.00%)  >=12: 0 (0.00%)
  max Times args anywhere            p50 3 p90 4 p99 4 max 8   >=4: 3934 (15.31%)  >=6: 9 (0.04%)  >=8: 2 (0.01%)  >=10: 0 (0.00%)  >=12: 0 (0.00%)
  max Plus-or-Times args anywhere    p50 3 p90 4 p99 5 max 9   >=4: 4876 (18.97%)  >=6: 155 (0.60%)  >=8: 25 (0.10%)  >=10: 0 (0.00%)  >=12: 0 (0.00%)
  top-level Plus/Times args          p50 2 p90 3 p99 4 max 8   >=4: 629 (2.45%)  >=6: 2 (0.01%)  >=8: 1 (0.00%)  >=10: 0 (0.00%)  >=12: 0 (0.00%)

SECTION 2 Exponentials: n=965 failures={}
  max Plus args anywhere             p50 2 p90 3 p99 4 max 6   >=4: 18 (1.87%)  >=6: 1 (0.10%)  >=8: 0 (0.00%)  >=10: 0 (0.00%)  >=12: 0 (0.00%)
  max Times args anywhere            p50 2 p90 3 p99 4 max 7   >=4: 37 (3.83%)  >=6: 2 (0.21%)  >=8: 0 (0.00%)  >=10: 0 (0.00%)  >=12: 0 (0.00%)
  max Plus-or-Times args anywhere    p50 2 p90 3 p99 4 max 7   >=4: 40 (4.15%)  >=6: 3 (0.31%)  >=8: 0 (0.00%)  >=10: 0 (0.00%)  >=12: 0 (0.00%)
  top-level Plus/Times args          p50 2 p90 3 p99 3 max 4   >=4: 6 (0.62%)  >=6: 0 (0.00%)  >=8: 0 (0.00%)  >=10: 0 (0.00%)  >=12: 0 (0.00%)

SECTION 3 Logarithms: n=3085 failures={}
  max Plus args anywhere             p50 2 p90 2 p99 3 max 4   >=4: 1 (0.03%)  >=6: 0 (0.00%)  >=8: 0 (0.00%)  >=10: 0 (0.00%)  >=12: 0 (0.00%)
  max Times args anywhere            p50 3 p90 3 p99 4 max 6   >=4: 67 (2.17%)  >=6: 2 (0.06%)  >=8: 0 (0.00%)  >=10: 0 (0.00%)  >=12: 0 (0.00%)
  max Plus-or-Times args anywhere    p50 3 p90 3 p99 4 max 6   >=4: 67 (2.17%)  >=6: 2 (0.06%)  >=8: 0 (0.00%)  >=10: 0 (0.00%)  >=12: 0 (0.00%)
  top-level Plus/Times args          p50 2 p90 3 p99 3 max 4   >=4: 21 (0.68%)  >=6: 0 (0.00%)  >=8: 0 (0.00%)  >=10: 0 (0.00%)  >=12: 0 (0.00%)

SECTION ALL: n=29747 failures={}
  max Plus args anywhere             p50 2 p90 3 p99 5 max 9   >=4: 1218 (4.09%)  >=6: 147 (0.49%)  >=8: 23 (0.08%)  >=10: 0 (0.00%)  >=12: 0 (0.00%)
  max Times args anywhere            p50 3 p90 4 p99 4 max 8   >=4: 4038 (13.57%)  >=6: 13 (0.04%)  >=8: 2 (0.01%)  >=10: 0 (0.00%)  >=12: 0 (0.00%)
  max Plus-or-Times args anywhere    p50 3 p90 4 p99 5 max 9   >=4: 4983 (16.75%)  >=6: 160 (0.54%)  >=8: 25 (0.08%)  >=10: 0 (0.00%)  >=12: 0 (0.00%)
  top-level Plus/Times args          p50 2 p90 3 p99 4 max 8   >=4: 656 (2.21%)  >=6: 2 (0.01%)  >=8: 1 (0.00%)  >=10: 0 (0.00%)  >=12: 0 (0.00%)

