=== probes/matcher/02-controls  run: 2026-09-11 22:05 UTC
reference/rubi HEAD: 61e9c18ea248061cd83c67882f7c91a73cef912d
%build_info("branch_5_50_base_84_g4204fb669","2026-08-31 13:27:47",
            "x86_64-pc-linux-gnu","SBCL","2.6.7","/home/serge/.maxima","/tmp",
            "/home/serge/.maxima/binary/branch_5_50_base_84_g4204fb669/sbcl/2_6_7",
            false,false)
load("probes/matcher/01-mma4max-load.lisp")
CONTROL pub U1  4.1.12.m L82 only-1 witness (collapsed; tree leg)
  target: (Times b e x (Sin u))
  expect: 02-roundtrip (guard): bindings e=Sin[u] u=e, which fail verify() and do not reproduce the target
  result: matched=T bindings=(("x" x) ("e" (Times b e (Sin u))) ("m" 1) ("u" (Sequence)) ("b" 1) ("a" 0) ("p" 1))
CONTROL pub U1r  U1, every witness symbol renamed
  target: (Times bb ee x (Sin uu))
  expect: name-collision control: an artifact of symbol names would change the result
  result: matched=T bindings=(("x" x) ("e" (Times bb ee (Sin uu))) ("m" 1) ("u" (Sequence)) ("b" 1) ("a" 0) ("p" 1))
CONTROL pub U2  6.5.11.m L10 omit-0 witness after Maxima: (b*sech(u))^p -> b^p*sech(u)^p
  target: (Times (Power b p) (Power (Sech u) p))
  expect: 02-roundtrip (guard): bindings u=Sech[u]^p b=b^p p=1, which do not reproduce the target
  result: matched=T bindings=(("x" x) ("u" (Sequence)) ("b" 1) ("a" (Times (Power b p) (Power (Sech u) p))) ("p" 1))
CONTROL pub U2r  U2, every witness symbol renamed
  target: (Times (Power bb pp) (Power (Sech uu) pp))
  expect: name-collision control
  result: matched=T bindings=(("x" x) ("u" (Sequence)) ("b" 1) ("a" (Times (Power bb pp) (Power (Sech uu) pp))) ("p" 1))
CONTROL pub H1  Int[F_[x_], x_Symbol]
  target: (F x)
  expect: Mathematica: F=F (pattern head, non-Flat parent)
  result: matched=T bindings=(("x" x) ("F" F))
CONTROL pub H2  Int[u_*F_[x_], x_Symbol]
  target: (Times u (F x))
  expect: Mathematica: u=u F=F (pattern head under Times)
  result: matched=NIL bindings=()
CONTROL pub H3  Int[u_*Sin[x_], x_Symbol]
  target: (Times u (Sin x))
  expect: Mathematica: u=u (fixed head under Times: control)
  result: matched=T bindings=(("x" x) ("u" u))
CONTROL pub H4  Int[u_+F_[x_], x_Symbol]
  target: (Plus u (F x))
  expect: Mathematica: u=u F=F (pattern head under Plus)
  result: matched=NIL bindings=()
CONTROL pub H5  Int[F_[x_]^m_, x_Symbol]
  target: (Power (F x) m)
  expect: Mathematica: F=F m=m (pattern head under Power)
  result: matched=T bindings=(("m" m) ("x" x) ("F" F))
CONTROL pub H6  Int[u_*F_[x_]^m_, x_Symbol]
  target: (Times u (Power (F x) m))
  expect: Mathematica: u=u F=F m=m (under Power under Times)
  result: matched=T bindings=(("m" m) ("x" x) ("F" F) ("u" u))
CONTROL pub H7  Int[Derivative[n_][f_][x_], x_Symbol]
  target: (((Derivative 2) f) x)
  expect: Mathematica: n=2 f=f (compound head, non-Flat parent)
  result: matched=T bindings=(("x" x) ("f" f) ("n" 2))
CONTROL pub H8  Int[u_*Derivative[n_][f_][x_], x_Symbol]
  target: (Times u (((Derivative 2) f) x))
  expect: Mathematica: u=u n=2 f=f (compound head under Times)
  result: matched=NIL bindings=()
NIL
CONTROL guard U1  4.1.12.m L82 only-1 witness (collapsed; tree leg)
  target: (Times b e x (Sin u))
  expect: 02-roundtrip (guard): bindings e=Sin[u] u=e, which fail verify() and do not reproduce the target
  result: matched=T bindings=(("x" x) ("e" (Sin u)) ("m" 1) ("u" e) ("b" b) ("a" 0) ("p" 1))
CONTROL guard U1r  U1, every witness symbol renamed
  target: (Times bb ee x (Sin uu))
  expect: name-collision control: an artifact of symbol names would change the result
  result: matched=T bindings=(("x" x) ("e" (Sin uu)) ("m" 1) ("u" ee) ("b" bb) ("a" 0) ("p" 1))
CONTROL guard U2  6.5.11.m L10 omit-0 witness after Maxima: (b*sech(u))^p -> b^p*sech(u)^p
  target: (Times (Power b p) (Power (Sech u) p))
  expect: 02-roundtrip (guard): bindings u=Sech[u]^p b=b^p p=1, which do not reproduce the target
  result: matched=T bindings=(("x" x) ("u" (Power (Sech u) p)) ("b" (Power b p)) ("a" 0) ("p" 1))
CONTROL guard U2r  U2, every witness symbol renamed
  target: (Times (Power bb pp) (Power (Sech uu) pp))
  expect: name-collision control
  result: matched=T bindings=(("x" x) ("u" (Power (Sech uu) pp)) ("b" (Power bb pp)) ("a" 0) ("p" 1))
CONTROL guard H1  Int[F_[x_], x_Symbol]
  target: (F x)
  expect: Mathematica: F=F (pattern head, non-Flat parent)
  result: matched=T bindings=(("x" x) ("F" F))
CONTROL guard H2  Int[u_*F_[x_], x_Symbol]
  target: (Times u (F x))
  expect: Mathematica: u=u F=F (pattern head under Times)
  result: matched=NIL bindings=()
CONTROL guard H3  Int[u_*Sin[x_], x_Symbol]
  target: (Times u (Sin x))
  expect: Mathematica: u=u (fixed head under Times: control)
  result: matched=T bindings=(("x" x) ("u" u))
CONTROL guard H4  Int[u_+F_[x_], x_Symbol]
  target: (Plus u (F x))
  expect: Mathematica: u=u F=F (pattern head under Plus)
  result: matched=NIL bindings=()
CONTROL guard H5  Int[F_[x_]^m_, x_Symbol]
  target: (Power (F x) m)
  expect: Mathematica: F=F m=m (pattern head under Power)
  result: matched=T bindings=(("m" m) ("x" x) ("F" F))
CONTROL guard H6  Int[u_*F_[x_]^m_, x_Symbol]
  target: (Times u (Power (F x) m))
  expect: Mathematica: u=u F=F m=m (under Power under Times)
  result: matched=T bindings=(("m" m) ("x" x) ("F" F) ("u" u))
CONTROL guard H7  Int[Derivative[n_][f_][x_], x_Symbol]
  target: (((Derivative 2) f) x)
  expect: Mathematica: n=2 f=f (compound head, non-Flat parent)
  result: matched=T bindings=(("x" x) ("f" f) ("n" 2))
CONTROL guard H8  Int[u_*Derivative[n_][f_][x_], x_Symbol]
  target: (Times u (((Derivative 2) f) x))
  expect: Mathematica: u=u n=2 f=f (compound head under Times)
  result: matched=NIL bindings=()
NIL
