=== probes/matcher/03-model-touch  run: 2026-09-12 07:56 UTC
maxima: disp(build_info())
maxima: Maxima-version: "branch_5_50_base_84_g4204fb669"
maxima: Object dir: "/home/serge/.maxima/binary/branch_5_50_base_84_g4204fb669/sbcl/2_6_7"
settings before the probe: (Maxima defaults)
entries read: 29747  bad entry shapes/files skipped: 0  results: 29747

SECTION 1 Algebraic functions: compared 25697, stored differently from the Mathematica form 590 (2.30%); failures {}; entries carrying evaluation the reader does not emulate: 78
  signatures (an entry may carry several): product base of a non-integer power split 539, abs introduced 423, other structure 37
  head-set change kinds: [+Abs] 418, [same heads, different structure] 167, [+Abs+Times] 3, [+Abs -Power] 2

SECTION 2 Exponentials: compared 965, stored differently from the Mathematica form 14 (1.45%); failures {}; entries carrying evaluation the reader does not emulate: 0
  signatures (an entry may carry several): other structure 12, log of a power expanded 1, trig heads rewritten 1
  head-set change kinds: [same heads, different structure] 14

SECTION 3 Logarithms: compared 3085, stored differently from the Mathematica form 11 (0.36%); failures {}; entries carrying evaluation the reader does not emulate: 25
  signatures (an entry may carry several): log of a power expanded 11, trig heads rewritten 1, product base of a non-integer power split 1
  head-set change kinds: [-Power] 4, [-Log] 2, [same heads, different structure] 2, [-Log-Times] 1, [+Times -Power] 1, [-Log-Power] 1

SECTION ALL: compared 29747, stored differently from the Mathematica form 615 (2.07%); failures {}; entries carrying evaluation the reader does not emulate: 103
  signatures (an entry may carry several): product base of a non-integer power split 540, abs introduced 423, other structure 49, log of a power expanded 12, trig heads rewritten 2
  head-set change kinds: [+Abs] 418, [same heads, different structure] 183, [-Power] 4, [+Abs+Times] 3, [+Abs -Power] 2, [-Log] 2, [-Log-Times] 1, [+Times -Power] 1, [-Log-Power] 1
  e.g. [abs introduced] 1 Algebraic functions/1.1 Binomial products/1.1.1 Linear/1.1.1.2 (a+b x)^m (c+d x)^n.mac e756 L844: x^3*(a+b*x)*sqrt(c*x^2)  ->  (Times (Power c 1/2) (Power x 3) (Plus a (Times b x)) (Abs x))
  e.g. [product base of a non-integer power split] 1 Algebraic functions/1.1 Binomial products/1.1.1 Linear/1.1.1.2 (a+b x)^m (c+d x)^n.mac e756 L844: x^3*(a+b*x)*sqrt(c*x^2)  ->  (Times (Power c 1/2) (Power x 3) (Plus a (Times b x)) (Abs x))
  e.g. [other structure] 1 Algebraic functions/1.1 Binomial products/1.1.1 Linear/1.1.1.3 (a+b x)^m (c+d x)^n (e+f x)^p.mac e858 L1035: sqrt(-1+1/x)*sqrt(1/x)*sqrt(x)/sqrt(1+x)  ->  (Times (Power (Plus -1 (Power x -1)) 1/2) (Power (Plus 1 x) -1/2))
  e.g. [log of a power expanded] 2 Exponentials/2.3 Exponential functions.mac e586 L665: %e^(log((d+e*x)^n)^2)*(d+e*x)^m  ->  (Times (Power E (Times (Power n 2) (Power (Log (Plus d (Times e x))) 2))) (Power (Plus d (Times e x)) m))
  e.g. [trig heads rewritten] 2 Exponentials/2.3 Exponential functions.mac e684 L791: %e^x*sec(1-%e^x)^3  ->  (Times (Power E x) (Power (Sec (Plus -1 (Power E x))) 3))
