%build_info("branch_5_50_base_84_g4204fb669","2026-08-31 13:27:47",
SHAPE (b*x^2)^p 
  default                           b^p*abs(x)^(2*p) 
  radexpand:false                   (b*x^2)^p 
  domain:complex                    (b*x^2)^p 
  logexpand:false                   b^p*abs(x)^(2*p) 
  radexpand:false domain:complex logexpand:false  (b*x^2)^p 
SHAPE (x^2)^p 
  default                           abs(x)^(2*p) 
  radexpand:false                   (x^2)^p 
  domain:complex                    (x^2)^p 
  logexpand:false                   abs(x)^(2*p) 
  radexpand:false domain:complex logexpand:false  (x^2)^p 
SHAPE sqrt(x^2) 
  default                           abs(x) 
  radexpand:false                   sqrt(x^2) 
  domain:complex                    sqrt(x^2) 
  logexpand:false                   abs(x) 
  radexpand:false domain:complex logexpand:false  sqrt(x^2) 
SHAPE (2*x)^m 
  default                           2^m*x^m 
  radexpand:false                   (2*x)^m 
  domain:complex                    (2*x)^m 
  logexpand:false                   2^m*x^m 
  radexpand:false domain:complex logexpand:false  (2*x)^m 
SHAPE (d*x)^(-1/3) 
  default                           1/(d^(1/3)*x^(1/3)) 
  radexpand:false                   1/(d*x)^(1/3) 
  domain:complex                    1/(d*x)^(1/3) 
  logexpand:false                   1/(d^(1/3)*x^(1/3)) 
  radexpand:false domain:complex logexpand:false  1/(d*x)^(1/3) 
SHAPE (d*x)^m 
  default                           (d*x)^m 
  radexpand:false                   (d*x)^m 
  domain:complex                    (d*x)^m 
  logexpand:false                   (d*x)^m 
  radexpand:false domain:complex logexpand:false  (d*x)^m 
SHAPE log(x^n) 
  default                           n*log(x) 
  radexpand:false                   n*log(x) 
  domain:complex                    log(x^n) 
  logexpand:false                   log(x^n) 
  radexpand:false domain:complex logexpand:false  log(x^n) 
SHAPE log(c*x^n) 
  default                           log(c*x^n) 
  radexpand:false                   log(c*x^n) 
  domain:complex                    log(c*x^n) 
  logexpand:false                   log(c*x^n) 
  radexpand:false domain:complex logexpand:false  log(c*x^n) 
SHAPE log(x^2) 
  default                           2*log(x) 
  radexpand:false                   2*log(x) 
  domain:complex                    log(x^2) 
  logexpand:false                   log(x^2) 
  radexpand:false domain:complex logexpand:false  log(x^2) 
SHAPE sec(%pi+x) 
  default                           -sec(x) 
  radexpand:false                   -sec(x) 
  domain:complex                    -sec(x) 
  logexpand:false                   -sec(x) 
  radexpand:false domain:complex logexpand:false  -sec(x) 
SHAPE sin(-x) 
  default                           -sin(x) 
  radexpand:false                   -sin(x) 
  domain:complex                    -sin(x) 
  logexpand:false                   -sin(x) 
  radexpand:false domain:complex logexpand:false  -sin(x) 
SHAPE 2*%i*x 
  default                           2*%i*x 
  radexpand:false                   2*%i*x 
  domain:complex                    2*%i*x 
  logexpand:false                   2*%i*x 
  radexpand:false domain:complex logexpand:false  2*%i*x 
SHAPE (a*b)^m 
  default                           (a*b)^m 
  radexpand:false                   (a*b)^m 
  domain:complex                    (a*b)^m 
  logexpand:false                   (a*b)^m 
  radexpand:false domain:complex logexpand:false  (a*b)^m 
SHAPE (x^3)^(1/3) 
  default                           x 
  radexpand:false                   x 
  domain:complex                    (x^3)^(1/3) 
  logexpand:false                   x 
  radexpand:false domain:complex logexpand:false  (x^3)^(1/3) 
SHAPE (-x)^m 
  default                           (-x)^m 
  radexpand:false                   (-x)^m 
  domain:complex                    (-x)^m 
  logexpand:false                   (-x)^m 
  radexpand:false domain:complex logexpand:false  (-x)^m 
SHAPE sqrt(x)*sqrt(x) 
  default                           x 
  radexpand:false                   x 
  domain:complex                    x 
  logexpand:false                   x 
  radexpand:false domain:complex logexpand:false  x 
SHAPE (e*x)^m*(a+b*x^2)^p 
  default                           (e*x)^m*(b*x^2+a)^p 
  radexpand:false                   (e*x)^m*(b*x^2+a)^p 
  domain:complex                    (e*x)^m*(b*x^2+a)^p 
  logexpand:false                   (e*x)^m*(b*x^2+a)^p 
  radexpand:false domain:complex logexpand:false  (e*x)^m*(b*x^2+a)^p 
