=== probes/matcher/05-p0-wall-noise  run: 2026-09-12 19:11 UTC
git HEAD: 78007d889462690e05b359a0fb7433e1993fa5a8
campaign record: 0579952:test/corpus_class3.out (identical to the working-tree test/corpus_class3.out: True)
  merge date: 2026-09-04 15:06 UTC
  maxima: Maxima-version: "branch_5_50_base_84_g4204fb669"
  maxima: Maxima build date: "2026-08-31 13:27:47"
  filter: '3 Logarithms/'  full run  timeout: 30s  (24 shards, merged here)
P0 record: test/corpus_class3.pre-matcher.out
  merge date: 2026-09-12 13:09 UTC
  maxima: Maxima-version: "branch_5_50_base_84_g4204fb669"
  maxima: Maxima build date: "2026-08-31 13:27:47"
  filter: '3 Logarithms/'  full run  timeout: 30s  (23 shards, merged here)

campaign entries 3085  median t 4.20 s  mean t 7.30 s
P0       entries 3085  median t 3.90 s  mean t 6.83 s
median difference: P0 - campaign = -0.30 s (-7.1 % of the campaign median)
key sets equal: True (campaign only 0, P0 only 0)

same verdict class in both: 3066 of 3085 common entries; excluded for t=0.0: 0; ratios: 3066
same-class medians: campaign 4.20 s  P0 3.90 s
per-entry ratio P0 t / campaign t: median 0.97  p10 0.72  p25 0.87  p75 1.04  p90 1.15  min 0.11  max 1.91
share of ratios within 0.90..1.10: 54.2 %; within 0.80..1.25: 80.7 %
per verdict class (entries, median ratio): verified 1728 0.96, deferred 467 0.97, unverified 268 0.95, no-answer 256 0.96, timeout 197 1.00, expected 72 0.95, unexpected 62 0.89, contains-noun 13 0.91, error 3 0.81
