=== probes/matcher/06-dispatch-cost  git HEAD 6d467c5  2026-09-13 08:29 UTC
CASE walk (tree /home/serge/src/maxima-rubi) wall 88.6 s
R build branch_5_50_base_84_g4204fb669 2026-08-31 13:27:47 
R load_all s 1.0510140000000001 rules 3513 
R walk sin(x)^x s 0.043000999999999845 ms/rule 0.012240535155138016 accepting 0 
R walk (a+b*x)^2*(c+d*x)^3*sin(x) s 1.079015 ms/rule 0.30714916026188444 accepting 0 
R walk x^2*(a+b*x)^3*(c+d*x)^4*(e+f*x)^5*(g+h*x)^6*log(x) s 79.89306599999999 ms/rule 22.742119555935094 accepting 7 
R walk (a+b*x)^m*(c+d*x)^n*(e+f*x)^p*(g+h*x)^q s 5.520075000000006 ms/rule 1.5713279248505565 accepting 3 
R walk x^2*(a+b*log(c*(d+e*sqrt(x))^n))^2 s 0.4620049999999907 ms/rule 0.13151295189296633 accepting 4 
R dispatch sin(x)^x s 0.026001000000007934 answered false 
R dispatch (a+b*x)^m*(c+d*x)^n*(e+f*x)^p*(g+h*x)^q s 0.1430029999999931 answered true 
R DONE 
CASE claim6 (tree /home/serge/src/maxima-rubi) wall 3.4 s
R build branch_5_50_base_84_g4204fb669 2026-08-31 13:27:47 
R load_all s 1.0230139999999999 rules 3513 
R walk x * 6 symbols s 2.0300270000000005 ms/rule 0.5778613720466839 accepting 7 
R DONE 
CASE claim8 (tree /home/serge/src/maxima-rubi) wall 9.3 s
R build branch_5_50_base_84_g4204fb669 2026-08-31 13:27:47 
R load_all s 1.020014 rules 3513 
R walk x * 8 symbols s 7.872106 ms/rule 2.2408499857671504 accepting 7 
R DONE 
CASE claim10 (tree /home/serge/src/maxima-rubi) wall 36.4 s
R build branch_5_50_base_84_g4204fb669 2026-08-31 13:27:47 
R load_all s 1.0360140000000002 rules 3513 
R walk x * 10 symbols s 34.975469 ms/rule 9.95601167093652 accepting 7 
R DONE 
CASE claim12 (tree /home/serge/src/maxima-rubi) wall 174.6 s
R build branch_5_50_base_84_g4204fb669 2026-08-31 13:27:47 
R load_all s 1.013014 rules 3513 
R walk x * 12 symbols s 173.186334 ms/rule 49.29870025619128 accepting 7 
R DONE 
CASE attr (tree /home/serge/src/maxima-rubi) wall 78.9 s
R build branch_5_50_base_84_g4204fb669 2026-08-31 13:27:47 
R load_all s 1.000014 rules 3513 
R attr total s 77.484049 records over 50 ms 71 their sum s 76.66803399999999 
R attr [19.029257,"3_5 r37",true] 
R attr [9.158123000000003,"3_1_5 r28",true] 
R attr [9.137124,"3_5 r11",true] 
R attr [7.6891039999999995,"1_4_1 r4",false] 
R attr [2.4200330000000037,"1_3_3 r3",false] 
R attr [2.4130309999999984,"1_4_1 r68",false] 
R attr [2.404032000000001,"1_1_1_7 r9",false] 
R attr [2.388033,"1_4_2 r24",false] 
R attr [2.3530320000000007,"1_4_1 r22",false] 
R attr [1.425018999999999,"3_5 r1",false] 
R attr [0.8650120000000001,"1_1_1_7 r10",false] 
R attr [0.8500109999999985,"1_4_2 r28",false] 
R attr [0.8500109999999985,"1_4_1 r23",false] 
R attr [0.8320110000000014,"1_4_2 r29",false] 
R attr [0.7160089999999997,"1_3_4 r21",false] 
R attr [0.7160089999999997,"1_3_3 r4",false] 
R attr [0.7140099999999947,"1_3_3 r2",false] 
R attr [0.7130100000000006,"1_4_1 r20",false] 
R attr [0.7110099999999981,"1_1_1_7 r7",false] 
R attr [0.4010059999999953,"1_3_3 r5",false] 
R attr [0.39900599999999997,"1_1_1_7 r25",false] 
R attr [0.39700500000000005,"1_3_3 r1",false] 
R attr [0.39700500000000005,"1_1_1_7 r26",false] 
R attr [0.39600400000000135,"1_1_1_7 r27",false] 
R attr [0.3510050000000007,"1_4_2 r25",false] 
R DONE 
CASE rubi (tree /home/serge/src/maxima-rubi) wall 40.4 s
R build branch_5_50_base_84_g4204fb669 2026-08-31 13:27:47 
R load_all s 0.991014 rules 3513 
R rubi s 39.005528 answered [true] 
R DONE 
CASE rubi-p0 (tree /tmp/mr-p0-tree) wall 54.5 s
R build branch_5_50_base_84_g4204fb669 2026-08-31 13:27:47 
R load_all s 6.989095 rules 3514 
R rubi s 47.387644 answered [true] 
R DONE 
=== done
