=== probes/matcher/07-fault-survival  git HEAD 6d467c5  2026-09-13 08:29 UTC  runs per variant: 2
R build branch_5_50_base_84_g4204fb669 2026-08-31 13:27:47 
variant                run  survived fatal-pseudo   caught-top   result
accept_cond_named        1  0        1              0            
accept_cond_named        2  0        1              0            
dispatch_cond_2arg       1  0        1              0            
dispatch_cond_2arg       2  0        1              0            
dispatch_cond_lambda     1  0        1              0            
dispatch_cond_lambda     2  0        1              0            
dispatch_cond_named      1  0        1              0            
dispatch_cond_named      2  0        1              0            
dispatch_repl            1  1        0              1            
dispatch_repl            2  1        0              1            
matchq_cond_lambda       1  1        0              0            R result false 
matchq_cond_lambda       2  1        0              0            R result false 
matchq_cond_named        1  0        1              0            
matchq_cond_named        2  0        1              0            
top_2arg                 1  1        0              1            
top_2arg                 2  1        0              1            
top_mfuncall             1  1        0              1            
top_mfuncall             2  1        0              1            
top_w0                   1  1        0              1            
top_w0                   2  1        0              1            
top_w2                   1  1        0              1            
top_w2                   2  1        0              1            
=== done
