=== probe 10 summary: test/corpus_class3.p5-run1.out vs test/corpus_class3.pre-matcher.out ===
PASS->FAIL 181: deterministic 180, slow-correct 1, near-cap 0, noise 0, p0-noise 0, unmeasured 0

GROUP g1  deterministic  17 entries  final unverified top=3_4_r8
  3 Logarithms/3.4 u (a+b log(c (d+e x^m)^n))^p.mac e80  record verified 7.8s -> unverified 2.8s  | P0 core verified 5.8s top=3_5_r7  | final30 unverified 2.4s top=3_4_r8  | final120 -
      fires P0: 1_4_1_r19,3_5_r7
      fires final: 3_1_5_r45,3_3_r46,3_3_r8,3_4_r8  self=-
  3 Logarithms/3.4 u (a+b log(c (d+e x^m)^n))^p.mac e94  record verified 4.3s -> unverified 4.9s  | P0 core verified 2.9s top=3_5_r7  | final30 unverified 3.6s top=3_4_r8  | final120 -
      fires P0: 3_5_r7
      fires final: 3_1_5_r54,3_1_5_r45,3_3_r46,3_3_r8,3_4_r8  self=-
  3 Logarithms/3.4 u (a+b log(c (d+e x^m)^n))^p.mac e95  record verified 2.3s -> unverified 3.7s  | P0 core verified 2.0s top=3_5_r8  | final30 unverified 3.0s top=3_4_r8  | final120 -
      fires P0: 3_5_r8
      fires final: 3_1_5_r45,3_3_r46,3_3_r8,3_3_r9,3_4_r8  self=-
  3 Logarithms/3.4 u (a+b log(c (d+e x^m)^n))^p.mac e96  record verified 2.4s -> unverified 10.4s  | P0 core verified 2.1s top=3_5_r8  | final30 unverified 9.0s top=3_4_r8  | final120 -
      fires P0: 3_5_r8
      fires final: 3_1_5_r45,3_1_4_r10,3_3_r3,3_1_3_r6,3_1_3_r7,3_1_4_r20,3_3_r23,3_3_r10,3_4_r8  self=-
  3 Logarithms/3.4 u (a+b log(c (d+e x^m)^n))^p.mac e97  record verified 2.9s -> unverified 16.8s  | P0 core verified 2.1s top=3_5_r8  | final30 unverified 14.3s top=3_4_r8  | final120 -
      fires P0: 3_5_r8
      fires final: 3_1_5_r45,3_1_4_r10,3_3_r3,3_1_3_r6,3_1_3_r7,3_1_4_r20,1_1_1_1_r3,3_1_3_r3,3_1_3_r8,3_3_r23,3_3_r10,3_4_r8  self=-
  3 Logarithms/3.4 u (a+b log(c (d+e x^m)^n))^p.mac e131  record verified 6.7s -> unverified 2.5s  | P0 core verified 5.9s top=3_5_r7  | final30 unverified 2.4s top=3_4_r8  | final120 -
      fires P0: 1_4_1_r19,3_5_r7
      fires final: 3_1_5_r45,3_3_r46,3_3_r8,3_4_r8  self=-
  3 Logarithms/3.4 u (a+b log(c (d+e x^m)^n))^p.mac e411  record verified 7.0s -> unverified 3.1s  | P0 core verified 6.5s top=3_4_r8  | final30 unverified 3.0s top=3_4_r8  | final120 -
      fires P0: 3_3_r8,3_4_r8
      fires final: 3_1_5_r45,3_3_r46,3_3_r8,3_4_r8  self=-
  3 Logarithms/3.4 u (a+b log(c (d+e x^m)^n))^p.mac e418  record verified 6.7s -> unverified 8.3s  | P0 core verified 5.9s top=3_4_r8  | final30 unverified 8.2s top=3_4_r8  | final120 -
      fires P0: 3_3_r31,3_3_r8,3_4_r8
      fires final: 3_1_5_r54,3_1_5_r45,3_3_r46,3_3_r8,3_4_r8  self=-
  3 Logarithms/3.4 u (a+b log(c (d+e x^m)^n))^p.mac e432  record verified 7.1s -> unverified 3.7s  | P0 core verified 6.5s top=3_4_r8  | final30 unverified 4.1s top=3_4_r8  | final120 -
      fires P0: 3_3_r8,3_4_r8
      fires final: 3_1_5_r45,3_3_r46,3_3_r8,3_4_r8  self=-
  3 Logarithms/3.4 u (a+b log(c (d+e x^m)^n))^p.mac e453  record verified 7.6s -> unverified 2.1s  | P0 core verified 6.3s top=3_4_r8  | final30 unverified 2.9s top=3_4_r8  | final120 -
      fires P0: 3_3_r8,3_4_r8
      fires final: 3_1_5_r45,3_3_r46,3_3_r8,3_4_r8  self=-
  3 Logarithms/3.4 u (a+b log(c (d+e x^m)^n))^p.mac e460  record verified 6.5s -> unverified 5.9s  | P0 core verified 5.9s top=3_4_r8  | final30 unverified 7.6s top=3_4_r8  | final120 -
      fires P0: 3_3_r31,3_3_r8,3_4_r8
      fires final: 3_1_5_r54,3_1_5_r45,3_3_r46,3_3_r8,3_4_r8  self=-
  3 Logarithms/3.4 u (a+b log(c (d+e x^m)^n))^p.mac e473  record verified 6.4s -> unverified 2.2s  | P0 core verified 6.1s top=3_4_r8  | final30 unverified 2.8s top=3_4_r8  | final120 -
      fires P0: 3_3_r8,3_4_r8
      fires final: 3_1_5_r45,3_3_r46,3_3_r8,3_4_r8  self=-
  3 Logarithms/3.4 u (a+b log(c (d+e x^m)^n))^p.mac e483  record verified 5.4s -> unverified 3.4s  | P0 core verified 5.9s top=3_4_r8  | final30 unverified 4.3s top=3_4_r8  | final120 -
      fires P0: 3_3_r31,3_3_r8,3_4_r8
      fires final: 3_1_5_r54,3_1_5_r45,3_3_r46,3_3_r8,3_4_r8  self=-
  3 Logarithms/3.4 u (a+b log(c (d+e x^m)^n))^p.mac e500  record verified 6.2s -> unverified 2.0s  | P0 core verified 5.8s top=3_4_r8  | final30 unverified 2.9s top=3_4_r8  | final120 -
      fires P0: 3_3_r8,3_4_r8
      fires final: 3_1_5_r45,3_3_r46,3_3_r8,3_4_r8  self=-
  3 Logarithms/3.4 u (a+b log(c (d+e x^m)^n))^p.mac e505  record verified 5.3s -> unverified 3.3s  | P0 core verified 5.3s top=3_4_r8  | final30 unverified 4.9s top=3_4_r8  | final120 -
      fires P0: 3_3_r31,3_3_r8,3_4_r8
      fires final: 3_1_5_r54,3_1_5_r45,3_3_r46,3_3_r8,3_4_r8  self=-
  3 Logarithms/3.4 u (a+b log(c (d+e x^m)^n))^p.mac e518  record verified 5.4s -> unverified 2.0s  | P0 core verified 5.4s top=3_4_r8  | final30 unverified 2.8s top=3_4_r8  | final120 -
      fires P0: 3_3_r8,3_4_r8
      fires final: 3_1_5_r45,3_3_r46,3_3_r8,3_4_r8  self=-
  3 Logarithms/3.4 u (a+b log(c (d+e x^m)^n))^p.mac e526  record verified 4.6s -> unverified 3.3s  | P0 core verified 5.1s top=3_4_r8  | final30 unverified 4.5s top=3_4_r8  | final120 -
      fires P0: 3_3_r31,3_3_r8,3_4_r8
      fires final: 3_1_5_r54,3_1_5_r45,3_3_r46,3_3_r8,3_4_r8  self=-

GROUP g2  deterministic  13 entries  final contains-noun top=3_2_2_r3
  3 Logarithms/3.2.2 (f+g x)^m (h+i x)^q (A+B log(e ((a+b x) over (c+d x))^n))^p.mac e122  record verified 3.1s -> contains-noun 2.5s  | P0 core verified 2.9s top=3_2_2_r3  | final30 contains-noun 3.6s top=3_2_2_r3  | final120 -
      fires P0: 1_4_2_r25,3_2_2_r3
      fires final: 1_1_1_2_r13,3_1_4_r27,3_2_2_r3  self=-
  3 Logarithms/3.2.2 (f+g x)^m (h+i x)^q (A+B log(e ((a+b x) over (c+d x))^n))^p.mac e132  record verified 4.1s -> contains-noun 2.5s  | P0 core verified 3.0s top=3_2_2_r3  | final30 contains-noun 3.4s top=3_2_2_r3  | final120 -
      fires P0: 1_4_2_r25,3_2_2_r3
      fires final: 1_1_1_2_r13,3_1_4_r27,3_2_2_r3  self=-
  3 Logarithms/3.2.2 (f+g x)^m (h+i x)^q (A+B log(e ((a+b x) over (c+d x))^n))^p.mac e133  record verified 4.0s -> contains-noun 2.5s  | P0 core verified 2.9s top=3_2_2_r3  | final30 contains-noun 3.4s top=3_2_2_r3  | final120 -
      fires P0: 1_4_2_r25,3_2_2_r3
      fires final: 1_1_1_2_r13,3_1_4_r27,3_2_2_r3  self=-
  3 Logarithms/3.2.2 (f+g x)^m (h+i x)^q (A+B log(e ((a+b x) over (c+d x))^n))^p.mac e143  record verified 3.2s -> contains-noun 5.0s  | P0 core verified 3.0s top=3_2_2_r3  | final30 contains-noun 5.9s top=3_2_2_r3  | final120 -
      fires P0: 1_4_2_r25,3_2_2_r3
      fires final: 1_1_1_2_r12,3_1_4_r27,3_1_4_r15,3_2_2_r3  self=-
  3 Logarithms/3.2.2 (f+g x)^m (h+i x)^q (A+B log(e ((a+b x) over (c+d x))^n))^p.mac e144  record verified 3.3s -> contains-noun 3.2s  | P0 core verified 2.9s top=3_2_2_r3  | final30 contains-noun 4.3s top=3_2_2_r3  | final120 -
      fires P0: 1_4_2_r25,3_2_2_r3
      fires final: 1_1_1_2_r12,3_1_4_r27,3_1_4_r15,3_2_2_r3  self=-
  3 Logarithms/3.2.2 (f+g x)^m (h+i x)^q (A+B log(e ((a+b x) over (c+d x))^n))^p.mac e145  record verified 4.2s -> contains-noun 1.6s  | P0 core verified 2.9s top=3_2_2_r3  | final30 contains-noun 2.1s top=3_2_2_r3  | final120 -
      fires P0: 3_2_2_r3
      fires final: 1_1_1_2_r12,3_1_4_r27,3_2_2_r3  self=-
  3 Logarithms/3.2.2 (f+g x)^m (h+i x)^q (A+B log(e ((a+b x) over (c+d x))^n))^p.mac e151  record verified 3.2s -> contains-noun 3.6s  | P0 core verified 3.0s top=3_2_2_r3  | final30 contains-noun 5.0s top=3_2_2_r3  | final120 -
      fires P0: 1_4_2_r25,3_2_2_r3
      fires final: 1_1_1_2_r12,3_1_4_r27,3_1_4_r15,3_2_2_r3  self=-
  3 Logarithms/3.2.2 (f+g x)^m (h+i x)^q (A+B log(e ((a+b x) over (c+d x))^n))^p.mac e152  record verified 3.1s -> contains-noun 2.5s  | P0 core verified 2.9s top=3_2_2_r3  | final30 contains-noun 3.6s top=3_2_2_r3  | final120 -
      fires P0: 1_4_2_r25,3_2_2_r3
      fires final: 1_1_1_2_r12,3_1_4_r27,3_2_2_r3  self=-
  3 Logarithms/3.2.2 (f+g x)^m (h+i x)^q (A+B log(e ((a+b x) over (c+d x))^n))^p.mac e173  record verified 3.1s -> contains-noun 4.2s  | P0 core verified 2.4s top=3_2_2_r3  | final30 contains-noun 5.5s top=3_2_2_r3  | final120 -
      fires P0: 3_1_5_r29,3_2_2_r3
      fires final: 3_1_4_r27,3_2_2_r3  self=-
  3 Logarithms/3.2.2 (f+g x)^m (h+i x)^q (A+B log(e ((a+b x) over (c+d x))^n))^p.mac e183  record verified 2.6s -> contains-noun 4.4s  | P0 core verified 2.6s top=3_2_2_r3  | final30 contains-noun 5.6s top=3_2_2_r3  | final120 -
      fires P0: 3_1_5_r29,3_2_2_r3
      fires final: 3_1_4_r27,3_2_2_r3  self=-
  3 Logarithms/3.2.2 (f+g x)^m (h+i x)^q (A+B log(e ((a+b x) over (c+d x))^n))^p.mac e184  record verified 3.1s -> contains-noun 4.1s  | P0 core verified 2.8s top=3_2_2_r3  | final30 contains-noun 5.5s top=3_2_2_r3  | final120 -
      fires P0: 3_1_5_r29,3_2_2_r3
      fires final: 3_1_4_r27,3_2_2_r3  self=-
  3 Logarithms/3.2.2 (f+g x)^m (h+i x)^q (A+B log(e ((a+b x) over (c+d x))^n))^p.mac e196  record verified 2.3s -> contains-noun 2.9s  | P0 core verified 2.3s top=3_2_2_r3  | final30 contains-noun 3.3s top=3_2_2_r3  | final120 -
      fires P0: 3_1_5_r29,3_2_2_r3
      fires final: 3_1_4_r27,3_2_2_r3  self=-
  3 Logarithms/3.2.2 (f+g x)^m (h+i x)^q (A+B log(e ((a+b x) over (c+d x))^n))^p.mac e203  record verified 2.2s -> contains-noun 4.1s  | P0 core verified 2.3s top=3_2_2_r3  | final30 contains-noun 5.5s top=3_2_2_r3  | final120 -
      fires P0: 3_1_5_r29,3_2_2_r3
      fires final: 3_1_4_r27,3_2_2_r3  self=-

GROUP g3  deterministic  11 entries  final unexpected top=1_4_1_r3
  3 Logarithms/3.1.4 (f x)^m (d+e x^r)^q (a+b log(c x^n))^p.mac e413  record no-answer 8.1s -> unexpected 0.3s  | P0 core no-answer 8.3s top=-  | final30 unexpected 0.2s top=1_4_1_r3  | final120 -
      fires P0: -
      fires final: 1_4_1_r3  self=1
  3 Logarithms/3.1.4 (f x)^m (d+e x^r)^q (a+b log(c x^n))^p.mac e414  record no-answer 5.4s -> unexpected 0.3s  | P0 core no-answer 5.6s top=-  | final30 unexpected 0.2s top=1_4_1_r3  | final120 -
      fires P0: -
      fires final: 1_4_1_r3  self=1
  3 Logarithms/3.1.4 (f x)^m (d+e x^r)^q (a+b log(c x^n))^p.mac e416  record no-answer 7.9s -> unexpected 0.3s  | P0 core no-answer 8.4s top=-  | final30 unexpected 0.2s top=1_4_1_r3  | final120 -
      fires P0: -
      fires final: 1_4_1_r3  self=1
  3 Logarithms/3.1.4 (f x)^m (d+e x^r)^q (a+b log(c x^n))^p.mac e417  record no-answer 8.2s -> unexpected 0.4s  | P0 core no-answer 8.4s top=-  | final30 unexpected 0.3s top=1_4_1_r3  | final120 -
      fires P0: -
      fires final: 1_4_1_r3  self=1
  3 Logarithms/3.1.4 (f x)^m (d+e x^r)^q (a+b log(c x^n))^p.mac e419  record no-answer 7.6s -> unexpected 0.3s  | P0 core no-answer 8.4s top=-  | final30 unexpected 0.2s top=1_4_1_r3  | final120 -
      fires P0: -
      fires final: 1_4_1_r3  self=1
  3 Logarithms/3.4 u (a+b log(c (d+e x^m)^n))^p.mac e383  record no-answer 8.1s -> unexpected 0.4s  | P0 core no-answer 7.6s top=-  | final30 unexpected 4.9s top=1_4_1_r3  | final120 -
      fires P0: -
      fires final: 1_4_1_r3  self=1
  3 Logarithms/3.4 u (a+b log(c (d+e x^m)^n))^p.mac e384  record no-answer 8.0s -> unexpected 0.4s  | P0 core no-answer 7.5s top=-  | final30 unexpected 4.8s top=1_4_1_r3  | final120 -
      fires P0: -
      fires final: 1_4_1_r3  self=1
  3 Logarithms/3.4 u (a+b log(c (d+e x^m)^n))^p.mac e385  record no-answer 9.6s -> unexpected 0.5s  | P0 core no-answer 7.2s top=-  | final30 unexpected 30.1s top=1_4_1_r3  | final120 -
      fires P0: -
      fires final: 1_4_1_r3  self=cut
  3 Logarithms/3.4 u (a+b log(c (d+e x^m)^n))^p.mac e386  record no-answer 9.3s -> unexpected 0.4s  | P0 core no-answer 7.2s top=-  | final30 unexpected 30.0s top=1_4_1_r3  | final120 -
      fires P0: -
      fires final: 1_4_1_r3  self=cut
  3 Logarithms/3.4 u (a+b log(c (d+e x^m)^n))^p.mac e387  record no-answer 9.4s -> unexpected 0.6s  | P0 core no-answer 7.2s top=-  | final30 unexpected 30.0s top=1_4_1_r3  | final120 -
      fires P0: -
      fires final: 1_4_1_r3  self=cut
  3 Logarithms/3.4 u (a+b log(c (d+e x^m)^n))^p.mac e388  record no-answer 8.4s -> unexpected 0.5s  | P0 core no-answer 7.2s top=-  | final30 unexpected 30.0s top=1_4_1_r3  | final120 -
      fires P0: -
      fires final: 1_4_1_r3  self=cut

GROUP g4  deterministic  10 entries  final deferred top=3_1_4_r27
  3 Logarithms/3.1.4 (f x)^m (d+e x^r)^q (a+b log(c x^n))^p.mac e92  record verified 1.1s -> deferred 2.4s  | P0 core verified 1.1s top=3_1_5_r29  | final30 deferred 2.2s top=3_1_4_r27  | final120 -
      fires P0: 3_1_5_r29
      fires final: 3_1_4_r27  self=-
  3 Logarithms/3.1.4 (f x)^m (d+e x^r)^q (a+b log(c x^n))^p.mac e93  record verified 1.2s -> deferred 2.3s  | P0 core verified 1.0s top=3_1_5_r29  | final30 deferred 2.2s top=3_1_4_r27  | final120 -
      fires P0: 3_1_5_r29
      fires final: 3_1_4_r27  self=-
  3 Logarithms/3.1.4 (f x)^m (d+e x^r)^q (a+b log(c x^n))^p.mac e94  record verified 1.4s -> deferred 1.5s  | P0 core verified 1.0s top=3_1_5_r29  | final30 deferred 1.5s top=3_1_4_r27  | final120 -
      fires P0: 3_1_5_r29
      fires final: 3_1_4_r27  self=-
  3 Logarithms/3.1.4 (f x)^m (d+e x^r)^q (a+b log(c x^n))^p.mac e105  record verified 1.2s -> deferred 2.2s  | P0 core verified 1.1s top=3_1_5_r29  | final30 deferred 2.2s top=3_1_4_r27  | final120 -
      fires P0: 3_1_5_r29
      fires final: 3_1_4_r27  self=-
  3 Logarithms/3.1.4 (f x)^m (d+e x^r)^q (a+b log(c x^n))^p.mac e106  record verified 1.2s -> deferred 2.1s  | P0 core verified 1.1s top=3_1_5_r29  | final30 deferred 2.2s top=3_1_4_r27  | final120 -
      fires P0: 3_1_5_r29
      fires final: 3_1_4_r27  self=-
  3 Logarithms/3.1.4 (f x)^m (d+e x^r)^q (a+b log(c x^n))^p.mac e112  record verified 1.2s -> deferred 2.1s  | P0 core verified 1.2s top=3_1_5_r29  | final30 deferred 2.2s top=3_1_4_r27  | final120 -
      fires P0: 3_1_5_r29
      fires final: 3_1_4_r27  self=-
  3 Logarithms/3.1.4 (f x)^m (d+e x^r)^q (a+b log(c x^n))^p.mac e119  record verified 1.1s -> deferred 2.0s  | P0 core verified 1.2s top=3_1_5_r29  | final30 deferred 2.1s top=3_1_4_r27  | final120 -
      fires P0: 3_1_5_r29
      fires final: 3_1_4_r27  self=-
  3 Logarithms/3.1.4 (f x)^m (d+e x^r)^q (a+b log(c x^n))^p.mac e355  record verified 6.7s -> deferred 1.8s  | P0 core verified 5.4s top=9_1_r16  | final30 deferred 1.3s top=3_1_4_r27  | final120 -
      fires P0: 9_1_r16
      fires final: 3_1_4_r27  self=-
  3 Logarithms/3.1.4 (f x)^m (d+e x^r)^q (a+b log(c x^n))^p.mac e363  record verified 5.9s -> deferred 3.1s  | P0 core verified 5.1s top=9_1_r16  | final30 deferred 2.2s top=3_1_4_r27  | final120 -
      fires P0: 9_1_r16
      fires final: 3_1_4_r27  self=-
  3 Logarithms/3.1.4 (f x)^m (d+e x^r)^q (a+b log(c x^n))^p.mac e364  record verified 6.6s -> deferred 2.9s  | P0 core verified 5.6s top=9_1_r16  | final30 deferred 2.3s top=3_1_4_r27  | final120 -
      fires P0: 9_1_r16
      fires final: 3_1_4_r27  self=-

GROUP g5  deterministic  7 entries  final contains-noun top=3_1_4_r15
  3 Logarithms/3.1.4 (f x)^m (d+e x^r)^q (a+b log(c x^n))^p.mac e39  record verified 9.1s -> contains-noun 3.4s  | P0 core verified 7.3s top=3_1_4_r15  | final30 contains-noun 2.8s top=3_1_4_r15  | final120 -
      fires P0: 3_1_4_r15
      fires final: 1_1_1_2_r12,3_1_4_r27,3_1_4_r15  self=-
  3 Logarithms/3.1.4 (f x)^m (d+e x^r)^q (a+b log(c x^n))^p.mac e40  record verified 7.2s -> contains-noun 2.8s  | P0 core verified 6.5s top=3_1_4_r15  | final30 contains-noun 2.2s top=3_1_4_r15  | final120 -
      fires P0: 3_1_4_r15
      fires final: 1_1_1_2_r12,3_1_4_r27,3_1_4_r15  self=-
  3 Logarithms/3.1.4 (f x)^m (d+e x^r)^q (a+b log(c x^n))^p.mac e46  record verified 8.9s -> contains-noun 5.4s  | P0 core verified 7.5s top=3_1_4_r15  | final30 contains-noun 3.8s top=3_1_4_r15  | final120 -
      fires P0: 3_1_4_r15
      fires final: 1_1_1_2_r12,3_1_4_r27,3_1_4_r15  self=-
  3 Logarithms/3.1.4 (f x)^m (d+e x^r)^q (a+b log(c x^n))^p.mac e53  record verified 8.9s -> contains-noun 7.5s  | P0 core verified 7.5s top=3_1_4_r15  | final30 contains-noun 6.3s top=3_1_4_r15  | final120 -
      fires P0: 3_1_4_r15
      fires final: 1_1_1_2_r12,3_1_4_r27,3_1_4_r15  self=-
  3 Logarithms/3.1.4 (f x)^m (d+e x^r)^q (a+b log(c x^n))^p.mac e54  record verified 9.4s -> contains-noun 6.2s  | P0 core verified 7.6s top=3_1_4_r15  | final30 contains-noun 5.3s top=3_1_4_r15  | final120 -
      fires P0: 3_1_4_r15
      fires final: 1_1_1_2_r12,3_1_4_r27,3_1_4_r15  self=-
  3 Logarithms/3.1.4 (f x)^m (d+e x^r)^q (a+b log(c x^n))^p.mac e62  record verified 8.9s -> contains-noun 13.6s  | P0 core verified 7.5s top=3_1_4_r15  | final30 contains-noun 12.4s top=3_1_4_r15  | final120 -
      fires P0: 3_1_4_r15
      fires final: 1_1_1_2_r12,3_1_4_r27,3_1_4_r15  self=-
  3 Logarithms/3.1.4 (f x)^m (d+e x^r)^q (a+b log(c x^n))^p.mac e63  record verified 8.8s -> contains-noun 13.0s  | P0 core verified 7.6s top=3_1_4_r15  | final30 contains-noun 11.7s top=3_1_4_r15  | final120 -
      fires P0: 3_1_4_r15
      fires final: 1_1_1_2_r12,3_1_4_r27,3_1_4_r15  self=-

GROUP g6  deterministic  7 entries  final timeout top=3_4_r8
  3 Logarithms/3.4 u (a+b log(c (d+e x^m)^n))^p.mac e419  record verified 4.4s -> timeout 30.0s  | P0 core verified 3.9s top=3_4_r8  | final30 timeout 30.0s top=3_4_r8  | final120 timeout 120.0s top=3_4_r8
      fires P0: 3_3_r31,3_4_r8
      fires final: 3_1_5_r45,3_1_4_r10,3_3_r3,3_1_3_r6,3_1_3_r7,3_1_4_r20,3_3_r23,3_3_r10,3_4_r8  self=-
  3 Logarithms/3.4 u (a+b log(c (d+e x^m)^n))^p.mac e420  record verified 4.7s -> timeout 30.0s  | P0 core verified 3.8s top=3_4_r8  | final30 timeout 30.0s top=3_4_r8  | final120 timeout 120.3s top=3_4_r8
      fires P0: 3_3_r31,3_4_r8
      fires final: 3_1_5_r45,3_1_4_r10,3_3_r3,3_1_3_r6,3_1_3_r7,3_1_4_r20,1_1_1_1_r3,3_1_3_r3,3_1_3_r8,1_1_1_1_r1,1_1_1_2_r3,1_1_1_2_r14,3_3_r23,3_3_r10,3_4_r8  self=-
  3 Logarithms/3.4 u (a+b log(c (d+e x^m)^n))^p.mac e436  record verified 2.8s -> timeout 30.0s  | P0 core verified 2.3s top=3_4_r8  | final30 timeout 30.0s top=3_4_r8  | final120 timeout 120.2s top=3_4_r8
      fires P0: 3_3_r31,3_4_r8
      fires final: 3_1_5_r45,3_1_4_r10,3_3_r3,3_1_3_r6,3_1_3_r7,3_1_4_r20,1_1_1_1_r3,3_1_3_r3,3_1_3_r8,1_1_1_1_r1,1_1_1_2_r3,1_1_1_2_r14,3_3_r23,3_3_r10,3_4_r8  self=-
  3 Logarithms/3.4 u (a+b log(c (d+e x^m)^n))^p.mac e438  record verified 6.7s -> timeout 30.0s  | P0 core verified 5.9s top=3_4_r8  | final30 timeout 30.0s top=3_4_r8  | final120 unverified 71.6s top=3_4_r8
      fires P0: 3_3_r31,3_3_r8,3_4_r8
      fires final: 3_1_5_r54,3_1_5_r45,3_3_r46,3_3_r8,3_4_r8  self=-
  3 Logarithms/3.4 u (a+b log(c (d+e x^m)^n))^p.mac e461  record verified 4.7s -> timeout 30.0s  | P0 core verified 3.9s top=3_4_r8  | final30 timeout 30.0s top=3_4_r8  | final120 timeout 120.4s top=3_4_r8
      fires P0: 3_3_r31,3_4_r8
      fires final: 3_1_5_r45,3_1_4_r10,3_3_r3,3_1_3_r6,3_1_3_r7,3_1_4_r20,1_1_1_1_r3,3_1_3_r3,3_1_3_r8,3_3_r23,3_3_r10,3_4_r8  self=-
  3 Logarithms/3.4 u (a+b log(c (d+e x^m)^n))^p.mac e484  record verified 3.7s -> timeout 30.0s  | P0 core verified 3.8s top=3_4_r8  | final30 timeout 30.0s top=3_4_r8  | final120 timeout 120.3s top=3_4_r8
      fires P0: 3_3_r31,3_4_r8
      fires final: 3_1_5_r45,3_1_4_r10,3_3_r3,3_1_3_r6,3_1_3_r7,3_1_4_r20,1_1_1_1_r3,3_1_3_r3,3_1_3_r8,3_3_r23,3_3_r10,3_4_r8  self=-
  3 Logarithms/3.4 u (a+b log(c (d+e x^m)^n))^p.mac e525  record verified 2.0s -> unverified 24.5s  | P0 core verified 2.3s top=3_4_r8  | final30 timeout 30.0s top=3_4_r8  | final120 -
      fires P0: 3_3_r31,3_4_r8
      fires final: 3_1_5_r45,3_1_4_r10,3_3_r3,3_1_3_r6,3_1_3_r7,3_1_4_r20,1_1_1_1_r3,3_1_3_r3,3_1_3_r8,3_3_r23,3_3_r10,3_4_r8  self=-

GROUP g7  deterministic  7 entries  final unverified top=3_1_5_r47
  3 Logarithms/3.1.5 u (a+b log(c x^n))^p.mac e24  record verified 9.1s -> unverified 2.2s  | P0 core verified 7.2s top=3_1_5_r47  | final30 unverified 1.4s top=3_1_5_r47  | final120 -
      fires P0: 1_2_1_6_r1,3_5_r34,1_4_1_r20,3_5_r37,1_4_1_r7,3_1_5_r47
      fires final: 1_1_1_2_r12,3_3_r7,3_4_r8,1_4_1_r18,3_1_5_r47  self=-
  3 Logarithms/3.1.5 u (a+b log(c x^n))^p.mac e27  record verified 6.7s -> unverified 1.8s  | P0 core verified 5.7s top=3_1_5_r47  | final30 unverified 1.4s top=3_1_5_r47  | final120 -
      fires P0: 1_4_1_r25,3_5_r34,1_4_1_r20,3_5_r37,1_4_1_r7,3_1_5_r47
      fires final: 1_1_1_1_r1,1_1_1_1_r3,1_1_1_2_r3,3_3_r7,3_4_r8,1_4_1_r18,3_1_5_r47  self=-
  3 Logarithms/3.1.5 u (a+b log(c x^n))^p.mac e50  record verified 8.3s -> unverified 4.9s  | P0 core verified 6.9s top=3_1_5_r47  | final30 unverified 4.3s top=3_1_5_r47  | final120 -
      fires P0: 3_5_r34,1_4_1_r7,3_1_5_r47
      fires final: 1_1_1_2_r13,3_3_r7,3_4_r8,1_4_1_r18,1_4_1_r7,1_4_1_r9,9_1_r12,3_1_5_r47  self=-
  3 Logarithms/3.1.5 u (a+b log(c x^n))^p.mac e52  record verified 7.8s -> unverified 9.4s  | P0 core verified 7.5s top=3_1_5_r47  | final30 unverified 8.4s top=3_1_5_r47  | final120 -
      fires P0: 3_5_r34,1_4_1_r20,3_5_r37,1_4_1_r7,3_1_5_r47
      fires final: 1_1_1_2_r13,3_3_r7,3_4_r8,1_4_1_r18,1_4_1_r7,1_4_1_r9,9_1_r12,3_1_5_r47  self=-
  3 Logarithms/3.1.5 u (a+b log(c x^n))^p.mac e90  record verified 8.4s -> unverified 2.5s  | P0 core verified 7.1s top=3_1_5_r47  | final30 unverified 2.1s top=3_1_5_r47  | final120 -
      fires P0: 1_2_1_6_r1,3_5_r34,1_4_1_r20,3_5_r37,1_4_1_r7,3_1_5_r47
      fires final: 1_1_1_2_r12,3_3_r7,3_4_r8,1_4_1_r18,3_1_5_r47  self=-
  3 Logarithms/3.1.5 u (a+b log(c x^n))^p.mac e93  record verified 7.2s -> unverified 2.4s  | P0 core verified 5.8s top=3_1_5_r47  | final30 unverified 1.9s top=3_1_5_r47  | final120 -
      fires P0: 1_4_1_r25,3_5_r34,1_4_1_r20,3_5_r37,1_4_1_r7,3_1_5_r47
      fires final: 1_1_1_1_r1,1_1_1_1_r3,1_1_1_2_r3,3_3_r7,3_4_r8,1_4_1_r18,3_1_5_r47  self=-
  3 Logarithms/3.1.5 u (a+b log(c x^n))^p.mac e94  record verified 6.4s -> unverified 2.6s  | P0 core verified 6.1s top=3_1_5_r47  | final30 unverified 2.1s top=3_1_5_r47  | final120 -
      fires P0: 1_4_1_r25,3_5_r34,1_4_1_r20,3_5_r37,1_4_1_r7,3_1_5_r47
      fires final: 1_1_1_2_r13,3_3_r7,3_4_r8,1_4_1_r18,3_1_5_r47  self=-

GROUP g8  deterministic  6 entries  final contains-noun top=3_2_1_r19
  3 Logarithms/3.2.1 (f+g x)^m (A+B log(e ((a+b x) over (c+d x))^n))^p.mac e67  record verified 3.5s -> contains-noun 18.5s  | P0 core verified 2.7s top=3_2_1_r19  | final30 contains-noun 16.5s top=3_2_1_r19  | final120 -
      fires P0: 3_1_5_r28,3_2_1_r19
      fires final: 3_1_5_r30,3_1_4_r29,3_2_1_r19  self=-
  3 Logarithms/3.2.1 (f+g x)^m (A+B log(e ((a+b x) over (c+d x))^n))^p.mac e68  record verified 3.1s -> contains-noun 14.5s  | P0 core verified 2.5s top=3_2_1_r19  | final30 contains-noun 13.3s top=3_2_1_r19  | final120 -
      fires P0: 3_1_5_r28,3_2_1_r19
      fires final: 3_1_5_r30,3_1_4_r29,3_2_1_r19  self=-
  3 Logarithms/3.2.1 (f+g x)^m (A+B log(e ((a+b x) over (c+d x))^n))^p.mac e69  record verified 3.5s -> contains-noun 10.7s  | P0 core verified 2.4s top=3_2_1_r19  | final30 contains-noun 9.6s top=3_2_1_r19  | final120 -
      fires P0: 3_1_5_r28,3_2_1_r19
      fires final: 3_1_5_r30,3_1_4_r29,3_2_1_r19  self=-
  3 Logarithms/3.2.1 (f+g x)^m (A+B log(e ((a+b x) over (c+d x))^n))^p.mac e240  record verified 2.0s -> contains-noun 12.2s  | P0 core verified 2.6s top=3_2_1_r19  | final30 contains-noun 16.6s top=3_2_1_r19  | final120 -
      fires P0: 3_1_5_r28,3_2_1_r19
      fires final: 3_1_5_r30,3_1_4_r29,3_2_1_r19  self=-
  3 Logarithms/3.2.1 (f+g x)^m (A+B log(e ((a+b x) over (c+d x))^n))^p.mac e241  record verified 2.0s -> contains-noun 9.6s  | P0 core verified 2.4s top=3_2_1_r19  | final30 contains-noun 13.3s top=3_2_1_r19  | final120 -
      fires P0: 3_1_5_r28,3_2_1_r19
      fires final: 3_1_5_r30,3_1_4_r29,3_2_1_r19  self=-
  3 Logarithms/3.2.1 (f+g x)^m (A+B log(e ((a+b x) over (c+d x))^n))^p.mac e242  record verified 1.8s -> contains-noun 7.0s  | P0 core verified 2.5s top=3_2_1_r19  | final30 contains-noun 9.1s top=3_2_1_r19  | final120 -
      fires P0: 3_1_5_r28,3_2_1_r19
      fires final: 3_1_5_r30,3_1_4_r29,3_2_1_r19  self=-

GROUP g9  deterministic  6 entries  final contains-noun top=3_2_2_r15
  3 Logarithms/3.2.1 (f+g x)^m (A+B log(e ((a+b x) over (c+d x))^n))^p.mac e303  record verified 3.3s -> contains-noun 11.8s  | P0 core verified 4.4s top=3_2_2_r15  | final30 contains-noun 13.9s top=3_2_2_r15  | final120 -
      fires P0: 3_5_r8,3_2_2_r15
      fires final: 3_1_5_r30,3_1_4_r29,3_2_1_r19,3_2_2_r15  self=-
  3 Logarithms/3.2.1 (f+g x)^m (A+B log(e ((a+b x) over (c+d x))^n))^p.mac e304  record verified 2.7s -> contains-noun 7.8s  | P0 core verified 2.7s top=3_2_2_r15  | final30 contains-noun 10.3s top=3_2_2_r15  | final120 -
      fires P0: 3_5_r11,3_2_2_r15
      fires final: 3_1_5_r30,3_1_4_r29,3_2_1_r19,3_2_2_r15  self=-
  3 Logarithms/3.2.1 (f+g x)^m (A+B log(e ((a+b x) over (c+d x))^n))^p.mac e308  record verified 3.7s -> contains-noun 7.8s  | P0 core verified 5.2s top=3_2_2_r15  | final30 contains-noun 9.9s top=3_2_2_r15  | final120 -
      fires P0: 3_5_r8,3_2_2_r15
      fires final: 3_1_5_r30,3_1_4_r29,3_2_1_r19,3_2_2_r15  self=-
  3 Logarithms/3.2.1 (f+g x)^m (A+B log(e ((a+b x) over (c+d x))^n))^p.mac e309  record verified 3.8s -> contains-noun 16.2s  | P0 core verified 4.8s top=3_2_2_r15  | final30 contains-noun 21.1s top=3_2_2_r15  | final120 -
      fires P0: 3_5_r8,3_2_2_r15
      fires final: 3_1_5_r30,3_1_4_r29,3_2_1_r19,3_2_2_r15  self=-
  3 Logarithms/3.2.1 (f+g x)^m (A+B log(e ((a+b x) over (c+d x))^n))^p.mac e310  record verified 2.4s -> contains-noun 11.8s  | P0 core verified 2.8s top=3_2_2_r15  | final30 contains-noun 15.4s top=3_2_2_r15  | final120 -
      fires P0: 3_5_r11,3_2_2_r15
      fires final: 3_1_5_r30,3_1_4_r29,3_2_1_r19,3_2_2_r15  self=-
  3 Logarithms/3.2.1 (f+g x)^m (A+B log(e ((a+b x) over (c+d x))^n))^p.mac e314  record verified 4.4s -> contains-noun 10.7s  | P0 core verified 5.6s top=3_2_2_r15  | final30 contains-noun 14.8s top=3_2_2_r15  | final120 -
      fires P0: 3_5_r8,3_2_2_r15
      fires final: 3_1_5_r30,3_1_4_r29,3_2_1_r19,3_2_2_r15  self=-

GROUP g10  deterministic  6 entries  final unverified top=3_2_2_r3
  3 Logarithms/3.2.2 (f+g x)^m (h+i x)^q (A+B log(e ((a+b x) over (c+d x))^n))^p.mac e163  record verified 3.0s -> unverified 6.2s  | P0 core verified 2.5s top=3_2_2_r3  | final30 unverified 8.2s top=3_2_2_r3  | final120 -
      fires P0: 3_2_2_r3
      fires final: 3_1_5_r45,3_1_4_r10,3_3_r3,3_1_3_r6,3_1_3_r7,3_1_4_r20,3_2_2_r3  self=-
  3 Logarithms/3.2.2 (f+g x)^m (h+i x)^q (A+B log(e ((a+b x) over (c+d x))^n))^p.mac e164  record verified 2.7s -> unverified 5.8s  | P0 core verified 2.3s top=3_2_2_r3  | final30 unverified 7.8s top=3_2_2_r3  | final120 -
      fires P0: 3_1_5_r29,3_2_2_r3
      fires final: 3_1_2_r4,3_1_2_r5,3_1_5_r45,3_1_4_r10,3_1_4_r11,3_2_2_r3  self=-
  3 Logarithms/3.2.2 (f+g x)^m (h+i x)^q (A+B log(e ((a+b x) over (c+d x))^n))^p.mac e172  record verified 2.8s -> unverified 12.2s  | P0 core verified 2.4s top=3_2_2_r3  | final30 unverified 15.4s top=3_2_2_r3  | final120 -
      fires P0: 3_2_2_r3
      fires final: 3_1_5_r45,3_1_4_r10,3_3_r3,3_1_3_r6,3_1_3_r7,3_1_4_r20,1_1_1_1_r3,3_1_3_r3,3_1_3_r8,3_2_2_r3  self=-
  3 Logarithms/3.2.2 (f+g x)^m (h+i x)^q (A+B log(e ((a+b x) over (c+d x))^n))^p.mac e174  record verified 2.9s -> unverified 9.9s  | P0 core verified 2.3s top=3_2_2_r3  | final30 unverified 12.7s top=3_2_2_r3  | final120 -
      fires P0: 3_1_5_r29,3_2_2_r3
      fires final: 3_1_2_r4,3_1_2_r5,3_1_5_r45,3_1_4_r10,3_1_4_r11,3_2_2_r3  self=-
  3 Logarithms/3.2.2 (f+g x)^m (h+i x)^q (A+B log(e ((a+b x) over (c+d x))^n))^p.mac e182  record verified 2.9s -> unverified 18.6s  | P0 core verified 2.5s top=3_2_2_r3  | final30 unverified 22.5s top=3_2_2_r3  | final120 -
      fires P0: 3_2_2_r3
      fires final: 3_1_5_r45,3_1_4_r10,3_3_r3,3_1_3_r6,3_1_3_r7,3_1_4_r20,1_1_1_1_r3,3_1_3_r3,3_1_3_r8,1_1_1_1_r1,1_1_1_2_r3,1_1_1_2_r14,3_2_2_r3  self=-
  3 Logarithms/3.2.2 (f+g x)^m (h+i x)^q (A+B log(e ((a+b x) over (c+d x))^n))^p.mac e185  record verified 2.5s -> unverified 11.5s  | P0 core verified 2.5s top=3_2_2_r3  | final30 unverified 14.9s top=3_2_2_r3  | final120 -
      fires P0: 3_1_5_r29,3_2_2_r3
      fires final: 3_1_2_r4,3_1_2_r5,3_1_5_r45,3_1_4_r10,3_1_4_r11,3_2_2_r3  self=-

GROUP g11  deterministic  4 entries  final deferred top=3_1_3_r20
  3 Logarithms/3.1.4 (f x)^m (d+e x^r)^q (a+b log(c x^n))^p.mac e247  record verified 1.3s -> deferred 0.7s  | P0 core verified 1.4s top=3_1_5_r29  | final30 deferred 0.7s top=3_1_3_r20  | final120 -
      fires P0: 3_1_5_r29
      fires final: 3_1_3_r20  self=-
  3 Logarithms/3.1.4 (f x)^m (d+e x^r)^q (a+b log(c x^n))^p.mac e248  record verified 1.4s -> deferred 0.6s  | P0 core verified 1.4s top=3_1_5_r29  | final30 deferred 0.7s top=3_1_3_r20  | final120 -
      fires P0: 3_1_5_r29
      fires final: 3_1_3_r20  self=-
  3 Logarithms/3.1.4 (f x)^m (d+e x^r)^q (a+b log(c x^n))^p.mac e324  record verified 1.5s -> deferred 1.1s  | P0 core verified 1.1s top=3_1_5_r29  | final30 deferred 0.7s top=3_1_3_r20  | final120 -
      fires P0: 3_1_5_r29
      fires final: 3_1_3_r20  self=-
  3 Logarithms/3.1.4 (f x)^m (d+e x^r)^q (a+b log(c x^n))^p.mac e325  record verified 1.2s -> deferred 0.8s  | P0 core verified 1.1s top=3_1_5_r29  | final30 deferred 0.7s top=3_1_3_r20  | final120 -
      fires P0: 3_1_5_r29
      fires final: 3_1_3_r20  self=-

GROUP g12  deterministic  4 entries  final timeout top=3_1_5_r47
  3 Logarithms/3.1.5 u (a+b log(c x^n))^p.mac e51  record verified 8.9s -> timeout 30.2s  | P0 core verified 7.4s top=3_1_5_r47  | final30 timeout 30.1s top=3_1_5_r47  | final120 error 45.1s top=3_1_5_r47
      fires P0: 3_5_r34,1_4_1_r20,3_5_r37,1_4_1_r7,3_1_5_r47
      fires final: 1_1_1_2_r13,3_3_r7,3_4_r8,1_4_1_r18,3_1_5_r47  self=-
  3 Logarithms/3.1.5 u (a+b log(c x^n))^p.mac e119  record verified 8.9s -> timeout 30.2s  | P0 core verified 6.7s top=3_1_5_r47  | final30 timeout 30.1s top=3_1_5_r47  | final120 error 46.4s top=3_1_5_r47
      fires P0: 3_5_r34,1_4_1_r7,3_1_5_r47
      fires final: 1_1_1_2_r13,3_3_r7,3_4_r8,1_4_1_r18,3_1_5_r47  self=-
  3 Logarithms/3.1.5 u (a+b log(c x^n))^p.mac e120  record verified 10.3s -> error 26.1s  | P0 core verified 7.4s top=3_1_5_r47  | final30 timeout 30.1s top=3_1_5_r47  | final120 -
      fires P0: 3_5_r34,1_4_1_r20,3_5_r37,1_4_1_r7,3_1_5_r47
      fires final: 1_1_1_2_r13,3_3_r7,3_4_r8,1_4_1_r18,3_1_5_r47  self=-
  3 Logarithms/3.1.5 u (a+b log(c x^n))^p.mac e121  record verified 7.9s -> timeout 30.1s  | P0 core verified 7.5s top=3_1_5_r47  | final30 timeout 30.1s top=3_1_5_r47  | final120 error 45.1s top=3_1_5_r47
      fires P0: 3_5_r34,1_4_1_r20,3_5_r37,1_4_1_r7,3_1_5_r47
      fires final: 1_1_1_2_r13,3_3_r7,3_4_r8,1_4_1_r18,3_1_5_r47  self=-

GROUP g13  deterministic  3 entries  final contains-noun top=1_4_1_r7
  3 Logarithms/3.1.5 u (a+b log(c x^n))^p.mac e207  record expected 2.6s -> contains-noun 2.9s  | P0 core expected 2.8s top=1_4_1_r7  | final30 contains-noun 2.4s top=1_4_1_r7  | final120 -
      fires P0: 3_1_5_r55,1_4_1_r7
      fires final: 1_4_1_r18,3_1_5_r57,3_1_5_r55,1_4_1_r7  self=-
  3 Logarithms/3.2.3 u log(e (f (a+b x)^p (c+d x)^q)^r)^s.mac e74  record verified 3.6s -> contains-noun 9.2s  | P0 core verified 3.1s top=1_4_1_r7  | final30 contains-noun 9.9s top=1_4_1_r7  | final120 -
      fires P0: 1_4_1_r7
      fires final: 1_1_1_1_r2,3_1_2_r2,3_2_2_r3,3_2_2_r11,1_4_1_r7  self=-
  3 Logarithms/3.2.3 u log(e (f (a+b x)^p (c+d x)^q)^r)^s.mac e75  record verified 3.1s -> contains-noun 8.6s  | P0 core verified 3.1s top=1_4_1_r7  | final30 contains-noun 10.0s top=1_4_1_r7  | final120 -
      fires P0: 1_4_1_r7
      fires final: 1_1_1_1_r2,3_1_2_r2,3_2_2_r3,3_2_2_r11,1_4_1_r7  self=-

GROUP g14  deterministic  3 entries  final contains-noun top=3_1_5_r56
  3 Logarithms/3.1.5 u (a+b log(c x^n))^p.mac e220  record verified 2.2s -> contains-noun 1.8s  | P0 core verified 2.3s top=9_1_r16  | final30 contains-noun 1.7s top=3_1_5_r56  | final120 -
      fires P0: 9_1_r16
      fires final: 3_1_5_r30,3_1_5_r56  self=-
  3 Logarithms/3.1.5 u (a+b log(c x^n))^p.mac e221  record verified 2.1s -> contains-noun 3.0s  | P0 core verified 2.2s top=9_1_r16  | final30 contains-noun 2.5s top=3_1_5_r56  | final120 -
      fires P0: 9_1_r16
      fires final: 3_1_5_r30,3_1_5_r56  self=-
  3 Logarithms/3.1.5 u (a+b log(c x^n))^p.mac e222  record verified 1.9s -> contains-noun 4.1s  | P0 core verified 2.3s top=9_1_r16  | final30 contains-noun 3.3s top=3_1_5_r56  | final120 -
      fires P0: 9_1_r16
      fires final: 3_1_5_r30,3_1_5_r56  self=-

GROUP g15  deterministic  3 entries  final contains-noun top=3_2_1_r20
  3 Logarithms/3.2.1 (f+g x)^m (A+B log(e ((a+b x) over (c+d x))^n))^p.mac e272  record verified 1.9s -> contains-noun 12.4s  | P0 core verified 2.6s top=3_2_1_r19  | final30 contains-noun 16.7s top=3_2_1_r20  | final120 -
      fires P0: 3_1_5_r28,3_2_1_r19
      fires final: 3_1_5_r30,3_1_4_r29,3_2_1_r20  self=-
  3 Logarithms/3.2.1 (f+g x)^m (A+B log(e ((a+b x) over (c+d x))^n))^p.mac e273  record verified 2.0s -> contains-noun 9.9s  | P0 core verified 2.4s top=3_2_1_r19  | final30 contains-noun 13.8s top=3_2_1_r20  | final120 -
      fires P0: 3_1_5_r28,3_2_1_r19
      fires final: 3_1_5_r30,3_1_4_r29,3_2_1_r20  self=-
  3 Logarithms/3.2.1 (f+g x)^m (A+B log(e ((a+b x) over (c+d x))^n))^p.mac e274  record verified 1.8s -> contains-noun 7.3s  | P0 core verified 2.4s top=3_2_1_r19  | final30 contains-noun 9.3s top=3_2_1_r20  | final120 -
      fires P0: 3_1_5_r28,3_2_1_r19
      fires final: 3_1_5_r30,3_1_4_r29,3_2_1_r20  self=-

GROUP g16  deterministic  3 entries  final contains-noun top=3_3_r10
  3 Logarithms/3.3 u (a+b log(c (d+e x)^n))^p.mac e110  record verified 2.8s -> contains-noun 3.3s  | P0 core verified 2.3s top=3_5_r8  | final30 contains-noun 2.9s top=3_3_r10  | final120 -
      fires P0: 3_5_r8
      fires final: 3_3_r32,3_3_r10  self=-
  3 Logarithms/3.3 u (a+b log(c (d+e x)^n))^p.mac e116  record verified 2.6s -> contains-noun 13.0s  | P0 core verified 2.4s top=3_5_r8  | final30 contains-noun 10.9s top=3_3_r10  | final120 -
      fires P0: 3_5_r8
      fires final: 3_1_5_r50,3_1_4_r10,3_1_3_r20,3_1_3_r7,3_1_4_r20,3_3_r23,3_3_r10  self=-
  3 Logarithms/3.3 u (a+b log(c (d+e x)^n))^p.mac e122  record verified 2.7s -> contains-noun 13.3s  | P0 core verified 2.5s top=3_5_r8  | final30 contains-noun 13.6s top=3_3_r10  | final120 -
      fires P0: 3_5_r8
      fires final: 3_1_5_r57,3_1_5_r45,3_1_4_r10,3_1_5_r50,3_1_3_r6,3_1_3_r7,3_1_4_r20,3_3_r23,3_3_r10  self=-

GROUP g17  deterministic  3 entries  final contains-noun top=3_3_r9
  3 Logarithms/3.3 u (a+b log(c (d+e x)^n))^p.mac e109  record verified 2.3s -> contains-noun 1.2s  | P0 core verified 2.3s top=3_3_r9  | final30 contains-noun 1.2s top=3_3_r9  | final120 -
      fires P0: 3_3_r9
      fires final: 3_3_r32,3_3_r9  self=-
  3 Logarithms/3.3 u (a+b log(c (d+e x)^n))^p.mac e115  record verified 4.6s -> contains-noun 1.7s  | P0 core verified 4.5s top=3_3_r9  | final30 contains-noun 1.2s top=3_3_r9  | final120 -
      fires P0: 3_5_r7,3_3_r9
      fires final: 3_3_r32,3_3_r9  self=-
  3 Logarithms/3.3 u (a+b log(c (d+e x)^n))^p.mac e121  record verified 7.0s -> contains-noun 5.6s  | P0 core verified 6.3s top=3_3_r9  | final30 contains-noun 5.2s top=3_3_r9  | final120 -
      fires P0: 3_5_r7,3_3_r8,3_3_r9
      fires final: 3_1_5_r57,3_1_5_r45,3_3_r46,3_3_r8,3_3_r9  self=-

GROUP g18  deterministic  3 entries  final contains-noun top=3_4_r11
  3 Logarithms/3.4 u (a+b log(c (d+e x^m)^n))^p.mac e136  record verified 5.2s -> contains-noun 1.2s  | P0 core verified 4.7s top=3_5_r8  | final30 contains-noun 1.0s top=3_4_r11  | final120 -
      fires P0: 1_1_1_1_r3,1_1_2_1_r11,1_2_1_1_r11,1_2_1_2_r3,1_2_1_2_r9,1_1_3_1_r12,1_4_1_r23,3_5_r8
      fires final: 3_4_r27,3_4_r11  self=-
  3 Logarithms/3.4 u (a+b log(c (d+e x^m)^n))^p.mac e158  record verified 4.7s -> contains-noun 3.0s  | P0 core verified 4.9s top=9_1_r16  | final30 contains-noun 2.7s top=3_4_r11  | final120 -
      fires P0: 9_1_r16
      fires final: 3_4_r34,3_4_r11  self=-
  3 Logarithms/3.4 u (a+b log(c (d+e x^m)^n))^p.mac e159  record verified 4.5s -> contains-noun 2.0s  | P0 core verified 4.5s top=9_1_r16  | final30 contains-noun 2.0s top=3_4_r11  | final120 -
      fires P0: 9_1_r16
      fires final: 3_4_r34,3_4_r11  self=-

GROUP g19  deterministic  3 entries  final deferred top=-
  3 Logarithms/3.4 u (a+b log(c (d+e x^m)^n))^p.mac e625  record verified 8.9s -> deferred 1.9s  | P0 core verified 6.2s top=3_5_r44  | final30 deferred 1.4s top=-  | final120 -
      fires P0: 3_5_r44
      fires final: -  self=-
  3 Logarithms/3.5 Logarithm functions.mac e292  record verified 4.9s -> deferred 1.0s  | P0 core verified 5.1s top=3_5_r44  | final30 deferred 1.2s top=-  | final120 -
      fires P0: 3_5_r44
      fires final: -  self=-
  3 Logarithms/3.5 Logarithm functions.mac e293  record verified 3.6s -> deferred 0.8s  | P0 core verified 3.7s top=3_5_r44  | final30 deferred 1.1s top=-  | final120 -
      fires P0: 3_5_r44
      fires final: -  self=-

GROUP g20  deterministic  3 entries  final deferred top=3_1_4_r26
  3 Logarithms/3.1.4 (f x)^m (d+e x^r)^q (a+b log(c x^n))^p.mac e448  record verified 4.3s -> deferred 2.0s  | P0 core verified 5.4s top=9_1_r16  | final30 deferred 2.3s top=3_1_4_r26  | final120 -
      fires P0: 9_1_r16
      fires final: 3_1_4_r26  self=-
  3 Logarithms/3.1.4 (f x)^m (d+e x^r)^q (a+b log(c x^n))^p.mac e449  record verified 4.2s -> deferred 1.8s  | P0 core verified 5.3s top=9_1_r16  | final30 deferred 2.2s top=3_1_4_r26  | final120 -
      fires P0: 9_1_r16
      fires final: 3_1_4_r26  self=-
  3 Logarithms/3.1.4 (f x)^m (d+e x^r)^q (a+b log(c x^n))^p.mac e450  record verified 4.2s -> deferred 1.1s  | P0 core verified 5.1s top=9_1_r16  | final30 deferred 1.3s top=3_1_4_r26  | final120 -
      fires P0: 9_1_r16
      fires final: 3_1_4_r26  self=-

GROUP g21  deterministic  3 entries  final timeout top=3_1_4_r20
  3 Logarithms/3.4 u (a+b log(c (d+e x^m)^n))^p.mac e462  record verified 4.4s -> timeout 30.0s  | P0 core verified 3.9s top=3_4_r8  | final30 timeout 30.0s top=3_1_4_r20  | final120 timeout 120.2s top=3_4_r8
      fires P0: 3_3_r31,3_4_r8
      fires final: 3_1_5_r45,3_1_4_r10,3_3_r3,3_1_3_r6,3_1_3_r7,3_1_4_r20,1_1_1_1_r3,3_1_3_r3,3_1_3_r8,1_1_1_1_r1,1_1_1_2_r3,1_1_1_2_r14  self=-
  3 Logarithms/3.4 u (a+b log(c (d+e x^m)^n))^p.mac e503  record verified 2.4s -> timeout 30.0s  | P0 core verified 2.3s top=3_4_r8  | final30 timeout 30.0s top=3_1_4_r20  | final120 timeout 120.2s top=3_4_r8
      fires P0: 3_3_r31,3_4_r8
      fires final: 3_1_5_r45,3_1_4_r10,3_3_r3,3_1_3_r6,3_1_3_r7,3_1_4_r20,1_1_1_1_r3,3_1_3_r3,3_1_3_r8,1_1_1_1_r1,1_1_1_2_r3,1_1_1_2_r14  self=-
  3 Logarithms/3.4 u (a+b log(c (d+e x^m)^n))^p.mac e524  record verified 3.5s -> timeout 30.0s  | P0 core verified 3.7s top=3_4_r8  | final30 timeout 30.0s top=3_1_4_r20  | final120 timeout 120.3s top=3_4_r8
      fires P0: 3_3_r31,3_4_r8
      fires final: 3_1_5_r45,3_1_4_r10,3_3_r3,3_1_3_r6,3_1_3_r7,3_1_4_r20,1_1_1_1_r3,3_1_3_r3,3_1_3_r8,1_1_1_1_r1,1_1_1_2_r3,1_1_1_2_r14  self=-

GROUP g22  deterministic  3 entries  final unverified top=3_1_4_r11
  3 Logarithms/3.1.4 (f x)^m (d+e x^r)^q (a+b log(c x^n))^p.mac e97  record verified 1.2s -> unverified 5.8s  | P0 core verified 1.0s top=3_1_5_r29  | final30 unverified 5.8s top=3_1_4_r11  | final120 -
      fires P0: 3_1_5_r29
      fires final: 3_1_2_r4,3_1_2_r5,3_1_5_r45,3_1_4_r10,3_1_4_r11  self=-
  3 Logarithms/3.1.4 (f x)^m (d+e x^r)^q (a+b log(c x^n))^p.mac e98  record verified 1.4s -> unverified 8.3s  | P0 core verified 1.1s top=3_1_5_r29  | final30 unverified 8.4s top=3_1_4_r11  | final120 -
      fires P0: 3_1_5_r29
      fires final: 3_1_2_r4,3_1_2_r5,3_1_5_r45,3_1_4_r10,3_1_4_r11  self=-
  3 Logarithms/3.1.4 (f x)^m (d+e x^r)^q (a+b log(c x^n))^p.mac e99  record verified 1.2s -> unverified 10.9s  | P0 core verified 1.1s top=3_1_5_r29  | final30 unverified 11.7s top=3_1_4_r11  | final120 -
      fires P0: 3_1_5_r29
      fires final: 3_1_2_r4,3_1_2_r5,3_1_5_r45,3_1_4_r10,3_1_4_r11  self=-

GROUP g23  deterministic  3 entries  final unverified top=3_2_1_r2
  3 Logarithms/3.2.1 (f+g x)^m (A+B log(e ((a+b x) over (c+d x))^n))^p.mac e311  record verified 6.0s -> unverified 2.4s  | P0 core verified 6.6s top=3_2_1_r2  | final30 unverified 3.3s top=3_2_1_r2  | final120 -
      fires P0: 3_5_r7,3_2_2_r15,3_2_1_r2
      fires final: 3_1_5_r45,3_1_3_r6,3_2_1_r17,3_2_2_r15,3_2_1_r2  self=-
  3 Logarithms/3.2.3 u log(e (f (a+b x)^p (c+d x)^q)^r)^s.mac e98  record verified 5.5s -> unverified 3.6s  | P0 core verified 5.0s top=3_2_1_r2  | final30 unverified 3.3s top=3_2_1_r2  | final120 -
      fires P0: 3_3_r3,1_1_1_1_r1,3_1_3_r6,3_2_1_r18,3_2_1_r2
      fires final: 3_1_5_r45,3_1_4_r10,3_2_1_r16,3_2_1_r2  self=-
  3 Logarithms/3.2.3 u log(e (f (a+b x)^p (c+d x)^q)^r)^s.mac e101  record verified 7.0s -> unverified 2.5s  | P0 core verified 6.5s top=3_2_1_r2  | final30 unverified 2.1s top=3_2_1_r2  | final120 -
      fires P0: 1_1_1_1_r2,3_1_2_r2,3_3_r3,1_1_1_1_r1,3_1_3_r6,3_1_5_r15,3_2_1_r16,3_2_1_r2
      fires final: 3_1_5_r45,3_1_3_r6,3_2_1_r18,3_2_1_r2  self=-

GROUP g24  deterministic  3 entries  final unverified top=3_2_2_r15
  3 Logarithms/3.2.1 (f+g x)^m (A+B log(e ((a+b x) over (c+d x))^n))^p.mac e159  record verified 5.6s -> unverified 4.1s  | P0 core verified 5.4s top=3_2_2_r15  | final30 unverified 4.7s top=3_2_2_r15  | final120 -
      fires P0: 3_5_r7,3_2_2_r15
      fires final: 3_1_5_r45,3_1_4_r10,3_2_1_r15,3_2_2_r15  self=-
  3 Logarithms/3.2.1 (f+g x)^m (A+B log(e ((a+b x) over (c+d x))^n))^p.mac e167  record verified 5.0s -> unverified 4.5s  | P0 core verified 4.7s top=3_2_2_r15  | final30 unverified 5.9s top=3_2_2_r15  | final120 -
      fires P0: 3_5_r11,3_5_r7,3_2_2_r15
      fires final: 3_1_5_r54,3_1_5_r45,3_1_4_r10,3_2_1_r15,3_2_2_r15  self=-
  3 Logarithms/3.2.1 (f+g x)^m (A+B log(e ((a+b x) over (c+d x))^n))^p.mac e313  record verified 2.7s -> unverified 3.4s  | P0 core verified 3.4s top=3_2_2_r15  | final30 unverified 4.5s top=3_2_2_r15  | final120 -
      fires P0: 1_3_3_r13,3_5_r8,3_2_2_r15
      fires final: 3_1_5_r45,3_1_3_r6,3_1_3_r7,3_2_1_r19,3_2_2_r15  self=-

GROUP g25  deterministic  3 entries  final unverified top=3_3_r6
  3 Logarithms/3.3 u (a+b log(c (d+e x)^n))^p.mac e40  record expected 3.0s -> unverified 1.5s  | P0 core expected 2.3s top=3_3_r6  | final30 unverified 1.1s top=3_3_r6  | final120 -
      fires P0: 3_4_r1,3_3_r6
      fires final: 3_3_r6  self=-
  3 Logarithms/3.3 u (a+b log(c (d+e x)^n))^p.mac e220  record expected 2.6s -> unverified 1.5s  | P0 core expected 2.3s top=3_3_r6  | final30 unverified 1.0s top=3_3_r6  | final120 -
      fires P0: 3_4_r1,3_3_r6
      fires final: 3_3_r6  self=-
  3 Logarithms/3.3 u (a+b log(c (d+e x)^n))^p.mac e245  record expected 2.1s -> unverified 1.0s  | P0 core expected 2.3s top=3_3_r6  | final30 unverified 1.1s top=3_3_r6  | final120 -
      fires P0: 3_4_r1,3_3_r6
      fires final: 3_3_r6  self=-

GROUP g26  deterministic  3 entries  final unverified top=3_5_r15
  3 Logarithms/3.5 Logarithm functions.mac e113  record verified 2.7s -> unverified 0.7s  | P0 core verified 2.6s top=3_5_r34  | final30 unverified 0.9s top=3_5_r15  | final120 -
      fires P0: 3_5_r34
      fires final: 3_5_r14,3_5_r15  self=-
  3 Logarithms/3.5 Logarithm functions.mac e114  record verified 2.6s -> unverified 0.6s  | P0 core verified 2.4s top=3_5_r34  | final30 unverified 0.8s top=3_5_r15  | final120 -
      fires P0: 3_5_r34
      fires final: 3_5_r14,3_5_r15  self=-
  3 Logarithms/3.5 Logarithm functions.mac e115  record verified 2.0s -> unverified 0.4s  | P0 core verified 2.0s top=3_5_r37  | final30 unverified 0.6s top=3_5_r15  | final120 -
      fires P0: 3_5_r37
      fires final: 2_3_r96,3_5_r14,3_5_r15  self=-

GROUP g27  deterministic  2 entries  final contains-noun top=3_1_4_r29
  3 Logarithms/3.1.4 (f x)^m (d+e x^r)^q (a+b log(c x^n))^p.mac e455  record verified 1.0s -> contains-noun 5.0s  | P0 core verified 1.3s top=3_1_5_r28  | final30 contains-noun 6.3s top=3_1_4_r29  | final120 -
      fires P0: 3_1_5_r28
      fires final: 3_1_5_r30,3_1_4_r29  self=-
  3 Logarithms/3.1.4 (f x)^m (d+e x^r)^q (a+b log(c x^n))^p.mac e456  record verified 1.0s -> contains-noun 8.9s  | P0 core verified 1.4s top=3_1_5_r28  | final30 contains-noun 10.4s top=3_1_4_r29  | final120 -
      fires P0: 3_1_5_r28
      fires final: 3_1_5_r30,3_1_4_r29  self=-

GROUP g28  deterministic  2 entries  final contains-noun top=3_1_5_r42
  3 Logarithms/3.1.5 u (a+b log(c x^n))^p.mac e37  record verified 23.2s -> contains-noun 6.4s  | P0 core verified 21.4s top=3_5_r44  | final30 contains-noun 6.5s top=3_1_5_r42  | final120 -
      fires P0: 3_1_1_r1,1_4_1_r7,3_1_1_r2,3_5_r44
      fires final: 3_1_1_r1,1_4_1_r7,3_1_1_r2,3_1_4_r27,1_4_1_r18,3_1_5_r42  self=-
  3 Logarithms/3.1.5 u (a+b log(c x^n))^p.mac e105  record verified 22.8s -> contains-noun 6.8s  | P0 core verified 21.6s top=3_5_r44  | final30 contains-noun 6.5s top=3_1_5_r42  | final120 -
      fires P0: 3_1_1_r1,1_4_1_r7,3_1_1_r2,3_5_r44
      fires final: 3_1_1_r1,1_4_1_r7,3_1_1_r2,3_1_4_r27,1_4_1_r18,3_1_5_r42  self=-

GROUP g29  deterministic  2 entries  final contains-noun top=3_3_r38
  3 Logarithms/3.3 u (a+b log(c (d+e x)^n))^p.mac e358  record verified 3.8s -> contains-noun 3.1s  | P0 core verified 3.2s top=3_3_r38  | final30 contains-noun 2.0s top=3_3_r38  | final120 -
      fires P0: 1_1_1_2_r13,3_3_r38
      fires final: 1_1_1_2_r12,3_1_4_r27,3_3_r38  self=-
  3 Logarithms/3.3 u (a+b log(c (d+e x)^n))^p.mac e359  record verified 3.9s -> contains-noun 2.0s  | P0 core verified 3.2s top=3_3_r38  | final30 contains-noun 1.9s top=3_3_r38  | final120 -
      fires P0: 1_1_1_2_r13,3_3_r38
      fires final: 1_1_1_2_r12,3_1_4_r27,3_3_r38  self=-

GROUP g30  deterministic  2 entries  final deferred top=3_1_5_r30
  3 Logarithms/3.1.4 (f x)^m (d+e x^r)^q (a+b log(c x^n))^p.mac e350  record expected 1.2s -> deferred 0.8s  | P0 core expected 1.0s top=3_5_r1  | final30 deferred 0.5s top=3_1_5_r30  | final120 -
      fires P0: 3_5_r1
      fires final: 3_1_5_r30  self=-
  3 Logarithms/3.5 Logarithm functions.mac e270  record verified 14.0s -> deferred 2.0s  | P0 core verified 13.3s top=3_2_3_r16  | final30 deferred 2.8s top=3_1_5_r30  | final120 -
      fires P0: 9_1_r9,1_1_1_1_r1,1_1_1_2_r19,1_1_1_4_r41,3_2_3_r16
      fires final: 3_1_5_r30  self=-

GROUP g31  deterministic  2 entries  final deferred top=3_2_2_r15
  3 Logarithms/3.2.2 (f+g x)^m (h+i x)^q (A+B log(e ((a+b x) over (c+d x))^n))^p.mac e253  record verified 2.1s -> deferred 5.5s  | P0 core verified 2.2s top=3_2_2_r15  | final30 deferred 5.8s top=3_2_2_r15  | final120 -
      fires P0: 3_2_2_r15
      fires final: 3_2_2_r11,3_2_2_r15  self=-
  3 Logarithms/3.2.2 (f+g x)^m (h+i x)^q (A+B log(e ((a+b x) over (c+d x))^n))^p.mac e254  record verified 2.5s -> deferred 5.1s  | P0 core verified 2.6s top=3_2_2_r15  | final30 deferred 6.1s top=3_2_2_r15  | final120 -
      fires P0: 3_2_2_r15
      fires final: 3_2_2_r11,3_2_2_r15  self=-

GROUP g32  deterministic  2 entries  final deferred top=3_3_r60
  3 Logarithms/3.2.3 u log(e (f (a+b x)^p (c+d x)^q)^r)^s.mac e56  record verified 20.0s -> deferred 27.8s  | P0 core verified 15.1s top=3_3_r60  | final30 deferred 27.6s top=3_3_r60  | final120 -
      fires P0: 3_3_r8,3_2_3_r8,3_3_r60
      fires final: 3_1_5_r54,3_1_5_r45,3_1_3_r6,3_2_3_r8,3_3_r61,1_1_1_1_r2,3_1_2_r2,3_3_r60  self=-
  3 Logarithms/3.2.3 u log(e (f (a+b x)^p (c+d x)^q)^r)^s.mac e57  record verified 16.9s -> deferred 21.9s  | P0 core verified 14.6s top=3_3_r60  | final30 deferred 22.3s top=3_3_r60  | final120 -
      fires P0: 3_3_r8,3_2_3_r8,3_3_r60
      fires final: 3_1_5_r54,3_1_5_r45,3_1_3_r6,3_2_3_r8,3_3_r61,1_1_1_1_r2,3_1_2_r2,3_3_r60  self=-

GROUP g33  deterministic  2 entries  final timeout top=3_1_4_r16
  3 Logarithms/3.1.4 (f x)^m (d+e x^r)^q (a+b log(c x^n))^p.mac e291  record verified 11.4s -> timeout 30.0s  | P0 core verified 8.5s top=3_1_4_r16  | final30 timeout 30.1s top=3_1_4_r16  | final120 timeout 120.2s top=3_1_4_r16
      fires P0: 3_1_4_r16
      fires final: 1_1_2_1_r15,1_1_1_2_r32,1_1_1_2_r11,1_1_2_2_r4,1_4_1_r18,3_1_4_r23,3_1_4_r16  self=-
  3 Logarithms/3.1.4 (f x)^m (d+e x^r)^q (a+b log(c x^n))^p.mac e302  record verified 9.8s -> timeout 30.0s  | P0 core verified 8.4s top=3_1_4_r16  | final30 timeout 30.1s top=3_1_4_r16  | final120 timeout 120.3s top=3_1_4_r16
      fires P0: 3_1_4_r16
      fires final: 1_1_2_1_r15,1_1_1_2_r32,1_1_1_2_r11,1_1_2_2_r4,1_4_1_r18,3_1_4_r23,3_1_4_r16  self=-

GROUP g34  deterministic  2 entries  final timeout top=3_4_r5
  3 Logarithms/3.4 u (a+b log(c (d+e x^m)^n))^p.mac e437  record verified 3.8s -> timeout 30.0s  | P0 core verified 3.3s top=3_4_r5  | final30 timeout 30.0s top=3_4_r5  | final120 timeout 120.2s top=3_4_r5
      fires P0: 3_3_r31,3_4_r8,3_4_r5
      fires final: 3_1_5_r45,3_1_4_r10,3_3_r3,3_1_3_r6,3_1_3_r7,3_1_4_r20,3_3_r23,3_3_r10,3_4_r8,3_4_r5  self=-
  3 Logarithms/3.4 u (a+b log(c (d+e x^m)^n))^p.mac e504  record verified 4.3s -> timeout 30.0s  | P0 core verified 4.5s top=3_4_r5  | final30 timeout 30.0s top=3_4_r5  | final120 timeout 120.2s top=3_4_r5
      fires P0: 3_3_r31,3_4_r8,3_4_r5
      fires final: 3_1_5_r45,3_1_4_r10,3_3_r3,3_1_3_r6,3_1_3_r7,3_1_4_r20,1_1_1_1_r3,3_1_3_r3,3_1_3_r8,3_3_r23,3_3_r10,3_4_r8,3_4_r5  self=-

GROUP g35  deterministic  2 entries  final unverified top=3_1_4_r18
  3 Logarithms/3.1.4 (f x)^m (d+e x^r)^q (a+b log(c x^n))^p.mac e312  record verified 1.4s -> unverified 8.5s  | P0 core verified 1.1s top=1_4_2_r25  | final30 unverified 8.0s top=3_1_4_r18  | final120 -
      fires P0: 1_4_2_r25
      fires final: 1_1_2_1_r15,1_1_1_2_r32,1_1_1_2_r11,1_1_2_2_r4,1_4_1_r18,3_1_4_r23,3_1_4_r18  self=-
  3 Logarithms/3.1.4 (f x)^m (d+e x^r)^q (a+b log(c x^n))^p.mac e313  record verified 1.8s -> unverified 8.7s  | P0 core verified 1.4s top=1_4_2_r25  | final30 unverified 7.4s top=3_1_4_r18  | final120 -
      fires P0: 1_4_2_r25
      fires final: 1_1_2_1_r17,1_1_2_2_r23,1_4_1_r18,3_1_4_r23,3_1_4_r18  self=-

GROUP g36  deterministic  2 entries  final unverified top=3_2_3_r8
  3 Logarithms/3.2.3 u log(e (f (a+b x)^p (c+d x)^q)^r)^s.mac e51  record verified 8.1s -> unverified 12.5s  | P0 core verified 7.1s top=3_2_3_r8  | final30 unverified 10.8s top=3_2_3_r8  | final120 -
      fires P0: 3_3_r31,3_3_r8,3_2_3_r8
      fires final: 3_1_5_r54,3_1_5_r45,3_3_r46,3_3_r8,3_2_3_r8  self=-
  3 Logarithms/3.2.3 u log(e (f (a+b x)^p (c+d x)^q)^r)^s.mac e52  record verified 8.9s -> unverified 7.1s  | P0 core verified 7.8s top=3_2_3_r9  | final30 unverified 6.1s top=3_2_3_r8  | final120 -
      fires P0: 3_2_3_r9
      fires final: 3_1_5_r45,3_3_r46,3_3_r8,3_2_3_r8  self=-

GROUP g37  deterministic  2 entries  final unverified top=3_4_r17
  3 Logarithms/3.4 u (a+b log(c (d+e x^m)^n))^p.mac e192  record verified 2.4s -> unverified 3.0s  | P0 core verified 2.7s top=3_5_r34  | final30 unverified 2.4s top=3_4_r17  | final120 -
      fires P0: 3_5_r34
      fires final: 1_1_1_2_r12,1_1_3_4_r9,1_1_3_8_r18,3_4_r17  self=-
  3 Logarithms/3.4 u (a+b log(c (d+e x^m)^n))^p.mac e193  record verified 1.8s -> unverified 2.7s  | P0 core verified 1.8s top=3_5_r37  | final30 unverified 2.3s top=3_4_r17  | final120 -
      fires P0: 1_4_1_r7,3_5_r37
      fires final: 1_4_1_r18,1_1_3_8_r18,3_4_r17  self=-

GROUP g38  deterministic  2 entries  final unverified top=3_4_r38
  3 Logarithms/3.4 u (a+b log(c (d+e x^m)^n))^p.mac e636  record verified 8.7s -> unverified 5.6s  | P0 core verified 5.8s top=3_4_r38  | final30 unverified 4.8s top=3_4_r38  | final120 -
      fires P0: 3_3_r31,3_3_r8,3_4_r8,3_4_r3,3_4_r38
      fires final: 3_1_5_r54,3_1_5_r45,3_3_r46,3_3_r8,3_4_r8,3_4_r3,3_4_r38  self=-
  3 Logarithms/3.4 u (a+b log(c (d+e x^m)^n))^p.mac e637  record verified 9.2s -> unverified 3.5s  | P0 core verified 6.3s top=3_4_r38  | final30 unverified 3.2s top=3_4_r38  | final120 -
      fires P0: 3_3_r8,3_4_r8,3_4_r3,3_4_r38
      fires final: 3_1_5_r45,3_3_r46,3_3_r8,3_4_r8,3_4_r3,3_4_r38  self=-

GROUP g39  deterministic  1 entries  final contains-noun top=3_1_3_r7
  3 Logarithms/3.1.4 (f x)^m (d+e x^r)^q (a+b log(c x^n))^p.mac e128  record verified 2.1s -> contains-noun 0.9s  | P0 core verified 2.3s top=3_1_3_r7  | final30 contains-noun 1.1s top=3_1_3_r7  | final120 -
      fires P0: 3_1_3_r7
      fires final: 3_1_3_r20,3_1_3_r7  self=-

GROUP g40  deterministic  1 entries  final contains-noun top=3_1_3_r8
  3 Logarithms/3.1.4 (f x)^m (d+e x^r)^q (a+b log(c x^n))^p.mac e129  record verified 3.0s -> contains-noun 2.1s  | P0 core verified 3.0s top=3_5_r8  | final30 contains-noun 2.7s top=3_1_3_r8  | final120 -
      fires P0: 3_5_r8
      fires final: 3_1_4_r27,3_1_3_r8  self=-

GROUP g41  deterministic  1 entries  final contains-noun top=3_3_r34
  3 Logarithms/3.3 u (a+b log(c (d+e x)^n))^p.mac e361  record verified 6.0s -> contains-noun 1.6s  | P0 core verified 5.5s top=3_3_r34  | final30 contains-noun 0.9s top=3_3_r34  | final120 -
      fires P0: 3_3_r34
      fires final: 1_1_1_2_r12,3_1_4_r27,3_3_r34  self=-

GROUP g42  deterministic  1 entries  final contains-noun top=3_3_r39
  3 Logarithms/3.3 u (a+b log(c (d+e x)^n))^p.mac e370  record verified 2.8s -> contains-noun 3.7s  | P0 core verified 2.1s top=3_3_r39  | final30 contains-noun 2.4s top=3_3_r39  | final120 -
      fires P0: 3_3_r39
      fires final: 3_3_r56,3_3_r39  self=-

GROUP g43  deterministic  1 entries  final contains-noun top=3_3_r54
  3 Logarithms/3.3 u (a+b log(c (d+e x)^n))^p.mac e391  record verified 1.6s -> contains-noun 4.1s  | P0 core verified 1.5s top=3_3_r55  | final30 contains-noun 3.4s top=3_3_r54  | final120 -
      fires P0: 3_3_r55
      fires final: 1_1_1_1_r1,1_1_1_1_r3,1_1_1_2_r3,3_3_r32,3_3_r54  self=-

GROUP g44  deterministic  1 entries  final contains-noun top=3_4_r5
  3 Logarithms/3.4 u (a+b log(c (d+e x^m)^n))^p.mac e522  record verified 3.3s -> contains-noun 0.8s  | P0 core verified 3.4s top=3_4_r5  | final30 contains-noun 1.2s top=3_4_r5  | final120 -
      fires P0: 3_4_r5
      fires final: 3_4_r27,3_4_r11,3_4_r5  self=-

GROUP g45  deterministic  1 entries  final deferred top=3_3_r32
  3 Logarithms/3.4 u (a+b log(c (d+e x^m)^n))^p.mac e223  record verified 8.6s -> deferred 1.1s  | P0 core verified 10.2s top=3_2_3_r16  | final30 deferred 1.3s top=3_3_r32  | final120 -
      fires P0: 1_1_1_1_r3,1_1_1_1_r1,1_1_1_2_r3,9_1_r9,3_2_3_r16
      fires final: 1_1_1_1_r1,1_1_1_1_r3,1_1_1_2_r3,3_3_r32  self=-

GROUP g46  deterministic  1 entries  final timeout top=-
  3 Logarithms/3.5 Logarithm functions.mac e83  record verified 2.4s -> timeout 30.1s  | P0 core verified 2.2s top=3_5_r34  | final30 timeout 30.1s top=-  | final120 timeout 120.2s top=-
      fires P0: 1_2_1_6_r1,3_5_r34
      fires final: -  self=-

GROUP g47  deterministic  1 entries  final timeout top=3_5_r42
  3 Logarithms/3.5 Logarithm functions.mac e253  record verified 2.0s -> timeout 30.0s  | P0 core verified 2.4s top=3_5_r42  | final30 timeout 30.0s top=3_5_r42  | final120 timeout 120.2s top=3_5_r42
      fires P0: 1_1_2_1_r11,1_2_1_1_r11,1_2_1_2_r3,1_2_1_2_r9,1_2_2_1_r7,3_5_r42
      fires final: 1_2_1_1_r12,1_2_1_2_r3,1_2_1_2_r9,1_1_1_1_r3,1_1_1_1_r5,1_1_3_1_r14,3_5_r42  self=-

GROUP g48  deterministic  1 entries  final unverified top=3_1_5_r41
  3 Logarithms/3.1.5 u (a+b log(c x^n))^p.mac e29  record verified 11.0s -> unverified 1.3s  | P0 core verified 9.6s top=3_5_r44  | final30 unverified 0.9s top=3_1_5_r41  | final120 -
      fires P0: 3_1_1_r1,1_4_1_r7,3_5_r44
      fires final: 1_1_2_1_r15,1_1_2_2_r23,3_4_r2,1_4_1_r18,1_4_1_r7,3_1_5_r41  self=-

GROUP g49  deterministic  1 entries  final unverified top=3_2_1_r1
  3 Logarithms/3.2.3 u log(e (f (a+b x)^p (c+d x)^q)^r)^s.mac e95  record verified 20.9s -> unverified 2.2s  | P0 core verified 16.8s top=3_2_1_r2  | final30 unverified 1.9s top=3_2_1_r1  | final120 -
      fires P0: 3_3_r3,3_1_3_r6,3_1_1_r1,3_2_3_r3,1_1_1_1_r1,3_1_2_r2,3_1_5_r40,1_1_1_1_r3,3_2_3_r6,3_2_1_r2
      fires final: 3_1_5_r45,3_1_3_r6,3_2_1_r17,3_2_1_r1  self=-

GROUP g50  deterministic  1 entries  final unverified top=3_2_1_r17
  3 Logarithms/3.2.3 u log(e (f (a+b x)^p (c+d x)^q)^r)^s.mac e104  record verified 3.0s -> unverified 2.9s  | P0 core verified 2.7s top=3_2_1_r18  | final30 unverified 2.4s top=3_2_1_r17  | final120 -
      fires P0: 3_3_r51,3_1_3_r6,3_2_1_r18
      fires final: 3_1_5_r45,3_1_3_r6,3_2_1_r17  self=-

GROUP g51  deterministic  1 entries  final unverified top=3_3_r37
  3 Logarithms/3.3 u (a+b log(c (d+e x)^n))^p.mac e362  record verified 5.3s -> unverified 2.2s  | P0 core verified 4.7s top=3_3_r37  | final30 unverified 2.0s top=3_3_r37  | final120 -
      fires P0: 3_3_r3,1_1_1_1_r1,3_1_3_r6,3_3_r37
      fires final: 3_1_5_r45,3_1_3_r6,3_3_r37  self=-

GROUP g52  deterministic  1 entries  final unverified top=3_3_r47
  3 Logarithms/3.3 u (a+b log(c (d+e x)^n))^p.mac e382  record verified 4.2s -> unverified 6.1s  | P0 core verified 4.0s top=3_3_r47  | final30 unverified 4.4s top=3_3_r47  | final120 -
      fires P0: 3_3_r47
      fires final: 3_1_5_r45,3_1_3_r6,3_1_5_r46,3_3_r46,3_3_r47  self=-

GROUP g53  deterministic  1 entries  final unverified top=3_3_r60
  3 Logarithms/3.3 u (a+b log(c (d+e x)^n))^p.mac e433  record expected 7.1s -> unverified 4.1s  | P0 core expected 7.1s top=3_3_r60  | final30 unverified 4.3s top=3_3_r60  | final120 -
      fires P0: 3_4_r1,3_3_r6,3_3_r9,3_3_r60
      fires final: 3_3_r6,3_3_r9,3_3_r60  self=-

GROUP g54  deterministic  1 entries  final unverified top=3_3_r9
  3 Logarithms/3.3 u (a+b log(c (d+e x)^n))^p.mac e49  record expected 3.3s -> unverified 1.8s  | P0 core expected 3.0s top=3_3_r9  | final30 unverified 1.7s top=3_3_r9  | final120 -
      fires P0: 3_4_r1,3_3_r6,3_3_r9
      fires final: 3_3_r6,3_3_r9  self=-

GROUP g55  slow-correct  1 entries
  3 Logarithms/3.4 u (a+b log(c (d+e x^m)^n))^p.mac e528  record verified 4.4s -> timeout 30.0s  | P0 core verified 4.4s top=3_4_r12  | final30 timeout 30.0s top=3_4_r12  | final120 verified 65.7s top=3_4_r12
      fires P0: 3_4_r12
      fires final: 1_4_1_r3,3_4_r11,3_4_r12  self=-

NEW TIMEOUTS 62: at 100 s error 6, timeout 46, unverified 6, verified 4
  3 Logarithms/3.1.4 (f x)^m (d+e x^r)^q (a+b log(c x^n))^p.mac e135  P0 unverified 16.3s  recheck100 verified 67.3s
  3 Logarithms/3.1.4 (f x)^m (d+e x^r)^q (a+b log(c x^n))^p.mac e156  P0 deferred 12.4s  recheck100 verified 32.8s
  3 Logarithms/3.1.4 (f x)^m (d+e x^r)^q (a+b log(c x^n))^p.mac e280  P0 deferred 8.5s  recheck100 timeout 100.1s
  3 Logarithms/3.1.4 (f x)^m (d+e x^r)^q (a+b log(c x^n))^p.mac e281  P0 deferred 8.3s  recheck100 timeout 100.1s
  3 Logarithms/3.1.4 (f x)^m (d+e x^r)^q (a+b log(c x^n))^p.mac e291  P0 verified 11.4s  recheck100 timeout 100.1s
  3 Logarithms/3.1.4 (f x)^m (d+e x^r)^q (a+b log(c x^n))^p.mac e292  P0 deferred 13.1s  recheck100 timeout 100.1s
  3 Logarithms/3.1.4 (f x)^m (d+e x^r)^q (a+b log(c x^n))^p.mac e302  P0 verified 9.8s  recheck100 timeout 100.1s
  3 Logarithms/3.1.4 (f x)^m (d+e x^r)^q (a+b log(c x^n))^p.mac e303  P0 deferred 11.9s  recheck100 timeout 100.1s
  3 Logarithms/3.1.4 (f x)^m (d+e x^r)^q (a+b log(c x^n))^p.mac e304  P0 deferred 12.9s  recheck100 timeout 100.1s
  3 Logarithms/3.1.4 (f x)^m (d+e x^r)^q (a+b log(c x^n))^p.mac e426  P0 deferred 7.1s  recheck100 timeout 100.1s
  3 Logarithms/3.1.4 (f x)^m (d+e x^r)^q (a+b log(c x^n))^p.mac e436  P0 deferred 6.2s  recheck100 timeout 100.1s
  3 Logarithms/3.1.4 (f x)^m (d+e x^r)^q (a+b log(c x^n))^p.mac e437  P0 deferred 6.2s  recheck100 timeout 100.1s
  3 Logarithms/3.1.4 (f x)^m (d+e x^r)^q (a+b log(c x^n))^p.mac e438  P0 deferred 6.1s  recheck100 timeout 100.1s
  3 Logarithms/3.1.4 (f x)^m (d+e x^r)^q (a+b log(c x^n))^p.mac e439  P0 deferred 6.1s  recheck100 timeout 100.1s
  3 Logarithms/3.1.5 u (a+b log(c x^n))^p.mac e51  P0 verified 8.9s  recheck100 error 99.1s
  3 Logarithms/3.1.5 u (a+b log(c x^n))^p.mac e115  P0 unverified 22.1s  recheck100 timeout 100.3s
  3 Logarithms/3.1.5 u (a+b log(c x^n))^p.mac e119  P0 verified 8.9s  recheck100 error 71.9s
  3 Logarithms/3.1.5 u (a+b log(c x^n))^p.mac e121  P0 verified 7.9s  recheck100 error 73.8s
  3 Logarithms/3.1.5 u (a+b log(c x^n))^p.mac e150  P0 unverified 5.0s  recheck100 timeout 100.1s
  3 Logarithms/3.1.5 u (a+b log(c x^n))^p.mac e151  P0 unverified 4.7s  recheck100 timeout 100.1s
  3 Logarithms/3.1.5 u (a+b log(c x^n))^p.mac e152  P0 unverified 5.2s  recheck100 timeout 100.1s
  3 Logarithms/3.1.5 u (a+b log(c x^n))^p.mac e249  P0 deferred 4.4s  recheck100 timeout 100.1s
  3 Logarithms/3.3 u (a+b log(c (d+e x)^n))^p.mac e190  P0 contains-noun 14.3s  recheck100 unverified 53.0s
  3 Logarithms/3.3 u (a+b log(c (d+e x)^n))^p.mac e217  P0 deferred 10.7s  recheck100 unverified 87.7s
  3 Logarithms/3.3 u (a+b log(c (d+e x)^n))^p.mac e218  P0 deferred 10.0s  recheck100 unverified 37.1s
  3 Logarithms/3.3 u (a+b log(c (d+e x)^n))^p.mac e233  P0 error 30.0s  recheck100 timeout 100.2s
  3 Logarithms/3.3 u (a+b log(c (d+e x)^n))^p.mac e264  P0 deferred 9.4s  recheck100 timeout 100.2s
  3 Logarithms/3.3 u (a+b log(c (d+e x)^n))^p.mac e265  P0 deferred 9.0s  recheck100 timeout 100.2s
  3 Logarithms/3.3 u (a+b log(c (d+e x)^n))^p.mac e271  P0 deferred 13.1s  recheck100 error 99.9s
  3 Logarithms/3.3 u (a+b log(c (d+e x)^n))^p.mac e272  P0 deferred 12.4s  recheck100 error 90.3s
  3 Logarithms/3.3 u (a+b log(c (d+e x)^n))^p.mac e273  P0 deferred 8.4s  recheck100 timeout 100.1s
  3 Logarithms/3.3 u (a+b log(c (d+e x)^n))^p.mac e274  P0 deferred 11.6s  recheck100 timeout 100.2s
  3 Logarithms/3.3 u (a+b log(c (d+e x)^n))^p.mac e327  P0 error 13.2s  recheck100 timeout 100.2s
  3 Logarithms/3.3 u (a+b log(c (d+e x)^n))^p.mac e487  P0 deferred 9.0s  recheck100 verified 65.5s
  3 Logarithms/3.3 u (a+b log(c (d+e x)^n))^p.mac e488  P0 deferred 9.0s  recheck100 timeout 100.2s
  3 Logarithms/3.3 u (a+b log(c (d+e x)^n))^p.mac e523  P0 deferred 10.7s  recheck100 timeout 100.1s
  3 Logarithms/3.3 u (a+b log(c (d+e x)^n))^p.mac e524  P0 deferred 10.7s  recheck100 timeout 100.1s
  3 Logarithms/3.3 u (a+b log(c (d+e x)^n))^p.mac e525  P0 deferred 8.8s  recheck100 unverified 32.7s
  3 Logarithms/3.4 u (a+b log(c (d+e x^m)^n))^p.mac e353  P0 deferred 17.3s  recheck100 timeout 100.1s
  3 Logarithms/3.4 u (a+b log(c (d+e x^m)^n))^p.mac e354  P0 deferred 17.1s  recheck100 timeout 100.1s
  3 Logarithms/3.4 u (a+b log(c (d+e x^m)^n))^p.mac e356  P0 deferred 9.5s  recheck100 error 58.7s
  3 Logarithms/3.4 u (a+b log(c (d+e x^m)^n))^p.mac e371  P0 deferred 20.0s  recheck100 timeout 100.1s
  3 Logarithms/3.4 u (a+b log(c (d+e x^m)^n))^p.mac e372  P0 deferred 17.1s  recheck100 timeout 100.1s
  3 Logarithms/3.4 u (a+b log(c (d+e x^m)^n))^p.mac e375  P0 deferred 18.7s  recheck100 timeout 100.1s
  3 Logarithms/3.4 u (a+b log(c (d+e x^m)^n))^p.mac e376  P0 deferred 17.5s  recheck100 timeout 100.1s
  3 Logarithms/3.4 u (a+b log(c (d+e x^m)^n))^p.mac e419  P0 verified 4.4s  recheck100 timeout 100.1s
  3 Logarithms/3.4 u (a+b log(c (d+e x^m)^n))^p.mac e420  P0 verified 4.7s  recheck100 timeout 100.1s
  3 Logarithms/3.4 u (a+b log(c (d+e x^m)^n))^p.mac e436  P0 verified 2.8s  recheck100 timeout 100.1s
  3 Logarithms/3.4 u (a+b log(c (d+e x^m)^n))^p.mac e437  P0 verified 3.8s  recheck100 timeout 100.0s
  3 Logarithms/3.4 u (a+b log(c (d+e x^m)^n))^p.mac e438  P0 verified 6.7s  recheck100 unverified 68.9s
  3 Logarithms/3.4 u (a+b log(c (d+e x^m)^n))^p.mac e461  P0 verified 4.7s  recheck100 timeout 100.1s
  3 Logarithms/3.4 u (a+b log(c (d+e x^m)^n))^p.mac e462  P0 verified 4.4s  recheck100 timeout 100.1s
  3 Logarithms/3.4 u (a+b log(c (d+e x^m)^n))^p.mac e484  P0 verified 3.7s  recheck100 timeout 100.1s
  3 Logarithms/3.4 u (a+b log(c (d+e x^m)^n))^p.mac e503  P0 verified 2.4s  recheck100 timeout 100.1s
  3 Logarithms/3.4 u (a+b log(c (d+e x^m)^n))^p.mac e504  P0 verified 4.3s  recheck100 timeout 100.1s
  3 Logarithms/3.4 u (a+b log(c (d+e x^m)^n))^p.mac e524  P0 verified 3.5s  recheck100 timeout 100.1s
  3 Logarithms/3.4 u (a+b log(c (d+e x^m)^n))^p.mac e528  P0 verified 4.4s  recheck100 verified 57.9s
  3 Logarithms/3.4 u (a+b log(c (d+e x^m)^n))^p.mac e618  P0 deferred 25.7s  recheck100 timeout 100.2s
  3 Logarithms/3.5 Logarithm functions.mac e44  P0 unverified 2.5s  recheck100 timeout 100.1s
  3 Logarithms/3.5 Logarithm functions.mac e45  P0 unverified 2.9s  recheck100 unverified 63.2s
  3 Logarithms/3.5 Logarithm functions.mac e83  P0 verified 2.4s  recheck100 timeout 100.2s
  3 Logarithms/3.5 Logarithm functions.mac e253  P0 verified 2.0s  recheck100 timeout 100.1s
Results: 181 passed, 0 failed
