=== probe 10 -- P5 attribution runs (section '2 Exponentials', select passfail) ===
date: 2026-09-14 00:52 UTC
maxima: Maxima-version: "branch_5_50_base_84_g4204fb669"
maxima: Maxima build date: "2026-08-31 13:27:47"
maxima: Host type: "x86_64-pc-linux-gnu"
maxima: Lisp implementation type: "SBCL"
maxima: Lisp implementation version: "2.6.7"
core: /home/serge/src/maxima-rubi/test/mr_rules.core  fingerprint 6c396cf8be7a1fe5060d4d17bd37cc58
switches: mr_flat_wide=false mr_cond_retry=true mr_model_flags=true
P0 record: test/corpus_class2.pre-matcher.out  final record: test/corpus_class2.p5-run1.out
entries: 24  cap: 30s  workers: 24

deferred       t=   0.8s 2 Exponentials/2.1 u (F^(c (a+b x)))^n.mac e15 L26  self=-  nfires=1  top=9_1_r27  fires=9_1_r27
deferred       t=   0.5s 2 Exponentials/2.1 u (F^(c (a+b x)))^n.mac e19 L30  self=-  nfires=0  top=-  fires=-
deferred       t=   0.4s 2 Exponentials/2.1 u (F^(c (a+b x)))^n.mac e50 L65  self=-  nfires=1  top=1_1_3_7_r46  fires=1_1_3_7_r46
unexpected     t=   3.8s 2 Exponentials/2.2 (c+d x)^m (F^(g (e+f x)))^n (a+b (F^(g (e+f x)))^n)^p.mac e67 L90  self=1  nfires=4  top=2_1_r9  fires=9_1_r12,3_5_r34,2_2_r1,2_1_r9
unexpected     t=   5.6s 2 Exponentials/2.2 (c+d x)^m (F^(g (e+f x)))^n (a+b (F^(g (e+f x)))^n)^p.mac e68 L91  self=1  nfires=7  top=2_1_r10  fires=9_1_r12,3_5_r34,2_2_r1,2_1_r9,2_1_r13,2_2_r2,2_1_r10
unexpected     t=   7.4s 2 Exponentials/2.2 (c+d x)^m (F^(g (e+f x)))^n (a+b (F^(g (e+f x)))^n)^p.mac e69 L92  self=1  nfires=10  top=2_1_r10  fires=9_1_r12,3_5_r34,2_2_r1,2_1_r9,2_1_r13,2_2_r2,2_1_r10
unverified     t=   3.1s 2 Exponentials/2.2 (c+d x)^m (F^(g (e+f x)))^n (a+b (F^(g (e+f x)))^n)^p.mac e82 L113  self=-  nfires=5  top=2_2_r2  fires=2_3_r96,3_5_r14,2_2_r1,2_1_r9,2_2_r2
contains-noun  t=   1.7s 2 Exponentials/2.2 (c+d x)^m (F^(g (e+f x)))^n (a+b (F^(g (e+f x)))^n)^p.mac e86 L117  self=-  nfires=2  top=2_2_r2  fires=2_1_r14,2_2_r2
contains-noun  t=   1.7s 2 Exponentials/2.2 (c+d x)^m (F^(g (e+f x)))^n (a+b (F^(g (e+f x)))^n)^p.mac e87 L118  self=-  nfires=2  top=2_2_r2  fires=2_1_r14,2_2_r2
unverified     t=   5.6s 2 Exponentials/2.2 (c+d x)^m (F^(g (e+f x)))^n (a+b (F^(g (e+f x)))^n)^p.mac e88 L119  self=-  nfires=11  top=2_2_r2  fires=2_3_r96,3_5_r14,2_2_r1,2_1_r9,3_3_r3,2_3_r93,2_2_r2,2_1_r10
contains-noun  t=   1.6s 2 Exponentials/2.2 (c+d x)^m (F^(g (e+f x)))^n (a+b (F^(g (e+f x)))^n)^p.mac e92 L123  self=-  nfires=2  top=2_2_r2  fires=2_1_r14,2_2_r2
contains-noun  t=   1.7s 2 Exponentials/2.2 (c+d x)^m (F^(g (e+f x)))^n (a+b (F^(g (e+f x)))^n)^p.mac e93 L124  self=-  nfires=2  top=2_2_r2  fires=2_1_r14,2_2_r2
deferred       t=   0.6s 2 Exponentials/2.3 Exponential functions.mac e202 L233  self=-  nfires=1  top=2_3_r34  fires=2_3_r34
deferred       t=   0.5s 2 Exponentials/2.3 Exponential functions.mac e247 L284  self=-  nfires=1  top=2_3_r34  fires=2_3_r34
deferred       t=   0.6s 2 Exponentials/2.3 Exponential functions.mac e248 L285  self=-  nfires=1  top=2_3_r34  fires=2_3_r34
timeout        t=  30.1s 2 Exponentials/2.3 Exponential functions.mac e283 L324  self=-  nfires=0  top=-  fires=-
timeout        t=  30.1s 2 Exponentials/2.3 Exponential functions.mac e342 L385  self=-  nfires=0  top=-  fires=-
deferred       t=   0.8s 2 Exponentials/2.3 Exponential functions.mac e391 L440  self=-  nfires=1  top=2_3_r34  fires=2_3_r34
deferred       t=   0.7s 2 Exponentials/2.3 Exponential functions.mac e392 L441  self=-  nfires=1  top=2_3_r34  fires=2_3_r34
deferred       t=   1.0s 2 Exponentials/2.3 Exponential functions.mac e557 L626  self=-  nfires=1  top=1_1_3_7_r45  fires=1_1_3_7_r45
deferred       t=   1.6s 2 Exponentials/2.3 Exponential functions.mac e624 L713  self=-  nfires=0  top=-  fires=-
contains-noun  t=   1.0s 2 Exponentials/2.3 Exponential functions.mac e726 L843  self=-  nfires=5  top=1_4_1_r7  fires=2_3_r32,2_3_r11,2_3_r28,1_4_1_r18,1_4_1_r7
deferred       t=   0.2s 2 Exponentials/2.3 Exponential functions.mac e741 L860  self=-  nfires=1  top=1_2_3_5_r24  fires=1_2_3_5_r24
deferred       t=   0.1s 2 Exponentials/2.3 Exponential functions.mac e767 L890  self=-  nfires=0  top=-  fires=-

=== summary ===
contains-noun  5
deferred       12
timeout        2
unexpected     3
unverified     2
total integrals: 24
wall time: 30.1s
Results: 0 passed, 24 failed
