=== probe 10 summary: test/corpus_class3.p5b-run1.out vs test/corpus_class3.pre-matcher.out ===
PASS->FAIL 192: deterministic 191, slow-correct 1, near-cap 0, noise 0, p0-noise 0, unmeasured 0

GROUP g1  deterministic  17 entries  final unverified top=3_4_r8
  3 Logarithms/3.4 u (a+b log(c (d+e x^m)^n))^p.mac e80  record verified 7.8s -> unverified 3.0s  | P0 core verified 6.3s top=3_5_r7  | final30 unverified 2.4s top=3_4_r8  | final120 -
      fires P0: 1_4_1_r19,3_5_r7
      fires final: 3_1_5_r45,3_3_r46,3_3_r8,3_4_r8  self=-
      answer final: (log(-((b*x^2)/a))*log(c*(b*x^2+a)^p)^2+2*polylog(2,(b*x^2+a)/a)*p*log(c*(b*x^2+a)^p)-2*p^2*'integrate(polylog(2,(b*x^2+a)/a)/(b*x^2+a),b*x^2+a))/2
  3 Logarithms/3.4 u (a+b log(c (d+e x^m)^n))^p.mac e94  record verified 4.3s -> unverified 4.5s  | P0 core verified 4.0s top=3_5_r7  | final30 unverified 4.0s top=3_4_r8  | final120 -
      fires P0: 3_5_r7
      fires final: 3_1_5_r54,3_1_5_r45,3_3_r46,3_3_r8,3_4_r8  self=-
      answer final: (log(-((b*x^2)/a))*log(c*(b*x^2+a)^p)^3+3*polylog(2,(b*x^2+a)/a)*p*log(c*(b*x^2+a)^p)^2-6*polylog(3,(b*x^2+a)/a)*p^2*log(c*(b*x^2+a)^p)+6*p^3*'integrate(polylog(3,(b*x^2+a)/a)/(b*x^2+a),b*x^2+a))/2
  3 Logarithms/3.4 u (a+b log(c (d+e x^m)^n))^p.mac e95  record verified 2.3s -> unverified 3.4s  | P0 core verified 2.7s top=3_5_r8  | final30 unverified 2.8s top=3_4_r8  | final120 -
      fires P0: 3_5_r8
      fires final: 3_1_5_r45,3_3_r46,3_3_r8,3_3_r9,3_4_r8  self=-
      answer final: -((x^2*(b*log(c*(b*x^2+a)^p)^3-3*b*p*log(-((b*x^2)/a))*log(c*(b*x^2+a)^p)^2-6*polylog(2,(b*x^2+a)/a)*b*p^2*log(c*(b*x^2+a)^p)+6*b*p^3*'integrate(polylog(2,(b*x^2+a)/a)/(b*x^2+a),b*x^2+a))+a*log(c*(b*x^2+a)^p)^3)/(2*a*x^2))
  3 Logarithms/3.4 u (a+b log(c (d+e x^m)^n))^p.mac e96  record verified 2.4s -> unverified 10.4s  | P0 core verified 2.6s top=3_5_r8  | final30 unverified 9.4s top=3_4_r8  | final120 -
      fires P0: 3_5_r8
      fires final: 3_1_5_r45,3_1_4_r10,3_3_r3,3_1_3_r6,3_1_3_r7,3_1_4_r20,3_3_r23,3_3_r10,3_4_r8  self=-
      answer final: -((a^2*log(c*(b*x^2+a)^p)^3+x^4*(b^2*(3*p*log((b*x^2)/(b*x^2+a))+3*p)*log(c*(b*x^2+a)^p)^2+b^2*(-(6*p^2*log(-((b*x^2)/a)))-6*polylog(2,a/(b*x^2+a))*p^2)*log(c*(b*x^2+a)^p)+b^2*(6*p^3*'integrate(polylog(2,a/(b*x^2+a))/(b*x^2+a),b*x^2+a)-6*polylog(2,(b*x^2+a)/a)*p^3))+3*a*b*p*x^2*log(c*(b*x^2+a)^p)^2)...
  3 Logarithms/3.4 u (a+b log(c (d+e x^m)^n))^p.mac e97  record verified 2.9s -> unverified 16.4s  | P0 core verified 2.7s top=3_5_r8  | final30 unverified 14.5s top=3_4_r8  | final120 -
      fires P0: 3_5_r8
      fires final: 3_1_5_r45,3_1_4_r10,3_3_r3,3_1_3_r6,3_1_3_r7,3_1_4_r20,1_1_1_1_r3,3_1_3_r3,3_1_3_r8,3_3_r23,3_3_r10,3_4_r8  self=-
      answer final: (-(2*a^3*log(c*(b*x^2+a)^p)^3)+x^6*(b^3*(6*p*log((b*x^2)/(b*x^2+a))+6*p)*log(c*(b*x^2+a)^p)^2+b^3*(-(6*p^2*log((b*x^2)/(b*x^2+a)))-12*p^2*log(-((b*x^2)/a))+(-(12*polylog(2,a/(b*x^2+a)))-6)*p^2)*log(c*(b*x^2+a)^p)+b^3*(12*p^3*'integrate(polylog(2,a/(b*x^2+a))/(b*x^2+a),b*x^2+a)+6*p^3*log(-x^2)+(6*pol...
  3 Logarithms/3.4 u (a+b log(c (d+e x^m)^n))^p.mac e131  record verified 6.7s -> unverified 2.9s  | P0 core verified 6.4s top=3_5_r7  | final30 unverified 2.6s top=3_4_r8  | final120 -
      fires P0: 1_4_1_r19,3_5_r7
      fires final: 3_1_5_r45,3_3_r46,3_3_r8,3_4_r8  self=-
      answer final: (log(-((e*x^3)/d))*log(c*(e*x^3+d)^p)^2+2*polylog(2,(e*x^3+d)/d)*p*log(c*(e*x^3+d)^p)-2*p^2*'integrate(polylog(2,(e*x^3+d)/d)/(e*x^3+d),e*x^3+d))/3
  3 Logarithms/3.4 u (a+b log(c (d+e x^m)^n))^p.mac e411  record verified 7.0s -> unverified 4.0s  | P0 core verified 7.0s top=3_4_r8  | final30 unverified 2.8s top=3_4_r8  | final120 -
      fires P0: 3_3_r8,3_4_r8
      fires final: 3_1_5_r45,3_3_r46,3_3_r8,3_4_r8  self=-
      answer final: 2*(log(c*(e*sqrt(x)+d)^n)*(2*a*b*log(-((e*sqrt(x))/d))+2*polylog(2,(e*sqrt(x)+d)/d)*b^2*n)+b^2*log(c*(e*sqrt(x)+d)^n)^2*log(-((e*sqrt(x))/d))+a^2*log(-((e*sqrt(x))/d))-2*b^2*n^2*'integrate(polylog(2,(e*sqrt(x)+d)/d)/(e*sqrt(x)+d),e*sqrt(x)+d)+2*polylog(2,(e*sqrt(x)+d)/d)*a*b*n)
  3 Logarithms/3.4 u (a+b log(c (d+e x^m)^n))^p.mac e418  record verified 6.7s -> unverified 9.4s  | P0 core verified 7.1s top=3_4_r8  | final30 unverified 8.2s top=3_4_r8  | final120 -
      fires P0: 3_3_r31,3_3_r8,3_4_r8
      fires final: 3_1_5_r54,3_1_5_r45,3_3_r46,3_3_r8,3_4_r8  self=-
      answer final: 2*(log(c*(e*sqrt(x)+d)^n)^2*(3*a*b^2*log(-((e*sqrt(x))/d))+3*polylog(2,(e*sqrt(x)+d)/d)*b^3*n)+log(c*(e*sqrt(x)+d)^n)*(3*a^2*b*log(-((e*sqrt(x))/d))-6*polylog(3,(e*sqrt(x)+d)/d)*b^3*n^2+6*polylog(2,(e*sqrt(x)+d)/d)*a*b^2*n)+b^3*log(c*(e*sqrt(x)+d)^n)^3*log(-((e*sqrt(x))/d))+a^3*log(-((e*sqrt(x))/d))...
  3 Logarithms/3.4 u (a+b log(c (d+e x^m)^n))^p.mac e432  record verified 7.1s -> unverified 4.2s  | P0 core verified 6.8s top=3_4_r8  | final30 unverified 4.1s top=3_4_r8  | final120 -
      fires P0: 3_3_r8,3_4_r8
      fires final: 3_1_5_r45,3_3_r46,3_3_r8,3_4_r8  self=-
      answer final: -(2*(b^2*(-(2*n^2*'integrate((polylog(2,(d*sqrt(x)+e)/(d*sqrt(x)))*sqrt(x))/(d*sqrt(x)+e),(d*sqrt(x)+e)/sqrt(x)))+log(c*((d*sqrt(x)+e)/sqrt(x))^n)^2*log(-(e/(d*sqrt(x))))+2*polylog(2,(d*sqrt(x)+e)/(d*sqrt(x)))*n*log(c*((d*sqrt(x)+e)/sqrt(x))^n))+a*b*(2*log(c*((d*sqrt(x)+e)/sqrt(x))^n)*log(-(e/(d*sqr...
  3 Logarithms/3.4 u (a+b log(c (d+e x^m)^n))^p.mac e453  record verified 7.6s -> unverified 2.1s  | P0 core verified 7.1s top=3_4_r8  | final30 unverified 2.8s top=3_4_r8  | final120 -
      fires P0: 3_3_r8,3_4_r8
      fires final: 3_1_5_r45,3_3_r46,3_3_r8,3_4_r8  self=-
      answer final: 3*(log(c*(e*x^(1/3)+d)^n)*(2*a*b*log(-((e*x^(1/3))/d))+2*polylog(2,(e*x^(1/3)+d)/d)*b^2*n)+b^2*log(c*(e*x^(1/3)+d)^n)^2*log(-((e*x^(1/3))/d))+a^2*log(-((e*x^(1/3))/d))-2*b^2*n^2*'integrate(polylog(2,(e*x^(1/3)+d)/d)/(e*x^(1/3)+d),e*x^(1/3)+d)+2*polylog(2,(e*x^(1/3)+d)/d)*a*b*n)
  3 Logarithms/3.4 u (a+b log(c (d+e x^m)^n))^p.mac e460  record verified 6.5s -> unverified 6.3s  | P0 core verified 6.7s top=3_4_r8  | final30 unverified 7.6s top=3_4_r8  | final120 -
      fires P0: 3_3_r31,3_3_r8,3_4_r8
      fires final: 3_1_5_r54,3_1_5_r45,3_3_r46,3_3_r8,3_4_r8  self=-
      answer final: 3*(log(c*(e*x^(1/3)+d)^n)^2*(3*a*b^2*log(-((e*x^(1/3))/d))+3*polylog(2,(e*x^(1/3)+d)/d)*b^3*n)+log(c*(e*x^(1/3)+d)^n)*(3*a^2*b*log(-((e*x^(1/3))/d))-6*polylog(3,(e*x^(1/3)+d)/d)*b^3*n^2+6*polylog(2,(e*x^(1/3)+d)/d)*a*b^2*n)+b^3*log(c*(e*x^(1/3)+d)^n)^3*log(-((e*x^(1/3))/d))+a^3*log(-((e*x^(1/3))/d))...
  3 Logarithms/3.4 u (a+b log(c (d+e x^m)^n))^p.mac e473  record verified 6.4s -> unverified 2.1s  | P0 core verified 7.0s top=3_4_r8  | final30 unverified 2.9s top=3_4_r8  | final120 -
      fires P0: 3_3_r8,3_4_r8
      fires final: 3_1_5_r45,3_3_r46,3_3_r8,3_4_r8  self=-
      answer final: (3*(log(c*(e*x^(2/3)+d)^n)*(2*a*b*log(-((e*x^(2/3))/d))+2*polylog(2,(e*x^(2/3)+d)/d)*b^2*n)+b^2*log(c*(e*x^(2/3)+d)^n)^2*log(-((e*x^(2/3))/d))+a^2*log(-((e*x^(2/3))/d))-2*b^2*n^2*'integrate(polylog(2,(e*x^(2/3)+d)/d)/(e*x^(2/3)+d),e*x^(2/3)+d)+2*polylog(2,(e*x^(2/3)+d)/d)*a*b*n))/2
  3 Logarithms/3.4 u (a+b log(c (d+e x^m)^n))^p.mac e483  record verified 5.4s -> unverified 3.3s  | P0 core verified 6.4s top=3_4_r8  | final30 unverified 4.6s top=3_4_r8  | final120 -
      fires P0: 3_3_r31,3_3_r8,3_4_r8
      fires final: 3_1_5_r54,3_1_5_r45,3_3_r46,3_3_r8,3_4_r8  self=-
      answer final: (3*(log(c*(e*x^(2/3)+d)^n)^2*(3*a*b^2*log(-((e*x^(2/3))/d))+3*polylog(2,(e*x^(2/3)+d)/d)*b^3*n)+log(c*(e*x^(2/3)+d)^n)*(3*a^2*b*log(-((e*x^(2/3))/d))-6*polylog(3,(e*x^(2/3)+d)/d)*b^3*n^2+6*polylog(2,(e*x^(2/3)+d)/d)*a*b^2*n)+b^3*log(c*(e*x^(2/3)+d)^n)^3*log(-((e*x^(2/3))/d))+a^3*log(-((e*x^(2/3))/d)...
  3 Logarithms/3.4 u (a+b log(c (d+e x^m)^n))^p.mac e500  record verified 6.2s -> unverified 2.1s  | P0 core verified 7.1s top=3_4_r8  | final30 unverified 2.8s top=3_4_r8  | final120 -
      fires P0: 3_3_r8,3_4_r8
      fires final: 3_1_5_r45,3_3_r46,3_3_r8,3_4_r8  self=-
      answer final: -(3*(b^2*(-(2*n^2*'integrate((polylog(2,(d*x^(1/3)+e)/(d*x^(1/3)))*x^(1/3))/(d*x^(1/3)+e),(d*x^(1/3)+e)/x^(1/3)))+log(c*((d*x^(1/3)+e)/x^(1/3))^n)^2*log(-(e/(d*x^(1/3))))+2*polylog(2,(d*x^(1/3)+e)/(d*x^(1/3)))*n*log(c*((d*x^(1/3)+e)/x^(1/3))^n))+a*b*(2*log(c*((d*x^(1/3)+e)/x^(1/3))^n)*log(-(e/(d*x^(...
  3 Logarithms/3.4 u (a+b log(c (d+e x^m)^n))^p.mac e505  record verified 5.3s -> unverified 3.2s  | P0 core verified 6.4s top=3_4_r8  | final30 unverified 4.6s top=3_4_r8  | final120 -
      fires P0: 3_3_r31,3_3_r8,3_4_r8
      fires final: 3_1_5_r54,3_1_5_r45,3_3_r46,3_3_r8,3_4_r8  self=-
      answer final: -(3*(b^3*(6*n^3*'integrate((polylog(3,(d*x^(1/3)+e)/(d*x^(1/3)))*x^(1/3))/(d*x^(1/3)+e),(d*x^(1/3)+e)/x^(1/3))+log(c*((d*x^(1/3)+e)/x^(1/3))^n)^3*log(-(e/(d*x^(1/3))))+3*polylog(2,(d*x^(1/3)+e)/(d*x^(1/3)))*n*log(c*((d*x^(1/3)+e)/x^(1/3))^n)^2-6*polylog(3,(d*x^(1/3)+e)/(d*x^(1/3)))*n^2*log(c*((d*x^(...
  3 Logarithms/3.4 u (a+b log(c (d+e x^m)^n))^p.mac e518  record verified 5.4s -> unverified 2.0s  | P0 core verified 6.8s top=3_4_r8  | final30 unverified 2.9s top=3_4_r8  | final120 -
      fires P0: 3_3_r8,3_4_r8
      fires final: 3_1_5_r45,3_3_r46,3_3_r8,3_4_r8  self=-
      answer final: -((3*(b^2*(-(2*n^2*'integrate((polylog(2,(d*x^(2/3)+e)/(d*x^(2/3)))*x^(2/3))/(d*x^(2/3)+e),(d*x^(2/3)+e)/x^(2/3)))+log(c*((d*x^(2/3)+e)/x^(2/3))^n)^2*log(-(e/(d*x^(2/3))))+2*polylog(2,(d*x^(2/3)+e)/(d*x^(2/3)))*n*log(c*((d*x^(2/3)+e)/x^(2/3))^n))+a*b*(2*log(c*((d*x^(2/3)+e)/x^(2/3))^n)*log(-(e/(d*x^...
  3 Logarithms/3.4 u (a+b log(c (d+e x^m)^n))^p.mac e526  record verified 4.6s -> unverified 3.7s  | P0 core verified 6.0s top=3_4_r8  | final30 unverified 4.8s top=3_4_r8  | final120 -
      fires P0: 3_3_r31,3_3_r8,3_4_r8
      fires final: 3_1_5_r54,3_1_5_r45,3_3_r46,3_3_r8,3_4_r8  self=-
      answer final: -((3*(b^3*(6*n^3*'integrate((polylog(3,(d*x^(2/3)+e)/(d*x^(2/3)))*x^(2/3))/(d*x^(2/3)+e),(d*x^(2/3)+e)/x^(2/3))+log(c*((d*x^(2/3)+e)/x^(2/3))^n)^3*log(-(e/(d*x^(2/3))))+3*polylog(2,(d*x^(2/3)+e)/(d*x^(2/3)))*n*log(c*((d*x^(2/3)+e)/x^(2/3))^n)^2-6*polylog(3,(d*x^(2/3)+e)/(d*x^(2/3)))*n^2*log(c*((d*x^...

GROUP g2  deterministic  13 entries  final contains-noun top=3_2_2_r3
  3 Logarithms/3.2.2 (f+g x)^m (h+i x)^q (A+B log(e ((a+b x) over (c+d x))^n))^p.mac e122  record verified 3.1s -> contains-noun 2.7s  | P0 core verified 3.7s top=3_2_2_r3  | final30 contains-noun 3.6s top=3_2_2_r3  | final120 -
      fires P0: 1_4_2_r25,3_2_2_r3
      fires final: 1_1_1_2_r13,3_1_4_r27,3_2_2_r3  self=-
  3 Logarithms/3.2.2 (f+g x)^m (h+i x)^q (A+B log(e ((a+b x) over (c+d x))^n))^p.mac e132  record verified 4.1s -> contains-noun 2.6s  | P0 core verified 3.6s top=3_2_2_r3  | final30 contains-noun 3.7s top=3_2_2_r3  | final120 -
      fires P0: 1_4_2_r25,3_2_2_r3
      fires final: 1_1_1_2_r13,3_1_4_r27,3_2_2_r3  self=-
  3 Logarithms/3.2.2 (f+g x)^m (h+i x)^q (A+B log(e ((a+b x) over (c+d x))^n))^p.mac e133  record verified 4.0s -> contains-noun 2.5s  | P0 core verified 3.6s top=3_2_2_r3  | final30 contains-noun 3.4s top=3_2_2_r3  | final120 -
      fires P0: 1_4_2_r25,3_2_2_r3
      fires final: 1_1_1_2_r13,3_1_4_r27,3_2_2_r3  self=-
  3 Logarithms/3.2.2 (f+g x)^m (h+i x)^q (A+B log(e ((a+b x) over (c+d x))^n))^p.mac e143  record verified 3.2s -> contains-noun 4.4s  | P0 core verified 3.6s top=3_2_2_r3  | final30 contains-noun 6.1s top=3_2_2_r3  | final120 -
      fires P0: 1_4_2_r25,3_2_2_r3
      fires final: 1_1_1_2_r12,3_1_4_r27,3_1_4_r15,3_2_2_r3  self=-
  3 Logarithms/3.2.2 (f+g x)^m (h+i x)^q (A+B log(e ((a+b x) over (c+d x))^n))^p.mac e144  record verified 3.3s -> contains-noun 3.2s  | P0 core verified 3.5s top=3_2_2_r3  | final30 contains-noun 4.6s top=3_2_2_r3  | final120 -
      fires P0: 1_4_2_r25,3_2_2_r3
      fires final: 1_1_1_2_r12,3_1_4_r27,3_1_4_r15,3_2_2_r3  self=-
  3 Logarithms/3.2.2 (f+g x)^m (h+i x)^q (A+B log(e ((a+b x) over (c+d x))^n))^p.mac e145  record verified 4.2s -> contains-noun 1.5s  | P0 core verified 3.5s top=3_2_2_r3  | final30 contains-noun 2.4s top=3_2_2_r3  | final120 -
      fires P0: 3_2_2_r3
      fires final: 1_1_1_2_r12,3_1_4_r27,3_2_2_r3  self=-
  3 Logarithms/3.2.2 (f+g x)^m (h+i x)^q (A+B log(e ((a+b x) over (c+d x))^n))^p.mac e151  record verified 3.2s -> contains-noun 3.6s  | P0 core verified 3.8s top=3_2_2_r3  | final30 contains-noun 5.2s top=3_2_2_r3  | final120 -
      fires P0: 1_4_2_r25,3_2_2_r3
      fires final: 1_1_1_2_r12,3_1_4_r27,3_1_4_r15,3_2_2_r3  self=-
  3 Logarithms/3.2.2 (f+g x)^m (h+i x)^q (A+B log(e ((a+b x) over (c+d x))^n))^p.mac e152  record verified 3.1s -> contains-noun 2.4s  | P0 core verified 3.4s top=3_2_2_r3  | final30 contains-noun 3.4s top=3_2_2_r3  | final120 -
      fires P0: 1_4_2_r25,3_2_2_r3
      fires final: 1_1_1_2_r12,3_1_4_r27,3_2_2_r3  self=-
  3 Logarithms/3.2.2 (f+g x)^m (h+i x)^q (A+B log(e ((a+b x) over (c+d x))^n))^p.mac e173  record verified 3.1s -> contains-noun 4.4s  | P0 core verified 3.1s top=3_2_2_r3  | final30 contains-noun 5.7s top=3_2_2_r3  | final120 -
      fires P0: 3_1_5_r29,3_2_2_r3
      fires final: 3_1_4_r27,3_2_2_r3  self=-
  3 Logarithms/3.2.2 (f+g x)^m (h+i x)^q (A+B log(e ((a+b x) over (c+d x))^n))^p.mac e183  record verified 2.6s -> contains-noun 4.3s  | P0 core verified 3.3s top=3_2_2_r3  | final30 contains-noun 5.9s top=3_2_2_r3  | final120 -
      fires P0: 3_1_5_r29,3_2_2_r3
      fires final: 3_1_4_r27,3_2_2_r3  self=-
  3 Logarithms/3.2.2 (f+g x)^m (h+i x)^q (A+B log(e ((a+b x) over (c+d x))^n))^p.mac e184  record verified 3.1s -> contains-noun 4.4s  | P0 core verified 3.1s top=3_2_2_r3  | final30 contains-noun 5.7s top=3_2_2_r3  | final120 -
      fires P0: 3_1_5_r29,3_2_2_r3
      fires final: 3_1_4_r27,3_2_2_r3  self=-
  3 Logarithms/3.2.2 (f+g x)^m (h+i x)^q (A+B log(e ((a+b x) over (c+d x))^n))^p.mac e196  record verified 2.3s -> contains-noun 2.8s  | P0 core verified 3.0s top=3_2_2_r3  | final30 contains-noun 3.8s top=3_2_2_r3  | final120 -
      fires P0: 3_1_5_r29,3_2_2_r3
      fires final: 3_1_4_r27,3_2_2_r3  self=-
  3 Logarithms/3.2.2 (f+g x)^m (h+i x)^q (A+B log(e ((a+b x) over (c+d x))^n))^p.mac e203  record verified 2.2s -> contains-noun 4.2s  | P0 core verified 3.1s top=3_2_2_r3  | final30 contains-noun 5.7s top=3_2_2_r3  | final120 -
      fires P0: 3_1_5_r29,3_2_2_r3
      fires final: 3_1_4_r27,3_2_2_r3  self=-

GROUP g3  deterministic  13 entries  final deferred top=3_1_4_r27
  3 Logarithms/3.1.4 (f x)^m (d+e x^r)^q (a+b log(c x^n))^p.mac e92  record verified 1.1s -> deferred 2.4s  | P0 core verified 1.6s top=3_1_5_r29  | final30 deferred 2.4s top=3_1_4_r27  | final120 -
      fires P0: 3_1_5_r29
      fires final: 3_1_4_r27  self=-
  3 Logarithms/3.1.4 (f x)^m (d+e x^r)^q (a+b log(c x^n))^p.mac e93  record verified 1.2s -> deferred 2.6s  | P0 core verified 1.5s top=3_1_5_r29  | final30 deferred 2.2s top=3_1_4_r27  | final120 -
      fires P0: 3_1_5_r29
      fires final: 3_1_4_r27  self=-
  3 Logarithms/3.1.4 (f x)^m (d+e x^r)^q (a+b log(c x^n))^p.mac e94  record verified 1.4s -> deferred 1.7s  | P0 core verified 1.4s top=3_1_5_r29  | final30 deferred 1.5s top=3_1_4_r27  | final120 -
      fires P0: 3_1_5_r29
      fires final: 3_1_4_r27  self=-
  3 Logarithms/3.1.4 (f x)^m (d+e x^r)^q (a+b log(c x^n))^p.mac e105  record verified 1.2s -> deferred 2.2s  | P0 core verified 1.6s top=3_1_5_r29  | final30 deferred 2.2s top=3_1_4_r27  | final120 -
      fires P0: 3_1_5_r29
      fires final: 3_1_4_r27  self=-
  3 Logarithms/3.1.4 (f x)^m (d+e x^r)^q (a+b log(c x^n))^p.mac e106  record verified 1.2s -> deferred 2.5s  | P0 core verified 1.7s top=3_1_5_r29  | final30 deferred 2.2s top=3_1_4_r27  | final120 -
      fires P0: 3_1_5_r29
      fires final: 3_1_4_r27  self=-
  3 Logarithms/3.1.4 (f x)^m (d+e x^r)^q (a+b log(c x^n))^p.mac e112  record verified 1.2s -> deferred 2.1s  | P0 core verified 1.6s top=3_1_5_r29  | final30 deferred 2.2s top=3_1_4_r27  | final120 -
      fires P0: 3_1_5_r29
      fires final: 3_1_4_r27  self=-
  3 Logarithms/3.1.4 (f x)^m (d+e x^r)^q (a+b log(c x^n))^p.mac e119  record verified 1.1s -> deferred 2.0s  | P0 core verified 1.7s top=3_1_5_r29  | final30 deferred 2.2s top=3_1_4_r27  | final120 -
      fires P0: 3_1_5_r29
      fires final: 3_1_4_r27  self=-
  3 Logarithms/3.1.4 (f x)^m (d+e x^r)^q (a+b log(c x^n))^p.mac e355  record verified 6.7s -> deferred 1.7s  | P0 core verified 5.8s top=9_1_r16  | final30 deferred 1.3s top=3_1_4_r27  | final120 -
      fires P0: 9_1_r16
      fires final: 3_1_4_r27  self=-
  3 Logarithms/3.1.4 (f x)^m (d+e x^r)^q (a+b log(c x^n))^p.mac e363  record verified 5.9s -> deferred 2.3s  | P0 core verified 5.5s top=9_1_r16  | final30 deferred 2.3s top=3_1_4_r27  | final120 -
      fires P0: 9_1_r16
      fires final: 3_1_4_r27  self=-
  3 Logarithms/3.1.4 (f x)^m (d+e x^r)^q (a+b log(c x^n))^p.mac e364  record verified 6.6s -> deferred 2.6s  | P0 core verified 6.2s top=9_1_r16  | final30 deferred 2.5s top=3_1_4_r27  | final120 -
      fires P0: 9_1_r16
      fires final: 3_1_4_r27  self=-
  3 Logarithms/3.1.4 (f x)^m (d+e x^r)^q (a+b log(c x^n))^p.mac e427  record verified 6.6s -> deferred 2.4s  | P0 core verified 8.4s top=3_5_r44  | final30 deferred 2.2s top=3_1_4_r27  | final120 -
      fires P0: 3_5_r44
      fires final: 3_1_4_r27  self=-
  3 Logarithms/3.1.4 (f x)^m (d+e x^r)^q (a+b log(c x^n))^p.mac e428  record verified 6.3s -> deferred 2.5s  | P0 core verified 8.7s top=3_5_r44  | final30 deferred 2.2s top=3_1_4_r27  | final120 -
      fires P0: 3_5_r44
      fires final: 3_1_4_r27  self=-
  3 Logarithms/3.1.4 (f x)^m (d+e x^r)^q (a+b log(c x^n))^p.mac e429  record verified 6.8s -> deferred 1.5s  | P0 core verified 9.0s top=3_5_r44  | final30 deferred 1.3s top=3_1_4_r27  | final120 -
      fires P0: 3_5_r44
      fires final: 3_1_4_r27  self=-

GROUP g4  deterministic  7 entries  final contains-noun top=3_1_4_r15
  3 Logarithms/3.1.4 (f x)^m (d+e x^r)^q (a+b log(c x^n))^p.mac e39  record verified 9.1s -> contains-noun 3.6s  | P0 core verified 8.0s top=3_1_4_r15  | final30 contains-noun 3.1s top=3_1_4_r15  | final120 -
      fires P0: 3_1_4_r15
      fires final: 1_1_1_2_r12,3_1_4_r27,3_1_4_r15  self=-
  3 Logarithms/3.1.4 (f x)^m (d+e x^r)^q (a+b log(c x^n))^p.mac e40  record verified 7.2s -> contains-noun 3.5s  | P0 core verified 7.3s top=3_1_4_r15  | final30 contains-noun 2.4s top=3_1_4_r15  | final120 -
      fires P0: 3_1_4_r15
      fires final: 1_1_1_2_r12,3_1_4_r27,3_1_4_r15  self=-
  3 Logarithms/3.1.4 (f x)^m (d+e x^r)^q (a+b log(c x^n))^p.mac e46  record verified 8.9s -> contains-noun 4.9s  | P0 core verified 8.3s top=3_1_4_r15  | final30 contains-noun 4.0s top=3_1_4_r15  | final120 -
      fires P0: 3_1_4_r15
      fires final: 1_1_1_2_r12,3_1_4_r27,3_1_4_r15  self=-
  3 Logarithms/3.1.4 (f x)^m (d+e x^r)^q (a+b log(c x^n))^p.mac e53  record verified 8.9s -> contains-noun 7.2s  | P0 core verified 8.0s top=3_1_4_r15  | final30 contains-noun 6.3s top=3_1_4_r15  | final120 -
      fires P0: 3_1_4_r15
      fires final: 1_1_1_2_r12,3_1_4_r27,3_1_4_r15  self=-
  3 Logarithms/3.1.4 (f x)^m (d+e x^r)^q (a+b log(c x^n))^p.mac e54  record verified 9.4s -> contains-noun 7.3s  | P0 core verified 8.4s top=3_1_4_r15  | final30 contains-noun 5.6s top=3_1_4_r15  | final120 -
      fires P0: 3_1_4_r15
      fires final: 1_1_1_2_r12,3_1_4_r27,3_1_4_r15  self=-
  3 Logarithms/3.1.4 (f x)^m (d+e x^r)^q (a+b log(c x^n))^p.mac e62  record verified 8.9s -> contains-noun 15.5s  | P0 core verified 8.3s top=3_1_4_r15  | final30 contains-noun 12.9s top=3_1_4_r15  | final120 -
      fires P0: 3_1_4_r15
      fires final: 1_1_1_2_r12,3_1_4_r27,3_1_4_r15  self=-
  3 Logarithms/3.1.4 (f x)^m (d+e x^r)^q (a+b log(c x^n))^p.mac e63  record verified 8.8s -> contains-noun 14.0s  | P0 core verified 8.2s top=3_1_4_r15  | final30 contains-noun 11.7s top=3_1_4_r15  | final120 -
      fires P0: 3_1_4_r15
      fires final: 1_1_1_2_r12,3_1_4_r27,3_1_4_r15  self=-

GROUP g5  deterministic  7 entries  final timeout top=3_4_r8
  3 Logarithms/3.4 u (a+b log(c (d+e x^m)^n))^p.mac e419  record verified 4.4s -> timeout 30.0s  | P0 core verified 4.5s top=3_4_r8  | final30 timeout 30.0s top=3_4_r8  | final120 timeout 120.1s top=3_4_r8
      fires P0: 3_3_r31,3_4_r8
      fires final: 3_1_5_r45,3_1_4_r10,3_3_r3,3_1_3_r6,3_1_3_r7,3_1_4_r20,3_3_r23,3_3_r10,3_4_r8  self=-
  3 Logarithms/3.4 u (a+b log(c (d+e x^m)^n))^p.mac e420  record verified 4.7s -> timeout 30.0s  | P0 core verified 4.5s top=3_4_r8  | final30 timeout 30.0s top=3_4_r8  | final120 timeout 120.2s top=3_4_r8
      fires P0: 3_3_r31,3_4_r8
      fires final: 3_1_5_r45,3_1_4_r10,3_3_r3,3_1_3_r6,3_1_3_r7,3_1_4_r20,1_1_1_1_r3,3_1_3_r3,3_1_3_r8,1_1_1_1_r1,1_1_1_2_r3,1_1_1_2_r14,3_3_r23,3_3_r10,3_4_r8  self=-
  3 Logarithms/3.4 u (a+b log(c (d+e x^m)^n))^p.mac e436  record verified 2.8s -> timeout 30.0s  | P0 core verified 3.0s top=3_4_r8  | final30 timeout 30.0s top=3_4_r8  | final120 timeout 120.3s top=3_4_r8
      fires P0: 3_3_r31,3_4_r8
      fires final: 3_1_5_r45,3_1_4_r10,3_3_r3,3_1_3_r6,3_1_3_r7,3_1_4_r20,1_1_1_1_r3,3_1_3_r3,3_1_3_r8,1_1_1_1_r1,1_1_1_2_r3,1_1_1_2_r14,3_3_r23,3_3_r10,3_4_r8  self=-
  3 Logarithms/3.4 u (a+b log(c (d+e x^m)^n))^p.mac e438  record verified 6.7s -> timeout 30.0s  | P0 core verified 6.4s top=3_4_r8  | final30 timeout 30.0s top=3_4_r8  | final120 unverified 76.6s top=3_4_r8
      fires P0: 3_3_r31,3_3_r8,3_4_r8
      fires final: 3_1_5_r54,3_1_5_r45,3_3_r46,3_3_r8,3_4_r8  self=-
  3 Logarithms/3.4 u (a+b log(c (d+e x^m)^n))^p.mac e461  record verified 4.7s -> timeout 30.0s  | P0 core verified 4.3s top=3_4_r8  | final30 timeout 30.0s top=3_4_r8  | final120 timeout 120.3s top=3_4_r8
      fires P0: 3_3_r31,3_4_r8
      fires final: 3_1_5_r45,3_1_4_r10,3_3_r3,3_1_3_r6,3_1_3_r7,3_1_4_r20,1_1_1_1_r3,3_1_3_r3,3_1_3_r8,3_3_r23,3_3_r10,3_4_r8  self=-
  3 Logarithms/3.4 u (a+b log(c (d+e x^m)^n))^p.mac e484  record verified 3.7s -> timeout 30.0s  | P0 core verified 4.6s top=3_4_r8  | final30 timeout 30.0s top=3_4_r8  | final120 timeout 120.3s top=3_4_r8
      fires P0: 3_3_r31,3_4_r8
      fires final: 3_1_5_r45,3_1_4_r10,3_3_r3,3_1_3_r6,3_1_3_r7,3_1_4_r20,1_1_1_1_r3,3_1_3_r3,3_1_3_r8,3_3_r23,3_3_r10,3_4_r8  self=-
  3 Logarithms/3.4 u (a+b log(c (d+e x^m)^n))^p.mac e525  record verified 2.0s -> unverified 23.1s  | P0 core verified 3.2s top=3_4_r8  | final30 timeout 30.0s top=3_4_r8  | final120 -
      fires P0: 3_3_r31,3_4_r8
      fires final: 3_1_5_r45,3_1_4_r10,3_3_r3,3_1_3_r6,3_1_3_r7,3_1_4_r20,1_1_1_1_r3,3_1_3_r3,3_1_3_r8,3_3_r23,3_3_r10,3_4_r8  self=-

GROUP g6  deterministic  7 entries  final unverified top=3_1_5_r47
  3 Logarithms/3.1.5 u (a+b log(c x^n))^p.mac e24  record verified 9.1s -> unverified 1.6s  | P0 core verified 8.3s top=3_1_5_r47  | final30 unverified 1.4s top=3_1_5_r47  | final120 -
      fires P0: 1_2_1_6_r1,3_5_r34,1_4_1_r20,3_5_r37,1_4_1_r7,3_1_5_r47
      fires final: 1_1_1_2_r12,3_3_r7,3_4_r8,1_4_1_r18,3_1_5_r47  self=-
      answer final: ((d^2*f^2*x^4*(2*log(d*f*x^2+1)-1)-2*log(d*f*x^2+1)+2*d*f*x^2)*(b*log(c*x^n)+a))/(8*d^2*f^2)-(b*n*(-(log(-((x*(d^2*f^2*x^4*(2*log(d*f*x^2+1)-1)-2*log(d*f*x^2+1)+2*d*f*x^2))/(8*d*f^2)))*log((x*(d^2*f^2*x^4*(2*log(d*f*x^2+1)-1)-2*log(d*f*x^2+1)+2*d*f*x^2))/(8*d*f^2)+1))-li[2]((x*(d^2*f^2*x^4*(2*log(d*...
  3 Logarithms/3.1.5 u (a+b log(c x^n))^p.mac e27  record verified 6.7s -> unverified 1.6s  | P0 core verified 6.4s top=3_1_5_r47  | final30 unverified 1.7s top=3_1_5_r47  | final120 -
      fires P0: 1_4_1_r25,3_5_r34,1_4_1_r20,3_5_r37,1_4_1_r7,3_1_5_r47
      fires final: 1_1_1_1_r1,1_1_1_1_r3,1_1_1_2_r3,3_3_r7,3_4_r8,1_4_1_r18,3_1_5_r47  self=-
      answer final: (b*n*((d*f*(log((d*(d*f*x^2*(log((d*f*x^2+1)/d)-2*log(x))+log(d*f*x^2+1)))/(2*x))*log(1-(d*(d*f*x^2*(log((d*f*x^2+1)/d)-2*log(x))+log(d*f*x^2+1)))/(2*x))+li[2](1-(d*(d*f*x^2*(log((d*f*x^2+1)/d)-2*log(x))+log(d*f*x^2+1)))/(2*x))))/2-((d*f*x^2+1)*log(d*f*x^2+1))/(2*x^2)-(d*f*log(x^2)^2)/4+d*(f-log(d)*...
  3 Logarithms/3.1.5 u (a+b log(c x^n))^p.mac e50  record verified 8.3s -> unverified 5.4s  | P0 core verified 7.4s top=3_1_5_r47  | final30 unverified 4.4s top=3_1_5_r47  | final120 -
      fires P0: 3_5_r34,1_4_1_r7,3_1_5_r47
      fires final: 1_1_1_2_r13,3_3_r7,3_4_r8,1_4_1_r18,1_4_1_r7,1_4_1_r9,9_1_r12,3_1_5_r47  self=-
      answer final: (b*n*((d^2*f^2*log(x)^2)/2-2*d^2*f^2*(log(d*f*sqrt(x)+1)*log(x)-2*((log(d*f*sqrt(x)+1)*log(x))/2-log(-((2*d^3*f^2*log(d*f*sqrt(x)+1))/sqrt(x)))*log((2*d^3*f^2*log(d*f*sqrt(x)+1))/sqrt(x)+1)-li[2]((2*d^3*f^2*log(d*f*sqrt(x)+1))/sqrt(x)+1)))+4*((d*f*(-((d*f*log(x))/2)-1/sqrt(x)+d*f*log(d*f*sqrt(x)+1))...
  3 Logarithms/3.1.5 u (a+b log(c x^n))^p.mac e52  record verified 7.8s -> unverified 9.5s  | P0 core verified 8.2s top=3_1_5_r47  | final30 unverified 8.1s top=3_1_5_r47  | final120 -
      fires P0: 3_5_r34,1_4_1_r20,3_5_r37,1_4_1_r7,3_1_5_r47
      fires final: 1_1_1_2_r13,3_3_r7,3_4_r8,1_4_1_r18,1_4_1_r7,1_4_1_r9,9_1_r12,3_1_5_r47  self=-
      answer final: (b*n*(15*d^6*f^6*log(x)^2-60*d^6*f^6*(log(d*f*sqrt(x)+1)*log(x)-2*((log(d*f*sqrt(x)+1)*log(x))/2-log(-((60*d^7*f^6*log(d*f*sqrt(x)+1))/sqrt(x)))*log((60*d^7*f^6*log(d*f*sqrt(x)+1))/sqrt(x)+1)-li[2]((60*d^7*f^6*log(d*f*sqrt(x)+1))/sqrt(x)+1)))+120*((d*f*(-((d^5*f^5*log(x))/2)-(60*d^4*f^4*x^2-30*d^3*f...
  3 Logarithms/3.1.5 u (a+b log(c x^n))^p.mac e90  record verified 8.4s -> unverified 2.9s  | P0 core verified 7.9s top=3_1_5_r47  | final30 unverified 2.4s top=3_1_5_r47  | final120 -
      fires P0: 1_2_1_6_r1,3_5_r34,1_4_1_r20,3_5_r37,1_4_1_r7,3_1_5_r47
      fires final: 1_1_1_2_r12,3_3_r7,3_4_r8,1_4_1_r18,3_1_5_r47  self=-
      answer final: ((b*log(c*x^n)+a)*(2*f^2*x^4*log(d*(f*x^2+e)^m)-2*e^2*m*log(f*x^2+e)-f^2*m*x^4+2*e*f*m*x^2))/(8*f^2)-(b*n*(-(e^2*m*(log((x*(2*f^2*x^4*log(d*(f*x^2+e)^m)-2*e^2*m*log(f*x^2+e)-f^2*m*x^4+2*e*f*m*x^2))/(8*f^2)+e)*log(1-((x*(2*f^2*x^4*log(d*(f*x^2+e)^m)-2*e^2*m*log(f*x^2+e)-f^2*m*x^4+2*e*f*m*x^2))/(8*f^2...
  3 Logarithms/3.1.5 u (a+b log(c x^n))^p.mac e93  record verified 7.2s -> unverified 2.1s  | P0 core verified 6.5s top=3_1_5_r47  | final30 unverified 2.1s top=3_1_5_r47  | final120 -
      fires P0: 1_4_1_r25,3_5_r34,1_4_1_r20,3_5_r37,1_4_1_r7,3_1_5_r47
      fires final: 1_1_1_1_r1,1_1_1_1_r3,1_1_1_2_r3,3_3_r7,3_4_r8,1_4_1_r18,3_1_5_r47  self=-
      answer final: (b*n*((f*m*(log(e-(e*log(d*(f*x^2+e)^m)+f*x^2*(m*log(f*x^2+e)-2*m*log(x)))/(2*e*x))*log(1-(e-(e*log(d*(f*x^2+e)^m)+f*x^2*(m*log(f*x^2+e)-2*m*log(x)))/(2*e*x))/e)+li[2]((e-(e*log(d*(f*x^2+e)^m)+f*x^2*(m*log(f*x^2+e)-2*m*log(x)))/(2*e*x))/e)))/2-((f*m*x^2+e*m)*log(f*x^2+e)+log(d)*e)/(2*x^2)-(f*m*log(x...
  3 Logarithms/3.1.5 u (a+b log(c x^n))^p.mac e94  record verified 6.4s -> unverified 3.2s  | P0 core verified 6.7s top=3_1_5_r47  | final30 unverified 2.3s top=3_1_5_r47  | final120 -
      fires P0: 1_4_1_r25,3_5_r34,1_4_1_r20,3_5_r37,1_4_1_r7,3_1_5_r47
      fires final: 1_1_1_2_r13,3_3_r7,3_4_r8,1_4_1_r18,3_1_5_r47  self=-
      answer final: (b*n*(-((f^2*m*(log(e-(e^2*log(d*(f*x^2+e)^m)+f^2*x^4*(2*m*log(x)-m*log(f*x^2+e))+e*f*m*x^2)/(4*e^2*x^3))*log(1-(e-(e^2*log(d*(f*x^2+e)^m)+f^2*x^4*(2*m*log(x)-m*log(f*x^2+e))+e*f*m*x^2)/(4*e^2*x^3))/e)+li[2]((e-(e^2*log(d*(f*x^2+e)^m)+f^2*x^4*(2*m*log(x)-m*log(f*x^2+e))+e*f*m*x^2)/(4*e^2*x^3))/e)))/...

GROUP g7  deterministic  6 entries  final contains-noun top=3_2_1_r19
  3 Logarithms/3.2.1 (f+g x)^m (A+B log(e ((a+b x) over (c+d x))^n))^p.mac e67  record verified 3.5s -> contains-noun 18.6s  | P0 core verified 3.3s top=3_2_1_r19  | final30 contains-noun 16.8s top=3_2_1_r19  | final120 -
      fires P0: 3_1_5_r28,3_2_1_r19
      fires final: 3_1_5_r30,3_1_4_r29,3_2_1_r19  self=-
  3 Logarithms/3.2.1 (f+g x)^m (A+B log(e ((a+b x) over (c+d x))^n))^p.mac e68  record verified 3.1s -> contains-noun 14.4s  | P0 core verified 2.9s top=3_2_1_r19  | final30 contains-noun 13.2s top=3_2_1_r19  | final120 -
      fires P0: 3_1_5_r28,3_2_1_r19
      fires final: 3_1_5_r30,3_1_4_r29,3_2_1_r19  self=-
  3 Logarithms/3.2.1 (f+g x)^m (A+B log(e ((a+b x) over (c+d x))^n))^p.mac e69  record verified 3.5s -> contains-noun 10.7s  | P0 core verified 3.0s top=3_2_1_r19  | final30 contains-noun 9.7s top=3_2_1_r19  | final120 -
      fires P0: 3_1_5_r28,3_2_1_r19
      fires final: 3_1_5_r30,3_1_4_r29,3_2_1_r19  self=-
  3 Logarithms/3.2.1 (f+g x)^m (A+B log(e ((a+b x) over (c+d x))^n))^p.mac e240  record verified 2.0s -> contains-noun 12.2s  | P0 core verified 3.1s top=3_2_1_r19  | final30 contains-noun 16.9s top=3_2_1_r19  | final120 -
      fires P0: 3_1_5_r28,3_2_1_r19
      fires final: 3_1_5_r30,3_1_4_r29,3_2_1_r19  self=-
  3 Logarithms/3.2.1 (f+g x)^m (A+B log(e ((a+b x) over (c+d x))^n))^p.mac e241  record verified 2.0s -> contains-noun 10.7s  | P0 core verified 2.9s top=3_2_1_r19  | final30 contains-noun 13.6s top=3_2_1_r19  | final120 -
      fires P0: 3_1_5_r28,3_2_1_r19
      fires final: 3_1_5_r30,3_1_4_r29,3_2_1_r19  self=-
  3 Logarithms/3.2.1 (f+g x)^m (A+B log(e ((a+b x) over (c+d x))^n))^p.mac e242  record verified 1.8s -> contains-noun 7.5s  | P0 core verified 2.9s top=3_2_1_r19  | final30 contains-noun 9.6s top=3_2_1_r19  | final120 -
      fires P0: 3_1_5_r28,3_2_1_r19
      fires final: 3_1_5_r30,3_1_4_r29,3_2_1_r19  self=-

GROUP g8  deterministic  6 entries  final contains-noun top=3_2_2_r15
  3 Logarithms/3.2.1 (f+g x)^m (A+B log(e ((a+b x) over (c+d x))^n))^p.mac e303  record verified 3.3s -> contains-noun 10.6s  | P0 core verified 5.2s top=3_2_2_r15  | final30 contains-noun 15.3s top=3_2_2_r15  | final120 -
      fires P0: 3_5_r8,3_2_2_r15
      fires final: 3_1_5_r30,3_1_4_r29,3_2_1_r19,3_2_2_r15  self=-
  3 Logarithms/3.2.1 (f+g x)^m (A+B log(e ((a+b x) over (c+d x))^n))^p.mac e304  record verified 2.7s -> contains-noun 7.6s  | P0 core verified 3.4s top=3_2_2_r15  | final30 contains-noun 10.6s top=3_2_2_r15  | final120 -
      fires P0: 3_5_r11,3_2_2_r15
      fires final: 3_1_5_r30,3_1_4_r29,3_2_1_r19,3_2_2_r15  self=-
  3 Logarithms/3.2.1 (f+g x)^m (A+B log(e ((a+b x) over (c+d x))^n))^p.mac e308  record verified 3.7s -> contains-noun 7.4s  | P0 core verified 5.7s top=3_2_2_r15  | final30 contains-noun 10.3s top=3_2_2_r15  | final120 -
      fires P0: 3_5_r8,3_2_2_r15
      fires final: 3_1_5_r30,3_1_4_r29,3_2_1_r19,3_2_2_r15  self=-
  3 Logarithms/3.2.1 (f+g x)^m (A+B log(e ((a+b x) over (c+d x))^n))^p.mac e309  record verified 3.8s -> contains-noun 15.8s  | P0 core verified 5.2s top=3_2_2_r15  | final30 contains-noun 21.6s top=3_2_2_r15  | final120 -
      fires P0: 3_5_r8,3_2_2_r15
      fires final: 3_1_5_r30,3_1_4_r29,3_2_1_r19,3_2_2_r15  self=-
  3 Logarithms/3.2.1 (f+g x)^m (A+B log(e ((a+b x) over (c+d x))^n))^p.mac e310  record verified 2.4s -> contains-noun 11.5s  | P0 core verified 3.3s top=3_2_2_r15  | final30 contains-noun 16.3s top=3_2_2_r15  | final120 -
      fires P0: 3_5_r11,3_2_2_r15
      fires final: 3_1_5_r30,3_1_4_r29,3_2_1_r19,3_2_2_r15  self=-
  3 Logarithms/3.2.1 (f+g x)^m (A+B log(e ((a+b x) over (c+d x))^n))^p.mac e314  record verified 4.4s -> contains-noun 10.6s  | P0 core verified 6.1s top=3_2_2_r15  | final30 contains-noun 15.1s top=3_2_2_r15  | final120 -
      fires P0: 3_5_r8,3_2_2_r15
      fires final: 3_1_5_r30,3_1_4_r29,3_2_1_r19,3_2_2_r15  self=-

GROUP g9  deterministic  6 entries  final unverified top=3_2_2_r3
  3 Logarithms/3.2.2 (f+g x)^m (h+i x)^q (A+B log(e ((a+b x) over (c+d x))^n))^p.mac e163  record verified 3.0s -> unverified 5.9s  | P0 core verified 3.2s top=3_2_2_r3  | final30 unverified 8.8s top=3_2_2_r3  | final120 -
      fires P0: 3_2_2_r3
      fires final: 3_1_5_r45,3_1_4_r10,3_3_r3,3_1_3_r6,3_1_3_r7,3_1_4_r20,3_2_2_r3  self=-
      answer final: -(((b*c-a*d)*i*(d*(B^2*a*(log((a*d-b*c)/(b*d*x+a*d))+1)*log(e*((b*x+a)/(d*x+c))^n)^2+(A*B*a*(2*log((a*d-b*c)/(b*d*x+a*d))+2)+B^2*a*(-(2*n*log(-((a*d-b*c)/(b*d*x+b*c))))-2*polylog(2,(b*d*x+b*c)/(b*d*x+a*d))*n))*log(e*((b*x+a)/(d*x+c))^n)+A^2*a*(log((a*d-b*c)/(b*d*x+a*d))+1)+A*B*a*(-(2*n*log(-((a*d-b*...
  3 Logarithms/3.2.2 (f+g x)^m (h+i x)^q (A+B log(e ((a+b x) over (c+d x))^n))^p.mac e164  record verified 2.7s -> unverified 5.6s  | P0 core verified 2.9s top=3_2_2_r3  | final30 unverified 8.2s top=3_2_2_r3  | final120 -
      fires P0: 3_1_5_r29,3_2_2_r3
      fires final: 3_1_2_r4,3_1_2_r5,3_1_5_r45,3_1_4_r10,3_1_4_r11,3_2_2_r3  self=-
      answer final: -((i*(d*x*(B^2*b*(log((a*d-b*c)/(b*d*x+a*d))+1)*log(e*((b*x+a)/(d*x+c))^n)^2+(A*B*b*(2*log((a*d-b*c)/(b*d*x+a*d))+2)+(2-2*polylog(2,(b*d*x+b*c)/(b*d*x+a*d)))*B^2*b*n)*log(e*((b*x+a)/(d*x+c))^n)+A^2*b*(log((a*d-b*c)/(b*d*x+a*d))+1)+B^2*b*(2*n^2*'integrate((polylog(2,(b*d*x+b*c)/(b*d*x+a*d))*d*x+polyl...
  3 Logarithms/3.2.2 (f+g x)^m (h+i x)^q (A+B log(e ((a+b x) over (c+d x))^n))^p.mac e172  record verified 2.8s -> unverified 11.3s  | P0 core verified 2.9s top=3_2_2_r3  | final30 unverified 15.5s top=3_2_2_r3  | final120 -
      fires P0: 3_2_2_r3
      fires final: 3_1_5_r45,3_1_4_r10,3_3_r3,3_1_3_r6,3_1_3_r7,3_1_4_r20,1_1_1_1_r3,3_1_3_r3,3_1_3_r8,3_2_2_r3  self=-
      answer final: ((b*c-a*d)^2*i^2*(B^2*(a*b*c*d*(4*log(-((b*c-a*d)/(b*d*x+a*d)))+2)+b^2*c^2*(1-2*log(-((b*c-a*d)/(b*d*x+a*d))))+a^2*d^2*(-(2*log(-((b*c-a*d)/(b*d*x+a*d))))-2)+b^2*d^2*x^2+(4*b^2*c*d-2*a*b*d^2)*x)*log(e*((b*x+a)/(d*x+c))^n)^2+(B^2*(a^2*d^2*(2*n*log(-((b*c-a*d)/(b*d*x+a*d)))+4*n*log((b*c-a*d)/(b*d*x+b*...
  3 Logarithms/3.2.2 (f+g x)^m (h+i x)^q (A+B log(e ((a+b x) over (c+d x))^n))^p.mac e174  record verified 2.9s -> unverified 9.2s  | P0 core verified 2.9s top=3_2_2_r3  | final30 unverified 12.6s top=3_2_2_r3  | final120 -
      fires P0: 3_1_5_r29,3_2_2_r3
      fires final: 3_1_2_r4,3_1_2_r5,3_1_5_r45,3_1_4_r10,3_1_4_r11,3_2_2_r3  self=-
      answer final: -((i^2*(B^2*(x*(a*b*d^2*(8*log(-((b*c-a*d)/(b*d*x+a*d)))+4)+8*b^2*c*d)+b^2*d^2*x^2*(4*log(-((b*c-a*d)/(b*d*x+a*d)))+6)+4*a^2*d^2*log(-((b*c-a*d)/(b*d*x+a*d)))+4*a*b*c*d+2*b^2*c^2)*log(e*((b*x+a)/(d*x+c))^n)^2+(A*B*(x*(a*b*d^2*(16*log(-((b*c-a*d)/(b*d*x+a*d)))+8)+16*b^2*c*d)+b^2*d^2*x^2*(8*log(-((b*c...
  3 Logarithms/3.2.2 (f+g x)^m (h+i x)^q (A+B log(e ((a+b x) over (c+d x))^n))^p.mac e182  record verified 2.9s -> unverified 17.0s  | P0 core verified 3.2s top=3_2_2_r3  | final30 unverified 23.6s top=3_2_2_r3  | final120 -
      fires P0: 3_2_2_r3
      fires final: 3_1_5_r45,3_1_4_r10,3_3_r3,3_1_3_r6,3_1_3_r7,3_1_4_r20,1_1_1_1_r3,3_1_3_r3,3_1_3_r8,1_1_1_1_r1,1_1_1_2_r3,1_1_1_2_r14,3_2_2_r3  self=-
      answer final: ((b*c-a*d)^3*i^3*(B^2*(a*b^2*c^2*d*(18*log(-((b*c-a*d)/(b*d*x+a*d)))+3)+a^3*d^3*(6*log(-((b*c-a*d)/(b*d*x+a*d)))+6)+b^3*c^3*(5-6*log(-((b*c-a*d)/(b*d*x+a*d))))+a^2*b*c*d^2*(-(18*log(-((b*c-a*d)/(b*d*x+a*d))))-12)+2*b^3*d^3*x^3+(9*b^3*c*d^2-3*a*b^2*d^3)*x^2+(6*a^2*b*d^3-18*a*b^2*c*d^2+18*b^3*c^2*d)*x...
  3 Logarithms/3.2.2 (f+g x)^m (h+i x)^q (A+B log(e ((a+b x) over (c+d x))^n))^p.mac e185  record verified 2.5s -> unverified 12.3s  | P0 core verified 3.2s top=3_2_2_r3  | final30 unverified 15.9s top=3_2_2_r3  | final120 -
      fires P0: 3_1_5_r29,3_2_2_r3
      fires final: 3_1_2_r4,3_1_2_r5,3_1_5_r45,3_1_4_r10,3_1_4_r11,3_2_2_r3  self=-
      answer final: -((i^3*(B^2*(x^2*(a*b^2*d^3*(324*log(-((b*c-a*d)/(b*d*x+a*d)))+270)+324*b^3*c*d^2)+x*(a^2*b*d^3*(324*log(-((b*c-a*d)/(b*d*x+a*d)))+108)+324*a*b^2*c*d^2+162*b^3*c^2*d)+b^3*d^3*x^3*(108*log(-((b*c-a*d)/(b*d*x+a*d)))+198)+108*a^3*d^3*log(-((b*c-a*d)/(b*d*x+a*d)))+108*a^2*b*c*d^2+54*a*b^2*c^2*d+36*b^3*c...

GROUP g10  deterministic  4 entries  final deferred top=3_1_3_r20
  3 Logarithms/3.1.4 (f x)^m (d+e x^r)^q (a+b log(c x^n))^p.mac e247  record verified 1.3s -> deferred 0.7s  | P0 core verified 1.9s top=3_1_5_r29  | final30 deferred 0.8s top=3_1_3_r20  | final120 -
      fires P0: 3_1_5_r29
      fires final: 3_1_3_r20  self=-
  3 Logarithms/3.1.4 (f x)^m (d+e x^r)^q (a+b log(c x^n))^p.mac e248  record verified 1.4s -> deferred 0.8s  | P0 core verified 2.0s top=3_1_5_r29  | final30 deferred 0.8s top=3_1_3_r20  | final120 -
      fires P0: 3_1_5_r29
      fires final: 3_1_3_r20  self=-
  3 Logarithms/3.1.4 (f x)^m (d+e x^r)^q (a+b log(c x^n))^p.mac e324  record verified 1.5s -> deferred 1.0s  | P0 core verified 1.6s top=3_1_5_r29  | final30 deferred 0.8s top=3_1_3_r20  | final120 -
      fires P0: 3_1_5_r29
      fires final: 3_1_3_r20  self=-
  3 Logarithms/3.1.4 (f x)^m (d+e x^r)^q (a+b log(c x^n))^p.mac e325  record verified 1.2s -> deferred 0.7s  | P0 core verified 1.7s top=3_1_5_r29  | final30 deferred 0.7s top=3_1_3_r20  | final120 -
      fires P0: 3_1_5_r29
      fires final: 3_1_3_r20  self=-

GROUP g11  deterministic  4 entries  final timeout top=3_1_5_r47
  3 Logarithms/3.1.5 u (a+b log(c x^n))^p.mac e51  record verified 8.9s -> timeout 30.1s  | P0 core verified 8.2s top=3_1_5_r47  | final30 timeout 30.1s top=3_1_5_r47  | final120 error 45.3s top=3_1_5_r47
      fires P0: 3_5_r34,1_4_1_r20,3_5_r37,1_4_1_r7,3_1_5_r47
      fires final: 1_1_1_2_r13,3_3_r7,3_4_r8,1_4_1_r18,3_1_5_r47  self=-
  3 Logarithms/3.1.5 u (a+b log(c x^n))^p.mac e119  record verified 8.9s -> timeout 30.1s  | P0 core verified 7.7s top=3_1_5_r47  | final30 timeout 30.1s top=3_1_5_r47  | final120 error 47.2s top=3_1_5_r47
      fires P0: 3_5_r34,1_4_1_r7,3_1_5_r47
      fires final: 1_1_1_2_r13,3_3_r7,3_4_r8,1_4_1_r18,3_1_5_r47  self=-
  3 Logarithms/3.1.5 u (a+b log(c x^n))^p.mac e120  record verified 10.3s -> error 29.3s  | P0 core verified 8.1s top=3_1_5_r47  | final30 timeout 30.1s top=3_1_5_r47  | final120 -
      fires P0: 3_5_r34,1_4_1_r20,3_5_r37,1_4_1_r7,3_1_5_r47
      fires final: 1_1_1_2_r13,3_3_r7,3_4_r8,1_4_1_r18,3_1_5_r47  self=-
  3 Logarithms/3.1.5 u (a+b log(c x^n))^p.mac e121  record verified 7.9s -> timeout 30.1s  | P0 core verified 8.3s top=3_1_5_r47  | final30 timeout 30.1s top=3_1_5_r47  | final120 error 50.9s top=3_1_5_r47
      fires P0: 3_5_r34,1_4_1_r20,3_5_r37,1_4_1_r7,3_1_5_r47
      fires final: 1_1_1_2_r13,3_3_r7,3_4_r8,1_4_1_r18,3_1_5_r47  self=-

GROUP g12  deterministic  4 entries  final unexpected top=1_4_1_r3
  3 Logarithms/3.4 u (a+b log(c (d+e x^m)^n))^p.mac e383  record no-answer 8.1s -> unexpected 0.4s  | P0 core no-answer 8.1s top=-  | final30 unexpected 4.9s top=1_4_1_r3  | final120 -
      fires P0: -
      fires final: 1_4_1_r3  self=1
  3 Logarithms/3.4 u (a+b log(c (d+e x^m)^n))^p.mac e384  record no-answer 8.0s -> unexpected 0.5s  | P0 core no-answer 8.1s top=-  | final30 unexpected 5.1s top=1_4_1_r3  | final120 -
      fires P0: -
      fires final: 1_4_1_r3  self=1
  3 Logarithms/3.4 u (a+b log(c (d+e x^m)^n))^p.mac e387  record no-answer 9.4s -> unexpected 0.4s  | P0 core no-answer 8.1s top=-  | final30 unexpected 30.0s top=1_4_1_r3  | final120 -
      fires P0: -
      fires final: 1_4_1_r3  self=cut
  3 Logarithms/3.4 u (a+b log(c (d+e x^m)^n))^p.mac e388  record no-answer 8.4s -> unexpected 0.4s  | P0 core no-answer 7.8s top=-  | final30 unexpected 30.0s top=1_4_1_r3  | final120 -
      fires P0: -
      fires final: 1_4_1_r3  self=cut

GROUP g13  deterministic  4 entries  final unverified top=3_1_4_r16
  3 Logarithms/3.1.4 (f x)^m (d+e x^r)^q (a+b log(c x^n))^p.mac e229  record verified 8.0s -> unverified 5.2s  | P0 core verified 9.0s top=3_1_4_r16  | final30 unverified 5.0s top=3_1_4_r16  | final120 -
      fires P0: 3_1_4_r16
      fires final: 3_1_2_r4,1_1_2_1_r12,1_4_1_r18,3_1_3_r13,3_1_4_r11,3_1_4_r16  self=-
      answer final: (b*log(c*x^n)+a)/(2*d*x*(e*x^2+d))-(((3*b*n)/x-(-(3*b*log(c*x^n))+b*n-3*a)/x)/d-(e*((sqrt(1/e)*atan(x/(sqrt(d)*sqrt(1/e)))*(-(3*b*log(c*x^n))+b*n-3*a))/sqrt(d)+3*b*n*((sqrt(1/e)*log(x)*atan(x/(sqrt(d)*sqrt(1/e))))/sqrt(d)-(sqrt(1/e)*((sqrt(d)*(%pi*log(e*x^2+d)+2*%i*li[2]((%i*sqrt(e)*x+sqrt(d))/sqrt(...
  3 Logarithms/3.1.4 (f x)^m (d+e x^r)^q (a+b log(c x^n))^p.mac e230  record verified 8.3s -> unverified 6.5s  | P0 core verified 8.7s top=3_1_4_r16  | final30 unverified 6.8s top=3_1_4_r16  | final120 -
      fires P0: 3_1_4_r16
      fires final: 3_1_2_r4,1_1_2_1_r12,1_4_1_r18,3_1_3_r13,3_1_4_r11,3_1_4_r16  self=-
      answer final: (b*log(c*x^n)+a)/(2*d*x^3*(e*x^2+d))-(((5*b*n)/(9*x^3)-(-(5*b*log(c*x^n))+b*n-5*a)/(3*x^3))/d-(e*(((5*b*n)/x-(-(5*b*log(c*x^n))+b*n-5*a)/x)/d-(e*((sqrt(1/e)*atan(x/(sqrt(d)*sqrt(1/e)))*(-(5*b*log(c*x^n))+b*n-5*a))/sqrt(d)+5*b*n*((sqrt(1/e)*log(x)*atan(x/(sqrt(d)*sqrt(1/e))))/sqrt(d)-(sqrt(1/e)*((sqr...
  3 Logarithms/3.1.4 (f x)^m (d+e x^r)^q (a+b log(c x^n))^p.mac e239  record verified 8.5s -> unverified 7.0s  | P0 core verified 9.4s top=3_1_4_r16  | final30 unverified 6.8s top=3_1_4_r16  | final120 -
      fires P0: 3_1_4_r16
      fires final: 3_1_2_r4,1_1_2_1_r12,1_4_1_r18,3_1_3_r13,3_1_4_r11,3_1_4_r16  self=-
      answer final: (b*log(c*x^n)+a)/(4*d*x*(e*x^2+d)^2)-((-(5*b*log(c*x^n))+b*n-5*a)/(2*d*x*(e*x^2+d))-((-((15*b*log(c*x^n)-3*(b*n-5*a)-5*b*n)/x)-(15*b*n)/x)/d-(e*((sqrt(1/e)*atan(x/(sqrt(d)*sqrt(1/e)))*(15*b*log(c*x^n)-3*(b*n-5*a)-5*b*n))/sqrt(d)-15*b*n*((sqrt(1/e)*log(x)*atan(x/(sqrt(d)*sqrt(1/e))))/sqrt(d)-(sqrt(1/...
  3 Logarithms/3.1.4 (f x)^m (d+e x^r)^q (a+b log(c x^n))^p.mac e240  record verified 8.7s -> unverified 8.9s  | P0 core verified 9.5s top=3_1_4_r16  | final30 unverified 8.8s top=3_1_4_r16  | final120 -
      fires P0: 3_1_4_r16
      fires final: 3_1_2_r4,1_1_2_1_r12,1_4_1_r18,3_1_3_r13,3_1_4_r11,3_1_4_r16  self=-
      answer final: (b*log(c*x^n)+a)/(4*d*x^3*(e*x^2+d)^2)-((-(7*b*log(c*x^n))+b*n-7*a)/(2*d*x^3*(e*x^2+d))-((-((35*b*log(c*x^n)-5*(b*n-7*a)-7*b*n)/(3*x^3))-(35*b*n)/(9*x^3))/d-(e*((-((35*b*log(c*x^n)-5*(b*n-7*a)-7*b*n)/x)-(35*b*n)/x)/d-(e*((sqrt(1/e)*atan(x/(sqrt(d)*sqrt(1/e)))*(35*b*log(c*x^n)-5*(b*n-7*a)-7*b*n))/sqr...

GROUP g14  deterministic  3 entries  final contains-noun top=1_4_1_r7
  3 Logarithms/3.1.5 u (a+b log(c x^n))^p.mac e207  record expected 2.6s -> contains-noun 2.4s  | P0 core expected 3.3s top=1_4_1_r7  | final30 contains-noun 2.5s top=1_4_1_r7  | final120 -
      fires P0: 3_1_5_r55,1_4_1_r7
      fires final: 1_4_1_r18,3_1_5_r57,3_1_5_r55,1_4_1_r7  self=-
  3 Logarithms/3.2.3 u log(e (f (a+b x)^p (c+d x)^q)^r)^s.mac e74  record verified 3.6s -> contains-noun 8.2s  | P0 core verified 3.7s top=1_4_1_r7  | final30 contains-noun 10.1s top=1_4_1_r7  | final120 -
      fires P0: 1_4_1_r7
      fires final: 1_1_1_1_r2,3_1_2_r2,3_2_2_r3,3_2_2_r11,1_4_1_r7  self=-
  3 Logarithms/3.2.3 u log(e (f (a+b x)^p (c+d x)^q)^r)^s.mac e75  record verified 3.1s -> contains-noun 8.2s  | P0 core verified 3.6s top=1_4_1_r7  | final30 contains-noun 10.3s top=1_4_1_r7  | final120 -
      fires P0: 1_4_1_r7
      fires final: 1_1_1_1_r2,3_1_2_r2,3_2_2_r3,3_2_2_r11,1_4_1_r7  self=-

GROUP g15  deterministic  3 entries  final contains-noun top=3_1_5_r56
  3 Logarithms/3.1.5 u (a+b log(c x^n))^p.mac e220  record verified 2.2s -> contains-noun 2.4s  | P0 core verified 3.4s top=9_1_r16  | final30 contains-noun 1.7s top=3_1_5_r56  | final120 -
      fires P0: 9_1_r16
      fires final: 3_1_5_r30,3_1_5_r56  self=-
  3 Logarithms/3.1.5 u (a+b log(c x^n))^p.mac e221  record verified 2.1s -> contains-noun 2.8s  | P0 core verified 3.0s top=9_1_r16  | final30 contains-noun 2.7s top=3_1_5_r56  | final120 -
      fires P0: 9_1_r16
      fires final: 3_1_5_r30,3_1_5_r56  self=-
  3 Logarithms/3.1.5 u (a+b log(c x^n))^p.mac e222  record verified 1.9s -> contains-noun 4.4s  | P0 core verified 2.8s top=9_1_r16  | final30 contains-noun 3.9s top=3_1_5_r56  | final120 -
      fires P0: 9_1_r16
      fires final: 3_1_5_r30,3_1_5_r56  self=-

GROUP g16  deterministic  3 entries  final contains-noun top=3_2_1_r20
  3 Logarithms/3.2.1 (f+g x)^m (A+B log(e ((a+b x) over (c+d x))^n))^p.mac e272  record verified 1.9s -> contains-noun 12.2s  | P0 core verified 3.0s top=3_2_1_r19  | final30 contains-noun 17.8s top=3_2_1_r20  | final120 -
      fires P0: 3_1_5_r28,3_2_1_r19
      fires final: 3_1_5_r30,3_1_4_r29,3_2_1_r20  self=-
  3 Logarithms/3.2.1 (f+g x)^m (A+B log(e ((a+b x) over (c+d x))^n))^p.mac e273  record verified 2.0s -> contains-noun 9.6s  | P0 core verified 2.9s top=3_2_1_r19  | final30 contains-noun 13.9s top=3_2_1_r20  | final120 -
      fires P0: 3_1_5_r28,3_2_1_r19
      fires final: 3_1_5_r30,3_1_4_r29,3_2_1_r20  self=-
  3 Logarithms/3.2.1 (f+g x)^m (A+B log(e ((a+b x) over (c+d x))^n))^p.mac e274  record verified 1.8s -> contains-noun 7.0s  | P0 core verified 3.3s top=3_2_1_r19  | final30 contains-noun 9.8s top=3_2_1_r20  | final120 -
      fires P0: 3_1_5_r28,3_2_1_r19
      fires final: 3_1_5_r30,3_1_4_r29,3_2_1_r20  self=-

GROUP g17  deterministic  3 entries  final contains-noun top=3_3_r10
  3 Logarithms/3.3 u (a+b log(c (d+e x)^n))^p.mac e110  record verified 2.8s -> contains-noun 3.5s  | P0 core verified 2.9s top=3_5_r8  | final30 contains-noun 3.2s top=3_3_r10  | final120 -
      fires P0: 3_5_r8
      fires final: 3_3_r32,3_3_r10  self=-
  3 Logarithms/3.3 u (a+b log(c (d+e x)^n))^p.mac e116  record verified 2.6s -> contains-noun 3.4s  | P0 core verified 3.0s top=3_5_r8  | final30 contains-noun 3.2s top=3_3_r10  | final120 -
      fires P0: 3_5_r8
      fires final: 3_3_r32,3_3_r10  self=-
  3 Logarithms/3.3 u (a+b log(c (d+e x)^n))^p.mac e122  record verified 2.7s -> contains-noun 3.5s  | P0 core verified 2.8s top=3_5_r8  | final30 contains-noun 3.1s top=3_3_r10  | final120 -
      fires P0: 3_5_r8
      fires final: 3_3_r32,3_3_r10  self=-

GROUP g18  deterministic  3 entries  final contains-noun top=3_3_r9
  3 Logarithms/3.3 u (a+b log(c (d+e x)^n))^p.mac e109  record verified 2.3s -> contains-noun 1.6s  | P0 core verified 2.8s top=3_3_r9  | final30 contains-noun 1.4s top=3_3_r9  | final120 -
      fires P0: 3_3_r9
      fires final: 3_3_r32,3_3_r9  self=-
  3 Logarithms/3.3 u (a+b log(c (d+e x)^n))^p.mac e115  record verified 4.6s -> contains-noun 1.5s  | P0 core verified 4.8s top=3_3_r9  | final30 contains-noun 1.3s top=3_3_r9  | final120 -
      fires P0: 3_5_r7,3_3_r9
      fires final: 3_3_r32,3_3_r9  self=-
  3 Logarithms/3.3 u (a+b log(c (d+e x)^n))^p.mac e121  record verified 7.0s -> contains-noun 1.5s  | P0 core verified 6.9s top=3_3_r9  | final30 contains-noun 1.3s top=3_3_r9  | final120 -
      fires P0: 3_5_r7,3_3_r8,3_3_r9
      fires final: 3_3_r32,3_3_r9  self=-

GROUP g19  deterministic  3 entries  final contains-noun top=3_4_r11
  3 Logarithms/3.4 u (a+b log(c (d+e x^m)^n))^p.mac e136  record verified 5.2s -> contains-noun 1.0s  | P0 core verified 5.3s top=3_5_r8  | final30 contains-noun 0.9s top=3_4_r11  | final120 -
      fires P0: 1_1_1_1_r3,1_1_2_1_r11,1_2_1_1_r11,1_2_1_2_r3,1_2_1_2_r9,1_1_3_1_r12,1_4_1_r23,3_5_r8
      fires final: 3_4_r27,3_4_r11  self=-
  3 Logarithms/3.4 u (a+b log(c (d+e x^m)^n))^p.mac e158  record verified 4.7s -> contains-noun 3.5s  | P0 core verified 5.2s top=9_1_r16  | final30 contains-noun 3.1s top=3_4_r11  | final120 -
      fires P0: 9_1_r16
      fires final: 3_4_r34,3_4_r11  self=-
  3 Logarithms/3.4 u (a+b log(c (d+e x^m)^n))^p.mac e159  record verified 4.5s -> contains-noun 2.2s  | P0 core verified 5.0s top=9_1_r16  | final30 contains-noun 1.9s top=3_4_r11  | final120 -
      fires P0: 9_1_r16
      fires final: 3_4_r34,3_4_r11  self=-

GROUP g20  deterministic  3 entries  final deferred top=-
  3 Logarithms/3.4 u (a+b log(c (d+e x^m)^n))^p.mac e625  record verified 8.9s -> deferred 1.6s  | P0 core verified 7.0s top=3_5_r44  | final30 deferred 1.7s top=-  | final120 -
      fires P0: 3_5_r44
      fires final: -  self=-
  3 Logarithms/3.5 Logarithm functions.mac e292  record verified 4.9s -> deferred 0.9s  | P0 core verified 5.7s top=3_5_r44  | final30 deferred 1.2s top=-  | final120 -
      fires P0: 3_5_r44
      fires final: -  self=-
  3 Logarithms/3.5 Logarithm functions.mac e293  record verified 3.6s -> deferred 0.8s  | P0 core verified 4.3s top=3_5_r44  | final30 deferred 1.2s top=-  | final120 -
      fires P0: 3_5_r44
      fires final: -  self=-

GROUP g21  deterministic  3 entries  final deferred top=3_1_4_r26
  3 Logarithms/3.1.4 (f x)^m (d+e x^r)^q (a+b log(c x^n))^p.mac e448  record verified 4.3s -> deferred 1.8s  | P0 core verified 6.0s top=9_1_r16  | final30 deferred 2.4s top=3_1_4_r26  | final120 -
      fires P0: 9_1_r16
      fires final: 3_1_4_r26  self=-
  3 Logarithms/3.1.4 (f x)^m (d+e x^r)^q (a+b log(c x^n))^p.mac e449  record verified 4.2s -> deferred 1.8s  | P0 core verified 5.9s top=9_1_r16  | final30 deferred 2.2s top=3_1_4_r26  | final120 -
      fires P0: 9_1_r16
      fires final: 3_1_4_r26  self=-
  3 Logarithms/3.1.4 (f x)^m (d+e x^r)^q (a+b log(c x^n))^p.mac e450  record verified 4.2s -> deferred 1.1s  | P0 core verified 6.0s top=9_1_r16  | final30 deferred 1.2s top=3_1_4_r26  | final120 -
      fires P0: 9_1_r16
      fires final: 3_1_4_r26  self=-

GROUP g22  deterministic  3 entries  final timeout top=3_1_4_r20
  3 Logarithms/3.4 u (a+b log(c (d+e x^m)^n))^p.mac e462  record verified 4.4s -> timeout 30.0s  | P0 core verified 4.4s top=3_4_r8  | final30 timeout 30.0s top=3_1_4_r20  | final120 timeout 120.2s top=3_4_r8
      fires P0: 3_3_r31,3_4_r8
      fires final: 3_1_5_r45,3_1_4_r10,3_3_r3,3_1_3_r6,3_1_3_r7,3_1_4_r20,1_1_1_1_r3,3_1_3_r3,3_1_3_r8,1_1_1_1_r1,1_1_1_2_r3,1_1_1_2_r14  self=-
  3 Logarithms/3.4 u (a+b log(c (d+e x^m)^n))^p.mac e503  record verified 2.4s -> timeout 30.0s  | P0 core verified 3.0s top=3_4_r8  | final30 timeout 30.0s top=3_1_4_r20  | final120 timeout 120.2s top=3_4_r8
      fires P0: 3_3_r31,3_4_r8
      fires final: 3_1_5_r45,3_1_4_r10,3_3_r3,3_1_3_r6,3_1_3_r7,3_1_4_r20,1_1_1_1_r3,3_1_3_r3,3_1_3_r8,1_1_1_1_r1,1_1_1_2_r3,1_1_1_2_r14  self=-
  3 Logarithms/3.4 u (a+b log(c (d+e x^m)^n))^p.mac e524  record verified 3.5s -> timeout 30.0s  | P0 core verified 4.4s top=3_4_r8  | final30 timeout 30.0s top=3_1_4_r20  | final120 timeout 120.2s top=3_4_r8
      fires P0: 3_3_r31,3_4_r8
      fires final: 3_1_5_r45,3_1_4_r10,3_3_r3,3_1_3_r6,3_1_3_r7,3_1_4_r20,1_1_1_1_r3,3_1_3_r3,3_1_3_r8,1_1_1_1_r1,1_1_1_2_r3,1_1_1_2_r14  self=-

GROUP g23  deterministic  3 entries  final unverified top=3_1_4_r11
  3 Logarithms/3.1.4 (f x)^m (d+e x^r)^q (a+b log(c x^n))^p.mac e97  record verified 1.2s -> unverified 5.8s  | P0 core verified 1.5s top=3_1_5_r29  | final30 unverified 5.8s top=3_1_4_r11  | final120 -
      fires P0: 3_1_5_r29
      fires final: 3_1_2_r4,3_1_2_r5,3_1_5_r45,3_1_4_r10,3_1_4_r11  self=-
      answer final: (2*b*n*(-((b*log(c*x^n)+a)/x)-(b*n)/x)-(b*log(c*x^n)+a)^2/x)/d-(e*((2*b*n*(polylog(2,-(d/(e*x)))*(b*log(c*x^n)+a)-b*n*'integrate(polylog(2,-(d/(e*x)))/x,x)))/d-(log(d/(e*x)+1)*(b*log(c*x^n)+a)^2)/d))/d
  3 Logarithms/3.1.4 (f x)^m (d+e x^r)^q (a+b log(c x^n))^p.mac e98  record verified 1.4s -> unverified 8.8s  | P0 core verified 1.5s top=3_1_5_r29  | final30 unverified 8.8s top=3_1_4_r11  | final120 -
      fires P0: 3_1_5_r29
      fires final: 3_1_2_r4,3_1_2_r5,3_1_5_r45,3_1_4_r10,3_1_4_r11  self=-
      answer final: (b*n*(-((b*log(c*x^n)+a)/(2*x^2))-(b*n)/(4*x^2))-(b*log(c*x^n)+a)^2/(2*x^2))/d-(e*((2*b*n*(-((b*log(c*x^n)+a)/x)-(b*n)/x)-(b*log(c*x^n)+a)^2/x)/d-(e*((2*b*n*(polylog(2,-(d/(e*x)))*(b*log(c*x^n)+a)-b*n*'integrate(polylog(2,-(d/(e*x)))/x,x)))/d-(log(d/(e*x)+1)*(b*log(c*x^n)+a)^2)/d))/d))/d
  3 Logarithms/3.1.4 (f x)^m (d+e x^r)^q (a+b log(c x^n))^p.mac e99  record verified 1.2s -> unverified 11.6s  | P0 core verified 1.5s top=3_1_5_r29  | final30 unverified 11.5s top=3_1_4_r11  | final120 -
      fires P0: 3_1_5_r29
      fires final: 3_1_2_r4,3_1_2_r5,3_1_5_r45,3_1_4_r10,3_1_4_r11  self=-
      answer final: ((2*b*n*(-((b*log(c*x^n)+a)/(3*x^3))-(b*n)/(9*x^3)))/3-(b*log(c*x^n)+a)^2/(3*x^3))/d-(e*((b*n*(-((b*log(c*x^n)+a)/(2*x^2))-(b*n)/(4*x^2))-(b*log(c*x^n)+a)^2/(2*x^2))/d-(e*((2*b*n*(-((b*log(c*x^n)+a)/x)-(b*n)/x)-(b*log(c*x^n)+a)^2/x)/d-(e*((2*b*n*(polylog(2,-(d/(e*x)))*(b*log(c*x^n)+a)-b*n*'integrate...

GROUP g24  deterministic  3 entries  final unverified top=3_2_1_r2
  3 Logarithms/3.2.1 (f+g x)^m (A+B log(e ((a+b x) over (c+d x))^n))^p.mac e311  record verified 6.0s -> unverified 2.4s  | P0 core verified 7.6s top=3_2_1_r2  | final30 unverified 3.7s top=3_2_1_r2  | final120 -
      fires P0: 3_5_r7,3_2_2_r15,3_2_1_r2
      fires final: 3_1_5_r45,3_1_3_r6,3_2_1_r17,3_2_2_r15,3_2_1_r2  self=-
      answer final: (3*B*(b*c-a*d)*n*(log((e*(b*x+a)^n)/(d*x+c)^n)*(2*A*B*log(-((a*d-b*c)/(b*d*x+b*c)))+2*polylog(2,(b*d*x+a*d)/(b*d*x+b*c))*B^2*n)+B^2*log((e*(b*x+a)^n)/(d*x+c)^n)^2*log(-((a*d-b*c)/(b*d*x+b*c)))+A^2*log(-((a*d-b*c)/(b*d*x+b*c)))-2*B^2*n^2*'integrate((polylog(2,(b*d*x+a*d)/(b*d*x+b*c))*d*x+polylog(2,(b...
  3 Logarithms/3.2.3 u log(e (f (a+b x)^p (c+d x)^q)^r)^s.mac e98  record verified 5.5s -> unverified 3.9s  | P0 core verified 5.6s top=3_2_1_r2  | final30 unverified 3.6s top=3_2_1_r2  | final120 -
      fires P0: 3_3_r3,1_1_1_1_r1,3_1_3_r6,3_2_1_r18,3_2_1_r2
      fires final: 3_1_5_r45,3_1_4_r10,3_2_1_r16,3_2_1_r2  self=-
      answer final: x*log((c*(a*x+b)^2)/x^2)^3-(6*b*(8*'integrate((polylog(2,(a*x)/(a*x+b))*x)/(a*x+b),(a*x+b)/x)+log((a^2*c*x^2+2*a*b*c*x+b^2*c)/x^2)^2*log(b/(a*x+b))-4*polylog(2,(a*x)/(a*x+b))*log((a^2*c*x^2+2*a*b*c*x+b^2*c)/x^2)))/a
  3 Logarithms/3.2.3 u log(e (f (a+b x)^p (c+d x)^q)^r)^s.mac e101  record verified 7.0s -> unverified 2.6s  | P0 core verified 7.3s top=3_2_1_r2  | final30 unverified 2.4s top=3_2_1_r2  | final120 -
      fires P0: 1_1_1_1_r2,3_1_2_r2,3_3_r3,1_1_1_1_r1,3_1_3_r6,3_1_5_r15,3_2_1_r16,3_2_1_r2
      fires final: 3_1_5_r45,3_1_3_r6,3_2_1_r18,3_2_1_r2  self=-
      answer final: (6*b*(log(b/(a*x+b))*log((c*x^2)/(a^2*x^2+2*a*b*x+b^2))^2+4*polylog(2,(a*x)/(a*x+b))*log((c*x^2)/(a^2*x^2+2*a*b*x+b^2))-8*'integrate((polylog(2,(a*x)/(a*x+b))*a*x+polylog(2,(a*x)/(a*x+b))*b)/x,x/(a*x+b))))/a+x*log((c*x^2)/(a*x+b)^2)^3

GROUP g25  deterministic  3 entries  final unverified top=3_2_2_r15
  3 Logarithms/3.2.1 (f+g x)^m (A+B log(e ((a+b x) over (c+d x))^n))^p.mac e159  record verified 5.6s -> unverified 3.6s  | P0 core verified 6.1s top=3_2_2_r15  | final30 unverified 4.7s top=3_2_2_r15  | final120 -
      fires P0: 3_5_r7,3_2_2_r15
      fires final: 3_1_5_r45,3_1_4_r10,3_2_1_r15,3_2_2_r15  self=-
      answer final: -((log((e*(b*x+a)^n)/(d*x+c)^n)*(2*A*B*log(-((b*c-a*d)/(b*d*x+a*d)))-2*polylog(2,(b*d*x+b*c)/(b*d*x+a*d))*B^2*n)+B^2*log((e*(b*x+a)^n)/(d*x+c)^n)^2*log(-((b*c-a*d)/(b*d*x+a*d)))+A^2*log(-((b*c-a*d)/(b*d*x+a*d)))+2*B^2*n^2*'integrate((polylog(2,(b*d*x+b*c)/(b*d*x+a*d))*d*x+polylog(2,(b*d*x+b*c)/(b*d*...
  3 Logarithms/3.2.1 (f+g x)^m (A+B log(e ((a+b x) over (c+d x))^n))^p.mac e167  record verified 5.0s -> unverified 4.6s  | P0 core verified 5.6s top=3_2_2_r15  | final30 unverified 6.5s top=3_2_2_r15  | final120 -
      fires P0: 3_5_r11,3_5_r7,3_2_2_r15
      fires final: 3_1_5_r54,3_1_5_r45,3_1_4_r10,3_2_1_r15,3_2_2_r15  self=-
      answer final: -((log((e*(b*x+a)^n)/(d*x+c)^n)^2*(3*A*B^2*log(-((b*c-a*d)/(b*d*x+a*d)))-3*polylog(2,(b*d*x+b*c)/(b*d*x+a*d))*B^3*n)+log((e*(b*x+a)^n)/(d*x+c)^n)*(3*A^2*B*log(-((b*c-a*d)/(b*d*x+a*d)))-6*polylog(3,(b*d*x+b*c)/(b*d*x+a*d))*B^3*n^2-6*polylog(2,(b*d*x+b*c)/(b*d*x+a*d))*A*B^2*n)+B^3*log((e*(b*x+a)^n)/(d...
  3 Logarithms/3.2.1 (f+g x)^m (A+B log(e ((a+b x) over (c+d x))^n))^p.mac e313  record verified 2.7s -> unverified 3.3s  | P0 core verified 3.9s top=3_2_2_r15  | final30 unverified 4.7s top=3_2_2_r15  | final120 -
      fires P0: 1_3_3_r13,3_5_r8,3_2_2_r15
      fires final: 3_1_5_r45,3_1_3_r6,3_1_3_r7,3_2_1_r19,3_2_2_r15  self=-
      answer final: -((log((e*(b*x+a)^n)/(d*x+c)^n)*(A*B^2*(h*x*(6*a*d*n*log(-(((b*c-a*d)*h*x+(b*c-a*d)*g)/((a*d*h-b*d*g)*x+a*c*h-b*c*g)))-6*b*c*n*log(-(((b*c-a*d)*h*x+(b*c-a*d)*g)/((a*d*h-b*d*g)*x+a*c*h-b*c*g))))+g*(6*a*d*n*log(-(((b*c-a*d)*h*x+(b*c-a*d)*g)/((a*d*h-b*d*g)*x+a*c*h-b*c*g)))-6*b*c*n*log(-(((b*c-a*d)*h*x+...

GROUP g26  deterministic  3 entries  final unverified top=3_3_r6
  3 Logarithms/3.3 u (a+b log(c (d+e x)^n))^p.mac e40  record expected 3.0s -> unverified 1.4s  | P0 core expected 2.8s top=3_3_r6  | final30 unverified 1.3s top=3_3_r6  | final120 -
      fires P0: 3_4_r1,3_3_r6
      fires final: 3_3_r6  self=-
      answer final: (log((e*(g*x+f))/(e*f-d*g))*(b*log(c*(e*x+d)^n)+a))/g-(b*e*n*((log((g*(e*x+d))/(d*g-e*f))*log((e*(g*x+f))/(e*f-d*g)))/e-(g*((log((g*(e*x+d))/(d*g-e*f))*log((e*(g*x+f))/(e*f-d*g)))/g-(e*((log(log((e*(g*x+f))/(e*f-d*g))/(e*x+d)+g*x)*log(((e*log((e*(g*x+f))/(e*f-d*g)))/(e*x+d)+e*g*x)/(d*g-(e*log((e*(g*...
  3 Logarithms/3.3 u (a+b log(c (d+e x)^n))^p.mac e220  record expected 2.6s -> unverified 1.2s  | P0 core expected 2.9s top=3_3_r6  | final30 unverified 1.2s top=3_3_r6  | final120 -
      fires P0: 3_4_r1,3_3_r6
      fires final: 3_3_r6  self=-
      answer final: (log((e*(g*x+f))/(e*f-d*g))*(b*log(c*(e*x+d)^n)+a))/g-(b*e*n*((log((g*(e*x+d))/(d*g-e*f))*log((e*(g*x+f))/(e*f-d*g)))/e-(g*((log((g*(e*x+d))/(d*g-e*f))*log((e*(g*x+f))/(e*f-d*g)))/g-(e*((log(log((e*(g*x+f))/(e*f-d*g))/(e*x+d)+g*x)*log(((e*log((e*(g*x+f))/(e*f-d*g)))/(e*x+d)+e*g*x)/(d*g-(e*log((e*(g*...
  3 Logarithms/3.3 u (a+b log(c (d+e x)^n))^p.mac e245  record expected 2.1s -> unverified 1.0s  | P0 core expected 2.7s top=3_3_r6  | final30 unverified 1.2s top=3_3_r6  | final120 -
      fires P0: 3_4_r1,3_3_r6
      fires final: 3_3_r6  self=-
      answer final: (log((e*(g*x+f))/(e*f-d*g))*(b*log(c*(e*x+d)^n)+a))/g-(b*e*n*((log((g*(e*x+d))/(d*g-e*f))*log((e*(g*x+f))/(e*f-d*g)))/e-(g*((log((g*(e*x+d))/(d*g-e*f))*log((e*(g*x+f))/(e*f-d*g)))/g-(e*((log(log((e*(g*x+f))/(e*f-d*g))/(e*x+d)+g*x)*log(((e*log((e*(g*x+f))/(e*f-d*g)))/(e*x+d)+e*g*x)/(d*g-(e*log((e*(g*...

GROUP g27  deterministic  3 entries  final unverified top=3_5_r15
  3 Logarithms/3.5 Logarithm functions.mac e113  record verified 2.7s -> unverified 0.7s  | P0 core verified 3.1s top=3_5_r34  | final30 unverified 1.0s top=3_5_r15  | final120 -
      fires P0: 3_5_r34
      fires final: 3_5_r14,3_5_r15  self=-
      answer final: 3*'integrate(polylog(2,-((%e^x*b)/a))*x^2,x)-(log((%e^x*b)/a+1)*x^4)/4+(log(%e^x*b+a)*x^4)/4-polylog(2,-((%e^x*b)/a))*x^3
  3 Logarithms/3.5 Logarithm functions.mac e114  record verified 2.6s -> unverified 0.5s  | P0 core verified 3.0s top=3_5_r34  | final30 unverified 0.8s top=3_5_r15  | final120 -
      fires P0: 3_5_r34
      fires final: 3_5_r14,3_5_r15  self=-
      answer final: 2*'integrate(polylog(2,-((%e^x*b)/a))*x,x)-(log((%e^x*b)/a+1)*x^3)/3+(log(%e^x*b+a)*x^3)/3-polylog(2,-((%e^x*b)/a))*x^2
  3 Logarithms/3.5 Logarithm functions.mac e115  record verified 2.0s -> unverified 0.4s  | P0 core verified 2.4s top=3_5_r37  | final30 unverified 0.6s top=3_5_r15  | final120 -
      fires P0: 3_5_r37
      fires final: 2_3_r96,3_5_r14,3_5_r15  self=-
      answer final: -((log((%e^x*b)/a+1)*x^2)/2)+(log(%e^x*b+a)*x^2)/2-polylog(2,-((%e^x*b)/a))*x+li[3](-((%e^x*b)/a))

GROUP g28  deterministic  2 entries  final contains-noun top=3_1_4_r29
  3 Logarithms/3.1.4 (f x)^m (d+e x^r)^q (a+b log(c x^n))^p.mac e455  record verified 1.0s -> contains-noun 4.9s  | P0 core verified 1.8s top=3_1_5_r28  | final30 contains-noun 6.7s top=3_1_4_r29  | final120 -
      fires P0: 3_1_5_r28
      fires final: 3_1_5_r30,3_1_4_r29  self=-
  3 Logarithms/3.1.4 (f x)^m (d+e x^r)^q (a+b log(c x^n))^p.mac e456  record verified 1.0s -> contains-noun 7.7s  | P0 core verified 1.7s top=3_1_5_r28  | final30 contains-noun 10.5s top=3_1_4_r29  | final120 -
      fires P0: 3_1_5_r28
      fires final: 3_1_5_r30,3_1_4_r29  self=-

GROUP g29  deterministic  2 entries  final contains-noun top=3_1_5_r42
  3 Logarithms/3.1.5 u (a+b log(c x^n))^p.mac e37  record verified 23.2s -> contains-noun 6.9s  | P0 core verified 22.8s top=3_5_r44  | final30 contains-noun 7.5s top=3_1_5_r42  | final120 -
      fires P0: 3_1_1_r1,1_4_1_r7,3_1_1_r2,3_5_r44
      fires final: 3_1_1_r1,1_4_1_r7,3_1_1_r2,3_1_4_r27,1_4_1_r18,3_1_5_r42  self=-
  3 Logarithms/3.1.5 u (a+b log(c x^n))^p.mac e105  record verified 22.8s -> contains-noun 6.5s  | P0 core verified 22.2s top=3_5_r44  | final30 contains-noun 6.6s top=3_1_5_r42  | final120 -
      fires P0: 3_1_1_r1,1_4_1_r7,3_1_1_r2,3_5_r44
      fires final: 3_1_1_r1,1_4_1_r7,3_1_1_r2,3_1_4_r27,1_4_1_r18,3_1_5_r42  self=-

GROUP g30  deterministic  2 entries  final contains-noun top=3_3_r38
  3 Logarithms/3.3 u (a+b log(c (d+e x)^n))^p.mac e358  record verified 3.8s -> contains-noun 2.1s  | P0 core verified 3.8s top=3_3_r38  | final30 contains-noun 1.9s top=3_3_r38  | final120 -
      fires P0: 1_1_1_2_r13,3_3_r38
      fires final: 1_1_1_2_r12,3_1_4_r27,3_3_r38  self=-
  3 Logarithms/3.3 u (a+b log(c (d+e x)^n))^p.mac e359  record verified 3.9s -> contains-noun 2.3s  | P0 core verified 3.8s top=3_3_r38  | final30 contains-noun 1.9s top=3_3_r38  | final120 -
      fires P0: 1_1_1_2_r13,3_3_r38
      fires final: 1_1_1_2_r12,3_1_4_r27,3_3_r38  self=-

GROUP g31  deterministic  2 entries  final contains-noun top=3_4_r36
  3 Logarithms/3.4 u (a+b log(c (d+e x^m)^n))^p.mac e626  record verified 8.5s -> contains-noun 3.9s  | P0 core verified 7.1s top=3_5_r44  | final30 contains-noun 3.1s top=3_4_r36  | final120 -
      fires P0: 3_5_r44
      fires final: 3_1_4_r27,3_4_r36  self=-
  3 Logarithms/3.4 u (a+b log(c (d+e x^m)^n))^p.mac e627  record verified 9.1s -> contains-noun 4.2s  | P0 core verified 7.3s top=3_5_r44  | final30 contains-noun 3.2s top=3_4_r36  | final120 -
      fires P0: 3_5_r44
      fires final: 3_1_4_r27,3_4_r36  self=-

GROUP g32  deterministic  2 entries  final deferred top=3_2_2_r15
  3 Logarithms/3.2.2 (f+g x)^m (h+i x)^q (A+B log(e ((a+b x) over (c+d x))^n))^p.mac e253  record verified 2.1s -> deferred 4.9s  | P0 core verified 2.9s top=3_2_2_r15  | final30 deferred 6.1s top=3_2_2_r15  | final120 -
      fires P0: 3_2_2_r15
      fires final: 3_2_2_r11,3_2_2_r15  self=-
  3 Logarithms/3.2.2 (f+g x)^m (h+i x)^q (A+B log(e ((a+b x) over (c+d x))^n))^p.mac e254  record verified 2.5s -> deferred 4.9s  | P0 core verified 3.1s top=3_2_2_r15  | final30 deferred 6.1s top=3_2_2_r15  | final120 -
      fires P0: 3_2_2_r15
      fires final: 3_2_2_r11,3_2_2_r15  self=-

GROUP g33  deterministic  2 entries  final deferred top=3_3_r60
  3 Logarithms/3.2.3 u log(e (f (a+b x)^p (c+d x)^q)^r)^s.mac e56  record verified 20.0s -> deferred 27.4s  | P0 core verified 16.3s top=3_3_r60  | final30 deferred 27.6s top=3_3_r60  | final120 -
      fires P0: 3_3_r8,3_2_3_r8,3_3_r60
      fires final: 3_1_5_r54,3_1_5_r45,3_1_3_r6,3_2_3_r8,3_3_r61,1_1_1_1_r2,3_1_2_r2,3_3_r60  self=-
  3 Logarithms/3.2.3 u log(e (f (a+b x)^p (c+d x)^q)^r)^s.mac e57  record verified 16.9s -> deferred 22.7s  | P0 core verified 15.1s top=3_3_r60  | final30 deferred 23.5s top=3_3_r60  | final120 -
      fires P0: 3_3_r8,3_2_3_r8,3_3_r60
      fires final: 3_1_5_r54,3_1_5_r45,3_1_3_r6,3_2_3_r8,3_3_r61,1_1_1_1_r2,3_1_2_r2,3_3_r60  self=-

GROUP g34  deterministic  2 entries  final timeout top=3_1_4_r21
  3 Logarithms/3.1.4 (f x)^m (d+e x^r)^q (a+b log(c x^n))^p.mac e290  record verified 11.9s -> timeout 30.0s  | P0 core verified 10.0s top=3_1_4_r16  | final30 timeout 30.0s top=3_1_4_r21  | final120 timeout 120.1s top=3_1_4_r21
      fires P0: 3_1_4_r16
      fires final: 1_1_2_1_r15,1_1_1_2_r32,1_1_1_2_r20,1_1_2_2_r4,1_4_1_r18,3_1_4_r21  self=-
  3 Logarithms/3.1.4 (f x)^m (d+e x^r)^q (a+b log(c x^n))^p.mac e301  record verified 9.4s -> timeout 30.0s  | P0 core verified 8.9s top=3_1_4_r16  | final30 timeout 30.1s top=3_1_4_r21  | final120 timeout 120.1s top=3_1_4_r21
      fires P0: 3_1_4_r16
      fires final: 1_1_2_1_r15,1_1_1_2_r32,1_1_1_2_r20,1_1_2_2_r4,1_4_1_r18,3_1_4_r21  self=-

GROUP g35  deterministic  2 entries  final timeout top=3_4_r5
  3 Logarithms/3.4 u (a+b log(c (d+e x^m)^n))^p.mac e437  record verified 3.8s -> timeout 30.0s  | P0 core verified 4.0s top=3_4_r5  | final30 timeout 30.0s top=3_4_r5  | final120 timeout 120.1s top=3_4_r5
      fires P0: 3_3_r31,3_4_r8,3_4_r5
      fires final: 3_1_5_r45,3_1_4_r10,3_3_r3,3_1_3_r6,3_1_3_r7,3_1_4_r20,3_3_r23,3_3_r10,3_4_r8,3_4_r5  self=-
  3 Logarithms/3.4 u (a+b log(c (d+e x^m)^n))^p.mac e504  record verified 4.3s -> timeout 30.0s  | P0 core verified 5.2s top=3_4_r5  | final30 timeout 30.0s top=3_4_r5  | final120 timeout 120.3s top=3_4_r5
      fires P0: 3_3_r31,3_4_r8,3_4_r5
      fires final: 3_1_5_r45,3_1_4_r10,3_3_r3,3_1_3_r6,3_1_3_r7,3_1_4_r20,1_1_1_1_r3,3_1_3_r3,3_1_3_r8,3_3_r23,3_3_r10,3_4_r8,3_4_r5  self=-

GROUP g36  deterministic  2 entries  final unverified top=3_1_3_r12
  3 Logarithms/3.1.4 (f x)^m (d+e x^r)^q (a+b log(c x^n))^p.mac e228  record verified 3.3s -> unverified 2.0s  | P0 core verified 4.0s top=3_1_3_r12  | final30 unverified 1.8s top=3_1_3_r12  | final120 -
      fires P0: 1_1_2_1_r15,1_4_1_r18,3_1_3_r13,3_1_3_r12
      fires final: 1_1_2_1_r12,1_4_1_r18,3_1_3_r13,3_1_3_r12  self=-
      answer final: ((sqrt(1/e)*atan(x/(sqrt(d)*sqrt(1/e)))*(b*log(c*x^n)+a))/sqrt(d)-b*n*((sqrt(1/e)*log(x)*atan(x/(sqrt(d)*sqrt(1/e))))/sqrt(d)-(sqrt(1/e)*((sqrt(d)*(%pi*log(e*x^2+d)+2*%i*li[2]((%i*sqrt(e)*x+sqrt(d))/sqrt(d))-2*%i*li[2](-((%i*sqrt(e)*x-sqrt(d))/sqrt(d)))-4*atan((sqrt(e)*x)/sqrt(d))*log((sqrt(abs(e))*...
  3 Logarithms/3.1.4 (f x)^m (d+e x^r)^q (a+b log(c x^n))^p.mac e238  record verified 4.0s -> unverified 2.2s  | P0 core verified 5.0s top=3_1_3_r12  | final30 unverified 2.2s top=3_1_3_r12  | final120 -
      fires P0: 1_1_2_1_r15,1_1_2_1_r3,1_4_1_r18,3_1_3_r13,3_1_3_r12
      fires final: 1_1_2_1_r12,1_1_2_1_r9,1_4_1_r18,3_1_3_r13,3_1_3_r12  self=-
      answer final: (3*(((sqrt(1/e)*atan(x/(sqrt(d)*sqrt(1/e)))*(b*log(c*x^n)+a))/sqrt(d)-b*n*((sqrt(1/e)*log(x)*atan(x/(sqrt(d)*sqrt(1/e))))/sqrt(d)-(sqrt(1/e)*((sqrt(d)*(%pi*log(e*x^2+d)+2*%i*li[2]((%i*sqrt(e)*x+sqrt(d))/sqrt(d))-2*%i*li[2](-((%i*sqrt(e)*x-sqrt(d))/sqrt(d)))-4*atan((sqrt(e)*x)/sqrt(d))*log((sqrt(abs(...

GROUP g37  deterministic  2 entries  final unverified top=3_1_4_r18
  3 Logarithms/3.1.4 (f x)^m (d+e x^r)^q (a+b log(c x^n))^p.mac e312  record verified 1.4s -> unverified 9.6s  | P0 core verified 1.7s top=1_4_2_r25  | final30 unverified 8.4s top=3_1_4_r18  | final120 -
      fires P0: 1_4_2_r25
      fires final: 1_1_2_1_r15,1_1_1_2_r32,1_1_1_2_r11,1_1_2_2_r4,1_4_1_r18,3_1_4_r23,3_1_4_r18  self=-
      answer final: (sqrt(1-(e^2*x^2)/d^2)*((b*n*(2*d^2*((e^2*log((2*sqrt(1-(e^2*x^2)/d^2))/abs(x)+2/abs(x)))/(2*d^2)-(1-(e^2*x^2)/d^2)^(3/2)/(2*x^2)-(e^2*sqrt(1-(e^2*x^2)/d^2))/(2*d^2))-e^2*'integrate((log(d-sqrt(d-e*x)*sqrt(e*x+d))-log(sqrt(d-e*x)*sqrt(e*x+d)+d))/x,x)))/(4*d^2)-((b*log(c*x^n)+a)*(e^2*x^2*log(-((sqrt(...
  3 Logarithms/3.1.4 (f x)^m (d+e x^r)^q (a+b log(c x^n))^p.mac e313  record verified 1.8s -> unverified 10.0s  | P0 core verified 1.9s top=1_4_2_r25  | final30 unverified 8.3s top=3_1_4_r18  | final120 -
      fires P0: 1_4_2_r25
      fires final: 1_1_2_1_r17,1_1_2_2_r23,1_4_1_r18,3_1_4_r23,3_1_4_r18  self=-
      answer final: (sqrt(1-(e^2*x^2)/d^2)*(-((b*sqrt(1/d^2)*d^2*n*(d^2*'integrate(atan2(e*x,sqrt(d-e*x)*sqrt(e*x+d))/x,x)-sqrt(1/d^2)*d^2*e*((d*asin((abs(e)*x)/d))/(2*abs(e))+(x*sqrt(1-(e^2*x^2)/d^2))/2)))/(2*e^3))+(d^2*asin(sqrt(1/d^2)*e*x)*(b*log(c*x^n)+a))/(2*sqrt(1/d^2)*e^3)-(d^2*x*sqrt(1-(e^2*x^2)/d^2)*(b*log(c*x...

GROUP g38  deterministic  2 entries  final unverified top=3_2_3_r8
  3 Logarithms/3.2.3 u log(e (f (a+b x)^p (c+d x)^q)^r)^s.mac e51  record verified 8.1s -> unverified 11.4s  | P0 core verified 8.1s top=3_2_3_r8  | final30 unverified 10.7s top=3_2_3_r8  | final120 -
      fires P0: 3_3_r31,3_3_r8,3_2_3_r8
      fires final: 3_1_5_r54,3_1_5_r45,3_3_r46,3_3_r8,3_2_3_r8  self=-
      answer final: ((t*log(i*(h*x+g)^n)+s)^3*log(e*(f*(b*x+a)^p*(d*x+c)^q)^r))/(3*h*k*n*t)-(d*q*r*((log((h*(d*x+c))/(c*h-d*g))*(t*log(i*(h*x+g)^n)+s)^3)/d-(3*n*t*(-(polylog(2,-((d*h*x+d*g)/(c*h-d*g)))*t^2*log(i*(h*x+g)^n)^2)+(2*polylog(3,-((d*h*x+d*g)/(c*h-d*g)))*n*t^2-2*polylog(2,-((d*h*x+d*g)/(c*h-d*g)))*s*t)*log(i*...
  3 Logarithms/3.2.3 u log(e (f (a+b x)^p (c+d x)^q)^r)^s.mac e52  record verified 8.9s -> unverified 6.4s  | P0 core verified 8.5s top=3_2_3_r9  | final30 unverified 6.2s top=3_2_3_r8  | final120 -
      fires P0: 3_2_3_r9
      fires final: 3_1_5_r45,3_3_r46,3_3_r8,3_2_3_r8  self=-
      answer final: ((t*log(i*(h*x+g)^n)+s)^2*log(e*(f*(b*x+a)^p*(d*x+c)^q)^r))/(2*h*k*n*t)-(d*q*r*((log((h*(d*x+c))/(c*h-d*g))*(t*log(i*(h*x+g)^n)+s)^2)/d-(2*n*t*(-(polylog(2,-((d*h*x+d*g)/(c*h-d*g)))*t*log(i*(h*x+g)^n))+n*t*'integrate(polylog(2,-((d*h*x+d*g)/(c*h-d*g)))/(h*x+g),h*x+g)-polylog(2,-((d*h*x+d*g)/(c*h-d*g...

GROUP g39  deterministic  2 entries  final unverified top=3_4_r36
  3 Logarithms/3.4 u (a+b log(c (d+e x^m)^n))^p.mac e621  record verified 9.6s -> unverified 6.6s  | P0 core verified 7.5s top=3_5_r44  | final30 unverified 5.9s top=3_4_r36  | final120 -
      fires P0: 3_5_r44
      fires final: 3_1_5_r54,3_1_5_r45,3_1_4_r6,3_4_r36  self=-
      answer final: (log(f*x^p)^4*(b*log(c*(e*x^m+d)^n)+a))/(4*p)-(b*e*m*n*((log((e*x^m)/d+1)*log(f*x^p)^4)/(e*m)-(4*p*((3*p*((polylog(3,-((e*x^m)/d))*log(f*x^p)^2)/m-(2*p*((polylog(4,-((e*x^m)/d))*log(f*x^p))/m-(p*'integrate(polylog(4,-((e*x^m)/d))/x,x))/m))/m))/m-(polylog(2,-((e*x^m)/d))*log(f*x^p)^3)/m))/(e*m)))/(4*...
  3 Logarithms/3.4 u (a+b log(c (d+e x^m)^n))^p.mac e622  record verified 8.1s -> unverified 5.9s  | P0 core verified 7.3s top=3_5_r44  | final30 unverified 5.0s top=3_4_r36  | final120 -
      fires P0: 3_5_r44
      fires final: 3_1_5_r54,3_1_5_r45,3_1_4_r6,3_4_r36  self=-
      answer final: (log(f*x^p)^3*(b*log(c*(e*x^m+d)^n)+a))/(3*p)-(b*e*m*n*((log((e*x^m)/d+1)*log(f*x^p)^3)/(e*m)-(3*p*((2*p*((polylog(3,-((e*x^m)/d))*log(f*x^p))/m-(p*'integrate(polylog(3,-((e*x^m)/d))/x,x))/m))/m-(polylog(2,-((e*x^m)/d))*log(f*x^p)^2)/m))/(e*m)))/(3*p)

GROUP g40  deterministic  2 entries  final unverified top=3_4_r38
  3 Logarithms/3.4 u (a+b log(c (d+e x^m)^n))^p.mac e636  record verified 8.7s -> unverified 5.8s  | P0 core verified 6.9s top=3_4_r38  | final30 unverified 4.8s top=3_4_r38  | final120 -
      fires P0: 3_3_r31,3_3_r8,3_4_r8,3_4_r3,3_4_r38
      fires final: 3_1_5_r54,3_1_5_r45,3_3_r46,3_3_r8,3_4_r8,3_4_r3,3_4_r38  self=-
      answer final: (b^4*(e*(log(c*((d*g*x+d*f+e)/(g*x+f))^p)^4-4*p*log(-(e/(d*g*x+d*f)))*log(c*((d*g*x+d*f+e)/(g*x+f))^p)^3-12*polylog(2,(d*g*x+d*f+e)/(d*g*x+d*f))*p^2*log(c*((d*g*x+d*f+e)/(g*x+f))^p)^2+24*polylog(3,(d*g*x+d*f+e)/(d*g*x+d*f))*p^3*log(c*((d*g*x+d*f+e)/(g*x+f))^p)-24*p^4*'integrate((polylog(3,(d*g*x+d*f...
  3 Logarithms/3.4 u (a+b log(c (d+e x^m)^n))^p.mac e637  record verified 9.2s -> unverified 3.5s  | P0 core verified 7.2s top=3_4_r38  | final30 unverified 3.1s top=3_4_r38  | final120 -
      fires P0: 3_3_r8,3_4_r8,3_4_r3,3_4_r38
      fires final: 3_1_5_r45,3_3_r46,3_3_r8,3_4_r8,3_4_r3,3_4_r38  self=-
      answer final: (b^3*(e*(log(c*((d*g*x+d*f+e)/(g*x+f))^p)^3-3*p*log(-(e/(d*g*x+d*f)))*log(c*((d*g*x+d*f+e)/(g*x+f))^p)^2-6*polylog(2,(d*g*x+d*f+e)/(d*g*x+d*f))*p^2*log(c*((d*g*x+d*f+e)/(g*x+f))^p)+6*p^3*'integrate((polylog(2,(d*g*x+d*f+e)/(d*g*x+d*f))*g*x+polylog(2,(d*g*x+d*f+e)/(d*g*x+d*f))*f)/(d*g*x+d*f+e),(d*g*x...

GROUP g41  deterministic  2 entries  final unverified top=3_5_r35
  3 Logarithms/3.5 Logarithm functions.mac e40  record verified 2.7s -> unverified 18.2s  | P0 core verified 2.4s top=3_5_r35  | final30 unverified 17.4s top=3_5_r35  | final120 -
      fires P0: 1_1_2_1_r15,1_4_1_r25,3_5_r35
      fires final: 1_1_2_1_r12,1_4_1_r18,9_1_r27,9_1_r10,3_5_r35  self=-
      answer final: (sqrt(1/e)*atan(x/(sqrt(d)*sqrt(1/e)))*log((2*x*(e*x+d*sqrt(-(e/d))))/(e*x^2+d)))/sqrt(d)+(d*sqrt(-(e/d))*(sqrt(d)*sqrt(e)*((-(3*e^2*x^4)-6*d*e*x^2-3*d^2)*log(e*x^2+d)*log((sqrt(d)*sqrt(e)*sqrt(d*e)*(e*x^2+d)+d*e^2*x^2+d^2*e)/(4*d^(3/2)*sqrt(e)*sqrt(d*e)+4*d^2*e))+(3*e^2*x^4+6*d*e*x^2+3*d^2)*log(e*x...
  3 Logarithms/3.5 Logarithm functions.mac e41  record verified 2.7s -> unverified 12.5s  | P0 core verified 2.5s top=3_5_r35  | final30 unverified 10.6s top=3_5_r35  | final120 -
      fires P0: 1_1_2_1_r15,1_4_1_r25,3_5_r35
      fires final: 1_1_2_1_r12,1_4_1_r18,9_1_r27,3_5_r35  self=-
      answer final: (sqrt(1/e)*atan(x/(sqrt(d)*sqrt(1/e)))*log(-((2*x*(d*sqrt(-(e/d))-e*x))/(e*x^2+d))))/sqrt(d)+(d*sqrt(-(e/d))*(sqrt(d)*sqrt(e)*((3*e^2*x^4+6*d*e*x^2+3*d^2)*log(e*x^2+d)*log((sqrt(d)*sqrt(e)*sqrt(d*e)*(e*x^2+d)+d*e^2*x^2+d^2*e)/(4*d^(3/2)*sqrt(e)*sqrt(d*e)+4*d^2*e))+(-(3*e^2*x^4)-6*d*e*x^2-3*d^2)*log(...

GROUP g42  deterministic  1 entries  final contains-noun top=3_1_3_r7
  3 Logarithms/3.1.4 (f x)^m (d+e x^r)^q (a+b log(c x^n))^p.mac e128  record verified 2.1s -> contains-noun 0.9s  | P0 core verified 2.9s top=3_1_3_r7  | final30 contains-noun 1.1s top=3_1_3_r7  | final120 -
      fires P0: 3_1_3_r7
      fires final: 3_1_3_r20,3_1_3_r7  self=-

GROUP g43  deterministic  1 entries  final contains-noun top=3_1_3_r8
  3 Logarithms/3.1.4 (f x)^m (d+e x^r)^q (a+b log(c x^n))^p.mac e129  record verified 3.0s -> contains-noun 2.6s  | P0 core verified 3.6s top=3_5_r8  | final30 contains-noun 2.8s top=3_1_3_r8  | final120 -
      fires P0: 3_5_r8
      fires final: 3_1_4_r27,3_1_3_r8  self=-

GROUP g44  deterministic  1 entries  final contains-noun top=3_3_r34
  3 Logarithms/3.3 u (a+b log(c (d+e x)^n))^p.mac e361  record verified 6.0s -> contains-noun 1.0s  | P0 core verified 6.1s top=3_3_r34  | final30 contains-noun 1.0s top=3_3_r34  | final120 -
      fires P0: 3_3_r34
      fires final: 1_1_1_2_r12,3_1_4_r27,3_3_r34  self=-

GROUP g45  deterministic  1 entries  final contains-noun top=3_3_r39
  3 Logarithms/3.3 u (a+b log(c (d+e x)^n))^p.mac e370  record verified 2.8s -> contains-noun 2.4s  | P0 core verified 2.6s top=3_3_r39  | final30 contains-noun 2.5s top=3_3_r39  | final120 -
      fires P0: 3_3_r39
      fires final: 3_3_r56,3_3_r39  self=-

GROUP g46  deterministic  1 entries  final contains-noun top=3_3_r54
  3 Logarithms/3.3 u (a+b log(c (d+e x)^n))^p.mac e391  record verified 1.6s -> contains-noun 4.1s  | P0 core verified 2.0s top=3_3_r55  | final30 contains-noun 3.7s top=3_3_r54  | final120 -
      fires P0: 3_3_r55
      fires final: 1_1_1_1_r1,1_1_1_1_r3,1_1_1_2_r3,3_3_r32,3_3_r54  self=-

GROUP g47  deterministic  1 entries  final contains-noun top=3_4_r5
  3 Logarithms/3.4 u (a+b log(c (d+e x^m)^n))^p.mac e522  record verified 3.3s -> contains-noun 0.8s  | P0 core verified 4.0s top=3_4_r5  | final30 contains-noun 1.1s top=3_4_r5  | final120 -
      fires P0: 3_4_r5
      fires final: 3_4_r27,3_4_r11,3_4_r5  self=-

GROUP g48  deterministic  1 entries  final deferred top=1_4_1_r26
  3 Logarithms/3.1.4 (f x)^m (d+e x^r)^q (a+b log(c x^n))^p.mac e350  record expected 1.2s -> deferred 0.3s  | P0 core expected 1.5s top=3_5_r1  | final30 deferred 0.2s top=1_4_1_r26  | final120 -
      fires P0: 3_5_r1
      fires final: 1_4_1_r26  self=-

GROUP g49  deterministic  1 entries  final deferred top=3_1_5_r30
  3 Logarithms/3.5 Logarithm functions.mac e270  record verified 14.0s -> deferred 2.0s  | P0 core verified 13.8s top=3_2_3_r16  | final30 deferred 2.6s top=3_1_5_r30  | final120 -
      fires P0: 9_1_r9,1_1_1_1_r1,1_1_1_2_r19,1_1_1_4_r41,3_2_3_r16
      fires final: 3_1_5_r30  self=-

GROUP g50  deterministic  1 entries  final deferred top=3_3_r32
  3 Logarithms/3.4 u (a+b log(c (d+e x^m)^n))^p.mac e223  record verified 8.6s -> deferred 1.2s  | P0 core verified 11.3s top=3_2_3_r16  | final30 deferred 1.2s top=3_3_r32  | final120 -
      fires P0: 1_1_1_1_r3,1_1_1_1_r1,1_1_1_2_r3,9_1_r9,3_2_3_r16
      fires final: 1_1_1_1_r1,1_1_1_1_r3,1_1_1_2_r3,3_3_r32  self=-

GROUP g51  deterministic  1 entries  final timeout top=-
  3 Logarithms/3.5 Logarithm functions.mac e83  record verified 2.4s -> timeout 30.0s  | P0 core verified 2.6s top=3_5_r34  | final30 timeout 30.0s top=-  | final120 timeout 120.1s top=-
      fires P0: 1_2_1_6_r1,3_5_r34
      fires final: -  self=-

GROUP g52  deterministic  1 entries  final timeout top=3_1_4_r23
  3 Logarithms/3.1.4 (f x)^m (d+e x^r)^q (a+b log(c x^n))^p.mac e291  record verified 11.4s -> timeout 30.0s  | P0 core verified 9.3s top=3_1_4_r16  | final30 timeout 30.1s top=3_1_4_r23  | final120 timeout 120.2s top=3_1_4_r23
      fires P0: 3_1_4_r16
      fires final: 1_1_2_1_r15,1_1_1_2_r32,1_1_1_2_r20,1_1_1_2_r11,1_1_2_2_r4,1_4_1_r25,3_1_4_r23  self=-

GROUP g53  deterministic  1 entries  final timeout top=3_4_r2
  3 Logarithms/3.1.5 u (a+b log(c x^n))^p.mac e29  record verified 11.0s -> timeout 30.1s  | P0 core verified 10.3s top=3_5_r44  | final30 timeout 30.1s top=3_4_r2  | final120 timeout 120.3s top=3_4_r2
      fires P0: 3_1_1_r1,1_4_1_r7,3_5_r44
      fires final: 1_1_2_1_r12,1_1_2_2_r23,3_4_r2  self=-

GROUP g54  deterministic  1 entries  final unverified top=3_1_3_r13
  3 Logarithms/3.1.4 (f x)^m (d+e x^r)^q (a+b log(c x^n))^p.mac e218  record verified 2.7s -> unverified 1.8s  | P0 core verified 3.1s top=3_1_3_r13  | final30 unverified 1.4s top=3_1_3_r13  | final120 -
      fires P0: 1_1_2_1_r15,1_4_1_r18,3_1_3_r13
      fires final: 1_1_2_1_r12,1_4_1_r18,3_1_3_r13  self=-
      answer final: (sqrt(1/e)*atan(x/(sqrt(d)*sqrt(1/e)))*(b*log(c*x^n)+a))/sqrt(d)-b*n*((sqrt(1/e)*log(x)*atan(x/(sqrt(d)*sqrt(1/e))))/sqrt(d)-(sqrt(1/e)*((sqrt(d)*(%pi*log(e*x^2+d)+2*%i*li[2]((%i*sqrt(e)*x+sqrt(d))/sqrt(d))-2*%i*li[2](-((%i*sqrt(e)*x-sqrt(d))/sqrt(d)))-4*atan((sqrt(e)*x)/sqrt(d))*log((sqrt(abs(e))*x...

GROUP g55  deterministic  1 entries  final unverified top=3_1_4_r10
  3 Logarithms/3.1.4 (f x)^m (d+e x^r)^q (a+b log(c x^n))^p.mac e430  record verified 6.1s -> unverified 3.0s  | P0 core verified 8.2s top=3_5_r44  | final30 unverified 3.0s top=3_1_4_r10  | final120 -
      fires P0: 3_5_r44
      fires final: 3_1_5_r45,3_1_4_r10  self=-
      answer final: (2*b*n*((polylog(2,-(d/(e*x^r)))*(b*log(c*x^n)+a))/r-(b*n*'integrate(polylog(2,-(d/(e*x^r)))/x,x))/r))/(d*r)-((b*log(c*x^n)+a)^2*log(d/(e*x^r)+1))/(d*r)

GROUP g56  deterministic  1 entries  final unverified top=3_1_4_r22
  3 Logarithms/3.1.4 (f x)^m (d+e x^r)^q (a+b log(c x^n))^p.mac e431  record verified 6.6s -> unverified 9.1s  | P0 core verified 8.5s top=3_5_r44  | final30 unverified 9.0s top=3_1_4_r22  | final120 -
      fires P0: 3_5_r44
      fires final: 3_1_5_r45,3_1_4_r10,3_3_r3,3_1_4_r7,3_1_4_r22  self=-
      answer final: ((2*b*n*((polylog(2,-(d/(e*x^r)))*(b*log(c*x^n)+a))/r-(b*n*'integrate(polylog(2,-(d/(e*x^r)))/x,x))/r))/(d*r)-((b*log(c*x^n)+a)^2*log(d/(e*x^r)+1))/(d*r))/d-(e*((2*b*n*((polylog(2,-(d/(e*x^r)))*b*n)/(d*r^2)-((b*log(c*x^n)+a)*log(d/(e*x^r)+1))/(d*r)))/(e*r)-(b*log(c*x^n)+a)^2/(e*r*(e*x^r+d))))/d

GROUP g57  deterministic  1 entries  final unverified top=3_1_4_r6
  3 Logarithms/3.4 u (a+b log(c (d+e x^m)^n))^p.mac e620  record verified 5.3s -> unverified 3.0s  | P0 core verified 5.1s top=9_1_r16  | final30 unverified 2.8s top=3_1_4_r6  | final120 -
      fires P0: 9_1_r16
      fires final: 3_1_5_r45,3_1_4_r6  self=-
      answer final: (log((e*x^m)/d+1)*log(f*x^p)^2)/(e*m)-(2*p*((p*'integrate(polylog(2,-((e*x^m)/d))/x,x))/m-(polylog(2,-((e*x^m)/d))*log(f*x^p))/m))/(e*m)

GROUP g58  deterministic  1 entries  final unverified top=3_1_5_r46
  3 Logarithms/3.4 u (a+b log(c (d+e x^m)^n))^p.mac e389  record verified 10.2s -> unverified 3.1s  | P0 core verified 8.5s top=3_1_5_r46  | final30 unverified 3.2s top=3_1_5_r46  | final120 -
      fires P0: 1_1_1_1_r1,3_5_r42,3_5_r44,3_1_5_r46
      fires final: 3_1_5_r45,3_1_4_r6,3_1_5_r46  self=-
      answer final: (log(x)^2*log(e*x^m+d))/2-(e*m*((log(x)^2*log((e*x^m)/d+1))/(e*m)-(2*(('integrate(polylog(2,-((e*x^m)/d))/x,x))/m-(polylog(2,-((e*x^m)/d))*log(x))/m))/(e*m)))/2

GROUP g59  deterministic  1 entries  final unverified top=3_2_1_r1
  3 Logarithms/3.2.3 u log(e (f (a+b x)^p (c+d x)^q)^r)^s.mac e95  record verified 20.9s -> unverified 2.3s  | P0 core verified 17.7s top=3_2_1_r2  | final30 unverified 2.1s top=3_2_1_r1  | final120 -
      fires P0: 3_3_r3,3_1_3_r6,3_1_1_r1,3_2_3_r3,1_1_1_1_r1,3_1_2_r2,3_1_5_r40,1_1_1_1_r3,3_2_3_r6,3_2_1_r2
      fires final: 3_1_5_r45,3_1_3_r6,3_2_1_r17,3_2_1_r1  self=-
      answer final: (3*b*(2*'integrate((polylog(2,(a*x+b)/(a*x))*x)/(a*x+b),(a*x+b)/x)-log(-(b/(a*x)))*log((c*(a*x+b))/x)^2-2*polylog(2,(a*x+b)/(a*x))*log((c*(a*x+b))/x)))/a+((a*x+b)*log((c*(a*x+b))/x)^3)/a

GROUP g60  deterministic  1 entries  final unverified top=3_2_1_r17
  3 Logarithms/3.2.3 u log(e (f (a+b x)^p (c+d x)^q)^r)^s.mac e104  record verified 3.0s -> unverified 2.5s  | P0 core verified 3.3s top=3_2_1_r18  | final30 unverified 2.5s top=3_2_1_r17  | final120 -
      fires P0: 3_3_r51,3_1_3_r6,3_2_1_r18
      fires final: 3_1_5_r45,3_1_3_r6,3_2_1_r17  self=-
      answer final: -((log(((b*d*e-a*d*f)*x-a*c*f+b*c*e)/(b*(d*e-c*f)*x+a*(d*e-c*f)))^2*log(-((b*c-a*d)/(b*d*x+a*d)))-2*'integrate((polylog(2,(b*d*x+b*c)/(b*d*x+a*d))*b*x+polylog(2,(b*d*x+b*c)/(b*d*x+a*d))*a)/(d*x+c),(d*x+c)/(b*x+a))+2*polylog(2,(b*d*x+b*c)/(b*d*x+a*d))*log(((b*d*e-a*d*f)*x-a*c*f+b*c*e)/(b*(d*e-c*f)*x+...

GROUP g61  deterministic  1 entries  final unverified top=3_3_r37
  3 Logarithms/3.3 u (a+b log(c (d+e x)^n))^p.mac e362  record verified 5.3s -> unverified 2.6s  | P0 core verified 5.6s top=3_3_r37  | final30 unverified 1.9s top=3_3_r37  | final120 -
      fires P0: 3_3_r3,1_1_1_1_r1,3_1_3_r6,3_3_r37
      fires final: 3_1_5_r45,3_1_3_r6,3_3_r37  self=-
      answer final: (log(f*x^m)^2*(b*log(c*(e*x+d)^n)+a))/(2*m)-(b*e*n*((log((e*x)/d+1)*log(f*x^m)^2)/e-(2*m*(m*'integrate(polylog(2,-((e*x)/d))/x,x)-polylog(2,-((e*x)/d))*log(f*x^m)))/e))/(2*m)

GROUP g62  deterministic  1 entries  final unverified top=3_3_r47
  3 Logarithms/3.3 u (a+b log(c (d+e x)^n))^p.mac e382  record verified 4.2s -> unverified 5.2s  | P0 core verified 4.7s top=3_3_r47  | final30 unverified 4.4s top=3_3_r47  | final120 -
      fires P0: 3_3_r47
      fires final: 3_1_5_r45,3_1_3_r6,3_1_5_r46,3_3_r46,3_3_r47  self=-
      answer final: log(x)*(b*log(c*(e*x+d)^n)+a)*(g*log(c*(e*x+d)^n)+f)-(b^2*g^2*(4*log(x)-4*log(-((e*x)/d)))*log(c*(e*x+d)^n)^2+(a*b*g^2*(4*log(x)-4*log(-((e*x)/d)))+b^2*(f*g*(4*log(x)-4*log(-((e*x)/d)))-8*polylog(2,(e*x+d)/d)*g^2*n))*log(c*(e*x+d)^n)+b^2*(8*g^2*n^2*'integrate(polylog(2,(e*x+d)/d)/(e*x+d),e*x+d)+f^2*...

GROUP g63  deterministic  1 entries  final unverified top=3_3_r60
  3 Logarithms/3.3 u (a+b log(c (d+e x)^n))^p.mac e433  record expected 7.1s -> unverified 4.6s  | P0 core expected 7.8s top=3_3_r60  | final30 unverified 4.3s top=3_3_r60  | final120 -
      fires P0: 3_4_r1,3_3_r6,3_3_r9,3_3_r60
      fires final: 3_3_r6,3_3_r9,3_3_r60  self=-
      answer final: -((b^2*(f*h*x*(2*p^2*q^2*log(h*x+g)*log((h*x*(log(-((f*h*x+f*g)/(e*h-f*g)))+e*f)+e^2*h)/(-(g*log(-((f*h*x+f*g)/(e*h-f*g))))+e*f*h*x+e^2*h))+2*p^2*q^2*li[2](-((h*x*log(-((f*h*x+f*g)/(e*h-f*g)))+g*log(-((f*h*x+f*g)/(e*h-f*g))))/(-(g*log(-((f*h*x+f*g)/(e*h-f*g))))+e*f*h*x+e^2*h)))+2*p^2*q^2*log(f*x+e)*...

GROUP g64  deterministic  1 entries  final unverified top=3_3_r9
  3 Logarithms/3.3 u (a+b log(c (d+e x)^n))^p.mac e49  record expected 3.3s -> unverified 2.1s  | P0 core expected 3.7s top=3_3_r9  | final30 unverified 1.8s top=3_3_r9  | final120 -
      fires P0: 3_4_r1,3_3_r6,3_3_r9
      fires final: 3_3_r6,3_3_r9  self=-
      answer final: ((e*x+d)*(b*log(c*(e*x+d)^n)+a)^2)/((e*f-d*g)*(g*x+f))-(2*b*e*n*((log((e*(g*x+f))/(e*f-d*g))*(b*log(c*(e*x+d)^n)+a))/g-(b*e*n*((log((g*(e*x+d))/(d*g-e*f))*log((e*(g*x+f))/(e*f-d*g)))/e-(g*((log((g*(e*x+d))/(d*g-e*f))*log((e*(g*x+f))/(e*f-d*g)))/g-(e*((log(log((e*(g*x+f))/(e*f-d*g))/(e*x+d)+g*x)*log(...

GROUP g65  slow-correct  1 entries
  3 Logarithms/3.4 u (a+b log(c (d+e x^m)^n))^p.mac e528  record verified 4.4s -> timeout 30.0s  | P0 core verified 5.2s top=3_4_r12  | final30 timeout 30.1s top=3_4_r12  | final120 verified 73.7s top=3_4_r12
      fires P0: 3_4_r12
      fires final: 1_4_1_r3,3_4_r11,3_4_r12  self=-

NEW ERRORS 3
  3 Logarithms/3.1.5 u (a+b log(c x^n))^p.mac e120  P0 verified 10.3s  rerun error 26.1s top=3_1_5_r47  error: Heap exhausted during garbage collection: 0 bytes available, 16 requested. | fatal error encountered in SBCL pid 1713304 tid 1713304: | Heap exhausted, game over.
  3 Logarithms/3.4 u (a+b log(c (d+e x^m)^n))^p.mac e356  P0 deferred 9.5s  rerun error 26.4s top=-  error: Heap exhausted during garbage collection: 0 bytes available, 16 requested. | fatal error encountered in SBCL pid 1713305 tid 1713305: | Heap exhausted, game over.
  3 Logarithms/3.5 Logarithm functions.mac e172  P0 timeout 30.1s  rerun error 24.6s top=3_5_r31  error: Heap exhausted during garbage collection: 0 bytes available, 16 requested. | fatal error encountered in SBCL pid 1713306 tid 1713306: | Heap exhausted, game over.

NEW TIMEOUTS 70: at 100 s error 4, timeout 56, unverified 4, verified 6
  3 Logarithms/3.1.4 (f x)^m (d+e x^r)^q (a+b log(c x^n))^p.mac e135  P0 unverified 16.3s  recheck100 verified 79.0s
  3 Logarithms/3.1.4 (f x)^m (d+e x^r)^q (a+b log(c x^n))^p.mac e156  P0 deferred 12.4s  recheck100 verified 37.4s
  3 Logarithms/3.1.4 (f x)^m (d+e x^r)^q (a+b log(c x^n))^p.mac e256  P0 unverified 6.2s  recheck100 timeout 100.2s
  3 Logarithms/3.1.4 (f x)^m (d+e x^r)^q (a+b log(c x^n))^p.mac e257  P0 unverified 6.3s  recheck100 timeout 100.2s
  3 Logarithms/3.1.4 (f x)^m (d+e x^r)^q (a+b log(c x^n))^p.mac e258  P0 unverified 5.0s  recheck100 timeout 100.2s
  3 Logarithms/3.1.4 (f x)^m (d+e x^r)^q (a+b log(c x^n))^p.mac e268  P0 unverified 5.7s  recheck100 timeout 100.1s
  3 Logarithms/3.1.4 (f x)^m (d+e x^r)^q (a+b log(c x^n))^p.mac e269  P0 unverified 4.3s  recheck100 timeout 100.2s
  3 Logarithms/3.1.4 (f x)^m (d+e x^r)^q (a+b log(c x^n))^p.mac e270  P0 unverified 3.5s  recheck100 timeout 100.2s
  3 Logarithms/3.1.4 (f x)^m (d+e x^r)^q (a+b log(c x^n))^p.mac e280  P0 deferred 8.5s  recheck100 timeout 100.2s
  3 Logarithms/3.1.4 (f x)^m (d+e x^r)^q (a+b log(c x^n))^p.mac e281  P0 deferred 8.3s  recheck100 timeout 100.1s
  3 Logarithms/3.1.4 (f x)^m (d+e x^r)^q (a+b log(c x^n))^p.mac e290  P0 verified 11.9s  recheck100 timeout 100.1s
  3 Logarithms/3.1.4 (f x)^m (d+e x^r)^q (a+b log(c x^n))^p.mac e291  P0 verified 11.4s  recheck100 timeout 100.1s
  3 Logarithms/3.1.4 (f x)^m (d+e x^r)^q (a+b log(c x^n))^p.mac e292  P0 deferred 13.1s  recheck100 timeout 100.1s
  3 Logarithms/3.1.4 (f x)^m (d+e x^r)^q (a+b log(c x^n))^p.mac e301  P0 verified 9.4s  recheck100 timeout 100.1s
  3 Logarithms/3.1.4 (f x)^m (d+e x^r)^q (a+b log(c x^n))^p.mac e303  P0 deferred 11.9s  recheck100 timeout 100.2s
  3 Logarithms/3.1.4 (f x)^m (d+e x^r)^q (a+b log(c x^n))^p.mac e304  P0 deferred 12.9s  recheck100 timeout 100.2s
  3 Logarithms/3.1.4 (f x)^m (d+e x^r)^q (a+b log(c x^n))^p.mac e436  P0 deferred 6.2s  recheck100 timeout 100.1s
  3 Logarithms/3.1.4 (f x)^m (d+e x^r)^q (a+b log(c x^n))^p.mac e437  P0 deferred 6.2s  recheck100 timeout 100.1s
  3 Logarithms/3.1.4 (f x)^m (d+e x^r)^q (a+b log(c x^n))^p.mac e438  P0 deferred 6.1s  recheck100 timeout 100.1s
  3 Logarithms/3.1.4 (f x)^m (d+e x^r)^q (a+b log(c x^n))^p.mac e439  P0 deferred 6.1s  recheck100 timeout 100.1s
  3 Logarithms/3.1.5 u (a+b log(c x^n))^p.mac e29  P0 verified 11.0s  recheck100 timeout 100.2s
  3 Logarithms/3.1.5 u (a+b log(c x^n))^p.mac e30  P0 error 5.6s  recheck100 timeout 100.2s
  3 Logarithms/3.1.5 u (a+b log(c x^n))^p.mac e51  P0 verified 8.9s  recheck100 error 91.0s
  3 Logarithms/3.1.5 u (a+b log(c x^n))^p.mac e96  P0 deferred 8.4s  recheck100 timeout 100.2s
  3 Logarithms/3.1.5 u (a+b log(c x^n))^p.mac e115  P0 unverified 22.1s  recheck100 timeout 100.2s
  3 Logarithms/3.1.5 u (a+b log(c x^n))^p.mac e119  P0 verified 8.9s  recheck100 error 63.2s
  3 Logarithms/3.1.5 u (a+b log(c x^n))^p.mac e121  P0 verified 7.9s  recheck100 error 69.1s
  3 Logarithms/3.1.5 u (a+b log(c x^n))^p.mac e249  P0 deferred 4.4s  recheck100 error 85.2s
  3 Logarithms/3.2.2 (f+g x)^m (h+i x)^q (A+B log(e ((a+b x) over (c+d x))^n))^p.mac e106  P0 unverified 2.7s  recheck100 verified 66.0s
  3 Logarithms/3.3 u (a+b log(c (d+e x)^n))^p.mac e150  P0 deferred 6.8s  recheck100 verified 57.6s
  3 Logarithms/3.3 u (a+b log(c (d+e x)^n))^p.mac e151  P0 deferred 6.5s  recheck100 timeout 100.2s
  3 Logarithms/3.3 u (a+b log(c (d+e x)^n))^p.mac e190  P0 contains-noun 14.3s  recheck100 unverified 54.8s
  3 Logarithms/3.3 u (a+b log(c (d+e x)^n))^p.mac e217  P0 deferred 10.7s  recheck100 timeout 100.1s
  3 Logarithms/3.3 u (a+b log(c (d+e x)^n))^p.mac e218  P0 deferred 10.0s  recheck100 unverified 34.9s
  3 Logarithms/3.3 u (a+b log(c (d+e x)^n))^p.mac e233  P0 error 30.0s  recheck100 timeout 100.1s
  3 Logarithms/3.3 u (a+b log(c (d+e x)^n))^p.mac e264  P0 deferred 9.4s  recheck100 timeout 100.2s
  3 Logarithms/3.3 u (a+b log(c (d+e x)^n))^p.mac e265  P0 deferred 9.0s  recheck100 timeout 100.2s
  3 Logarithms/3.3 u (a+b log(c (d+e x)^n))^p.mac e271  P0 deferred 13.1s  recheck100 timeout 100.3s
  3 Logarithms/3.3 u (a+b log(c (d+e x)^n))^p.mac e272  P0 deferred 12.4s  recheck100 timeout 100.2s
  3 Logarithms/3.3 u (a+b log(c (d+e x)^n))^p.mac e273  P0 deferred 8.4s  recheck100 timeout 100.2s
  3 Logarithms/3.3 u (a+b log(c (d+e x)^n))^p.mac e274  P0 deferred 11.6s  recheck100 timeout 100.2s
  3 Logarithms/3.3 u (a+b log(c (d+e x)^n))^p.mac e327  P0 error 13.2s  recheck100 timeout 100.2s
  3 Logarithms/3.3 u (a+b log(c (d+e x)^n))^p.mac e488  P0 deferred 9.0s  recheck100 timeout 100.2s
  3 Logarithms/3.3 u (a+b log(c (d+e x)^n))^p.mac e523  P0 deferred 10.7s  recheck100 timeout 100.1s
  3 Logarithms/3.3 u (a+b log(c (d+e x)^n))^p.mac e524  P0 deferred 10.7s  recheck100 timeout 100.1s
  3 Logarithms/3.3 u (a+b log(c (d+e x)^n))^p.mac e525  P0 deferred 8.8s  recheck100 unverified 34.2s
  3 Logarithms/3.4 u (a+b log(c (d+e x^m)^n))^p.mac e261  P0 unverified 3.1s  recheck100 timeout 100.2s
  3 Logarithms/3.4 u (a+b log(c (d+e x^m)^n))^p.mac e262  P0 unverified 1.9s  recheck100 timeout 100.1s
  3 Logarithms/3.4 u (a+b log(c (d+e x^m)^n))^p.mac e265  P0 unverified 2.5s  recheck100 timeout 100.1s
  3 Logarithms/3.4 u (a+b log(c (d+e x^m)^n))^p.mac e271  P0 unverified 1.7s  recheck100 timeout 100.1s
  3 Logarithms/3.4 u (a+b log(c (d+e x^m)^n))^p.mac e345  P0 unverified 1.6s  recheck100 timeout 100.1s
  3 Logarithms/3.4 u (a+b log(c (d+e x^m)^n))^p.mac e353  P0 deferred 17.3s  recheck100 timeout 100.1s
  3 Logarithms/3.4 u (a+b log(c (d+e x^m)^n))^p.mac e354  P0 deferred 17.1s  recheck100 timeout 100.1s
  3 Logarithms/3.4 u (a+b log(c (d+e x^m)^n))^p.mac e372  P0 deferred 17.1s  recheck100 timeout 100.1s
  3 Logarithms/3.4 u (a+b log(c (d+e x^m)^n))^p.mac e376  P0 deferred 17.5s  recheck100 timeout 100.1s
  3 Logarithms/3.4 u (a+b log(c (d+e x^m)^n))^p.mac e419  P0 verified 4.4s  recheck100 timeout 100.1s
  3 Logarithms/3.4 u (a+b log(c (d+e x^m)^n))^p.mac e420  P0 verified 4.7s  recheck100 timeout 100.1s
  3 Logarithms/3.4 u (a+b log(c (d+e x^m)^n))^p.mac e436  P0 verified 2.8s  recheck100 timeout 100.1s
  3 Logarithms/3.4 u (a+b log(c (d+e x^m)^n))^p.mac e437  P0 verified 3.8s  recheck100 timeout 100.0s
  3 Logarithms/3.4 u (a+b log(c (d+e x^m)^n))^p.mac e438  P0 verified 6.7s  recheck100 unverified 84.8s
  3 Logarithms/3.4 u (a+b log(c (d+e x^m)^n))^p.mac e461  P0 verified 4.7s  recheck100 timeout 100.1s
  3 Logarithms/3.4 u (a+b log(c (d+e x^m)^n))^p.mac e462  P0 verified 4.4s  recheck100 timeout 100.1s
  3 Logarithms/3.4 u (a+b log(c (d+e x^m)^n))^p.mac e484  P0 verified 3.7s  recheck100 timeout 100.1s
  3 Logarithms/3.4 u (a+b log(c (d+e x^m)^n))^p.mac e503  P0 verified 2.4s  recheck100 timeout 100.1s
  3 Logarithms/3.4 u (a+b log(c (d+e x^m)^n))^p.mac e504  P0 verified 4.3s  recheck100 timeout 100.1s
  3 Logarithms/3.4 u (a+b log(c (d+e x^m)^n))^p.mac e524  P0 verified 3.5s  recheck100 timeout 100.1s
  3 Logarithms/3.4 u (a+b log(c (d+e x^m)^n))^p.mac e528  P0 verified 4.4s  recheck100 verified 72.6s
  3 Logarithms/3.4 u (a+b log(c (d+e x^m)^n))^p.mac e618  P0 deferred 25.7s  recheck100 timeout 100.2s
  3 Logarithms/3.5 Logarithm functions.mac e44  P0 unverified 2.5s  recheck100 verified 28.0s
  3 Logarithms/3.5 Logarithm functions.mac e83  P0 verified 2.4s  recheck100 timeout 100.1s
Results: 192 passed, 0 failed
