=== probe 10 -- P5 attribution runs (section '3 Logarithms', select passfail-timeout) ===
date: 2026-09-15 10:18 UTC
maxima: Maxima-version: "branch_5_50_base_84_g4204fb669"
maxima: Maxima build date: "2026-08-31 13:27:47"
maxima: Host type: "x86_64-pc-linux-gnu"
maxima: Lisp implementation type: "SBCL"
maxima: Lisp implementation version: "2.6.7"
core: /home/serge/src/maxima-rubi/test/mr_rules.core  fingerprint b98e4748784738cb78f0163a97d4cf5f
switches: mr_flat_wide=false mr_cond_retry=true mr_model_flags=true
P0 record: test/corpus_class3.pre-matcher.out  final record: test/corpus_class3.p5b-run1.out
entries: 20  cap: 120s  workers: 24

timeout        t= 120.1s 3 Logarithms/3.1.4 (f x)^m (d+e x^r)^q (a+b log(c x^n))^p.mac e290 L369  self=-  nfires=6  top=3_1_4_r21  fires=1_1_2_1_r15,1_1_1_2_r32,1_1_1_2_r20,1_1_2_2_r4,1_4_1_r18,3_1_4_r21
timeout        t= 120.2s 3 Logarithms/3.1.4 (f x)^m (d+e x^r)^q (a+b log(c x^n))^p.mac e291 L370  self=-  nfires=12  top=3_1_4_r23  fires=1_1_2_1_r15,1_1_1_2_r32,1_1_1_2_r20,1_1_1_2_r11,1_1_2_2_r4,1_4_1_r25,3_1_4_r23
timeout        t= 120.1s 3 Logarithms/3.1.4 (f x)^m (d+e x^r)^q (a+b log(c x^n))^p.mac e301 L380  self=-  nfires=7  top=3_1_4_r21  fires=1_1_2_1_r15,1_1_1_2_r32,1_1_1_2_r20,1_1_2_2_r4,1_4_1_r18,3_1_4_r21
timeout        t= 120.3s 3 Logarithms/3.1.5 u (a+b log(c x^n))^p.mac e29 L44  self=-  nfires=6  top=3_4_r2  fires=1_1_2_1_r12,1_1_2_2_r23,3_4_r2
error          t=  45.3s 3 Logarithms/3.1.5 u (a+b log(c x^n))^p.mac e51 L68  self=-  nfires=5  top=3_1_5_r47  fires=1_1_1_2_r13,3_3_r7,3_4_r8,1_4_1_r18,3_1_5_r47  err=Heap exhausted during garbage collection: 0 bytes available, 32 requested. | fatal error encountered in SBCL pid 1713003 tid 1713003: | Heap exhausted, game over.
error          t=  47.2s 3 Logarithms/3.1.5 u (a+b log(c x^n))^p.mac e119 L146  self=-  nfires=5  top=3_1_5_r47  fires=1_1_1_2_r13,3_3_r7,3_4_r8,1_4_1_r18,3_1_5_r47  err=Heap exhausted during garbage collection: 0 bytes available, 16 requested. | fatal error encountered in SBCL pid 1713006 tid 1713006: | Heap exhausted, game over.
error          t=  50.9s 3 Logarithms/3.1.5 u (a+b log(c x^n))^p.mac e121 L148  self=-  nfires=5  top=3_1_5_r47  fires=1_1_1_2_r13,3_3_r7,3_4_r8,1_4_1_r18,3_1_5_r47  err=Heap exhausted during garbage collection: 0 bytes available, 16 requested. | fatal error encountered in SBCL pid 1713008 tid 1713008: | Heap exhausted, game over.
timeout        t= 120.1s 3 Logarithms/3.4 u (a+b log(c (d+e x^m)^n))^p.mac e419 L548  self=-  nfires=9  top=3_4_r8  fires=3_1_5_r45,3_1_4_r10,3_3_r3,3_1_3_r6,3_1_3_r7,3_1_4_r20,3_3_r23,3_3_r10,3_4_r8
timeout        t= 120.2s 3 Logarithms/3.4 u (a+b log(c (d+e x^m)^n))^p.mac e420 L549  self=-  nfires=29  top=3_4_r8  fires=3_1_5_r45,3_1_4_r10,3_3_r3,3_1_3_r6,3_1_3_r7,3_1_4_r20,1_1_1_1_r3,3_1_3_r3,3_1_3_r8,1_1_1_1_r1,1_1_1_2_r3,1_1_1_2_r14,3_3_r23,3_3_r10,3_4_r8
timeout        t= 120.3s 3 Logarithms/3.4 u (a+b log(c (d+e x^m)^n))^p.mac e436 L567  self=-  nfires=29  top=3_4_r8  fires=3_1_5_r45,3_1_4_r10,3_3_r3,3_1_3_r6,3_1_3_r7,3_1_4_r20,1_1_1_1_r3,3_1_3_r3,3_1_3_r8,1_1_1_1_r1,1_1_1_2_r3,1_1_1_2_r14,3_3_r23,3_3_r10,3_4_r8
timeout        t= 120.1s 3 Logarithms/3.4 u (a+b log(c (d+e x^m)^n))^p.mac e437 L568  self=-  nfires=10  top=3_4_r5  fires=3_1_5_r45,3_1_4_r10,3_3_r3,3_1_3_r6,3_1_3_r7,3_1_4_r20,3_3_r23,3_3_r10,3_4_r8,3_4_r5
unverified     t=  76.6s 3 Logarithms/3.4 u (a+b log(c (d+e x^m)^n))^p.mac e438 L569  self=-  nfires=5  top=3_4_r8  fires=3_1_5_r54,3_1_5_r45,3_3_r46,3_3_r8,3_4_r8  ans=-(2*(b^3*(6*n^3*'integrate((polylog(3,(d*sqrt(x)+e)/(d*sqrt(x)))*sqrt(x))/(d*sqrt(x)+e),(d*sqrt(x)+e)/sqrt(x))+log(c*((d*sqrt(x)+e)/sqrt(x))^n)^3*log(-(e/(d*sqrt(x))))+3*polylog(2,(d*sqrt(x)+e)/(d*sqrt(x)))*n*log(c*((d*sqrt(x)+e)/sqrt(x))^n)^2-6*polylog(3,(d*sqrt(x)+e)/(d*sqrt(x)))*n^2*log(c*((d*sqr...
timeout        t= 120.3s 3 Logarithms/3.4 u (a+b log(c (d+e x^m)^n))^p.mac e461 L596  self=-  nfires=16  top=3_4_r8  fires=3_1_5_r45,3_1_4_r10,3_3_r3,3_1_3_r6,3_1_3_r7,3_1_4_r20,1_1_1_1_r3,3_1_3_r3,3_1_3_r8,3_3_r23,3_3_r10,3_4_r8
timeout        t= 120.2s 3 Logarithms/3.4 u (a+b log(c (d+e x^m)^n))^p.mac e462 L597  self=-  nfires=77  top=3_4_r8  fires=3_1_5_r45,3_1_4_r10,3_3_r3,3_1_3_r6,3_1_3_r7,3_1_4_r20,1_1_1_1_r3,3_1_3_r3,3_1_3_r8,1_1_1_1_r1,1_1_1_2_r3,1_1_1_2_r14,3_3_r23,3_3_r10,3_4_r8
timeout        t= 120.3s 3 Logarithms/3.4 u (a+b log(c (d+e x^m)^n))^p.mac e484 L621  self=-  nfires=16  top=3_4_r8  fires=3_1_5_r45,3_1_4_r10,3_3_r3,3_1_3_r6,3_1_3_r7,3_1_4_r20,1_1_1_1_r3,3_1_3_r3,3_1_3_r8,3_3_r23,3_3_r10,3_4_r8
timeout        t= 120.2s 3 Logarithms/3.4 u (a+b log(c (d+e x^m)^n))^p.mac e503 L642  self=-  nfires=77  top=3_4_r8  fires=3_1_5_r45,3_1_4_r10,3_3_r3,3_1_3_r6,3_1_3_r7,3_1_4_r20,1_1_1_1_r3,3_1_3_r3,3_1_3_r8,1_1_1_1_r1,1_1_1_2_r3,1_1_1_2_r14,3_3_r23,3_3_r10,3_4_r8
timeout        t= 120.3s 3 Logarithms/3.4 u (a+b log(c (d+e x^m)^n))^p.mac e504 L643  self=-  nfires=17  top=3_4_r5  fires=3_1_5_r45,3_1_4_r10,3_3_r3,3_1_3_r6,3_1_3_r7,3_1_4_r20,1_1_1_1_r3,3_1_3_r3,3_1_3_r8,3_3_r23,3_3_r10,3_4_r8,3_4_r5
timeout        t= 120.2s 3 Logarithms/3.4 u (a+b log(c (d+e x^m)^n))^p.mac e524 L667  self=-  nfires=77  top=3_4_r8  fires=3_1_5_r45,3_1_4_r10,3_3_r3,3_1_3_r6,3_1_3_r7,3_1_4_r20,1_1_1_1_r3,3_1_3_r3,3_1_3_r8,1_1_1_1_r1,1_1_1_2_r3,1_1_1_2_r14,3_3_r23,3_3_r10,3_4_r8
verified       t=  73.7s 3 Logarithms/3.4 u (a+b log(c (d+e x^m)^n))^p.mac e528 L671  self=-  nfires=3  top=3_4_r12  fires=1_4_1_r3,3_4_r11,3_4_r12
timeout        t= 120.1s 3 Logarithms/3.5 Logarithm functions.mac e83 L110  self=-  nfires=0  top=-  fires=-

=== summary ===
error          3
timeout        15
unverified     1
verified       1
total integrals: 20
wall time: 120.4s
Results: 1 passed, 19 failed
