=== probe 10 -- P5 attribution runs (section '3 Logarithms', select passfail) ===
date: 2026-09-14 00:56 UTC
maxima: Maxima-version: "branch_5_50_base_84_g4204fb669"
maxima: Maxima build date: "2026-08-31 13:27:47"
maxima: Host type: "x86_64-pc-linux-gnu"
maxima: Lisp implementation type: "SBCL"
maxima: Lisp implementation version: "2.6.7"
core: /tmp/mr-p0-tree/test/mr_rules.core  fingerprint 5ef9b3bc5ee07ffac0e76f1fea54fbac
switches: mr_flat_wide=false mr_cond_retry=true mr_model_flags=true
P0 record: test/corpus_class3.pre-matcher.out  final record: test/corpus_class3.p5-run1.out
entries: 181  cap: 30s  workers: 24

verified       t=   7.3s 3 Logarithms/3.1.4 (f x)^m (d+e x^r)^q (a+b log(c x^n))^p.mac e39 L52  self=-  nfires=1  top=3_1_4_r15  fires=3_1_4_r15
verified       t=   6.5s 3 Logarithms/3.1.4 (f x)^m (d+e x^r)^q (a+b log(c x^n))^p.mac e40 L53  self=-  nfires=1  top=3_1_4_r15  fires=3_1_4_r15
verified       t=   7.5s 3 Logarithms/3.1.4 (f x)^m (d+e x^r)^q (a+b log(c x^n))^p.mac e46 L59  self=-  nfires=1  top=3_1_4_r15  fires=3_1_4_r15
verified       t=   7.5s 3 Logarithms/3.1.4 (f x)^m (d+e x^r)^q (a+b log(c x^n))^p.mac e53 L66  self=-  nfires=1  top=3_1_4_r15  fires=3_1_4_r15
verified       t=   7.6s 3 Logarithms/3.1.4 (f x)^m (d+e x^r)^q (a+b log(c x^n))^p.mac e54 L67  self=-  nfires=1  top=3_1_4_r15  fires=3_1_4_r15
verified       t=   7.5s 3 Logarithms/3.1.4 (f x)^m (d+e x^r)^q (a+b log(c x^n))^p.mac e62 L75  self=-  nfires=1  top=3_1_4_r15  fires=3_1_4_r15
verified       t=   7.6s 3 Logarithms/3.1.4 (f x)^m (d+e x^r)^q (a+b log(c x^n))^p.mac e63 L76  self=-  nfires=1  top=3_1_4_r15  fires=3_1_4_r15
verified       t=   1.1s 3 Logarithms/3.1.4 (f x)^m (d+e x^r)^q (a+b log(c x^n))^p.mac e92 L111  self=-  nfires=1  top=3_1_5_r29  fires=3_1_5_r29
verified       t=   1.0s 3 Logarithms/3.1.4 (f x)^m (d+e x^r)^q (a+b log(c x^n))^p.mac e93 L112  self=-  nfires=1  top=3_1_5_r29  fires=3_1_5_r29
verified       t=   1.0s 3 Logarithms/3.1.4 (f x)^m (d+e x^r)^q (a+b log(c x^n))^p.mac e94 L113  self=-  nfires=1  top=3_1_5_r29  fires=3_1_5_r29
verified       t=   1.0s 3 Logarithms/3.1.4 (f x)^m (d+e x^r)^q (a+b log(c x^n))^p.mac e97 L116  self=-  nfires=1  top=3_1_5_r29  fires=3_1_5_r29
verified       t=   1.1s 3 Logarithms/3.1.4 (f x)^m (d+e x^r)^q (a+b log(c x^n))^p.mac e98 L117  self=-  nfires=1  top=3_1_5_r29  fires=3_1_5_r29
verified       t=   1.1s 3 Logarithms/3.1.4 (f x)^m (d+e x^r)^q (a+b log(c x^n))^p.mac e99 L118  self=-  nfires=1  top=3_1_5_r29  fires=3_1_5_r29
verified       t=   1.1s 3 Logarithms/3.1.4 (f x)^m (d+e x^r)^q (a+b log(c x^n))^p.mac e105 L124  self=-  nfires=1  top=3_1_5_r29  fires=3_1_5_r29
verified       t=   1.1s 3 Logarithms/3.1.4 (f x)^m (d+e x^r)^q (a+b log(c x^n))^p.mac e106 L125  self=-  nfires=1  top=3_1_5_r29  fires=3_1_5_r29
verified       t=   1.2s 3 Logarithms/3.1.4 (f x)^m (d+e x^r)^q (a+b log(c x^n))^p.mac e112 L131  self=-  nfires=1  top=3_1_5_r29  fires=3_1_5_r29
verified       t=   1.2s 3 Logarithms/3.1.4 (f x)^m (d+e x^r)^q (a+b log(c x^n))^p.mac e119 L138  self=-  nfires=1  top=3_1_5_r29  fires=3_1_5_r29
verified       t=   2.3s 3 Logarithms/3.1.4 (f x)^m (d+e x^r)^q (a+b log(c x^n))^p.mac e128 L159  self=-  nfires=1  top=3_1_3_r7  fires=3_1_3_r7
verified       t=   3.0s 3 Logarithms/3.1.4 (f x)^m (d+e x^r)^q (a+b log(c x^n))^p.mac e129 L160  self=-  nfires=1  top=3_5_r8  fires=3_5_r8
verified       t=   1.4s 3 Logarithms/3.1.4 (f x)^m (d+e x^r)^q (a+b log(c x^n))^p.mac e247 L308  self=-  nfires=1  top=3_1_5_r29  fires=3_1_5_r29
verified       t=   1.4s 3 Logarithms/3.1.4 (f x)^m (d+e x^r)^q (a+b log(c x^n))^p.mac e248 L315  self=-  nfires=1  top=3_1_5_r29  fires=3_1_5_r29
verified       t=   8.5s 3 Logarithms/3.1.4 (f x)^m (d+e x^r)^q (a+b log(c x^n))^p.mac e291 L370  self=-  nfires=1  top=3_1_4_r16  fires=3_1_4_r16
verified       t=   8.4s 3 Logarithms/3.1.4 (f x)^m (d+e x^r)^q (a+b log(c x^n))^p.mac e302 L381  self=-  nfires=1  top=3_1_4_r16  fires=3_1_4_r16
verified       t=   1.1s 3 Logarithms/3.1.4 (f x)^m (d+e x^r)^q (a+b log(c x^n))^p.mac e312 L391  self=-  nfires=1  top=1_4_2_r25  fires=1_4_2_r25
verified       t=   1.4s 3 Logarithms/3.1.4 (f x)^m (d+e x^r)^q (a+b log(c x^n))^p.mac e313 L392  self=-  nfires=1  top=1_4_2_r25  fires=1_4_2_r25
verified       t=   1.1s 3 Logarithms/3.1.4 (f x)^m (d+e x^r)^q (a+b log(c x^n))^p.mac e324 L409  self=-  nfires=1  top=3_1_5_r29  fires=3_1_5_r29
verified       t=   1.1s 3 Logarithms/3.1.4 (f x)^m (d+e x^r)^q (a+b log(c x^n))^p.mac e325 L410  self=-  nfires=1  top=3_1_5_r29  fires=3_1_5_r29
expected       t=   1.0s 3 Logarithms/3.1.4 (f x)^m (d+e x^r)^q (a+b log(c x^n))^p.mac e350 L445  self=-  nfires=1  top=3_5_r1  fires=3_5_r1
verified       t=   5.4s 3 Logarithms/3.1.4 (f x)^m (d+e x^r)^q (a+b log(c x^n))^p.mac e355 L454  self=-  nfires=2  top=9_1_r16  fires=9_1_r16
verified       t=   5.1s 3 Logarithms/3.1.4 (f x)^m (d+e x^r)^q (a+b log(c x^n))^p.mac e363 L462  self=-  nfires=2  top=9_1_r16  fires=9_1_r16
verified       t=   5.6s 3 Logarithms/3.1.4 (f x)^m (d+e x^r)^q (a+b log(c x^n))^p.mac e364 L463  self=-  nfires=2  top=9_1_r16  fires=9_1_r16
no-answer      t=   8.3s 3 Logarithms/3.1.4 (f x)^m (d+e x^r)^q (a+b log(c x^n))^p.mac e413 L520  self=n/a  nfires=0  top=-  fires=-
no-answer      t=   5.6s 3 Logarithms/3.1.4 (f x)^m (d+e x^r)^q (a+b log(c x^n))^p.mac e414 L521  self=n/a  nfires=0  top=-  fires=-
no-answer      t=   8.4s 3 Logarithms/3.1.4 (f x)^m (d+e x^r)^q (a+b log(c x^n))^p.mac e416 L523  self=n/a  nfires=0  top=-  fires=-
no-answer      t=   8.4s 3 Logarithms/3.1.4 (f x)^m (d+e x^r)^q (a+b log(c x^n))^p.mac e417 L524  self=n/a  nfires=0  top=-  fires=-
no-answer      t=   8.4s 3 Logarithms/3.1.4 (f x)^m (d+e x^r)^q (a+b log(c x^n))^p.mac e419 L526  self=n/a  nfires=0  top=-  fires=-
verified       t=   5.4s 3 Logarithms/3.1.4 (f x)^m (d+e x^r)^q (a+b log(c x^n))^p.mac e448 L567  self=-  nfires=2  top=9_1_r16  fires=9_1_r16
verified       t=   5.3s 3 Logarithms/3.1.4 (f x)^m (d+e x^r)^q (a+b log(c x^n))^p.mac e449 L568  self=-  nfires=2  top=9_1_r16  fires=9_1_r16
verified       t=   5.1s 3 Logarithms/3.1.4 (f x)^m (d+e x^r)^q (a+b log(c x^n))^p.mac e450 L569  self=-  nfires=2  top=9_1_r16  fires=9_1_r16
verified       t=   1.3s 3 Logarithms/3.1.4 (f x)^m (d+e x^r)^q (a+b log(c x^n))^p.mac e455 L578  self=-  nfires=1  top=3_1_5_r28  fires=3_1_5_r28
verified       t=   1.4s 3 Logarithms/3.1.4 (f x)^m (d+e x^r)^q (a+b log(c x^n))^p.mac e456 L579  self=-  nfires=1  top=3_1_5_r28  fires=3_1_5_r28
verified       t=   7.2s 3 Logarithms/3.1.5 u (a+b log(c x^n))^p.mac e24 L39  self=-  nfires=7  top=3_1_5_r47  fires=1_2_1_6_r1,3_5_r34,1_4_1_r20,3_5_r37,1_4_1_r7,3_1_5_r47
verified       t=   5.7s 3 Logarithms/3.1.5 u (a+b log(c x^n))^p.mac e27 L42  self=-  nfires=7  top=3_1_5_r47  fires=1_4_1_r25,3_5_r34,1_4_1_r20,3_5_r37,1_4_1_r7,3_1_5_r47
verified       t=   9.6s 3 Logarithms/3.1.5 u (a+b log(c x^n))^p.mac e29 L44  self=-  nfires=18  top=3_5_r44  fires=3_1_1_r1,1_4_1_r7,3_5_r44
verified       t=  21.4s 3 Logarithms/3.1.5 u (a+b log(c x^n))^p.mac e37 L52  self=-  nfires=26  top=3_5_r44  fires=3_1_1_r1,1_4_1_r7,3_1_1_r2,3_5_r44
verified       t=   6.9s 3 Logarithms/3.1.5 u (a+b log(c x^n))^p.mac e50 L67  self=-  nfires=4  top=3_1_5_r47  fires=3_5_r34,1_4_1_r7,3_1_5_r47
verified       t=   7.4s 3 Logarithms/3.1.5 u (a+b log(c x^n))^p.mac e51 L68  self=-  nfires=5  top=3_1_5_r47  fires=3_5_r34,1_4_1_r20,3_5_r37,1_4_1_r7,3_1_5_r47
verified       t=   7.5s 3 Logarithms/3.1.5 u (a+b log(c x^n))^p.mac e52 L69  self=-  nfires=5  top=3_1_5_r47  fires=3_5_r34,1_4_1_r20,3_5_r37,1_4_1_r7,3_1_5_r47
verified       t=   7.1s 3 Logarithms/3.1.5 u (a+b log(c x^n))^p.mac e90 L115  self=-  nfires=7  top=3_1_5_r47  fires=1_2_1_6_r1,3_5_r34,1_4_1_r20,3_5_r37,1_4_1_r7,3_1_5_r47
verified       t=   5.8s 3 Logarithms/3.1.5 u (a+b log(c x^n))^p.mac e93 L118  self=-  nfires=7  top=3_1_5_r47  fires=1_4_1_r25,3_5_r34,1_4_1_r20,3_5_r37,1_4_1_r7,3_1_5_r47
verified       t=   6.1s 3 Logarithms/3.1.5 u (a+b log(c x^n))^p.mac e94 L119  self=-  nfires=7  top=3_1_5_r47  fires=1_4_1_r25,3_5_r34,1_4_1_r20,3_5_r37,1_4_1_r7,3_1_5_r47
verified       t=  21.6s 3 Logarithms/3.1.5 u (a+b log(c x^n))^p.mac e105 L130  self=-  nfires=26  top=3_5_r44  fires=3_1_1_r1,1_4_1_r7,3_1_1_r2,3_5_r44
verified       t=   6.7s 3 Logarithms/3.1.5 u (a+b log(c x^n))^p.mac e119 L146  self=-  nfires=4  top=3_1_5_r47  fires=3_5_r34,1_4_1_r7,3_1_5_r47
verified       t=   7.4s 3 Logarithms/3.1.5 u (a+b log(c x^n))^p.mac e120 L147  self=-  nfires=5  top=3_1_5_r47  fires=3_5_r34,1_4_1_r20,3_5_r37,1_4_1_r7,3_1_5_r47
verified       t=   7.5s 3 Logarithms/3.1.5 u (a+b log(c x^n))^p.mac e121 L148  self=-  nfires=5  top=3_1_5_r47  fires=3_5_r34,1_4_1_r20,3_5_r37,1_4_1_r7,3_1_5_r47
expected       t=   2.8s 3 Logarithms/3.1.5 u (a+b log(c x^n))^p.mac e207 L254  self=-  nfires=2  top=1_4_1_r7  fires=3_1_5_r55,1_4_1_r7
verified       t=   2.3s 3 Logarithms/3.1.5 u (a+b log(c x^n))^p.mac e220 L269  self=-  nfires=2  top=9_1_r16  fires=9_1_r16
verified       t=   2.2s 3 Logarithms/3.1.5 u (a+b log(c x^n))^p.mac e221 L270  self=-  nfires=2  top=9_1_r16  fires=9_1_r16
verified       t=   2.3s 3 Logarithms/3.1.5 u (a+b log(c x^n))^p.mac e222 L271  self=-  nfires=2  top=9_1_r16  fires=9_1_r16
verified       t=   2.7s 3 Logarithms/3.2.1 (f+g x)^m (A+B log(e ((a+b x) over (c+d x))^n))^p.mac e67 L94  self=-  nfires=2  top=3_2_1_r19  fires=3_1_5_r28,3_2_1_r19
verified       t=   2.5s 3 Logarithms/3.2.1 (f+g x)^m (A+B log(e ((a+b x) over (c+d x))^n))^p.mac e68 L95  self=-  nfires=2  top=3_2_1_r19  fires=3_1_5_r28,3_2_1_r19
verified       t=   2.4s 3 Logarithms/3.2.1 (f+g x)^m (A+B log(e ((a+b x) over (c+d x))^n))^p.mac e69 L96  self=-  nfires=2  top=3_2_1_r19  fires=3_1_5_r28,3_2_1_r19
verified       t=   5.4s 3 Logarithms/3.2.1 (f+g x)^m (A+B log(e ((a+b x) over (c+d x))^n))^p.mac e159 L208  self=-  nfires=2  top=3_2_2_r15  fires=3_5_r7,3_2_2_r15
verified       t=   4.7s 3 Logarithms/3.2.1 (f+g x)^m (A+B log(e ((a+b x) over (c+d x))^n))^p.mac e167 L216  self=-  nfires=3  top=3_2_2_r15  fires=3_5_r11,3_5_r7,3_2_2_r15
verified       t=   2.6s 3 Logarithms/3.2.1 (f+g x)^m (A+B log(e ((a+b x) over (c+d x))^n))^p.mac e240 L317  self=-  nfires=2  top=3_2_1_r19  fires=3_1_5_r28,3_2_1_r19
verified       t=   2.4s 3 Logarithms/3.2.1 (f+g x)^m (A+B log(e ((a+b x) over (c+d x))^n))^p.mac e241 L318  self=-  nfires=2  top=3_2_1_r19  fires=3_1_5_r28,3_2_1_r19
verified       t=   2.5s 3 Logarithms/3.2.1 (f+g x)^m (A+B log(e ((a+b x) over (c+d x))^n))^p.mac e242 L319  self=-  nfires=2  top=3_2_1_r19  fires=3_1_5_r28,3_2_1_r19
verified       t=   2.6s 3 Logarithms/3.2.1 (f+g x)^m (A+B log(e ((a+b x) over (c+d x))^n))^p.mac e272 L355  self=-  nfires=2  top=3_2_1_r19  fires=3_1_5_r28,3_2_1_r19
verified       t=   2.4s 3 Logarithms/3.2.1 (f+g x)^m (A+B log(e ((a+b x) over (c+d x))^n))^p.mac e273 L356  self=-  nfires=2  top=3_2_1_r19  fires=3_1_5_r28,3_2_1_r19
verified       t=   2.4s 3 Logarithms/3.2.1 (f+g x)^m (A+B log(e ((a+b x) over (c+d x))^n))^p.mac e274 L357  self=-  nfires=2  top=3_2_1_r19  fires=3_1_5_r28,3_2_1_r19
verified       t=   4.4s 3 Logarithms/3.2.1 (f+g x)^m (A+B log(e ((a+b x) over (c+d x))^n))^p.mac e303 L392  self=-  nfires=2  top=3_2_2_r15  fires=3_5_r8,3_2_2_r15
verified       t=   2.7s 3 Logarithms/3.2.1 (f+g x)^m (A+B log(e ((a+b x) over (c+d x))^n))^p.mac e304 L393  self=-  nfires=2  top=3_2_2_r15  fires=3_5_r11,3_2_2_r15
verified       t=   5.2s 3 Logarithms/3.2.1 (f+g x)^m (A+B log(e ((a+b x) over (c+d x))^n))^p.mac e308 L397  self=-  nfires=2  top=3_2_2_r15  fires=3_5_r8,3_2_2_r15
verified       t=   4.8s 3 Logarithms/3.2.1 (f+g x)^m (A+B log(e ((a+b x) over (c+d x))^n))^p.mac e309 L398  self=-  nfires=2  top=3_2_2_r15  fires=3_5_r8,3_2_2_r15
verified       t=   2.8s 3 Logarithms/3.2.1 (f+g x)^m (A+B log(e ((a+b x) over (c+d x))^n))^p.mac e310 L399  self=-  nfires=2  top=3_2_2_r15  fires=3_5_r11,3_2_2_r15
verified       t=   6.6s 3 Logarithms/3.2.1 (f+g x)^m (A+B log(e ((a+b x) over (c+d x))^n))^p.mac e311 L400  self=-  nfires=3  top=3_2_1_r2  fires=3_5_r7,3_2_2_r15,3_2_1_r2
verified       t=   3.4s 3 Logarithms/3.2.1 (f+g x)^m (A+B log(e ((a+b x) over (c+d x))^n))^p.mac e313 L402  self=-  nfires=3  top=3_2_2_r15  fires=1_3_3_r13,3_5_r8,3_2_2_r15
verified       t=   5.6s 3 Logarithms/3.2.1 (f+g x)^m (A+B log(e ((a+b x) over (c+d x))^n))^p.mac e314 L403  self=-  nfires=2  top=3_2_2_r15  fires=3_5_r8,3_2_2_r15
verified       t=   2.9s 3 Logarithms/3.2.2 (f+g x)^m (h+i x)^q (A+B log(e ((a+b x) over (c+d x))^n))^p.mac e122 L145  self=-  nfires=2  top=3_2_2_r3  fires=1_4_2_r25,3_2_2_r3
verified       t=   3.0s 3 Logarithms/3.2.2 (f+g x)^m (h+i x)^q (A+B log(e ((a+b x) over (c+d x))^n))^p.mac e132 L155  self=-  nfires=2  top=3_2_2_r3  fires=1_4_2_r25,3_2_2_r3
verified       t=   2.9s 3 Logarithms/3.2.2 (f+g x)^m (h+i x)^q (A+B log(e ((a+b x) over (c+d x))^n))^p.mac e133 L156  self=-  nfires=2  top=3_2_2_r3  fires=1_4_2_r25,3_2_2_r3
verified       t=   3.0s 3 Logarithms/3.2.2 (f+g x)^m (h+i x)^q (A+B log(e ((a+b x) over (c+d x))^n))^p.mac e143 L168  self=-  nfires=2  top=3_2_2_r3  fires=1_4_2_r25,3_2_2_r3
verified       t=   2.9s 3 Logarithms/3.2.2 (f+g x)^m (h+i x)^q (A+B log(e ((a+b x) over (c+d x))^n))^p.mac e144 L169  self=-  nfires=2  top=3_2_2_r3  fires=1_4_2_r25,3_2_2_r3
verified       t=   2.9s 3 Logarithms/3.2.2 (f+g x)^m (h+i x)^q (A+B log(e ((a+b x) over (c+d x))^n))^p.mac e145 L170  self=-  nfires=1  top=3_2_2_r3  fires=3_2_2_r3
verified       t=   3.0s 3 Logarithms/3.2.2 (f+g x)^m (h+i x)^q (A+B log(e ((a+b x) over (c+d x))^n))^p.mac e151 L176  self=-  nfires=2  top=3_2_2_r3  fires=1_4_2_r25,3_2_2_r3
verified       t=   2.9s 3 Logarithms/3.2.2 (f+g x)^m (h+i x)^q (A+B log(e ((a+b x) over (c+d x))^n))^p.mac e152 L177  self=-  nfires=2  top=3_2_2_r3  fires=1_4_2_r25,3_2_2_r3
verified       t=   2.5s 3 Logarithms/3.2.2 (f+g x)^m (h+i x)^q (A+B log(e ((a+b x) over (c+d x))^n))^p.mac e163 L192  self=-  nfires=1  top=3_2_2_r3  fires=3_2_2_r3
verified       t=   2.3s 3 Logarithms/3.2.2 (f+g x)^m (h+i x)^q (A+B log(e ((a+b x) over (c+d x))^n))^p.mac e164 L193  self=-  nfires=2  top=3_2_2_r3  fires=3_1_5_r29,3_2_2_r3
verified       t=   2.4s 3 Logarithms/3.2.2 (f+g x)^m (h+i x)^q (A+B log(e ((a+b x) over (c+d x))^n))^p.mac e172 L201  self=-  nfires=1  top=3_2_2_r3  fires=3_2_2_r3
verified       t=   2.4s 3 Logarithms/3.2.2 (f+g x)^m (h+i x)^q (A+B log(e ((a+b x) over (c+d x))^n))^p.mac e173 L202  self=-  nfires=2  top=3_2_2_r3  fires=3_1_5_r29,3_2_2_r3
verified       t=   2.3s 3 Logarithms/3.2.2 (f+g x)^m (h+i x)^q (A+B log(e ((a+b x) over (c+d x))^n))^p.mac e174 L203  self=-  nfires=2  top=3_2_2_r3  fires=3_1_5_r29,3_2_2_r3
verified       t=   2.5s 3 Logarithms/3.2.2 (f+g x)^m (h+i x)^q (A+B log(e ((a+b x) over (c+d x))^n))^p.mac e182 L211  self=-  nfires=1  top=3_2_2_r3  fires=3_2_2_r3
verified       t=   2.6s 3 Logarithms/3.2.2 (f+g x)^m (h+i x)^q (A+B log(e ((a+b x) over (c+d x))^n))^p.mac e183 L212  self=-  nfires=2  top=3_2_2_r3  fires=3_1_5_r29,3_2_2_r3
verified       t=   2.8s 3 Logarithms/3.2.2 (f+g x)^m (h+i x)^q (A+B log(e ((a+b x) over (c+d x))^n))^p.mac e184 L213  self=-  nfires=2  top=3_2_2_r3  fires=3_1_5_r29,3_2_2_r3
verified       t=   2.5s 3 Logarithms/3.2.2 (f+g x)^m (h+i x)^q (A+B log(e ((a+b x) over (c+d x))^n))^p.mac e185 L214  self=-  nfires=2  top=3_2_2_r3  fires=3_1_5_r29,3_2_2_r3
verified       t=   2.3s 3 Logarithms/3.2.2 (f+g x)^m (h+i x)^q (A+B log(e ((a+b x) over (c+d x))^n))^p.mac e196 L227  self=-  nfires=2  top=3_2_2_r3  fires=3_1_5_r29,3_2_2_r3
verified       t=   2.3s 3 Logarithms/3.2.2 (f+g x)^m (h+i x)^q (A+B log(e ((a+b x) over (c+d x))^n))^p.mac e203 L234  self=-  nfires=2  top=3_2_2_r3  fires=3_1_5_r29,3_2_2_r3
verified       t=   2.2s 3 Logarithms/3.2.2 (f+g x)^m (h+i x)^q (A+B log(e ((a+b x) over (c+d x))^n))^p.mac e253 L304  self=-  nfires=1  top=3_2_2_r15  fires=3_2_2_r15
verified       t=   2.6s 3 Logarithms/3.2.2 (f+g x)^m (h+i x)^q (A+B log(e ((a+b x) over (c+d x))^n))^p.mac e254 L305  self=-  nfires=1  top=3_2_2_r15  fires=3_2_2_r15
verified       t=   7.1s 3 Logarithms/3.2.3 u log(e (f (a+b x)^p (c+d x)^q)^r)^s.mac e51 L72  self=-  nfires=5  top=3_2_3_r8  fires=3_3_r31,3_3_r8,3_2_3_r8
verified       t=   7.8s 3 Logarithms/3.2.3 u log(e (f (a+b x)^p (c+d x)^q)^r)^s.mac e52 L73  self=-  nfires=1  top=3_2_3_r9  fires=3_2_3_r9
verified       t=  15.1s 3 Logarithms/3.2.3 u log(e (f (a+b x)^p (c+d x)^q)^r)^s.mac e56 L79  self=-  nfires=7  top=3_3_r60  fires=3_3_r8,3_2_3_r8,3_3_r60
verified       t=  14.6s 3 Logarithms/3.2.3 u log(e (f (a+b x)^p (c+d x)^q)^r)^s.mac e57 L80  self=-  nfires=7  top=3_3_r60  fires=3_3_r8,3_2_3_r8,3_3_r60
verified       t=   3.1s 3 Logarithms/3.2.3 u log(e (f (a+b x)^p (c+d x)^q)^r)^s.mac e74 L103  self=-  nfires=1  top=1_4_1_r7  fires=1_4_1_r7
verified       t=   3.1s 3 Logarithms/3.2.3 u log(e (f (a+b x)^p (c+d x)^q)^r)^s.mac e75 L104  self=-  nfires=1  top=1_4_1_r7  fires=1_4_1_r7
verified       t=  16.8s 3 Logarithms/3.2.3 u log(e (f (a+b x)^p (c+d x)^q)^r)^s.mac e95 L128  self=-  nfires=10  top=3_2_1_r2  fires=3_3_r3,3_1_3_r6,3_1_1_r1,3_2_3_r3,1_1_1_1_r1,3_1_2_r2,3_1_5_r40,1_1_1_1_r3,3_2_3_r6,3_2_1_r2
verified       t=   5.0s 3 Logarithms/3.2.3 u log(e (f (a+b x)^p (c+d x)^q)^r)^s.mac e98 L131  self=-  nfires=6  top=3_2_1_r2  fires=3_3_r3,1_1_1_1_r1,3_1_3_r6,3_2_1_r18,3_2_1_r2
verified       t=   6.5s 3 Logarithms/3.2.3 u log(e (f (a+b x)^p (c+d x)^q)^r)^s.mac e101 L134  self=-  nfires=9  top=3_2_1_r2  fires=1_1_1_1_r2,3_1_2_r2,3_3_r3,1_1_1_1_r1,3_1_3_r6,3_1_5_r15,3_2_1_r16,3_2_1_r2
verified       t=   2.7s 3 Logarithms/3.2.3 u log(e (f (a+b x)^p (c+d x)^q)^r)^s.mac e104 L137  self=-  nfires=3  top=3_2_1_r18  fires=3_3_r51,3_1_3_r6,3_2_1_r18
expected       t=   2.3s 3 Logarithms/3.3 u (a+b log(c (d+e x)^n))^p.mac e40 L69  self=-  nfires=2  top=3_3_r6  fires=3_4_r1,3_3_r6
expected       t=   3.0s 3 Logarithms/3.3 u (a+b log(c (d+e x)^n))^p.mac e49 L78  self=-  nfires=3  top=3_3_r9  fires=3_4_r1,3_3_r6,3_3_r9
verified       t=   2.3s 3 Logarithms/3.3 u (a+b log(c (d+e x)^n))^p.mac e109 L144  self=-  nfires=1  top=3_3_r9  fires=3_3_r9
verified       t=   2.3s 3 Logarithms/3.3 u (a+b log(c (d+e x)^n))^p.mac e110 L145  self=-  nfires=1  top=3_5_r8  fires=3_5_r8
verified       t=   4.5s 3 Logarithms/3.3 u (a+b log(c (d+e x)^n))^p.mac e115 L150  self=-  nfires=2  top=3_3_r9  fires=3_5_r7,3_3_r9
verified       t=   2.4s 3 Logarithms/3.3 u (a+b log(c (d+e x)^n))^p.mac e116 L151  self=-  nfires=1  top=3_5_r8  fires=3_5_r8
verified       t=   6.3s 3 Logarithms/3.3 u (a+b log(c (d+e x)^n))^p.mac e121 L156  self=-  nfires=3  top=3_3_r9  fires=3_5_r7,3_3_r8,3_3_r9
verified       t=   2.5s 3 Logarithms/3.3 u (a+b log(c (d+e x)^n))^p.mac e122 L157  self=-  nfires=1  top=3_5_r8  fires=3_5_r8
expected       t=   2.3s 3 Logarithms/3.3 u (a+b log(c (d+e x)^n))^p.mac e220 L301  self=-  nfires=2  top=3_3_r6  fires=3_4_r1,3_3_r6
expected       t=   2.3s 3 Logarithms/3.3 u (a+b log(c (d+e x)^n))^p.mac e245 L338  self=-  nfires=2  top=3_3_r6  fires=3_4_r1,3_3_r6
verified       t=   3.2s 3 Logarithms/3.3 u (a+b log(c (d+e x)^n))^p.mac e358 L503  self=-  nfires=4  top=3_3_r38  fires=1_1_1_2_r13,3_3_r38
verified       t=   3.2s 3 Logarithms/3.3 u (a+b log(c (d+e x)^n))^p.mac e359 L504  self=-  nfires=4  top=3_3_r38  fires=1_1_1_2_r13,3_3_r38
verified       t=   5.5s 3 Logarithms/3.3 u (a+b log(c (d+e x)^n))^p.mac e361 L506  self=-  nfires=1  top=3_3_r34  fires=3_3_r34
verified       t=   4.7s 3 Logarithms/3.3 u (a+b log(c (d+e x)^n))^p.mac e362 L507  self=-  nfires=5  top=3_3_r37  fires=3_3_r3,1_1_1_1_r1,3_1_3_r6,3_3_r37
verified       t=   2.1s 3 Logarithms/3.3 u (a+b log(c (d+e x)^n))^p.mac e370 L515  self=-  nfires=1  top=3_3_r39  fires=3_3_r39
verified       t=   4.0s 3 Logarithms/3.3 u (a+b log(c (d+e x)^n))^p.mac e382 L537  self=-  nfires=1  top=3_3_r47  fires=3_3_r47
verified       t=   1.5s 3 Logarithms/3.3 u (a+b log(c (d+e x)^n))^p.mac e391 L550  self=-  nfires=1  top=3_3_r55  fires=3_3_r55
expected       t=   7.1s 3 Logarithms/3.3 u (a+b log(c (d+e x)^n))^p.mac e433 L618  self=-  nfires=7  top=3_3_r60  fires=3_4_r1,3_3_r6,3_3_r9,3_3_r60
verified       t=   5.8s 3 Logarithms/3.4 u (a+b log(c (d+e x^m)^n))^p.mac e80 L115  self=-  nfires=4  top=3_5_r7  fires=1_4_1_r19,3_5_r7
verified       t=   2.9s 3 Logarithms/3.4 u (a+b log(c (d+e x^m)^n))^p.mac e94 L129  self=-  nfires=1  top=3_5_r7  fires=3_5_r7
verified       t=   2.0s 3 Logarithms/3.4 u (a+b log(c (d+e x^m)^n))^p.mac e95 L130  self=-  nfires=1  top=3_5_r8  fires=3_5_r8
verified       t=   2.1s 3 Logarithms/3.4 u (a+b log(c (d+e x^m)^n))^p.mac e96 L131  self=-  nfires=1  top=3_5_r8  fires=3_5_r8
verified       t=   2.1s 3 Logarithms/3.4 u (a+b log(c (d+e x^m)^n))^p.mac e97 L132  self=-  nfires=1  top=3_5_r8  fires=3_5_r8
verified       t=   5.9s 3 Logarithms/3.4 u (a+b log(c (d+e x^m)^n))^p.mac e131 L172  self=-  nfires=4  top=3_5_r7  fires=1_4_1_r19,3_5_r7
verified       t=   4.7s 3 Logarithms/3.4 u (a+b log(c (d+e x^m)^n))^p.mac e136 L177  self=-  nfires=15  top=3_5_r8  fires=1_1_1_1_r3,1_1_2_1_r11,1_2_1_1_r11,1_2_1_2_r3,1_2_1_2_r9,1_1_3_1_r12,1_4_1_r23,3_5_r8
verified       t=   4.9s 3 Logarithms/3.4 u (a+b log(c (d+e x^m)^n))^p.mac e158 L203  self=-  nfires=2  top=9_1_r16  fires=9_1_r16
verified       t=   4.5s 3 Logarithms/3.4 u (a+b log(c (d+e x^m)^n))^p.mac e159 L204  self=-  nfires=2  top=9_1_r16  fires=9_1_r16
verified       t=   2.7s 3 Logarithms/3.4 u (a+b log(c (d+e x^m)^n))^p.mac e192 L245  self=-  nfires=1  top=3_5_r34  fires=3_5_r34
verified       t=   1.8s 3 Logarithms/3.4 u (a+b log(c (d+e x^m)^n))^p.mac e193 L246  self=-  nfires=2  top=3_5_r37  fires=1_4_1_r7,3_5_r37
verified       t=  10.2s 3 Logarithms/3.4 u (a+b log(c (d+e x^m)^n))^p.mac e223 L288  self=-  nfires=22  top=3_2_3_r16  fires=1_1_1_1_r3,1_1_1_1_r1,1_1_1_2_r3,9_1_r9,3_2_3_r16
no-answer      t=   7.6s 3 Logarithms/3.4 u (a+b log(c (d+e x^m)^n))^p.mac e383 L494  self=n/a  nfires=0  top=-  fires=-
no-answer      t=   7.5s 3 Logarithms/3.4 u (a+b log(c (d+e x^m)^n))^p.mac e384 L495  self=n/a  nfires=0  top=-  fires=-
no-answer      t=   7.2s 3 Logarithms/3.4 u (a+b log(c (d+e x^m)^n))^p.mac e385 L498  self=n/a  nfires=0  top=-  fires=-
no-answer      t=   7.2s 3 Logarithms/3.4 u (a+b log(c (d+e x^m)^n))^p.mac e386 L499  self=n/a  nfires=0  top=-  fires=-
no-answer      t=   7.2s 3 Logarithms/3.4 u (a+b log(c (d+e x^m)^n))^p.mac e387 L500  self=n/a  nfires=0  top=-  fires=-
no-answer      t=   7.2s 3 Logarithms/3.4 u (a+b log(c (d+e x^m)^n))^p.mac e388 L501  self=n/a  nfires=0  top=-  fires=-
verified       t=   6.5s 3 Logarithms/3.4 u (a+b log(c (d+e x^m)^n))^p.mac e411 L540  self=-  nfires=2  top=3_4_r8  fires=3_3_r8,3_4_r8
verified       t=   5.9s 3 Logarithms/3.4 u (a+b log(c (d+e x^m)^n))^p.mac e418 L547  self=-  nfires=3  top=3_4_r8  fires=3_3_r31,3_3_r8,3_4_r8
verified       t=   3.9s 3 Logarithms/3.4 u (a+b log(c (d+e x^m)^n))^p.mac e419 L548  self=-  nfires=2  top=3_4_r8  fires=3_3_r31,3_4_r8
verified       t=   3.8s 3 Logarithms/3.4 u (a+b log(c (d+e x^m)^n))^p.mac e420 L549  self=-  nfires=2  top=3_4_r8  fires=3_3_r31,3_4_r8
verified       t=   6.5s 3 Logarithms/3.4 u (a+b log(c (d+e x^m)^n))^p.mac e432 L563  self=-  nfires=2  top=3_4_r8  fires=3_3_r8,3_4_r8
verified       t=   2.3s 3 Logarithms/3.4 u (a+b log(c (d+e x^m)^n))^p.mac e436 L567  self=-  nfires=2  top=3_4_r8  fires=3_3_r31,3_4_r8
verified       t=   3.3s 3 Logarithms/3.4 u (a+b log(c (d+e x^m)^n))^p.mac e437 L568  self=-  nfires=3  top=3_4_r5  fires=3_3_r31,3_4_r8,3_4_r5
verified       t=   5.9s 3 Logarithms/3.4 u (a+b log(c (d+e x^m)^n))^p.mac e438 L569  self=-  nfires=3  top=3_4_r8  fires=3_3_r31,3_3_r8,3_4_r8
verified       t=   6.3s 3 Logarithms/3.4 u (a+b log(c (d+e x^m)^n))^p.mac e453 L588  self=-  nfires=2  top=3_4_r8  fires=3_3_r8,3_4_r8
verified       t=   5.9s 3 Logarithms/3.4 u (a+b log(c (d+e x^m)^n))^p.mac e460 L595  self=-  nfires=3  top=3_4_r8  fires=3_3_r31,3_3_r8,3_4_r8
verified       t=   3.9s 3 Logarithms/3.4 u (a+b log(c (d+e x^m)^n))^p.mac e461 L596  self=-  nfires=2  top=3_4_r8  fires=3_3_r31,3_4_r8
verified       t=   3.9s 3 Logarithms/3.4 u (a+b log(c (d+e x^m)^n))^p.mac e462 L597  self=-  nfires=2  top=3_4_r8  fires=3_3_r31,3_4_r8
verified       t=   6.1s 3 Logarithms/3.4 u (a+b log(c (d+e x^m)^n))^p.mac e473 L610  self=-  nfires=2  top=3_4_r8  fires=3_3_r8,3_4_r8
verified       t=   5.9s 3 Logarithms/3.4 u (a+b log(c (d+e x^m)^n))^p.mac e483 L620  self=-  nfires=3  top=3_4_r8  fires=3_3_r31,3_3_r8,3_4_r8
verified       t=   3.8s 3 Logarithms/3.4 u (a+b log(c (d+e x^m)^n))^p.mac e484 L621  self=-  nfires=2  top=3_4_r8  fires=3_3_r31,3_4_r8
verified       t=   5.8s 3 Logarithms/3.4 u (a+b log(c (d+e x^m)^n))^p.mac e500 L639  self=-  nfires=2  top=3_4_r8  fires=3_3_r8,3_4_r8
verified       t=   2.3s 3 Logarithms/3.4 u (a+b log(c (d+e x^m)^n))^p.mac e503 L642  self=-  nfires=2  top=3_4_r8  fires=3_3_r31,3_4_r8
verified       t=   4.5s 3 Logarithms/3.4 u (a+b log(c (d+e x^m)^n))^p.mac e504 L643  self=-  nfires=3  top=3_4_r5  fires=3_3_r31,3_4_r8,3_4_r5
verified       t=   5.3s 3 Logarithms/3.4 u (a+b log(c (d+e x^m)^n))^p.mac e505 L644  self=-  nfires=3  top=3_4_r8  fires=3_3_r31,3_3_r8,3_4_r8
verified       t=   5.4s 3 Logarithms/3.4 u (a+b log(c (d+e x^m)^n))^p.mac e518 L659  self=-  nfires=2  top=3_4_r8  fires=3_3_r8,3_4_r8
verified       t=   3.4s 3 Logarithms/3.4 u (a+b log(c (d+e x^m)^n))^p.mac e522 L663  self=-  nfires=1  top=3_4_r5  fires=3_4_r5
verified       t=   3.7s 3 Logarithms/3.4 u (a+b log(c (d+e x^m)^n))^p.mac e524 L667  self=-  nfires=2  top=3_4_r8  fires=3_3_r31,3_4_r8
verified       t=   2.3s 3 Logarithms/3.4 u (a+b log(c (d+e x^m)^n))^p.mac e525 L668  self=-  nfires=2  top=3_4_r8  fires=3_3_r31,3_4_r8
verified       t=   5.1s 3 Logarithms/3.4 u (a+b log(c (d+e x^m)^n))^p.mac e526 L669  self=-  nfires=3  top=3_4_r8  fires=3_3_r31,3_3_r8,3_4_r8
verified       t=   4.4s 3 Logarithms/3.4 u (a+b log(c (d+e x^m)^n))^p.mac e528 L671  self=-  nfires=1  top=3_4_r12  fires=3_4_r12
verified       t=   6.2s 3 Logarithms/3.4 u (a+b log(c (d+e x^m)^n))^p.mac e625 L796  self=-  nfires=2  top=3_5_r44  fires=3_5_r44
verified       t=   5.8s 3 Logarithms/3.4 u (a+b log(c (d+e x^m)^n))^p.mac e636 L815  self=-  nfires=5  top=3_4_r38  fires=3_3_r31,3_3_r8,3_4_r8,3_4_r3,3_4_r38
verified       t=   6.3s 3 Logarithms/3.4 u (a+b log(c (d+e x^m)^n))^p.mac e637 L816  self=-  nfires=4  top=3_4_r38  fires=3_3_r8,3_4_r8,3_4_r3,3_4_r38
verified       t=   2.2s 3 Logarithms/3.5 Logarithm functions.mac e83 L110  self=-  nfires=2  top=3_5_r34  fires=1_2_1_6_r1,3_5_r34
verified       t=   2.6s 3 Logarithms/3.5 Logarithm functions.mac e113 L150  self=-  nfires=1  top=3_5_r34  fires=3_5_r34
verified       t=   2.4s 3 Logarithms/3.5 Logarithm functions.mac e114 L151  self=-  nfires=1  top=3_5_r34  fires=3_5_r34
verified       t=   2.0s 3 Logarithms/3.5 Logarithm functions.mac e115 L152  self=-  nfires=1  top=3_5_r37  fires=3_5_r37
verified       t=   2.4s 3 Logarithms/3.5 Logarithm functions.mac e253 L322  self=-  nfires=10  top=3_5_r42  fires=1_1_2_1_r11,1_2_1_1_r11,1_2_1_2_r3,1_2_1_2_r9,1_2_2_1_r7,3_5_r42
verified       t=  13.3s 3 Logarithms/3.5 Logarithm functions.mac e270 L339  self=-  nfires=10  top=3_2_3_r16  fires=9_1_r9,1_1_1_1_r1,1_1_1_2_r19,1_1_1_4_r41,3_2_3_r16
verified       t=   5.1s 3 Logarithms/3.5 Logarithm functions.mac e292 L363  self=-  nfires=2  top=3_5_r44  fires=3_5_r44
verified       t=   3.7s 3 Logarithms/3.5 Logarithm functions.mac e293 L364  self=-  nfires=2  top=3_5_r44  fires=3_5_r44

=== summary ===
expected       7
no-answer      11
verified       163
total integrals: 181
wall time: 44.9s
Results: 181 passed, 0 failed
