=== probe 10 -- P5 attribution runs (section '3 Logarithms', select passfail) ===
date: 2026-09-15 10:16 UTC
maxima: Maxima-version: "branch_5_50_base_84_g4204fb669"
maxima: Maxima build date: "2026-08-31 13:27:47"
maxima: Host type: "x86_64-pc-linux-gnu"
maxima: Lisp implementation type: "SBCL"
maxima: Lisp implementation version: "2.6.7"
core: /home/serge/src/maxima-rubi/test/mr_rules.core  fingerprint b98e4748784738cb78f0163a97d4cf5f
switches: mr_flat_wide=false mr_cond_retry=true mr_model_flags=true
P0 record: test/corpus_class3.pre-matcher.out  final record: test/corpus_class3.p5b-run1.out
entries: 192  cap: 30s  workers: 24

contains-noun  t=   3.1s 3 Logarithms/3.1.4 (f x)^m (d+e x^r)^q (a+b log(c x^n))^p.mac e39 L52  self=-  nfires=3  top=3_1_4_r15  fires=1_1_1_2_r12,3_1_4_r27,3_1_4_r15
contains-noun  t=   2.4s 3 Logarithms/3.1.4 (f x)^m (d+e x^r)^q (a+b log(c x^n))^p.mac e40 L53  self=-  nfires=3  top=3_1_4_r15  fires=1_1_1_2_r12,3_1_4_r27,3_1_4_r15
contains-noun  t=   4.0s 3 Logarithms/3.1.4 (f x)^m (d+e x^r)^q (a+b log(c x^n))^p.mac e46 L59  self=-  nfires=4  top=3_1_4_r15  fires=1_1_1_2_r12,3_1_4_r27,3_1_4_r15
contains-noun  t=   6.3s 3 Logarithms/3.1.4 (f x)^m (d+e x^r)^q (a+b log(c x^n))^p.mac e53 L66  self=-  nfires=5  top=3_1_4_r15  fires=1_1_1_2_r12,3_1_4_r27,3_1_4_r15
contains-noun  t=   5.6s 3 Logarithms/3.1.4 (f x)^m (d+e x^r)^q (a+b log(c x^n))^p.mac e54 L67  self=-  nfires=5  top=3_1_4_r15  fires=1_1_1_2_r12,3_1_4_r27,3_1_4_r15
contains-noun  t=  12.9s 3 Logarithms/3.1.4 (f x)^m (d+e x^r)^q (a+b log(c x^n))^p.mac e62 L75  self=-  nfires=8  top=3_1_4_r15  fires=1_1_1_2_r12,3_1_4_r27,3_1_4_r15
contains-noun  t=  11.7s 3 Logarithms/3.1.4 (f x)^m (d+e x^r)^q (a+b log(c x^n))^p.mac e63 L76  self=-  nfires=8  top=3_1_4_r15  fires=1_1_1_2_r12,3_1_4_r27,3_1_4_r15
deferred       t=   2.4s 3 Logarithms/3.1.4 (f x)^m (d+e x^r)^q (a+b log(c x^n))^p.mac e92 L111  self=-  nfires=1  top=3_1_4_r27  fires=3_1_4_r27
deferred       t=   2.2s 3 Logarithms/3.1.4 (f x)^m (d+e x^r)^q (a+b log(c x^n))^p.mac e93 L112  self=-  nfires=1  top=3_1_4_r27  fires=3_1_4_r27
deferred       t=   1.5s 3 Logarithms/3.1.4 (f x)^m (d+e x^r)^q (a+b log(c x^n))^p.mac e94 L113  self=-  nfires=1  top=3_1_4_r27  fires=3_1_4_r27
unverified     t=   5.8s 3 Logarithms/3.1.4 (f x)^m (d+e x^r)^q (a+b log(c x^n))^p.mac e97 L116  self=-  nfires=5  top=3_1_4_r11  fires=3_1_2_r4,3_1_2_r5,3_1_5_r45,3_1_4_r10,3_1_4_r11  ans=(2*b*n*(-((b*log(c*x^n)+a)/x)-(b*n)/x)-(b*log(c*x^n)+a)^2/x)/d-(e*((2*b*n*(polylog(2,-(d/(e*x)))*(b*log(c*x^n)+a)-b*n*'integrate(polylog(2,-(d/(e*x)))/x,x)))/d-(log(d/(e*x)+1)*(b*log(c*x^n)+a)^2)/d))/d
unverified     t=   8.8s 3 Logarithms/3.1.4 (f x)^m (d+e x^r)^q (a+b log(c x^n))^p.mac e98 L117  self=-  nfires=8  top=3_1_4_r11  fires=3_1_2_r4,3_1_2_r5,3_1_5_r45,3_1_4_r10,3_1_4_r11  ans=(b*n*(-((b*log(c*x^n)+a)/(2*x^2))-(b*n)/(4*x^2))-(b*log(c*x^n)+a)^2/(2*x^2))/d-(e*((2*b*n*(-((b*log(c*x^n)+a)/x)-(b*n)/x)-(b*log(c*x^n)+a)^2/x)/d-(e*((2*b*n*(polylog(2,-(d/(e*x)))*(b*log(c*x^n)+a)-b*n*'integrate(polylog(2,-(d/(e*x)))/x,x)))/d-(log(d/(e*x)+1)*(b*log(c*x^n)+a)^2)/d))/d))/d
unverified     t=  11.5s 3 Logarithms/3.1.4 (f x)^m (d+e x^r)^q (a+b log(c x^n))^p.mac e99 L118  self=-  nfires=11  top=3_1_4_r11  fires=3_1_2_r4,3_1_2_r5,3_1_5_r45,3_1_4_r10,3_1_4_r11  ans=((2*b*n*(-((b*log(c*x^n)+a)/(3*x^3))-(b*n)/(9*x^3)))/3-(b*log(c*x^n)+a)^2/(3*x^3))/d-(e*((b*n*(-((b*log(c*x^n)+a)/(2*x^2))-(b*n)/(4*x^2))-(b*log(c*x^n)+a)^2/(2*x^2))/d-(e*((2*b*n*(-((b*log(c*x^n)+a)/x)-(b*n)/x)-(b*log(c*x^n)+a)^2/x)/d-(e*((2*b*n*(polylog(2,-(d/(e*x)))*(b*log(c*x^n)+a)-b*n*'integrate...
deferred       t=   2.2s 3 Logarithms/3.1.4 (f x)^m (d+e x^r)^q (a+b log(c x^n))^p.mac e105 L124  self=-  nfires=1  top=3_1_4_r27  fires=3_1_4_r27
deferred       t=   2.2s 3 Logarithms/3.1.4 (f x)^m (d+e x^r)^q (a+b log(c x^n))^p.mac e106 L125  self=-  nfires=1  top=3_1_4_r27  fires=3_1_4_r27
deferred       t=   2.2s 3 Logarithms/3.1.4 (f x)^m (d+e x^r)^q (a+b log(c x^n))^p.mac e112 L131  self=-  nfires=1  top=3_1_4_r27  fires=3_1_4_r27
deferred       t=   2.2s 3 Logarithms/3.1.4 (f x)^m (d+e x^r)^q (a+b log(c x^n))^p.mac e119 L138  self=-  nfires=1  top=3_1_4_r27  fires=3_1_4_r27
contains-noun  t=   1.1s 3 Logarithms/3.1.4 (f x)^m (d+e x^r)^q (a+b log(c x^n))^p.mac e128 L159  self=-  nfires=2  top=3_1_3_r7  fires=3_1_3_r20,3_1_3_r7
contains-noun  t=   2.8s 3 Logarithms/3.1.4 (f x)^m (d+e x^r)^q (a+b log(c x^n))^p.mac e129 L160  self=-  nfires=2  top=3_1_3_r8  fires=3_1_4_r27,3_1_3_r8
unverified     t=   1.4s 3 Logarithms/3.1.4 (f x)^m (d+e x^r)^q (a+b log(c x^n))^p.mac e218 L273  self=-  nfires=3  top=3_1_3_r13  fires=1_1_2_1_r12,1_4_1_r18,3_1_3_r13  ans=(sqrt(1/e)*atan(x/(sqrt(d)*sqrt(1/e)))*(b*log(c*x^n)+a))/sqrt(d)-b*n*((sqrt(1/e)*log(x)*atan(x/(sqrt(d)*sqrt(1/e))))/sqrt(d)-(sqrt(1/e)*((sqrt(d)*(%pi*log(e*x^2+d)+2*%i*li[2]((%i*sqrt(e)*x+sqrt(d))/sqrt(d))-2*%i*li[2](-((%i*sqrt(e)*x-sqrt(d))/sqrt(d)))-4*atan((sqrt(e)*x)/sqrt(d))*log((sqrt(abs(e))*x...
unverified     t=   1.8s 3 Logarithms/3.1.4 (f x)^m (d+e x^r)^q (a+b log(c x^n))^p.mac e228 L283  self=-  nfires=5  top=3_1_3_r12  fires=1_1_2_1_r12,1_4_1_r18,3_1_3_r13,3_1_3_r12  ans=((sqrt(1/e)*atan(x/(sqrt(d)*sqrt(1/e)))*(b*log(c*x^n)+a))/sqrt(d)-b*n*((sqrt(1/e)*log(x)*atan(x/(sqrt(d)*sqrt(1/e))))/sqrt(d)-(sqrt(1/e)*((sqrt(d)*(%pi*log(e*x^2+d)+2*%i*li[2]((%i*sqrt(e)*x+sqrt(d))/sqrt(d))-2*%i*li[2](-((%i*sqrt(e)*x-sqrt(d))/sqrt(d)))-4*atan((sqrt(e)*x)/sqrt(d))*log((sqrt(abs(e))*...
unverified     t=   5.0s 3 Logarithms/3.1.4 (f x)^m (d+e x^r)^q (a+b log(c x^n))^p.mac e229 L284  self=-  nfires=6  top=3_1_4_r16  fires=3_1_2_r4,1_1_2_1_r12,1_4_1_r18,3_1_3_r13,3_1_4_r11,3_1_4_r16  ans=(b*log(c*x^n)+a)/(2*d*x*(e*x^2+d))-(((3*b*n)/x-(-(3*b*log(c*x^n))+b*n-3*a)/x)/d-(e*((sqrt(1/e)*atan(x/(sqrt(d)*sqrt(1/e)))*(-(3*b*log(c*x^n))+b*n-3*a))/sqrt(d)+3*b*n*((sqrt(1/e)*log(x)*atan(x/(sqrt(d)*sqrt(1/e))))/sqrt(d)-(sqrt(1/e)*((sqrt(d)*(%pi*log(e*x^2+d)+2*%i*li[2]((%i*sqrt(e)*x+sqrt(d))/sqrt(...
unverified     t=   6.8s 3 Logarithms/3.1.4 (f x)^m (d+e x^r)^q (a+b log(c x^n))^p.mac e230 L285  self=-  nfires=8  top=3_1_4_r16  fires=3_1_2_r4,1_1_2_1_r12,1_4_1_r18,3_1_3_r13,3_1_4_r11,3_1_4_r16  ans=(b*log(c*x^n)+a)/(2*d*x^3*(e*x^2+d))-(((5*b*n)/(9*x^3)-(-(5*b*log(c*x^n))+b*n-5*a)/(3*x^3))/d-(e*(((5*b*n)/x-(-(5*b*log(c*x^n))+b*n-5*a)/x)/d-(e*((sqrt(1/e)*atan(x/(sqrt(d)*sqrt(1/e)))*(-(5*b*log(c*x^n))+b*n-5*a))/sqrt(d)+5*b*n*((sqrt(1/e)*log(x)*atan(x/(sqrt(d)*sqrt(1/e))))/sqrt(d)-(sqrt(1/e)*((sqr...
unverified     t=   2.2s 3 Logarithms/3.1.4 (f x)^m (d+e x^r)^q (a+b log(c x^n))^p.mac e238 L293  self=-  nfires=8  top=3_1_3_r12  fires=1_1_2_1_r12,1_1_2_1_r9,1_4_1_r18,3_1_3_r13,3_1_3_r12  ans=(3*(((sqrt(1/e)*atan(x/(sqrt(d)*sqrt(1/e)))*(b*log(c*x^n)+a))/sqrt(d)-b*n*((sqrt(1/e)*log(x)*atan(x/(sqrt(d)*sqrt(1/e))))/sqrt(d)-(sqrt(1/e)*((sqrt(d)*(%pi*log(e*x^2+d)+2*%i*li[2]((%i*sqrt(e)*x+sqrt(d))/sqrt(d))-2*%i*li[2](-((%i*sqrt(e)*x-sqrt(d))/sqrt(d)))-4*atan((sqrt(e)*x)/sqrt(d))*log((sqrt(abs(...
unverified     t=   6.8s 3 Logarithms/3.1.4 (f x)^m (d+e x^r)^q (a+b log(c x^n))^p.mac e239 L294  self=-  nfires=7  top=3_1_4_r16  fires=3_1_2_r4,1_1_2_1_r12,1_4_1_r18,3_1_3_r13,3_1_4_r11,3_1_4_r16  ans=(b*log(c*x^n)+a)/(4*d*x*(e*x^2+d)^2)-((-(5*b*log(c*x^n))+b*n-5*a)/(2*d*x*(e*x^2+d))-((-((15*b*log(c*x^n)-3*(b*n-5*a)-5*b*n)/x)-(15*b*n)/x)/d-(e*((sqrt(1/e)*atan(x/(sqrt(d)*sqrt(1/e)))*(15*b*log(c*x^n)-3*(b*n-5*a)-5*b*n))/sqrt(d)-15*b*n*((sqrt(1/e)*log(x)*atan(x/(sqrt(d)*sqrt(1/e))))/sqrt(d)-(sqrt(1/...
unverified     t=   8.8s 3 Logarithms/3.1.4 (f x)^m (d+e x^r)^q (a+b log(c x^n))^p.mac e240 L295  self=-  nfires=9  top=3_1_4_r16  fires=3_1_2_r4,1_1_2_1_r12,1_4_1_r18,3_1_3_r13,3_1_4_r11,3_1_4_r16  ans=(b*log(c*x^n)+a)/(4*d*x^3*(e*x^2+d)^2)-((-(7*b*log(c*x^n))+b*n-7*a)/(2*d*x^3*(e*x^2+d))-((-((35*b*log(c*x^n)-5*(b*n-7*a)-7*b*n)/(3*x^3))-(35*b*n)/(9*x^3))/d-(e*((-((35*b*log(c*x^n)-5*(b*n-7*a)-7*b*n)/x)-(35*b*n)/x)/d-(e*((sqrt(1/e)*atan(x/(sqrt(d)*sqrt(1/e)))*(35*b*log(c*x^n)-5*(b*n-7*a)-7*b*n))/sqr...
deferred       t=   0.8s 3 Logarithms/3.1.4 (f x)^m (d+e x^r)^q (a+b log(c x^n))^p.mac e247 L308  self=-  nfires=1  top=3_1_3_r20  fires=3_1_3_r20
deferred       t=   0.8s 3 Logarithms/3.1.4 (f x)^m (d+e x^r)^q (a+b log(c x^n))^p.mac e248 L315  self=-  nfires=1  top=3_1_3_r20  fires=3_1_3_r20
timeout        t=  30.0s 3 Logarithms/3.1.4 (f x)^m (d+e x^r)^q (a+b log(c x^n))^p.mac e290 L369  self=-  nfires=6  top=3_1_4_r21  fires=1_1_2_1_r15,1_1_1_2_r32,1_1_1_2_r20,1_1_2_2_r4,1_4_1_r18,3_1_4_r21
timeout        t=  30.1s 3 Logarithms/3.1.4 (f x)^m (d+e x^r)^q (a+b log(c x^n))^p.mac e291 L370  self=-  nfires=12  top=3_1_4_r23  fires=1_1_2_1_r15,1_1_1_2_r32,1_1_1_2_r20,1_1_1_2_r11,1_1_2_2_r4,1_4_1_r25,3_1_4_r23
timeout        t=  30.1s 3 Logarithms/3.1.4 (f x)^m (d+e x^r)^q (a+b log(c x^n))^p.mac e301 L380  self=-  nfires=7  top=3_1_4_r21  fires=1_1_2_1_r15,1_1_1_2_r32,1_1_1_2_r20,1_1_2_2_r4,1_4_1_r18,3_1_4_r21
unverified     t=   8.4s 3 Logarithms/3.1.4 (f x)^m (d+e x^r)^q (a+b log(c x^n))^p.mac e312 L391  self=-  nfires=11  top=3_1_4_r18  fires=1_1_2_1_r15,1_1_1_2_r32,1_1_1_2_r11,1_1_2_2_r4,1_4_1_r18,3_1_4_r23,3_1_4_r18  ans=(sqrt(1-(e^2*x^2)/d^2)*((b*n*(2*d^2*((e^2*log((2*sqrt(1-(e^2*x^2)/d^2))/abs(x)+2/abs(x)))/(2*d^2)-(1-(e^2*x^2)/d^2)^(3/2)/(2*x^2)-(e^2*sqrt(1-(e^2*x^2)/d^2))/(2*d^2))-e^2*'integrate((log(d-sqrt(d-e*x)*sqrt(e*x+d))-log(sqrt(d-e*x)*sqrt(e*x+d)+d))/x,x)))/(4*d^2)-((b*log(c*x^n)+a)*(e^2*x^2*log(-((sqrt(...
unverified     t=   8.3s 3 Logarithms/3.1.4 (f x)^m (d+e x^r)^q (a+b log(c x^n))^p.mac e313 L392  self=-  nfires=8  top=3_1_4_r18  fires=1_1_2_1_r17,1_1_2_2_r23,1_4_1_r18,3_1_4_r23,3_1_4_r18  ans=(sqrt(1-(e^2*x^2)/d^2)*(-((b*sqrt(1/d^2)*d^2*n*(d^2*'integrate(atan2(e*x,sqrt(d-e*x)*sqrt(e*x+d))/x,x)-sqrt(1/d^2)*d^2*e*((d*asin((abs(e)*x)/d))/(2*abs(e))+(x*sqrt(1-(e^2*x^2)/d^2))/2)))/(2*e^3))+(d^2*asin(sqrt(1/d^2)*e*x)*(b*log(c*x^n)+a))/(2*sqrt(1/d^2)*e^3)-(d^2*x*sqrt(1-(e^2*x^2)/d^2)*(b*log(c*x...
deferred       t=   0.8s 3 Logarithms/3.1.4 (f x)^m (d+e x^r)^q (a+b log(c x^n))^p.mac e324 L409  self=-  nfires=1  top=3_1_3_r20  fires=3_1_3_r20
deferred       t=   0.7s 3 Logarithms/3.1.4 (f x)^m (d+e x^r)^q (a+b log(c x^n))^p.mac e325 L410  self=-  nfires=1  top=3_1_3_r20  fires=3_1_3_r20
deferred       t=   0.2s 3 Logarithms/3.1.4 (f x)^m (d+e x^r)^q (a+b log(c x^n))^p.mac e350 L445  self=-  nfires=1  top=1_4_1_r26  fires=1_4_1_r26
deferred       t=   1.3s 3 Logarithms/3.1.4 (f x)^m (d+e x^r)^q (a+b log(c x^n))^p.mac e355 L454  self=-  nfires=1  top=3_1_4_r27  fires=3_1_4_r27
deferred       t=   2.3s 3 Logarithms/3.1.4 (f x)^m (d+e x^r)^q (a+b log(c x^n))^p.mac e363 L462  self=-  nfires=1  top=3_1_4_r27  fires=3_1_4_r27
deferred       t=   2.5s 3 Logarithms/3.1.4 (f x)^m (d+e x^r)^q (a+b log(c x^n))^p.mac e364 L463  self=-  nfires=1  top=3_1_4_r27  fires=3_1_4_r27
deferred       t=   2.2s 3 Logarithms/3.1.4 (f x)^m (d+e x^r)^q (a+b log(c x^n))^p.mac e427 L538  self=-  nfires=1  top=3_1_4_r27  fires=3_1_4_r27
deferred       t=   2.2s 3 Logarithms/3.1.4 (f x)^m (d+e x^r)^q (a+b log(c x^n))^p.mac e428 L539  self=-  nfires=1  top=3_1_4_r27  fires=3_1_4_r27
deferred       t=   1.3s 3 Logarithms/3.1.4 (f x)^m (d+e x^r)^q (a+b log(c x^n))^p.mac e429 L540  self=-  nfires=1  top=3_1_4_r27  fires=3_1_4_r27
unverified     t=   3.0s 3 Logarithms/3.1.4 (f x)^m (d+e x^r)^q (a+b log(c x^n))^p.mac e430 L541  self=-  nfires=2  top=3_1_4_r10  fires=3_1_5_r45,3_1_4_r10  ans=(2*b*n*((polylog(2,-(d/(e*x^r)))*(b*log(c*x^n)+a))/r-(b*n*'integrate(polylog(2,-(d/(e*x^r)))/x,x))/r))/(d*r)-((b*log(c*x^n)+a)^2*log(d/(e*x^r)+1))/(d*r)
unverified     t=   9.0s 3 Logarithms/3.1.4 (f x)^m (d+e x^r)^q (a+b log(c x^n))^p.mac e431 L542  self=-  nfires=6  top=3_1_4_r22  fires=3_1_5_r45,3_1_4_r10,3_3_r3,3_1_4_r7,3_1_4_r22  ans=((2*b*n*((polylog(2,-(d/(e*x^r)))*(b*log(c*x^n)+a))/r-(b*n*'integrate(polylog(2,-(d/(e*x^r)))/x,x))/r))/(d*r)-((b*log(c*x^n)+a)^2*log(d/(e*x^r)+1))/(d*r))/d-(e*((2*b*n*((polylog(2,-(d/(e*x^r)))*b*n)/(d*r^2)-((b*log(c*x^n)+a)*log(d/(e*x^r)+1))/(d*r)))/(e*r)-(b*log(c*x^n)+a)^2/(e*r*(e*x^r+d))))/d
deferred       t=   2.4s 3 Logarithms/3.1.4 (f x)^m (d+e x^r)^q (a+b log(c x^n))^p.mac e448 L567  self=-  nfires=1  top=3_1_4_r26  fires=3_1_4_r26
deferred       t=   2.2s 3 Logarithms/3.1.4 (f x)^m (d+e x^r)^q (a+b log(c x^n))^p.mac e449 L568  self=-  nfires=1  top=3_1_4_r26  fires=3_1_4_r26
deferred       t=   1.2s 3 Logarithms/3.1.4 (f x)^m (d+e x^r)^q (a+b log(c x^n))^p.mac e450 L569  self=-  nfires=1  top=3_1_4_r26  fires=3_1_4_r26
contains-noun  t=   6.7s 3 Logarithms/3.1.4 (f x)^m (d+e x^r)^q (a+b log(c x^n))^p.mac e455 L578  self=-  nfires=2  top=3_1_4_r29  fires=3_1_5_r30,3_1_4_r29
contains-noun  t=  10.5s 3 Logarithms/3.1.4 (f x)^m (d+e x^r)^q (a+b log(c x^n))^p.mac e456 L579  self=-  nfires=2  top=3_1_4_r29  fires=3_1_5_r30,3_1_4_r29
unverified     t=   1.4s 3 Logarithms/3.1.5 u (a+b log(c x^n))^p.mac e24 L39  self=-  nfires=5  top=3_1_5_r47  fires=1_1_1_2_r12,3_3_r7,3_4_r8,1_4_1_r18,3_1_5_r47  ans=((d^2*f^2*x^4*(2*log(d*f*x^2+1)-1)-2*log(d*f*x^2+1)+2*d*f*x^2)*(b*log(c*x^n)+a))/(8*d^2*f^2)-(b*n*(-(log(-((x*(d^2*f^2*x^4*(2*log(d*f*x^2+1)-1)-2*log(d*f*x^2+1)+2*d*f*x^2))/(8*d*f^2)))*log((x*(d^2*f^2*x^4*(2*log(d*f*x^2+1)-1)-2*log(d*f*x^2+1)+2*d*f*x^2))/(8*d*f^2)+1))-li[2]((x*(d^2*f^2*x^4*(2*log(d*...
unverified     t=   1.7s 3 Logarithms/3.1.5 u (a+b log(c x^n))^p.mac e27 L42  self=-  nfires=7  top=3_1_5_r47  fires=1_1_1_1_r1,1_1_1_1_r3,1_1_1_2_r3,3_3_r7,3_4_r8,1_4_1_r18,3_1_5_r47  ans=(b*n*((d*f*(log((d*(d*f*x^2*(log((d*f*x^2+1)/d)-2*log(x))+log(d*f*x^2+1)))/(2*x))*log(1-(d*(d*f*x^2*(log((d*f*x^2+1)/d)-2*log(x))+log(d*f*x^2+1)))/(2*x))+li[2](1-(d*(d*f*x^2*(log((d*f*x^2+1)/d)-2*log(x))+log(d*f*x^2+1)))/(2*x))))/2-((d*f*x^2+1)*log(d*f*x^2+1))/(2*x^2)-(d*f*log(x^2)^2)/4+d*(f-log(d)*...
timeout        t=  30.1s 3 Logarithms/3.1.5 u (a+b log(c x^n))^p.mac e29 L44  self=-  nfires=6  top=3_4_r2  fires=1_1_2_1_r12,1_1_2_2_r23,3_4_r2
contains-noun  t=   7.5s 3 Logarithms/3.1.5 u (a+b log(c x^n))^p.mac e37 L52  self=-  nfires=7  top=3_1_5_r42  fires=3_1_1_r1,1_4_1_r7,3_1_1_r2,3_1_4_r27,1_4_1_r18,3_1_5_r42
unverified     t=   4.4s 3 Logarithms/3.1.5 u (a+b log(c x^n))^p.mac e50 L67  self=-  nfires=10  top=3_1_5_r47  fires=1_1_1_2_r13,3_3_r7,3_4_r8,1_4_1_r18,1_4_1_r7,1_4_1_r9,9_1_r12,3_1_5_r47  ans=(b*n*((d^2*f^2*log(x)^2)/2-2*d^2*f^2*(log(d*f*sqrt(x)+1)*log(x)-2*((log(d*f*sqrt(x)+1)*log(x))/2-log(-((2*d^3*f^2*log(d*f*sqrt(x)+1))/sqrt(x)))*log((2*d^3*f^2*log(d*f*sqrt(x)+1))/sqrt(x)+1)-li[2]((2*d^3*f^2*log(d*f*sqrt(x)+1))/sqrt(x)+1)))+4*((d*f*(-((d*f*log(x))/2)-1/sqrt(x)+d*f*log(d*f*sqrt(x)+1))...
timeout        t=  30.1s 3 Logarithms/3.1.5 u (a+b log(c x^n))^p.mac e51 L68  self=-  nfires=5  top=3_1_5_r47  fires=1_1_1_2_r13,3_3_r7,3_4_r8,1_4_1_r18,3_1_5_r47
unverified     t=   8.1s 3 Logarithms/3.1.5 u (a+b log(c x^n))^p.mac e52 L69  self=-  nfires=12  top=3_1_5_r47  fires=1_1_1_2_r13,3_3_r7,3_4_r8,1_4_1_r18,1_4_1_r7,1_4_1_r9,9_1_r12,3_1_5_r47  ans=(b*n*(15*d^6*f^6*log(x)^2-60*d^6*f^6*(log(d*f*sqrt(x)+1)*log(x)-2*((log(d*f*sqrt(x)+1)*log(x))/2-log(-((60*d^7*f^6*log(d*f*sqrt(x)+1))/sqrt(x)))*log((60*d^7*f^6*log(d*f*sqrt(x)+1))/sqrt(x)+1)-li[2]((60*d^7*f^6*log(d*f*sqrt(x)+1))/sqrt(x)+1)))+120*((d*f*(-((d^5*f^5*log(x))/2)-(60*d^4*f^4*x^2-30*d^3*f...
unverified     t=   2.4s 3 Logarithms/3.1.5 u (a+b log(c x^n))^p.mac e90 L115  self=-  nfires=5  top=3_1_5_r47  fires=1_1_1_2_r12,3_3_r7,3_4_r8,1_4_1_r18,3_1_5_r47  ans=((b*log(c*x^n)+a)*(2*f^2*x^4*log(d*(f*x^2+e)^m)-2*e^2*m*log(f*x^2+e)-f^2*m*x^4+2*e*f*m*x^2))/(8*f^2)-(b*n*(-(e^2*m*(log((x*(2*f^2*x^4*log(d*(f*x^2+e)^m)-2*e^2*m*log(f*x^2+e)-f^2*m*x^4+2*e*f*m*x^2))/(8*f^2)+e)*log(1-((x*(2*f^2*x^4*log(d*(f*x^2+e)^m)-2*e^2*m*log(f*x^2+e)-f^2*m*x^4+2*e*f*m*x^2))/(8*f^2...
unverified     t=   2.1s 3 Logarithms/3.1.5 u (a+b log(c x^n))^p.mac e93 L118  self=-  nfires=7  top=3_1_5_r47  fires=1_1_1_1_r1,1_1_1_1_r3,1_1_1_2_r3,3_3_r7,3_4_r8,1_4_1_r18,3_1_5_r47  ans=(b*n*((f*m*(log(e-(e*log(d*(f*x^2+e)^m)+f*x^2*(m*log(f*x^2+e)-2*m*log(x)))/(2*e*x))*log(1-(e-(e*log(d*(f*x^2+e)^m)+f*x^2*(m*log(f*x^2+e)-2*m*log(x)))/(2*e*x))/e)+li[2]((e-(e*log(d*(f*x^2+e)^m)+f*x^2*(m*log(f*x^2+e)-2*m*log(x)))/(2*e*x))/e)))/2-((f*m*x^2+e*m)*log(f*x^2+e)+log(d)*e)/(2*x^2)-(f*m*log(x...
unverified     t=   2.3s 3 Logarithms/3.1.5 u (a+b log(c x^n))^p.mac e94 L119  self=-  nfires=5  top=3_1_5_r47  fires=1_1_1_2_r13,3_3_r7,3_4_r8,1_4_1_r18,3_1_5_r47  ans=(b*n*(-((f^2*m*(log(e-(e^2*log(d*(f*x^2+e)^m)+f^2*x^4*(2*m*log(x)-m*log(f*x^2+e))+e*f*m*x^2)/(4*e^2*x^3))*log(1-(e-(e^2*log(d*(f*x^2+e)^m)+f^2*x^4*(2*m*log(x)-m*log(f*x^2+e))+e*f*m*x^2)/(4*e^2*x^3))/e)+li[2]((e-(e^2*log(d*(f*x^2+e)^m)+f^2*x^4*(2*m*log(x)-m*log(f*x^2+e))+e*f*m*x^2)/(4*e^2*x^3))/e)))/...
contains-noun  t=   6.6s 3 Logarithms/3.1.5 u (a+b log(c x^n))^p.mac e105 L130  self=-  nfires=7  top=3_1_5_r42  fires=3_1_1_r1,1_4_1_r7,3_1_1_r2,3_1_4_r27,1_4_1_r18,3_1_5_r42
timeout        t=  30.1s 3 Logarithms/3.1.5 u (a+b log(c x^n))^p.mac e119 L146  self=-  nfires=5  top=3_1_5_r47  fires=1_1_1_2_r13,3_3_r7,3_4_r8,1_4_1_r18,3_1_5_r47
timeout        t=  30.1s 3 Logarithms/3.1.5 u (a+b log(c x^n))^p.mac e120 L147  self=-  nfires=5  top=3_1_5_r47  fires=1_1_1_2_r13,3_3_r7,3_4_r8,1_4_1_r18,3_1_5_r47
timeout        t=  30.1s 3 Logarithms/3.1.5 u (a+b log(c x^n))^p.mac e121 L148  self=-  nfires=5  top=3_1_5_r47  fires=1_1_1_2_r13,3_3_r7,3_4_r8,1_4_1_r18,3_1_5_r47
contains-noun  t=   2.5s 3 Logarithms/3.1.5 u (a+b log(c x^n))^p.mac e207 L254  self=-  nfires=4  top=1_4_1_r7  fires=1_4_1_r18,3_1_5_r57,3_1_5_r55,1_4_1_r7
contains-noun  t=   1.7s 3 Logarithms/3.1.5 u (a+b log(c x^n))^p.mac e220 L269  self=-  nfires=2  top=3_1_5_r56  fires=3_1_5_r30,3_1_5_r56
contains-noun  t=   2.7s 3 Logarithms/3.1.5 u (a+b log(c x^n))^p.mac e221 L270  self=-  nfires=3  top=3_1_5_r56  fires=3_1_5_r30,3_1_5_r56
contains-noun  t=   3.9s 3 Logarithms/3.1.5 u (a+b log(c x^n))^p.mac e222 L271  self=-  nfires=4  top=3_1_5_r56  fires=3_1_5_r30,3_1_5_r56
contains-noun  t=  16.8s 3 Logarithms/3.2.1 (f+g x)^m (A+B log(e ((a+b x) over (c+d x))^n))^p.mac e67 L94  self=-  nfires=3  top=3_2_1_r19  fires=3_1_5_r30,3_1_4_r29,3_2_1_r19
contains-noun  t=  13.2s 3 Logarithms/3.2.1 (f+g x)^m (A+B log(e ((a+b x) over (c+d x))^n))^p.mac e68 L95  self=-  nfires=3  top=3_2_1_r19  fires=3_1_5_r30,3_1_4_r29,3_2_1_r19
contains-noun  t=   9.7s 3 Logarithms/3.2.1 (f+g x)^m (A+B log(e ((a+b x) over (c+d x))^n))^p.mac e69 L96  self=-  nfires=3  top=3_2_1_r19  fires=3_1_5_r30,3_1_4_r29,3_2_1_r19
unverified     t=   4.7s 3 Logarithms/3.2.1 (f+g x)^m (A+B log(e ((a+b x) over (c+d x))^n))^p.mac e159 L208  self=-  nfires=4  top=3_2_2_r15  fires=3_1_5_r45,3_1_4_r10,3_2_1_r15,3_2_2_r15  ans=-((log((e*(b*x+a)^n)/(d*x+c)^n)*(2*A*B*log(-((b*c-a*d)/(b*d*x+a*d)))-2*polylog(2,(b*d*x+b*c)/(b*d*x+a*d))*B^2*n)+B^2*log((e*(b*x+a)^n)/(d*x+c)^n)^2*log(-((b*c-a*d)/(b*d*x+a*d)))+A^2*log(-((b*c-a*d)/(b*d*x+a*d)))+2*B^2*n^2*'integrate((polylog(2,(b*d*x+b*c)/(b*d*x+a*d))*d*x+polylog(2,(b*d*x+b*c)/(b*d*...
unverified     t=   6.5s 3 Logarithms/3.2.1 (f+g x)^m (A+B log(e ((a+b x) over (c+d x))^n))^p.mac e167 L216  self=-  nfires=5  top=3_2_2_r15  fires=3_1_5_r54,3_1_5_r45,3_1_4_r10,3_2_1_r15,3_2_2_r15  ans=-((log((e*(b*x+a)^n)/(d*x+c)^n)^2*(3*A*B^2*log(-((b*c-a*d)/(b*d*x+a*d)))-3*polylog(2,(b*d*x+b*c)/(b*d*x+a*d))*B^3*n)+log((e*(b*x+a)^n)/(d*x+c)^n)*(3*A^2*B*log(-((b*c-a*d)/(b*d*x+a*d)))-6*polylog(3,(b*d*x+b*c)/(b*d*x+a*d))*B^3*n^2-6*polylog(2,(b*d*x+b*c)/(b*d*x+a*d))*A*B^2*n)+B^3*log((e*(b*x+a)^n)/(d...
contains-noun  t=  16.9s 3 Logarithms/3.2.1 (f+g x)^m (A+B log(e ((a+b x) over (c+d x))^n))^p.mac e240 L317  self=-  nfires=3  top=3_2_1_r19  fires=3_1_5_r30,3_1_4_r29,3_2_1_r19
contains-noun  t=  13.6s 3 Logarithms/3.2.1 (f+g x)^m (A+B log(e ((a+b x) over (c+d x))^n))^p.mac e241 L318  self=-  nfires=3  top=3_2_1_r19  fires=3_1_5_r30,3_1_4_r29,3_2_1_r19
contains-noun  t=   9.6s 3 Logarithms/3.2.1 (f+g x)^m (A+B log(e ((a+b x) over (c+d x))^n))^p.mac e242 L319  self=-  nfires=3  top=3_2_1_r19  fires=3_1_5_r30,3_1_4_r29,3_2_1_r19
contains-noun  t=  17.8s 3 Logarithms/3.2.1 (f+g x)^m (A+B log(e ((a+b x) over (c+d x))^n))^p.mac e272 L355  self=-  nfires=3  top=3_2_1_r20  fires=3_1_5_r30,3_1_4_r29,3_2_1_r20
contains-noun  t=  13.9s 3 Logarithms/3.2.1 (f+g x)^m (A+B log(e ((a+b x) over (c+d x))^n))^p.mac e273 L356  self=-  nfires=3  top=3_2_1_r20  fires=3_1_5_r30,3_1_4_r29,3_2_1_r20
contains-noun  t=   9.8s 3 Logarithms/3.2.1 (f+g x)^m (A+B log(e ((a+b x) over (c+d x))^n))^p.mac e274 L357  self=-  nfires=3  top=3_2_1_r20  fires=3_1_5_r30,3_1_4_r29,3_2_1_r20
contains-noun  t=  15.3s 3 Logarithms/3.2.1 (f+g x)^m (A+B log(e ((a+b x) over (c+d x))^n))^p.mac e303 L392  self=-  nfires=4  top=3_2_2_r15  fires=3_1_5_r30,3_1_4_r29,3_2_1_r19,3_2_2_r15
contains-noun  t=  10.6s 3 Logarithms/3.2.1 (f+g x)^m (A+B log(e ((a+b x) over (c+d x))^n))^p.mac e304 L393  self=-  nfires=4  top=3_2_2_r15  fires=3_1_5_r30,3_1_4_r29,3_2_1_r19,3_2_2_r15
contains-noun  t=  10.3s 3 Logarithms/3.2.1 (f+g x)^m (A+B log(e ((a+b x) over (c+d x))^n))^p.mac e308 L397  self=-  nfires=4  top=3_2_2_r15  fires=3_1_5_r30,3_1_4_r29,3_2_1_r19,3_2_2_r15
contains-noun  t=  21.6s 3 Logarithms/3.2.1 (f+g x)^m (A+B log(e ((a+b x) over (c+d x))^n))^p.mac e309 L398  self=-  nfires=4  top=3_2_2_r15  fires=3_1_5_r30,3_1_4_r29,3_2_1_r19,3_2_2_r15
contains-noun  t=  16.3s 3 Logarithms/3.2.1 (f+g x)^m (A+B log(e ((a+b x) over (c+d x))^n))^p.mac e310 L399  self=-  nfires=4  top=3_2_2_r15  fires=3_1_5_r30,3_1_4_r29,3_2_1_r19,3_2_2_r15
unverified     t=   3.7s 3 Logarithms/3.2.1 (f+g x)^m (A+B log(e ((a+b x) over (c+d x))^n))^p.mac e311 L400  self=-  nfires=5  top=3_2_1_r2  fires=3_1_5_r45,3_1_3_r6,3_2_1_r17,3_2_2_r15,3_2_1_r2  ans=(3*B*(b*c-a*d)*n*(log((e*(b*x+a)^n)/(d*x+c)^n)*(2*A*B*log(-((a*d-b*c)/(b*d*x+b*c)))+2*polylog(2,(b*d*x+a*d)/(b*d*x+b*c))*B^2*n)+B^2*log((e*(b*x+a)^n)/(d*x+c)^n)^2*log(-((a*d-b*c)/(b*d*x+b*c)))+A^2*log(-((a*d-b*c)/(b*d*x+b*c)))-2*B^2*n^2*'integrate((polylog(2,(b*d*x+a*d)/(b*d*x+b*c))*d*x+polylog(2,(b...
unverified     t=   4.7s 3 Logarithms/3.2.1 (f+g x)^m (A+B log(e ((a+b x) over (c+d x))^n))^p.mac e313 L402  self=-  nfires=5  top=3_2_2_r15  fires=3_1_5_r45,3_1_3_r6,3_1_3_r7,3_2_1_r19,3_2_2_r15  ans=-((log((e*(b*x+a)^n)/(d*x+c)^n)*(A*B^2*(h*x*(6*a*d*n*log(-(((b*c-a*d)*h*x+(b*c-a*d)*g)/((a*d*h-b*d*g)*x+a*c*h-b*c*g)))-6*b*c*n*log(-(((b*c-a*d)*h*x+(b*c-a*d)*g)/((a*d*h-b*d*g)*x+a*c*h-b*c*g))))+g*(6*a*d*n*log(-(((b*c-a*d)*h*x+(b*c-a*d)*g)/((a*d*h-b*d*g)*x+a*c*h-b*c*g)))-6*b*c*n*log(-(((b*c-a*d)*h*x+...
contains-noun  t=  15.1s 3 Logarithms/3.2.1 (f+g x)^m (A+B log(e ((a+b x) over (c+d x))^n))^p.mac e314 L403  self=-  nfires=4  top=3_2_2_r15  fires=3_1_5_r30,3_1_4_r29,3_2_1_r19,3_2_2_r15
contains-noun  t=   3.6s 3 Logarithms/3.2.2 (f+g x)^m (h+i x)^q (A+B log(e ((a+b x) over (c+d x))^n))^p.mac e122 L145  self=-  nfires=3  top=3_2_2_r3  fires=1_1_1_2_r13,3_1_4_r27,3_2_2_r3
contains-noun  t=   3.7s 3 Logarithms/3.2.2 (f+g x)^m (h+i x)^q (A+B log(e ((a+b x) over (c+d x))^n))^p.mac e132 L155  self=-  nfires=3  top=3_2_2_r3  fires=1_1_1_2_r13,3_1_4_r27,3_2_2_r3
contains-noun  t=   3.4s 3 Logarithms/3.2.2 (f+g x)^m (h+i x)^q (A+B log(e ((a+b x) over (c+d x))^n))^p.mac e133 L156  self=-  nfires=3  top=3_2_2_r3  fires=1_1_1_2_r13,3_1_4_r27,3_2_2_r3
contains-noun  t=   6.1s 3 Logarithms/3.2.2 (f+g x)^m (h+i x)^q (A+B log(e ((a+b x) over (c+d x))^n))^p.mac e143 L168  self=-  nfires=5  top=3_2_2_r3  fires=1_1_1_2_r12,3_1_4_r27,3_1_4_r15,3_2_2_r3
contains-noun  t=   4.6s 3 Logarithms/3.2.2 (f+g x)^m (h+i x)^q (A+B log(e ((a+b x) over (c+d x))^n))^p.mac e144 L169  self=-  nfires=4  top=3_2_2_r3  fires=1_1_1_2_r12,3_1_4_r27,3_1_4_r15,3_2_2_r3
contains-noun  t=   2.4s 3 Logarithms/3.2.2 (f+g x)^m (h+i x)^q (A+B log(e ((a+b x) over (c+d x))^n))^p.mac e145 L170  self=-  nfires=3  top=3_2_2_r3  fires=1_1_1_2_r12,3_1_4_r27,3_2_2_r3
contains-noun  t=   5.2s 3 Logarithms/3.2.2 (f+g x)^m (h+i x)^q (A+B log(e ((a+b x) over (c+d x))^n))^p.mac e151 L176  self=-  nfires=4  top=3_2_2_r3  fires=1_1_1_2_r12,3_1_4_r27,3_1_4_r15,3_2_2_r3
contains-noun  t=   3.4s 3 Logarithms/3.2.2 (f+g x)^m (h+i x)^q (A+B log(e ((a+b x) over (c+d x))^n))^p.mac e152 L177  self=-  nfires=3  top=3_2_2_r3  fires=1_1_1_2_r12,3_1_4_r27,3_2_2_r3
unverified     t=   8.8s 3 Logarithms/3.2.2 (f+g x)^m (h+i x)^q (A+B log(e ((a+b x) over (c+d x))^n))^p.mac e163 L192  self=-  nfires=7  top=3_2_2_r3  fires=3_1_5_r45,3_1_4_r10,3_3_r3,3_1_3_r6,3_1_3_r7,3_1_4_r20,3_2_2_r3  ans=-(((b*c-a*d)*i*(d*(B^2*a*(log((a*d-b*c)/(b*d*x+a*d))+1)*log(e*((b*x+a)/(d*x+c))^n)^2+(A*B*a*(2*log((a*d-b*c)/(b*d*x+a*d))+2)+B^2*a*(-(2*n*log(-((a*d-b*c)/(b*d*x+b*c))))-2*polylog(2,(b*d*x+b*c)/(b*d*x+a*d))*n))*log(e*((b*x+a)/(d*x+c))^n)+A^2*a*(log((a*d-b*c)/(b*d*x+a*d))+1)+A*B*a*(-(2*n*log(-((a*d-b*...
unverified     t=   8.2s 3 Logarithms/3.2.2 (f+g x)^m (h+i x)^q (A+B log(e ((a+b x) over (c+d x))^n))^p.mac e164 L193  self=-  nfires=6  top=3_2_2_r3  fires=3_1_2_r4,3_1_2_r5,3_1_5_r45,3_1_4_r10,3_1_4_r11,3_2_2_r3  ans=-((i*(d*x*(B^2*b*(log((a*d-b*c)/(b*d*x+a*d))+1)*log(e*((b*x+a)/(d*x+c))^n)^2+(A*B*b*(2*log((a*d-b*c)/(b*d*x+a*d))+2)+(2-2*polylog(2,(b*d*x+b*c)/(b*d*x+a*d)))*B^2*b*n)*log(e*((b*x+a)/(d*x+c))^n)+A^2*b*(log((a*d-b*c)/(b*d*x+a*d))+1)+B^2*b*(2*n^2*'integrate((polylog(2,(b*d*x+b*c)/(b*d*x+a*d))*d*x+polyl...
unverified     t=  15.5s 3 Logarithms/3.2.2 (f+g x)^m (h+i x)^q (A+B log(e ((a+b x) over (c+d x))^n))^p.mac e172 L201  self=-  nfires=14  top=3_2_2_r3  fires=3_1_5_r45,3_1_4_r10,3_3_r3,3_1_3_r6,3_1_3_r7,3_1_4_r20,1_1_1_1_r3,3_1_3_r3,3_1_3_r8,3_2_2_r3  ans=((b*c-a*d)^2*i^2*(B^2*(a*b*c*d*(4*log(-((b*c-a*d)/(b*d*x+a*d)))+2)+b^2*c^2*(1-2*log(-((b*c-a*d)/(b*d*x+a*d))))+a^2*d^2*(-(2*log(-((b*c-a*d)/(b*d*x+a*d))))-2)+b^2*d^2*x^2+(4*b^2*c*d-2*a*b*d^2)*x)*log(e*((b*x+a)/(d*x+c))^n)^2+(B^2*(a^2*d^2*(2*n*log(-((b*c-a*d)/(b*d*x+a*d)))+4*n*log((b*c-a*d)/(b*d*x+b*...
contains-noun  t=   5.7s 3 Logarithms/3.2.2 (f+g x)^m (h+i x)^q (A+B log(e ((a+b x) over (c+d x))^n))^p.mac e173 L202  self=-  nfires=2  top=3_2_2_r3  fires=3_1_4_r27,3_2_2_r3
unverified     t=  12.6s 3 Logarithms/3.2.2 (f+g x)^m (h+i x)^q (A+B log(e ((a+b x) over (c+d x))^n))^p.mac e174 L203  self=-  nfires=9  top=3_2_2_r3  fires=3_1_2_r4,3_1_2_r5,3_1_5_r45,3_1_4_r10,3_1_4_r11,3_2_2_r3  ans=-((i^2*(B^2*(x*(a*b*d^2*(8*log(-((b*c-a*d)/(b*d*x+a*d)))+4)+8*b^2*c*d)+b^2*d^2*x^2*(4*log(-((b*c-a*d)/(b*d*x+a*d)))+6)+4*a^2*d^2*log(-((b*c-a*d)/(b*d*x+a*d)))+4*a*b*c*d+2*b^2*c^2)*log(e*((b*x+a)/(d*x+c))^n)^2+(A*B*(x*(a*b*d^2*(16*log(-((b*c-a*d)/(b*d*x+a*d)))+8)+16*b^2*c*d)+b^2*d^2*x^2*(8*log(-((b*c...
unverified     t=  23.6s 3 Logarithms/3.2.2 (f+g x)^m (h+i x)^q (A+B log(e ((a+b x) over (c+d x))^n))^p.mac e182 L211  self=-  nfires=27  top=3_2_2_r3  fires=3_1_5_r45,3_1_4_r10,3_3_r3,3_1_3_r6,3_1_3_r7,3_1_4_r20,1_1_1_1_r3,3_1_3_r3,3_1_3_r8,1_1_1_1_r1,1_1_1_2_r3,1_1_1_2_r14,3_2_2_r3  ans=((b*c-a*d)^3*i^3*(B^2*(a*b^2*c^2*d*(18*log(-((b*c-a*d)/(b*d*x+a*d)))+3)+a^3*d^3*(6*log(-((b*c-a*d)/(b*d*x+a*d)))+6)+b^3*c^3*(5-6*log(-((b*c-a*d)/(b*d*x+a*d))))+a^2*b*c*d^2*(-(18*log(-((b*c-a*d)/(b*d*x+a*d))))-12)+2*b^3*d^3*x^3+(9*b^3*c*d^2-3*a*b^2*d^3)*x^2+(6*a^2*b*d^3-18*a*b^2*c*d^2+18*b^3*c^2*d)*x...
contains-noun  t=   5.9s 3 Logarithms/3.2.2 (f+g x)^m (h+i x)^q (A+B log(e ((a+b x) over (c+d x))^n))^p.mac e183 L212  self=-  nfires=2  top=3_2_2_r3  fires=3_1_4_r27,3_2_2_r3
contains-noun  t=   5.7s 3 Logarithms/3.2.2 (f+g x)^m (h+i x)^q (A+B log(e ((a+b x) over (c+d x))^n))^p.mac e184 L213  self=-  nfires=2  top=3_2_2_r3  fires=3_1_4_r27,3_2_2_r3
unverified     t=  15.9s 3 Logarithms/3.2.2 (f+g x)^m (h+i x)^q (A+B log(e ((a+b x) over (c+d x))^n))^p.mac e185 L214  self=-  nfires=12  top=3_2_2_r3  fires=3_1_2_r4,3_1_2_r5,3_1_5_r45,3_1_4_r10,3_1_4_r11,3_2_2_r3  ans=-((i^3*(B^2*(x^2*(a*b^2*d^3*(324*log(-((b*c-a*d)/(b*d*x+a*d)))+270)+324*b^3*c*d^2)+x*(a^2*b*d^3*(324*log(-((b*c-a*d)/(b*d*x+a*d)))+108)+324*a*b^2*c*d^2+162*b^3*c^2*d)+b^3*d^3*x^3*(108*log(-((b*c-a*d)/(b*d*x+a*d)))+198)+108*a^3*d^3*log(-((b*c-a*d)/(b*d*x+a*d)))+108*a^2*b*c*d^2+54*a*b^2*c^2*d+36*b^3*c...
contains-noun  t=   3.8s 3 Logarithms/3.2.2 (f+g x)^m (h+i x)^q (A+B log(e ((a+b x) over (c+d x))^n))^p.mac e196 L227  self=-  nfires=2  top=3_2_2_r3  fires=3_1_4_r27,3_2_2_r3
contains-noun  t=   5.7s 3 Logarithms/3.2.2 (f+g x)^m (h+i x)^q (A+B log(e ((a+b x) over (c+d x))^n))^p.mac e203 L234  self=-  nfires=2  top=3_2_2_r3  fires=3_1_4_r27,3_2_2_r3
deferred       t=   6.1s 3 Logarithms/3.2.2 (f+g x)^m (h+i x)^q (A+B log(e ((a+b x) over (c+d x))^n))^p.mac e253 L304  self=-  nfires=2  top=3_2_2_r15  fires=3_2_2_r11,3_2_2_r15
deferred       t=   6.1s 3 Logarithms/3.2.2 (f+g x)^m (h+i x)^q (A+B log(e ((a+b x) over (c+d x))^n))^p.mac e254 L305  self=-  nfires=2  top=3_2_2_r15  fires=3_2_2_r11,3_2_2_r15
unverified     t=  10.7s 3 Logarithms/3.2.3 u log(e (f (a+b x)^p (c+d x)^q)^r)^s.mac e51 L72  self=-  nfires=9  top=3_2_3_r8  fires=3_1_5_r54,3_1_5_r45,3_3_r46,3_3_r8,3_2_3_r8  ans=((t*log(i*(h*x+g)^n)+s)^3*log(e*(f*(b*x+a)^p*(d*x+c)^q)^r))/(3*h*k*n*t)-(d*q*r*((log((h*(d*x+c))/(c*h-d*g))*(t*log(i*(h*x+g)^n)+s)^3)/d-(3*n*t*(-(polylog(2,-((d*h*x+d*g)/(c*h-d*g)))*t^2*log(i*(h*x+g)^n)^2)+(2*polylog(3,-((d*h*x+d*g)/(c*h-d*g)))*n*t^2-2*polylog(2,-((d*h*x+d*g)/(c*h-d*g)))*s*t)*log(i*...
unverified     t=   6.2s 3 Logarithms/3.2.3 u log(e (f (a+b x)^p (c+d x)^q)^r)^s.mac e52 L73  self=-  nfires=7  top=3_2_3_r8  fires=3_1_5_r45,3_3_r46,3_3_r8,3_2_3_r8  ans=((t*log(i*(h*x+g)^n)+s)^2*log(e*(f*(b*x+a)^p*(d*x+c)^q)^r))/(2*h*k*n*t)-(d*q*r*((log((h*(d*x+c))/(c*h-d*g))*(t*log(i*(h*x+g)^n)+s)^2)/d-(2*n*t*(-(polylog(2,-((d*h*x+d*g)/(c*h-d*g)))*t*log(i*(h*x+g)^n))+n*t*'integrate(polylog(2,-((d*h*x+d*g)/(c*h-d*g)))/(h*x+g),h*x+g)-polylog(2,-((d*h*x+d*g)/(c*h-d*g...
deferred       t=  27.6s 3 Logarithms/3.2.3 u log(e (f (a+b x)^p (c+d x)^q)^r)^s.mac e56 L79  self=-  nfires=42  top=3_3_r60  fires=3_1_5_r54,3_1_5_r45,3_1_3_r6,3_2_3_r8,3_3_r61,1_1_1_1_r2,3_1_2_r2,3_3_r60
deferred       t=  23.5s 3 Logarithms/3.2.3 u log(e (f (a+b x)^p (c+d x)^q)^r)^s.mac e57 L80  self=-  nfires=38  top=3_3_r60  fires=3_1_5_r54,3_1_5_r45,3_1_3_r6,3_2_3_r8,3_3_r61,1_1_1_1_r2,3_1_2_r2,3_3_r60
contains-noun  t=  10.1s 3 Logarithms/3.2.3 u log(e (f (a+b x)^p (c+d x)^q)^r)^s.mac e74 L103  self=-  nfires=5  top=1_4_1_r7  fires=1_1_1_1_r2,3_1_2_r2,3_2_2_r3,3_2_2_r11,1_4_1_r7
contains-noun  t=  10.3s 3 Logarithms/3.2.3 u log(e (f (a+b x)^p (c+d x)^q)^r)^s.mac e75 L104  self=-  nfires=5  top=1_4_1_r7  fires=1_1_1_1_r2,3_1_2_r2,3_2_2_r3,3_2_2_r11,1_4_1_r7
unverified     t=   2.1s 3 Logarithms/3.2.3 u log(e (f (a+b x)^p (c+d x)^q)^r)^s.mac e95 L128  self=-  nfires=4  top=3_2_1_r1  fires=3_1_5_r45,3_1_3_r6,3_2_1_r17,3_2_1_r1  ans=(3*b*(2*'integrate((polylog(2,(a*x+b)/(a*x))*x)/(a*x+b),(a*x+b)/x)-log(-(b/(a*x)))*log((c*(a*x+b))/x)^2-2*polylog(2,(a*x+b)/(a*x))*log((c*(a*x+b))/x)))/a+((a*x+b)*log((c*(a*x+b))/x)^3)/a
unverified     t=   3.6s 3 Logarithms/3.2.3 u log(e (f (a+b x)^p (c+d x)^q)^r)^s.mac e98 L131  self=-  nfires=4  top=3_2_1_r2  fires=3_1_5_r45,3_1_4_r10,3_2_1_r16,3_2_1_r2  ans=x*log((c*(a*x+b)^2)/x^2)^3-(6*b*(8*'integrate((polylog(2,(a*x)/(a*x+b))*x)/(a*x+b),(a*x+b)/x)+log((a^2*c*x^2+2*a*b*c*x+b^2*c)/x^2)^2*log(b/(a*x+b))-4*polylog(2,(a*x)/(a*x+b))*log((a^2*c*x^2+2*a*b*c*x+b^2*c)/x^2)))/a
unverified     t=   2.4s 3 Logarithms/3.2.3 u log(e (f (a+b x)^p (c+d x)^q)^r)^s.mac e101 L134  self=-  nfires=4  top=3_2_1_r2  fires=3_1_5_r45,3_1_3_r6,3_2_1_r18,3_2_1_r2  ans=(6*b*(log(b/(a*x+b))*log((c*x^2)/(a^2*x^2+2*a*b*x+b^2))^2+4*polylog(2,(a*x)/(a*x+b))*log((c*x^2)/(a^2*x^2+2*a*b*x+b^2))-8*'integrate((polylog(2,(a*x)/(a*x+b))*a*x+polylog(2,(a*x)/(a*x+b))*b)/x,x/(a*x+b))))/a+x*log((c*x^2)/(a*x+b)^2)^3
unverified     t=   2.5s 3 Logarithms/3.2.3 u log(e (f (a+b x)^p (c+d x)^q)^r)^s.mac e104 L137  self=-  nfires=3  top=3_2_1_r17  fires=3_1_5_r45,3_1_3_r6,3_2_1_r17  ans=-((log(((b*d*e-a*d*f)*x-a*c*f+b*c*e)/(b*(d*e-c*f)*x+a*(d*e-c*f)))^2*log(-((b*c-a*d)/(b*d*x+a*d)))-2*'integrate((polylog(2,(b*d*x+b*c)/(b*d*x+a*d))*b*x+polylog(2,(b*d*x+b*c)/(b*d*x+a*d))*a)/(d*x+c),(d*x+c)/(b*x+a))+2*polylog(2,(b*d*x+b*c)/(b*d*x+a*d))*log(((b*d*e-a*d*f)*x-a*c*f+b*c*e)/(b*(d*e-c*f)*x+...
unverified     t=   1.3s 3 Logarithms/3.3 u (a+b log(c (d+e x)^n))^p.mac e40 L69  self=-  nfires=3  top=3_3_r6  fires=3_3_r6  ans=(log((e*(g*x+f))/(e*f-d*g))*(b*log(c*(e*x+d)^n)+a))/g-(b*e*n*((log((g*(e*x+d))/(d*g-e*f))*log((e*(g*x+f))/(e*f-d*g)))/e-(g*((log((g*(e*x+d))/(d*g-e*f))*log((e*(g*x+f))/(e*f-d*g)))/g-(e*((log(log((e*(g*x+f))/(e*f-d*g))/(e*x+d)+g*x)*log(((e*log((e*(g*x+f))/(e*f-d*g)))/(e*x+d)+e*g*x)/(d*g-(e*log((e*(g*...
unverified     t=   1.8s 3 Logarithms/3.3 u (a+b log(c (d+e x)^n))^p.mac e49 L78  self=-  nfires=4  top=3_3_r9  fires=3_3_r6,3_3_r9  ans=((e*x+d)*(b*log(c*(e*x+d)^n)+a)^2)/((e*f-d*g)*(g*x+f))-(2*b*e*n*((log((e*(g*x+f))/(e*f-d*g))*(b*log(c*(e*x+d)^n)+a))/g-(b*e*n*((log((g*(e*x+d))/(d*g-e*f))*log((e*(g*x+f))/(e*f-d*g)))/e-(g*((log((g*(e*x+d))/(d*g-e*f))*log((e*(g*x+f))/(e*f-d*g)))/g-(e*((log(log((e*(g*x+f))/(e*f-d*g))/(e*x+d)+g*x)*log(...
contains-noun  t=   1.4s 3 Logarithms/3.3 u (a+b log(c (d+e x)^n))^p.mac e109 L144  self=-  nfires=2  top=3_3_r9  fires=3_3_r32,3_3_r9
contains-noun  t=   3.2s 3 Logarithms/3.3 u (a+b log(c (d+e x)^n))^p.mac e110 L145  self=-  nfires=2  top=3_3_r10  fires=3_3_r32,3_3_r10
contains-noun  t=   1.3s 3 Logarithms/3.3 u (a+b log(c (d+e x)^n))^p.mac e115 L150  self=-  nfires=2  top=3_3_r9  fires=3_3_r32,3_3_r9
contains-noun  t=   3.2s 3 Logarithms/3.3 u (a+b log(c (d+e x)^n))^p.mac e116 L151  self=-  nfires=2  top=3_3_r10  fires=3_3_r32,3_3_r10
contains-noun  t=   1.3s 3 Logarithms/3.3 u (a+b log(c (d+e x)^n))^p.mac e121 L156  self=-  nfires=2  top=3_3_r9  fires=3_3_r32,3_3_r9
contains-noun  t=   3.1s 3 Logarithms/3.3 u (a+b log(c (d+e x)^n))^p.mac e122 L157  self=-  nfires=2  top=3_3_r10  fires=3_3_r32,3_3_r10
unverified     t=   1.2s 3 Logarithms/3.3 u (a+b log(c (d+e x)^n))^p.mac e220 L301  self=-  nfires=3  top=3_3_r6  fires=3_3_r6  ans=(log((e*(g*x+f))/(e*f-d*g))*(b*log(c*(e*x+d)^n)+a))/g-(b*e*n*((log((g*(e*x+d))/(d*g-e*f))*log((e*(g*x+f))/(e*f-d*g)))/e-(g*((log((g*(e*x+d))/(d*g-e*f))*log((e*(g*x+f))/(e*f-d*g)))/g-(e*((log(log((e*(g*x+f))/(e*f-d*g))/(e*x+d)+g*x)*log(((e*log((e*(g*x+f))/(e*f-d*g)))/(e*x+d)+e*g*x)/(d*g-(e*log((e*(g*...
unverified     t=   1.2s 3 Logarithms/3.3 u (a+b log(c (d+e x)^n))^p.mac e245 L338  self=-  nfires=3  top=3_3_r6  fires=3_3_r6  ans=(log((e*(g*x+f))/(e*f-d*g))*(b*log(c*(e*x+d)^n)+a))/g-(b*e*n*((log((g*(e*x+d))/(d*g-e*f))*log((e*(g*x+f))/(e*f-d*g)))/e-(g*((log((g*(e*x+d))/(d*g-e*f))*log((e*(g*x+f))/(e*f-d*g)))/g-(e*((log(log((e*(g*x+f))/(e*f-d*g))/(e*x+d)+g*x)*log(((e*log((e*(g*x+f))/(e*f-d*g)))/(e*x+d)+e*g*x)/(d*g-(e*log((e*(g*...
contains-noun  t=   1.9s 3 Logarithms/3.3 u (a+b log(c (d+e x)^n))^p.mac e358 L503  self=-  nfires=4  top=3_3_r38  fires=1_1_1_2_r12,3_1_4_r27,3_3_r38
contains-noun  t=   1.9s 3 Logarithms/3.3 u (a+b log(c (d+e x)^n))^p.mac e359 L504  self=-  nfires=4  top=3_3_r38  fires=1_1_1_2_r12,3_1_4_r27,3_3_r38
contains-noun  t=   1.0s 3 Logarithms/3.3 u (a+b log(c (d+e x)^n))^p.mac e361 L506  self=-  nfires=4  top=3_3_r34  fires=1_1_1_2_r12,3_1_4_r27,3_3_r34
unverified     t=   1.9s 3 Logarithms/3.3 u (a+b log(c (d+e x)^n))^p.mac e362 L507  self=-  nfires=3  top=3_3_r37  fires=3_1_5_r45,3_1_3_r6,3_3_r37  ans=(log(f*x^m)^2*(b*log(c*(e*x+d)^n)+a))/(2*m)-(b*e*n*((log((e*x)/d+1)*log(f*x^m)^2)/e-(2*m*(m*'integrate(polylog(2,-((e*x)/d))/x,x)-polylog(2,-((e*x)/d))*log(f*x^m)))/e))/(2*m)
contains-noun  t=   2.5s 3 Logarithms/3.3 u (a+b log(c (d+e x)^n))^p.mac e370 L515  self=-  nfires=2  top=3_3_r39  fires=3_3_r56,3_3_r39
unverified     t=   4.4s 3 Logarithms/3.3 u (a+b log(c (d+e x)^n))^p.mac e382 L537  self=-  nfires=5  top=3_3_r47  fires=3_1_5_r45,3_1_3_r6,3_1_5_r46,3_3_r46,3_3_r47  ans=log(x)*(b*log(c*(e*x+d)^n)+a)*(g*log(c*(e*x+d)^n)+f)-(b^2*g^2*(4*log(x)-4*log(-((e*x)/d)))*log(c*(e*x+d)^n)^2+(a*b*g^2*(4*log(x)-4*log(-((e*x)/d)))+b^2*(f*g*(4*log(x)-4*log(-((e*x)/d)))-8*polylog(2,(e*x+d)/d)*g^2*n))*log(c*(e*x+d)^n)+b^2*(8*g^2*n^2*'integrate(polylog(2,(e*x+d)/d)/(e*x+d),e*x+d)+f^2*...
contains-noun  t=   3.7s 3 Logarithms/3.3 u (a+b log(c (d+e x)^n))^p.mac e391 L550  self=-  nfires=9  top=3_3_r54  fires=1_1_1_1_r1,1_1_1_1_r3,1_1_1_2_r3,3_3_r32,3_3_r54
unverified     t=   4.3s 3 Logarithms/3.3 u (a+b log(c (d+e x)^n))^p.mac e433 L618  self=-  nfires=9  top=3_3_r60  fires=3_3_r6,3_3_r9,3_3_r60  ans=-((b^2*(f*h*x*(2*p^2*q^2*log(h*x+g)*log((h*x*(log(-((f*h*x+f*g)/(e*h-f*g)))+e*f)+e^2*h)/(-(g*log(-((f*h*x+f*g)/(e*h-f*g))))+e*f*h*x+e^2*h))+2*p^2*q^2*li[2](-((h*x*log(-((f*h*x+f*g)/(e*h-f*g)))+g*log(-((f*h*x+f*g)/(e*h-f*g))))/(-(g*log(-((f*h*x+f*g)/(e*h-f*g))))+e*f*h*x+e^2*h)))+2*p^2*q^2*log(f*x+e)*...
unverified     t=   2.4s 3 Logarithms/3.4 u (a+b log(c (d+e x^m)^n))^p.mac e80 L115  self=-  nfires=4  top=3_4_r8  fires=3_1_5_r45,3_3_r46,3_3_r8,3_4_r8  ans=(log(-((b*x^2)/a))*log(c*(b*x^2+a)^p)^2+2*polylog(2,(b*x^2+a)/a)*p*log(c*(b*x^2+a)^p)-2*p^2*'integrate(polylog(2,(b*x^2+a)/a)/(b*x^2+a),b*x^2+a))/2
unverified     t=   4.0s 3 Logarithms/3.4 u (a+b log(c (d+e x^m)^n))^p.mac e94 L129  self=-  nfires=5  top=3_4_r8  fires=3_1_5_r54,3_1_5_r45,3_3_r46,3_3_r8,3_4_r8  ans=(log(-((b*x^2)/a))*log(c*(b*x^2+a)^p)^3+3*polylog(2,(b*x^2+a)/a)*p*log(c*(b*x^2+a)^p)^2-6*polylog(3,(b*x^2+a)/a)*p^2*log(c*(b*x^2+a)^p)+6*p^3*'integrate(polylog(3,(b*x^2+a)/a)/(b*x^2+a),b*x^2+a))/2
unverified     t=   2.8s 3 Logarithms/3.4 u (a+b log(c (d+e x^m)^n))^p.mac e95 L130  self=-  nfires=5  top=3_4_r8  fires=3_1_5_r45,3_3_r46,3_3_r8,3_3_r9,3_4_r8  ans=-((x^2*(b*log(c*(b*x^2+a)^p)^3-3*b*p*log(-((b*x^2)/a))*log(c*(b*x^2+a)^p)^2-6*polylog(2,(b*x^2+a)/a)*b*p^2*log(c*(b*x^2+a)^p)+6*b*p^3*'integrate(polylog(2,(b*x^2+a)/a)/(b*x^2+a),b*x^2+a))+a*log(c*(b*x^2+a)^p)^3)/(2*a*x^2))
unverified     t=   9.4s 3 Logarithms/3.4 u (a+b log(c (d+e x^m)^n))^p.mac e96 L131  self=-  nfires=9  top=3_4_r8  fires=3_1_5_r45,3_1_4_r10,3_3_r3,3_1_3_r6,3_1_3_r7,3_1_4_r20,3_3_r23,3_3_r10,3_4_r8  ans=-((a^2*log(c*(b*x^2+a)^p)^3+x^4*(b^2*(3*p*log((b*x^2)/(b*x^2+a))+3*p)*log(c*(b*x^2+a)^p)^2+b^2*(-(6*p^2*log(-((b*x^2)/a)))-6*polylog(2,a/(b*x^2+a))*p^2)*log(c*(b*x^2+a)^p)+b^2*(6*p^3*'integrate(polylog(2,a/(b*x^2+a))/(b*x^2+a),b*x^2+a)-6*polylog(2,(b*x^2+a)/a)*p^3))+3*a*b*p*x^2*log(c*(b*x^2+a)^p)^2)...
unverified     t=  14.5s 3 Logarithms/3.4 u (a+b log(c (d+e x^m)^n))^p.mac e97 L132  self=-  nfires=16  top=3_4_r8  fires=3_1_5_r45,3_1_4_r10,3_3_r3,3_1_3_r6,3_1_3_r7,3_1_4_r20,1_1_1_1_r3,3_1_3_r3,3_1_3_r8,3_3_r23,3_3_r10,3_4_r8  ans=(-(2*a^3*log(c*(b*x^2+a)^p)^3)+x^6*(b^3*(6*p*log((b*x^2)/(b*x^2+a))+6*p)*log(c*(b*x^2+a)^p)^2+b^3*(-(6*p^2*log((b*x^2)/(b*x^2+a)))-12*p^2*log(-((b*x^2)/a))+(-(12*polylog(2,a/(b*x^2+a)))-6)*p^2)*log(c*(b*x^2+a)^p)+b^3*(12*p^3*'integrate(polylog(2,a/(b*x^2+a))/(b*x^2+a),b*x^2+a)+6*p^3*log(-x^2)+(6*pol...
unverified     t=   2.6s 3 Logarithms/3.4 u (a+b log(c (d+e x^m)^n))^p.mac e131 L172  self=-  nfires=4  top=3_4_r8  fires=3_1_5_r45,3_3_r46,3_3_r8,3_4_r8  ans=(log(-((e*x^3)/d))*log(c*(e*x^3+d)^p)^2+2*polylog(2,(e*x^3+d)/d)*p*log(c*(e*x^3+d)^p)-2*p^2*'integrate(polylog(2,(e*x^3+d)/d)/(e*x^3+d),e*x^3+d))/3
contains-noun  t=   0.9s 3 Logarithms/3.4 u (a+b log(c (d+e x^m)^n))^p.mac e136 L177  self=-  nfires=2  top=3_4_r11  fires=3_4_r27,3_4_r11
contains-noun  t=   3.1s 3 Logarithms/3.4 u (a+b log(c (d+e x^m)^n))^p.mac e158 L203  self=-  nfires=2  top=3_4_r11  fires=3_4_r34,3_4_r11
contains-noun  t=   1.9s 3 Logarithms/3.4 u (a+b log(c (d+e x^m)^n))^p.mac e159 L204  self=-  nfires=2  top=3_4_r11  fires=3_4_r34,3_4_r11
deferred       t=   1.2s 3 Logarithms/3.4 u (a+b log(c (d+e x^m)^n))^p.mac e223 L288  self=-  nfires=4  top=3_3_r32  fires=1_1_1_1_r1,1_1_1_1_r3,1_1_1_2_r3,3_3_r32
unexpected     t=   4.9s 3 Logarithms/3.4 u (a+b log(c (d+e x^m)^n))^p.mac e383 L494  self=1  nfires=1  top=1_4_1_r3  fires=1_4_1_r3
unexpected     t=   5.1s 3 Logarithms/3.4 u (a+b log(c (d+e x^m)^n))^p.mac e384 L495  self=1  nfires=1  top=1_4_1_r3  fires=1_4_1_r3
unexpected     t=  30.0s 3 Logarithms/3.4 u (a+b log(c (d+e x^m)^n))^p.mac e387 L500  self=cut  nfires=1  top=1_4_1_r3  fires=1_4_1_r3
unexpected     t=  30.0s 3 Logarithms/3.4 u (a+b log(c (d+e x^m)^n))^p.mac e388 L501  self=cut  nfires=1  top=1_4_1_r3  fires=1_4_1_r3
unverified     t=   3.2s 3 Logarithms/3.4 u (a+b log(c (d+e x^m)^n))^p.mac e389 L504  self=-  nfires=3  top=3_1_5_r46  fires=3_1_5_r45,3_1_4_r6,3_1_5_r46  ans=(log(x)^2*log(e*x^m+d))/2-(e*m*((log(x)^2*log((e*x^m)/d+1))/(e*m)-(2*(('integrate(polylog(2,-((e*x^m)/d))/x,x))/m-(polylog(2,-((e*x^m)/d))*log(x))/m))/(e*m)))/2
unverified     t=   2.8s 3 Logarithms/3.4 u (a+b log(c (d+e x^m)^n))^p.mac e411 L540  self=-  nfires=4  top=3_4_r8  fires=3_1_5_r45,3_3_r46,3_3_r8,3_4_r8  ans=2*(log(c*(e*sqrt(x)+d)^n)*(2*a*b*log(-((e*sqrt(x))/d))+2*polylog(2,(e*sqrt(x)+d)/d)*b^2*n)+b^2*log(c*(e*sqrt(x)+d)^n)^2*log(-((e*sqrt(x))/d))+a^2*log(-((e*sqrt(x))/d))-2*b^2*n^2*'integrate(polylog(2,(e*sqrt(x)+d)/d)/(e*sqrt(x)+d),e*sqrt(x)+d)+2*polylog(2,(e*sqrt(x)+d)/d)*a*b*n)
unverified     t=   8.2s 3 Logarithms/3.4 u (a+b log(c (d+e x^m)^n))^p.mac e418 L547  self=-  nfires=5  top=3_4_r8  fires=3_1_5_r54,3_1_5_r45,3_3_r46,3_3_r8,3_4_r8  ans=2*(log(c*(e*sqrt(x)+d)^n)^2*(3*a*b^2*log(-((e*sqrt(x))/d))+3*polylog(2,(e*sqrt(x)+d)/d)*b^3*n)+log(c*(e*sqrt(x)+d)^n)*(3*a^2*b*log(-((e*sqrt(x))/d))-6*polylog(3,(e*sqrt(x)+d)/d)*b^3*n^2+6*polylog(2,(e*sqrt(x)+d)/d)*a*b^2*n)+b^3*log(c*(e*sqrt(x)+d)^n)^3*log(-((e*sqrt(x))/d))+a^3*log(-((e*sqrt(x))/d))...
timeout        t=  30.0s 3 Logarithms/3.4 u (a+b log(c (d+e x^m)^n))^p.mac e419 L548  self=-  nfires=9  top=3_4_r8  fires=3_1_5_r45,3_1_4_r10,3_3_r3,3_1_3_r6,3_1_3_r7,3_1_4_r20,3_3_r23,3_3_r10,3_4_r8
timeout        t=  30.0s 3 Logarithms/3.4 u (a+b log(c (d+e x^m)^n))^p.mac e420 L549  self=-  nfires=29  top=3_4_r8  fires=3_1_5_r45,3_1_4_r10,3_3_r3,3_1_3_r6,3_1_3_r7,3_1_4_r20,1_1_1_1_r3,3_1_3_r3,3_1_3_r8,1_1_1_1_r1,1_1_1_2_r3,1_1_1_2_r14,3_3_r23,3_3_r10,3_4_r8
unverified     t=   4.1s 3 Logarithms/3.4 u (a+b log(c (d+e x^m)^n))^p.mac e432 L563  self=-  nfires=4  top=3_4_r8  fires=3_1_5_r45,3_3_r46,3_3_r8,3_4_r8  ans=-(2*(b^2*(-(2*n^2*'integrate((polylog(2,(d*sqrt(x)+e)/(d*sqrt(x)))*sqrt(x))/(d*sqrt(x)+e),(d*sqrt(x)+e)/sqrt(x)))+log(c*((d*sqrt(x)+e)/sqrt(x))^n)^2*log(-(e/(d*sqrt(x))))+2*polylog(2,(d*sqrt(x)+e)/(d*sqrt(x)))*n*log(c*((d*sqrt(x)+e)/sqrt(x))^n))+a*b*(2*log(c*((d*sqrt(x)+e)/sqrt(x))^n)*log(-(e/(d*sqr...
timeout        t=  30.0s 3 Logarithms/3.4 u (a+b log(c (d+e x^m)^n))^p.mac e436 L567  self=-  nfires=29  top=3_4_r8  fires=3_1_5_r45,3_1_4_r10,3_3_r3,3_1_3_r6,3_1_3_r7,3_1_4_r20,1_1_1_1_r3,3_1_3_r3,3_1_3_r8,1_1_1_1_r1,1_1_1_2_r3,1_1_1_2_r14,3_3_r23,3_3_r10,3_4_r8
timeout        t=  30.0s 3 Logarithms/3.4 u (a+b log(c (d+e x^m)^n))^p.mac e437 L568  self=-  nfires=10  top=3_4_r5  fires=3_1_5_r45,3_1_4_r10,3_3_r3,3_1_3_r6,3_1_3_r7,3_1_4_r20,3_3_r23,3_3_r10,3_4_r8,3_4_r5
timeout        t=  30.0s 3 Logarithms/3.4 u (a+b log(c (d+e x^m)^n))^p.mac e438 L569  self=-  nfires=5  top=3_4_r8  fires=3_1_5_r54,3_1_5_r45,3_3_r46,3_3_r8,3_4_r8
unverified     t=   2.8s 3 Logarithms/3.4 u (a+b log(c (d+e x^m)^n))^p.mac e453 L588  self=-  nfires=4  top=3_4_r8  fires=3_1_5_r45,3_3_r46,3_3_r8,3_4_r8  ans=3*(log(c*(e*x^(1/3)+d)^n)*(2*a*b*log(-((e*x^(1/3))/d))+2*polylog(2,(e*x^(1/3)+d)/d)*b^2*n)+b^2*log(c*(e*x^(1/3)+d)^n)^2*log(-((e*x^(1/3))/d))+a^2*log(-((e*x^(1/3))/d))-2*b^2*n^2*'integrate(polylog(2,(e*x^(1/3)+d)/d)/(e*x^(1/3)+d),e*x^(1/3)+d)+2*polylog(2,(e*x^(1/3)+d)/d)*a*b*n)
unverified     t=   7.6s 3 Logarithms/3.4 u (a+b log(c (d+e x^m)^n))^p.mac e460 L595  self=-  nfires=5  top=3_4_r8  fires=3_1_5_r54,3_1_5_r45,3_3_r46,3_3_r8,3_4_r8  ans=3*(log(c*(e*x^(1/3)+d)^n)^2*(3*a*b^2*log(-((e*x^(1/3))/d))+3*polylog(2,(e*x^(1/3)+d)/d)*b^3*n)+log(c*(e*x^(1/3)+d)^n)*(3*a^2*b*log(-((e*x^(1/3))/d))-6*polylog(3,(e*x^(1/3)+d)/d)*b^3*n^2+6*polylog(2,(e*x^(1/3)+d)/d)*a*b^2*n)+b^3*log(c*(e*x^(1/3)+d)^n)^3*log(-((e*x^(1/3))/d))+a^3*log(-((e*x^(1/3))/d))...
timeout        t=  30.0s 3 Logarithms/3.4 u (a+b log(c (d+e x^m)^n))^p.mac e461 L596  self=-  nfires=16  top=3_4_r8  fires=3_1_5_r45,3_1_4_r10,3_3_r3,3_1_3_r6,3_1_3_r7,3_1_4_r20,1_1_1_1_r3,3_1_3_r3,3_1_3_r8,3_3_r23,3_3_r10,3_4_r8
timeout        t=  30.0s 3 Logarithms/3.4 u (a+b log(c (d+e x^m)^n))^p.mac e462 L597  self=-  nfires=26  top=3_1_4_r20  fires=3_1_5_r45,3_1_4_r10,3_3_r3,3_1_3_r6,3_1_3_r7,3_1_4_r20,1_1_1_1_r3,3_1_3_r3,3_1_3_r8,1_1_1_1_r1,1_1_1_2_r3,1_1_1_2_r14
unverified     t=   2.9s 3 Logarithms/3.4 u (a+b log(c (d+e x^m)^n))^p.mac e473 L610  self=-  nfires=4  top=3_4_r8  fires=3_1_5_r45,3_3_r46,3_3_r8,3_4_r8  ans=(3*(log(c*(e*x^(2/3)+d)^n)*(2*a*b*log(-((e*x^(2/3))/d))+2*polylog(2,(e*x^(2/3)+d)/d)*b^2*n)+b^2*log(c*(e*x^(2/3)+d)^n)^2*log(-((e*x^(2/3))/d))+a^2*log(-((e*x^(2/3))/d))-2*b^2*n^2*'integrate(polylog(2,(e*x^(2/3)+d)/d)/(e*x^(2/3)+d),e*x^(2/3)+d)+2*polylog(2,(e*x^(2/3)+d)/d)*a*b*n))/2
unverified     t=   4.6s 3 Logarithms/3.4 u (a+b log(c (d+e x^m)^n))^p.mac e483 L620  self=-  nfires=5  top=3_4_r8  fires=3_1_5_r54,3_1_5_r45,3_3_r46,3_3_r8,3_4_r8  ans=(3*(log(c*(e*x^(2/3)+d)^n)^2*(3*a*b^2*log(-((e*x^(2/3))/d))+3*polylog(2,(e*x^(2/3)+d)/d)*b^3*n)+log(c*(e*x^(2/3)+d)^n)*(3*a^2*b*log(-((e*x^(2/3))/d))-6*polylog(3,(e*x^(2/3)+d)/d)*b^3*n^2+6*polylog(2,(e*x^(2/3)+d)/d)*a*b^2*n)+b^3*log(c*(e*x^(2/3)+d)^n)^3*log(-((e*x^(2/3))/d))+a^3*log(-((e*x^(2/3))/d)...
timeout        t=  30.0s 3 Logarithms/3.4 u (a+b log(c (d+e x^m)^n))^p.mac e484 L621  self=-  nfires=16  top=3_4_r8  fires=3_1_5_r45,3_1_4_r10,3_3_r3,3_1_3_r6,3_1_3_r7,3_1_4_r20,1_1_1_1_r3,3_1_3_r3,3_1_3_r8,3_3_r23,3_3_r10,3_4_r8
unverified     t=   2.8s 3 Logarithms/3.4 u (a+b log(c (d+e x^m)^n))^p.mac e500 L639  self=-  nfires=4  top=3_4_r8  fires=3_1_5_r45,3_3_r46,3_3_r8,3_4_r8  ans=-(3*(b^2*(-(2*n^2*'integrate((polylog(2,(d*x^(1/3)+e)/(d*x^(1/3)))*x^(1/3))/(d*x^(1/3)+e),(d*x^(1/3)+e)/x^(1/3)))+log(c*((d*x^(1/3)+e)/x^(1/3))^n)^2*log(-(e/(d*x^(1/3))))+2*polylog(2,(d*x^(1/3)+e)/(d*x^(1/3)))*n*log(c*((d*x^(1/3)+e)/x^(1/3))^n))+a*b*(2*log(c*((d*x^(1/3)+e)/x^(1/3))^n)*log(-(e/(d*x^(...
timeout        t=  30.0s 3 Logarithms/3.4 u (a+b log(c (d+e x^m)^n))^p.mac e503 L642  self=-  nfires=26  top=3_1_4_r20  fires=3_1_5_r45,3_1_4_r10,3_3_r3,3_1_3_r6,3_1_3_r7,3_1_4_r20,1_1_1_1_r3,3_1_3_r3,3_1_3_r8,1_1_1_1_r1,1_1_1_2_r3,1_1_1_2_r14
timeout        t=  30.0s 3 Logarithms/3.4 u (a+b log(c (d+e x^m)^n))^p.mac e504 L643  self=-  nfires=17  top=3_4_r5  fires=3_1_5_r45,3_1_4_r10,3_3_r3,3_1_3_r6,3_1_3_r7,3_1_4_r20,1_1_1_1_r3,3_1_3_r3,3_1_3_r8,3_3_r23,3_3_r10,3_4_r8,3_4_r5
unverified     t=   4.6s 3 Logarithms/3.4 u (a+b log(c (d+e x^m)^n))^p.mac e505 L644  self=-  nfires=5  top=3_4_r8  fires=3_1_5_r54,3_1_5_r45,3_3_r46,3_3_r8,3_4_r8  ans=-(3*(b^3*(6*n^3*'integrate((polylog(3,(d*x^(1/3)+e)/(d*x^(1/3)))*x^(1/3))/(d*x^(1/3)+e),(d*x^(1/3)+e)/x^(1/3))+log(c*((d*x^(1/3)+e)/x^(1/3))^n)^3*log(-(e/(d*x^(1/3))))+3*polylog(2,(d*x^(1/3)+e)/(d*x^(1/3)))*n*log(c*((d*x^(1/3)+e)/x^(1/3))^n)^2-6*polylog(3,(d*x^(1/3)+e)/(d*x^(1/3)))*n^2*log(c*((d*x^(...
unverified     t=   2.9s 3 Logarithms/3.4 u (a+b log(c (d+e x^m)^n))^p.mac e518 L659  self=-  nfires=4  top=3_4_r8  fires=3_1_5_r45,3_3_r46,3_3_r8,3_4_r8  ans=-((3*(b^2*(-(2*n^2*'integrate((polylog(2,(d*x^(2/3)+e)/(d*x^(2/3)))*x^(2/3))/(d*x^(2/3)+e),(d*x^(2/3)+e)/x^(2/3)))+log(c*((d*x^(2/3)+e)/x^(2/3))^n)^2*log(-(e/(d*x^(2/3))))+2*polylog(2,(d*x^(2/3)+e)/(d*x^(2/3)))*n*log(c*((d*x^(2/3)+e)/x^(2/3))^n))+a*b*(2*log(c*((d*x^(2/3)+e)/x^(2/3))^n)*log(-(e/(d*x^...
contains-noun  t=   1.1s 3 Logarithms/3.4 u (a+b log(c (d+e x^m)^n))^p.mac e522 L663  self=-  nfires=3  top=3_4_r5  fires=3_4_r27,3_4_r11,3_4_r5
timeout        t=  30.0s 3 Logarithms/3.4 u (a+b log(c (d+e x^m)^n))^p.mac e524 L667  self=-  nfires=26  top=3_1_4_r20  fires=3_1_5_r45,3_1_4_r10,3_3_r3,3_1_3_r6,3_1_3_r7,3_1_4_r20,1_1_1_1_r3,3_1_3_r3,3_1_3_r8,1_1_1_1_r1,1_1_1_2_r3,1_1_1_2_r14
timeout        t=  30.0s 3 Logarithms/3.4 u (a+b log(c (d+e x^m)^n))^p.mac e525 L668  self=-  nfires=16  top=3_4_r8  fires=3_1_5_r45,3_1_4_r10,3_3_r3,3_1_3_r6,3_1_3_r7,3_1_4_r20,1_1_1_1_r3,3_1_3_r3,3_1_3_r8,3_3_r23,3_3_r10,3_4_r8
unverified     t=   4.8s 3 Logarithms/3.4 u (a+b log(c (d+e x^m)^n))^p.mac e526 L669  self=-  nfires=5  top=3_4_r8  fires=3_1_5_r54,3_1_5_r45,3_3_r46,3_3_r8,3_4_r8  ans=-((3*(b^3*(6*n^3*'integrate((polylog(3,(d*x^(2/3)+e)/(d*x^(2/3)))*x^(2/3))/(d*x^(2/3)+e),(d*x^(2/3)+e)/x^(2/3))+log(c*((d*x^(2/3)+e)/x^(2/3))^n)^3*log(-(e/(d*x^(2/3))))+3*polylog(2,(d*x^(2/3)+e)/(d*x^(2/3)))*n*log(c*((d*x^(2/3)+e)/x^(2/3))^n)^2-6*polylog(3,(d*x^(2/3)+e)/(d*x^(2/3)))*n^2*log(c*((d*x^...
timeout        t=  30.1s 3 Logarithms/3.4 u (a+b log(c (d+e x^m)^n))^p.mac e528 L671  self=-  nfires=3  top=3_4_r12  fires=1_4_1_r3,3_4_r11,3_4_r12
unverified     t=   2.8s 3 Logarithms/3.4 u (a+b log(c (d+e x^m)^n))^p.mac e620 L791  self=-  nfires=2  top=3_1_4_r6  fires=3_1_5_r45,3_1_4_r6  ans=(log((e*x^m)/d+1)*log(f*x^p)^2)/(e*m)-(2*p*((p*'integrate(polylog(2,-((e*x^m)/d))/x,x))/m-(polylog(2,-((e*x^m)/d))*log(f*x^p))/m))/(e*m)
unverified     t=   5.9s 3 Logarithms/3.4 u (a+b log(c (d+e x^m)^n))^p.mac e621 L792  self=-  nfires=5  top=3_4_r36  fires=3_1_5_r54,3_1_5_r45,3_1_4_r6,3_4_r36  ans=(log(f*x^p)^4*(b*log(c*(e*x^m+d)^n)+a))/(4*p)-(b*e*m*n*((log((e*x^m)/d+1)*log(f*x^p)^4)/(e*m)-(4*p*((3*p*((polylog(3,-((e*x^m)/d))*log(f*x^p)^2)/m-(2*p*((polylog(4,-((e*x^m)/d))*log(f*x^p))/m-(p*'integrate(polylog(4,-((e*x^m)/d))/x,x))/m))/m))/m-(polylog(2,-((e*x^m)/d))*log(f*x^p)^3)/m))/(e*m)))/(4*...
unverified     t=   5.0s 3 Logarithms/3.4 u (a+b log(c (d+e x^m)^n))^p.mac e622 L793  self=-  nfires=4  top=3_4_r36  fires=3_1_5_r54,3_1_5_r45,3_1_4_r6,3_4_r36  ans=(log(f*x^p)^3*(b*log(c*(e*x^m+d)^n)+a))/(3*p)-(b*e*m*n*((log((e*x^m)/d+1)*log(f*x^p)^3)/(e*m)-(3*p*((2*p*((polylog(3,-((e*x^m)/d))*log(f*x^p))/m-(p*'integrate(polylog(3,-((e*x^m)/d))/x,x))/m))/m-(polylog(2,-((e*x^m)/d))*log(f*x^p)^2)/m))/(e*m)))/(3*p)
deferred       t=   1.7s 3 Logarithms/3.4 u (a+b log(c (d+e x^m)^n))^p.mac e625 L796  self=-  nfires=0  top=-  fires=-
contains-noun  t=   3.1s 3 Logarithms/3.4 u (a+b log(c (d+e x^m)^n))^p.mac e626 L797  self=-  nfires=2  top=3_4_r36  fires=3_1_4_r27,3_4_r36
contains-noun  t=   3.2s 3 Logarithms/3.4 u (a+b log(c (d+e x^m)^n))^p.mac e627 L798  self=-  nfires=2  top=3_4_r36  fires=3_1_4_r27,3_4_r36
unverified     t=   4.8s 3 Logarithms/3.4 u (a+b log(c (d+e x^m)^n))^p.mac e636 L815  self=-  nfires=7  top=3_4_r38  fires=3_1_5_r54,3_1_5_r45,3_3_r46,3_3_r8,3_4_r8,3_4_r3,3_4_r38  ans=(b^4*(e*(log(c*((d*g*x+d*f+e)/(g*x+f))^p)^4-4*p*log(-(e/(d*g*x+d*f)))*log(c*((d*g*x+d*f+e)/(g*x+f))^p)^3-12*polylog(2,(d*g*x+d*f+e)/(d*g*x+d*f))*p^2*log(c*((d*g*x+d*f+e)/(g*x+f))^p)^2+24*polylog(3,(d*g*x+d*f+e)/(d*g*x+d*f))*p^3*log(c*((d*g*x+d*f+e)/(g*x+f))^p)-24*p^4*'integrate((polylog(3,(d*g*x+d*f...
unverified     t=   3.1s 3 Logarithms/3.4 u (a+b log(c (d+e x^m)^n))^p.mac e637 L816  self=-  nfires=6  top=3_4_r38  fires=3_1_5_r45,3_3_r46,3_3_r8,3_4_r8,3_4_r3,3_4_r38  ans=(b^3*(e*(log(c*((d*g*x+d*f+e)/(g*x+f))^p)^3-3*p*log(-(e/(d*g*x+d*f)))*log(c*((d*g*x+d*f+e)/(g*x+f))^p)^2-6*polylog(2,(d*g*x+d*f+e)/(d*g*x+d*f))*p^2*log(c*((d*g*x+d*f+e)/(g*x+f))^p)+6*p^3*'integrate((polylog(2,(d*g*x+d*f+e)/(d*g*x+d*f))*g*x+polylog(2,(d*g*x+d*f+e)/(d*g*x+d*f))*f)/(d*g*x+d*f+e),(d*g*x...
unverified     t=  17.4s 3 Logarithms/3.5 Logarithm functions.mac e40 L59  self=-  nfires=6  top=3_5_r35  fires=1_1_2_1_r12,1_4_1_r18,9_1_r27,9_1_r10,3_5_r35  ans=(sqrt(1/e)*atan(x/(sqrt(d)*sqrt(1/e)))*log((2*x*(e*x+d*sqrt(-(e/d))))/(e*x^2+d)))/sqrt(d)+(d*sqrt(-(e/d))*(sqrt(d)*sqrt(e)*((-(3*e^2*x^4)-6*d*e*x^2-3*d^2)*log(e*x^2+d)*log((sqrt(d)*sqrt(e)*sqrt(d*e)*(e*x^2+d)+d*e^2*x^2+d^2*e)/(4*d^(3/2)*sqrt(e)*sqrt(d*e)+4*d^2*e))+(3*e^2*x^4+6*d*e*x^2+3*d^2)*log(e*x...
unverified     t=  10.6s 3 Logarithms/3.5 Logarithm functions.mac e41 L60  self=-  nfires=5  top=3_5_r35  fires=1_1_2_1_r12,1_4_1_r18,9_1_r27,3_5_r35  ans=(sqrt(1/e)*atan(x/(sqrt(d)*sqrt(1/e)))*log(-((2*x*(d*sqrt(-(e/d))-e*x))/(e*x^2+d))))/sqrt(d)+(d*sqrt(-(e/d))*(sqrt(d)*sqrt(e)*((3*e^2*x^4+6*d*e*x^2+3*d^2)*log(e*x^2+d)*log((sqrt(d)*sqrt(e)*sqrt(d*e)*(e*x^2+d)+d*e^2*x^2+d^2*e)/(4*d^(3/2)*sqrt(e)*sqrt(d*e)+4*d^2*e))+(-(3*e^2*x^4)-6*d*e*x^2-3*d^2)*log(...
timeout        t=  30.0s 3 Logarithms/3.5 Logarithm functions.mac e83 L110  self=-  nfires=0  top=-  fires=-
unverified     t=   1.0s 3 Logarithms/3.5 Logarithm functions.mac e113 L150  self=-  nfires=2  top=3_5_r15  fires=3_5_r14,3_5_r15  ans=3*'integrate(polylog(2,-((%e^x*b)/a))*x^2,x)-(log((%e^x*b)/a+1)*x^4)/4+(log(%e^x*b+a)*x^4)/4-polylog(2,-((%e^x*b)/a))*x^3
unverified     t=   0.8s 3 Logarithms/3.5 Logarithm functions.mac e114 L151  self=-  nfires=2  top=3_5_r15  fires=3_5_r14,3_5_r15  ans=2*'integrate(polylog(2,-((%e^x*b)/a))*x,x)-(log((%e^x*b)/a+1)*x^3)/3+(log(%e^x*b+a)*x^3)/3-polylog(2,-((%e^x*b)/a))*x^2
unverified     t=   0.6s 3 Logarithms/3.5 Logarithm functions.mac e115 L152  self=-  nfires=3  top=3_5_r15  fires=2_3_r96,3_5_r14,3_5_r15  ans=-((log((%e^x*b)/a+1)*x^2)/2)+(log(%e^x*b+a)*x^2)/2-polylog(2,-((%e^x*b)/a))*x+li[3](-((%e^x*b)/a))
deferred       t=   2.6s 3 Logarithms/3.5 Logarithm functions.mac e270 L339  self=-  nfires=1  top=3_1_5_r30  fires=3_1_5_r30
deferred       t=   1.2s 3 Logarithms/3.5 Logarithm functions.mac e292 L363  self=-  nfires=0  top=-  fires=-
deferred       t=   1.2s 3 Logarithms/3.5 Logarithm functions.mac e293 L364  self=-  nfires=0  top=-  fires=-

=== summary ===
contains-noun  64
deferred       30
timeout        22
unexpected     4
unverified     72
total integrals: 192
wall time: 84.2s
Results: 0 passed, 192 failed
