=== probe 10 summary: test/corpus_class2.p5-run1.out vs test/corpus_class2.pre-matcher.out ===
PASS->FAIL 24: deterministic 22, slow-correct 2, near-cap 0, noise 0, p0-noise 0, unmeasured 0

GROUP g1  deterministic  5 entries  final deferred top=2_3_r34
  2 Exponentials/2.3 Exponential functions.mac e202  record verified 13.1s -> deferred 0.7s  | P0 core verified 11.8s top=2_3_r34  | final30 deferred 0.6s top=2_3_r34  | final120 -
      fires P0: 2_3_r15,1_4_1_r29,1_4_1_r7,2_3_r34
      fires final: 2_3_r34  self=-
  2 Exponentials/2.3 Exponential functions.mac e247  record verified 16.6s -> deferred 0.5s  | P0 core verified 14.6s top=2_3_r34  | final30 deferred 0.5s top=2_3_r34  | final120 -
      fires P0: 1_4_1_r29,2_3_r15,1_4_1_r7,2_3_r34
      fires final: 2_3_r34  self=-
  2 Exponentials/2.3 Exponential functions.mac e248  record verified 13.5s -> deferred 0.5s  | P0 core verified 11.9s top=2_3_r34  | final30 deferred 0.6s top=2_3_r34  | final120 -
      fires P0: 2_3_r15,1_4_1_r29,1_4_1_r7,2_3_r34
      fires final: 2_3_r34  self=-
  2 Exponentials/2.3 Exponential functions.mac e391  record verified 12.1s -> deferred 0.9s  | P0 core verified 10.7s top=2_3_r34  | final30 deferred 0.8s top=2_3_r34  | final120 -
      fires P0: 2_3_r34,1_4_1_r7
      fires final: 2_3_r34  self=-
  2 Exponentials/2.3 Exponential functions.mac e392  record verified 9.1s -> deferred 0.8s  | P0 core verified 8.9s top=2_3_r34  | final30 deferred 0.7s top=2_3_r34  | final120 -
      fires P0: 2_3_r34,1_4_1_r7
      fires final: 2_3_r34  self=-

GROUP g2  deterministic  4 entries  final contains-noun top=2_2_r2
  2 Exponentials/2.2 (c+d x)^m (F^(g (e+f x)))^n (a+b (F^(g (e+f x)))^n)^p.mac e86  record verified 5.7s -> contains-noun 1.6s  | P0 core verified 7.0s top=2_3_r70  | final30 contains-noun 1.7s top=2_2_r2  | final120 -
      fires P0: 2_3_r70
      fires final: 2_1_r14,2_2_r2  self=-
  2 Exponentials/2.2 (c+d x)^m (F^(g (e+f x)))^n (a+b (F^(g (e+f x)))^n)^p.mac e87  record verified 5.9s -> contains-noun 1.6s  | P0 core verified 7.2s top=2_3_r70  | final30 contains-noun 1.7s top=2_2_r2  | final120 -
      fires P0: 2_3_r70
      fires final: 2_1_r14,2_2_r2  self=-
  2 Exponentials/2.2 (c+d x)^m (F^(g (e+f x)))^n (a+b (F^(g (e+f x)))^n)^p.mac e92  record verified 6.7s -> contains-noun 1.5s  | P0 core verified 7.8s top=2_3_r70  | final30 contains-noun 1.6s top=2_2_r2  | final120 -
      fires P0: 2_3_r70
      fires final: 2_1_r14,2_2_r2  self=-
  2 Exponentials/2.2 (c+d x)^m (F^(g (e+f x)))^n (a+b (F^(g (e+f x)))^n)^p.mac e93  record verified 7.1s -> contains-noun 1.5s  | P0 core verified 7.7s top=2_3_r70  | final30 contains-noun 1.7s top=2_2_r2  | final120 -
      fires P0: 2_3_r70
      fires final: 2_1_r14,2_2_r2  self=-

GROUP g3  deterministic  3 entries  final deferred top=-
  2 Exponentials/2.1 u (F^(c (a+b x)))^n.mac e19  record verified 1.9s -> deferred 0.4s  | P0 core verified 2.2s top=1_4_1_r41  | final30 deferred 0.5s top=-  | final120 -
      fires P0: 1_4_1_r41
      fires final: -  self=-
  2 Exponentials/2.3 Exponential functions.mac e624  record verified 4.4s -> deferred 1.7s  | P0 core verified 4.7s top=1_2_1_3b_r68  | final30 deferred 1.6s top=-  | final120 -
      fires P0: 1_4_1_r7,1_2_1_3b_r68
      fires final: -  self=-
  2 Exponentials/2.3 Exponential functions.mac e767  record verified 6.4s -> deferred 0.1s  | P0 core verified 7.1s top=2_3_r101  | final30 deferred 0.1s top=-  | final120 -
      fires P0: 2_3_r101
      fires final: -  self=-

GROUP g4  deterministic  2 entries  final unexpected top=2_1_r10
  2 Exponentials/2.2 (c+d x)^m (F^(g (e+f x)))^n (a+b (F^(g (e+f x)))^n)^p.mac e68  record no-answer 5.9s -> unexpected 6.9s  | P0 core no-answer 6.0s top=-  | final30 unexpected 5.6s top=2_1_r10  | final120 -
      fires P0: -
      fires final: 9_1_r12,3_5_r34,2_2_r1,2_1_r9,2_1_r13,2_2_r2,2_1_r10  self=1
  2 Exponentials/2.2 (c+d x)^m (F^(g (e+f x)))^n (a+b (F^(g (e+f x)))^n)^p.mac e69  record no-answer 6.5s -> unexpected 8.4s  | P0 core no-answer 6.7s top=-  | final30 unexpected 7.4s top=2_1_r10  | final120 -
      fires P0: -
      fires final: 9_1_r12,3_5_r34,2_2_r1,2_1_r9,2_1_r13,2_2_r2,2_1_r10  self=1

GROUP g5  deterministic  2 entries  final unverified top=2_2_r2
  2 Exponentials/2.2 (c+d x)^m (F^(g (e+f x)))^n (a+b (F^(g (e+f x)))^n)^p.mac e82  record verified 5.9s -> unverified 3.0s  | P0 core verified 6.7s top=2_3_r70  | final30 unverified 3.1s top=2_2_r2  | final120 -
      fires P0: 2_3_r70
      fires final: 2_3_r96,3_5_r14,2_2_r1,2_1_r9,2_2_r2  self=-
  2 Exponentials/2.2 (c+d x)^m (F^(g (e+f x)))^n (a+b (F^(g (e+f x)))^n)^p.mac e88  record verified 6.9s -> unverified 5.5s  | P0 core verified 8.3s top=2_3_r70  | final30 unverified 5.6s top=2_2_r2  | final120 -
      fires P0: 2_3_r70
      fires final: 2_3_r96,3_5_r14,2_2_r1,2_1_r9,3_3_r3,2_3_r93,2_2_r2,2_1_r10  self=-

GROUP g6  deterministic  1 entries  final contains-noun top=1_4_1_r7
  2 Exponentials/2.3 Exponential functions.mac e726  record verified 3.2s -> contains-noun 0.9s  | P0 core verified 4.4s top=1_4_1_r7  | final30 contains-noun 1.0s top=1_4_1_r7  | final120 -
      fires P0: 1_4_1_r7
      fires final: 2_3_r32,2_3_r11,2_3_r28,1_4_1_r18,1_4_1_r7  self=-

GROUP g7  deterministic  1 entries  final deferred top=1_1_3_7_r45
  2 Exponentials/2.3 Exponential functions.mac e557  record verified 2.8s -> deferred 1.0s  | P0 core verified 3.0s top=1_1_3_7_r46  | final30 deferred 1.0s top=1_1_3_7_r45  | final120 -
      fires P0: 1_1_3_7_r46
      fires final: 1_1_3_7_r45  self=-

GROUP g8  deterministic  1 entries  final deferred top=1_1_3_7_r46
  2 Exponentials/2.1 u (F^(c (a+b x)))^n.mac e50  record verified 3.0s -> deferred 0.3s  | P0 core verified 3.8s top=2_1_r7  | final30 deferred 0.4s top=1_1_3_7_r46  | final120 -
      fires P0: 2_1_r6,2_1_r7
      fires final: 1_1_3_7_r46  self=-

GROUP g9  deterministic  1 entries  final deferred top=1_2_3_5_r24
  2 Exponentials/2.3 Exponential functions.mac e741  record verified 0.9s -> deferred 0.2s  | P0 core verified 1.1s top=2_3_r3  | final30 deferred 0.2s top=1_2_3_5_r24  | final120 -
      fires P0: 2_3_r3
      fires final: 1_2_3_5_r24  self=-

GROUP g10  deterministic  1 entries  final deferred top=9_1_r27
  2 Exponentials/2.1 u (F^(c (a+b x)))^n.mac e15  record verified 3.4s -> deferred 0.8s  | P0 core verified 3.5s top=9_1_r28  | final30 deferred 0.8s top=9_1_r27  | final120 -
      fires P0: 2_1_r4,9_1_r28
      fires final: 9_1_r27  self=-

GROUP g11  deterministic  1 entries  final unexpected top=2_1_r9
  2 Exponentials/2.2 (c+d x)^m (F^(g (e+f x)))^n (a+b (F^(g (e+f x)))^n)^p.mac e67  record no-answer 6.0s -> unexpected 4.8s  | P0 core no-answer 6.1s top=-  | final30 unexpected 3.8s top=2_1_r9  | final120 -
      fires P0: -
      fires final: 9_1_r12,3_5_r34,2_2_r1,2_1_r9  self=1

GROUP g12  slow-correct  2 entries
  2 Exponentials/2.3 Exponential functions.mac e283  record verified 7.2s -> timeout 30.0s  | P0 core verified 7.7s top=2_3_r19  | final30 timeout 30.1s top=-  | final120 verified 55.7s top=2_3_r19
      fires P0: 2_3_r16,2_3_r19
      fires final: -  self=-
  2 Exponentials/2.3 Exponential functions.mac e342  record verified 3.1s -> timeout 30.0s  | P0 core verified 4.0s top=2_3_r26  | final30 timeout 30.1s top=-  | final120 verified 54.3s top=2_3_r26
      fires P0: 2_3_r26
      fires final: -  self=-

NEW TIMEOUTS 18: at 100 s timeout 15, verified 3
  2 Exponentials/2.3 Exponential functions.mac e12  P0 deferred 5.2s  recheck100 timeout 100.1s
  2 Exponentials/2.3 Exponential functions.mac e45  P0 deferred 5.6s  recheck100 timeout 100.0s
  2 Exponentials/2.3 Exponential functions.mac e46  P0 deferred 5.6s  recheck100 timeout 100.0s
  2 Exponentials/2.3 Exponential functions.mac e48  P0 deferred 4.1s  recheck100 timeout 100.2s
  2 Exponentials/2.3 Exponential functions.mac e49  P0 deferred 6.3s  recheck100 timeout 100.1s
  2 Exponentials/2.3 Exponential functions.mac e50  P0 deferred 6.4s  recheck100 timeout 100.1s
  2 Exponentials/2.3 Exponential functions.mac e52  P0 deferred 4.1s  recheck100 timeout 100.1s
  2 Exponentials/2.3 Exponential functions.mac e53  P0 deferred 6.0s  recheck100 timeout 100.2s
  2 Exponentials/2.3 Exponential functions.mac e68  P0 error 18.4s  recheck100 timeout 100.2s
  2 Exponentials/2.3 Exponential functions.mac e255  P0 unverified 4.4s  recheck100 timeout 100.1s
  2 Exponentials/2.3 Exponential functions.mac e281  P0 unverified 4.7s  recheck100 timeout 100.2s
  2 Exponentials/2.3 Exponential functions.mac e283  P0 verified 7.2s  recheck100 timeout 100.1s
  2 Exponentials/2.3 Exponential functions.mac e342  P0 verified 3.1s  recheck100 timeout 100.1s
  2 Exponentials/2.3 Exponential functions.mac e521  P0 deferred 4.7s  recheck100 timeout 100.1s
  2 Exponentials/2.3 Exponential functions.mac e522  P0 deferred 5.1s  recheck100 timeout 100.1s
  2 Exponentials/2.3 Exponential functions.mac e527  P0 deferred 3.9s  recheck100 verified 49.8s
  2 Exponentials/2.3 Exponential functions.mac e528  P0 deferred 3.9s  recheck100 verified 48.1s
  2 Exponentials/2.3 Exponential functions.mac e575  P0 deferred 4.0s  recheck100 verified 52.1s
Results: 24 passed, 0 failed
