=== probe 10 -- P5 attribution runs (section '2 Exponentials', select passfail) ===
date: 2026-09-14 00:53 UTC
maxima: Maxima-version: "branch_5_50_base_84_g4204fb669"
maxima: Maxima build date: "2026-08-31 13:27:47"
maxima: Host type: "x86_64-pc-linux-gnu"
maxima: Lisp implementation type: "SBCL"
maxima: Lisp implementation version: "2.6.7"
core: /tmp/mr-p0-tree/test/mr_rules.core  fingerprint 5ef9b3bc5ee07ffac0e76f1fea54fbac
switches: mr_flat_wide=false mr_cond_retry=true mr_model_flags=true
P0 record: test/corpus_class2.pre-matcher.out  final record: test/corpus_class2.p5-run1.out
entries: 24  cap: 30s  workers: 24

verified       t=   3.5s 2 Exponentials/2.1 u (F^(c (a+b x)))^n.mac e15 L26  self=-  nfires=2  top=9_1_r28  fires=2_1_r4,9_1_r28
verified       t=   2.2s 2 Exponentials/2.1 u (F^(c (a+b x)))^n.mac e19 L30  self=-  nfires=1  top=1_4_1_r41  fires=1_4_1_r41
verified       t=   3.8s 2 Exponentials/2.1 u (F^(c (a+b x)))^n.mac e50 L65  self=-  nfires=2  top=2_1_r7  fires=2_1_r6,2_1_r7
no-answer      t=   6.1s 2 Exponentials/2.2 (c+d x)^m (F^(g (e+f x)))^n (a+b (F^(g (e+f x)))^n)^p.mac e67 L90  self=n/a  nfires=0  top=-  fires=-
no-answer      t=   6.0s 2 Exponentials/2.2 (c+d x)^m (F^(g (e+f x)))^n (a+b (F^(g (e+f x)))^n)^p.mac e68 L91  self=n/a  nfires=0  top=-  fires=-
no-answer      t=   6.7s 2 Exponentials/2.2 (c+d x)^m (F^(g (e+f x)))^n (a+b (F^(g (e+f x)))^n)^p.mac e69 L92  self=n/a  nfires=0  top=-  fires=-
verified       t=   6.7s 2 Exponentials/2.2 (c+d x)^m (F^(g (e+f x)))^n (a+b (F^(g (e+f x)))^n)^p.mac e82 L113  self=-  nfires=1  top=2_3_r70  fires=2_3_r70
verified       t=   7.0s 2 Exponentials/2.2 (c+d x)^m (F^(g (e+f x)))^n (a+b (F^(g (e+f x)))^n)^p.mac e86 L117  self=-  nfires=1  top=2_3_r70  fires=2_3_r70
verified       t=   7.2s 2 Exponentials/2.2 (c+d x)^m (F^(g (e+f x)))^n (a+b (F^(g (e+f x)))^n)^p.mac e87 L118  self=-  nfires=1  top=2_3_r70  fires=2_3_r70
verified       t=   8.3s 2 Exponentials/2.2 (c+d x)^m (F^(g (e+f x)))^n (a+b (F^(g (e+f x)))^n)^p.mac e88 L119  self=-  nfires=1  top=2_3_r70  fires=2_3_r70
verified       t=   7.8s 2 Exponentials/2.2 (c+d x)^m (F^(g (e+f x)))^n (a+b (F^(g (e+f x)))^n)^p.mac e92 L123  self=-  nfires=1  top=2_3_r70  fires=2_3_r70
verified       t=   7.7s 2 Exponentials/2.2 (c+d x)^m (F^(g (e+f x)))^n (a+b (F^(g (e+f x)))^n)^p.mac e93 L124  self=-  nfires=1  top=2_3_r70  fires=2_3_r70
verified       t=  11.8s 2 Exponentials/2.3 Exponential functions.mac e202 L233  self=-  nfires=4  top=2_3_r34  fires=2_3_r15,1_4_1_r29,1_4_1_r7,2_3_r34
verified       t=  14.6s 2 Exponentials/2.3 Exponential functions.mac e247 L284  self=-  nfires=5  top=2_3_r34  fires=1_4_1_r29,2_3_r15,1_4_1_r7,2_3_r34
verified       t=  11.9s 2 Exponentials/2.3 Exponential functions.mac e248 L285  self=-  nfires=4  top=2_3_r34  fires=2_3_r15,1_4_1_r29,1_4_1_r7,2_3_r34
verified       t=   7.7s 2 Exponentials/2.3 Exponential functions.mac e283 L324  self=-  nfires=4  top=2_3_r19  fires=2_3_r16,2_3_r19
verified       t=   4.0s 2 Exponentials/2.3 Exponential functions.mac e342 L385  self=-  nfires=1  top=2_3_r26  fires=2_3_r26
verified       t=  10.7s 2 Exponentials/2.3 Exponential functions.mac e391 L440  self=-  nfires=6  top=2_3_r34  fires=2_3_r34,1_4_1_r7
verified       t=   8.9s 2 Exponentials/2.3 Exponential functions.mac e392 L441  self=-  nfires=5  top=2_3_r34  fires=2_3_r34,1_4_1_r7
verified       t=   3.0s 2 Exponentials/2.3 Exponential functions.mac e557 L626  self=-  nfires=1  top=1_1_3_7_r46  fires=1_1_3_7_r46
verified       t=   4.7s 2 Exponentials/2.3 Exponential functions.mac e624 L713  self=-  nfires=2  top=1_2_1_3b_r68  fires=1_4_1_r7,1_2_1_3b_r68
verified       t=   4.4s 2 Exponentials/2.3 Exponential functions.mac e726 L843  self=-  nfires=1  top=1_4_1_r7  fires=1_4_1_r7
verified       t=   1.1s 2 Exponentials/2.3 Exponential functions.mac e741 L860  self=-  nfires=1  top=2_3_r3  fires=2_3_r3
verified       t=   7.1s 2 Exponentials/2.3 Exponential functions.mac e767 L890  self=-  nfires=2  top=2_3_r101  fires=2_3_r101

=== summary ===
no-answer      3
verified       21
total integrals: 24
wall time: 14.6s
Results: 24 passed, 0 failed
