=== probes/matcher/11-arm-noise-recheck  git HEAD 7871a451a10742521163bf530a6898259311f99b  2026-09-13 21:01 UTC
maxima: Maxima-version: "branch_5_50_base_84_g4204fb669"
maxima: Maxima build date: "2026-08-31 13:27:47"
maxima: Host type: "x86_64-pc-linux-gnu"
maxima: Lisp implementation type: "SBCL"
maxima: Lisp implementation version: "2.6.7"
R build branch_5_50_base_84_g4204fb669 2026-08-31 13:27:47
core stamp: fingerprint 6c396cf8be7a1fe5060d4d17bd37cc58
switch: mr_flat_wide
base arm: mr_flat_wide=false mr_cond_retry=true mr_model_flags=true
flip arm: mr_flat_wide=true mr_cond_retry=true mr_model_flags=true
reps: 3  cap: 30s  workers: 24
records:
  class1  base: test/corpus_class1.p5-run1.out  flip: test/corpus_class1.p5-run2.out
  class2  base: test/corpus_class2.p5-run1.out  flip: test/corpus_class2.p5-run2.out
  class3  base: test/corpus_class3.p5-run1.out  flip: test/corpus_class3.p5-run2.out

base arm switch head (as build_text prepends to every entry text):
  mr_flat_wide : false$
  mr_cond_retry : true$
  mr_model_flags : true$
flip arm switch head:
  mr_flat_wide : true$
  mr_cond_retry : true$
  mr_model_flags : true$

=== class1 entries ===
  FAIL->PASS timeout       t=30.0s -> verified      t=26.7s  1 Algebraic functions/1.1 Binomial products/1.1.1 Linear/1.1.1.7 P(x) (a+b x)^m (c+d x)^n (e+f x)^p (g+h x)^q.mac e7
    base: verified/25.0s,verified/27.5s,verified/28.1s
    flip: verified/25.8s,verified/27.1s,verified/28.9s
    verdict: noise
  FAIL->PASS timeout       t=30.0s -> verified      t=29.5s  1 Algebraic functions/1.1 Binomial products/1.1.1 Linear/1.1.1.7 P(x) (a+b x)^m (c+d x)^n (e+f x)^p (g+h x)^q.mac e22
    base: verified/26.2s,verified/27.3s,verified/29.1s
    flip: verified/28.2s,timeout/30.0s,timeout/30.0s
    verdict: noise
  PASS->FAIL verified      t=25.2s -> timeout       t=30.0s  1 Algebraic functions/1.1 Binomial products/1.1.1 Linear/1.1.1.7 P(x) (a+b x)^m (c+d x)^n (e+f x)^p (g+h x)^q.mac e24
    base: verified/21.3s,verified/22.1s,verified/21.8s
    flip: timeout/30.0s,timeout/30.0s,timeout/30.0s
    verdict: repro-base-better
  FAIL->PASS timeout       t=30.1s -> verified      t=29.7s  1 Algebraic functions/1.1 Binomial products/1.1.3 General/1.1.3.3 (a+b x^n)^p (c+d x^n)^q.mac e166
    base: timeout/30.1s,timeout/30.1s,timeout/30.1s
    flip: timeout/30.1s,timeout/30.1s,timeout/30.1s
    verdict: noise
  FAIL->PASS unverified    t=1.4s -> verified      t=1.0s  1 Algebraic functions/1.1 Binomial products/1.1.3 General/1.1.3.3 (a+b x^n)^p (c+d x^n)^q.mac e260
    base: unverified/1.8s,unverified/1.8s,unverified/1.9s
    flip: verified/1.3s,verified/1.3s,verified/1.5s
    verdict: repro-flip-better
  FAIL->PASS timeout       t=30.0s -> verified      t=1.0s  1 Algebraic functions/1.1 Binomial products/1.1.3 General/1.1.3.3 (a+b x^n)^p (c+d x^n)^q.mac e271
    base: timeout/30.0s,timeout/30.0s,timeout/30.0s
    flip: verified/1.3s,verified/1.3s,verified/1.4s
    verdict: repro-flip-better
  FAIL->PASS timeout       t=30.0s -> verified      t=26.5s  1 Algebraic functions/1.1 Binomial products/1.1.3 General/1.1.3.8 P(x) (c x)^m (a+b x^n)^p.mac e262
    base: verified/27.2s,verified/27.8s,verified/28.3s
    flip: verified/27.1s,verified/27.3s,verified/27.1s
    verdict: noise
  PASS->FAIL verified      t=2.7s -> unverified    t=2.4s  1 Algebraic functions/1.2 Trinomial products/1.2.1 Quadratic/1.2.1.2 (d+e x)^m (a+b x+c x^2)^p.mac e2235
    base: verified/3.6s,verified/3.8s,verified/3.9s
    flip: unverified/3.3s,unverified/3.4s,unverified/3.4s
    verdict: repro-base-better
  FAIL->PASS timeout       t=30.1s -> verified      t=28.6s  1 Algebraic functions/1.2 Trinomial products/1.2.1 Quadratic/1.2.1.3 (d+e x)^m (f+g x) (a+b x+c x^2)^p.mac e832
    base: verified/28.7s,verified/28.1s,verified/27.3s
    flip: verified/29.1s,verified/29.0s,verified/28.3s
    verdict: noise
  FAIL->PASS timeout       t=30.0s -> verified      t=28.8s  1 Algebraic functions/1.2 Trinomial products/1.2.1 Quadratic/1.2.1.3 (d+e x)^m (f+g x) (a+b x+c x^2)^p.mac e833
    base: verified/28.8s,verified/28.5s,verified/27.0s
    flip: verified/28.5s,verified/28.7s,verified/27.2s
    verdict: noise
  FAIL->PASS timeout       t=30.1s -> verified      t=28.2s  1 Algebraic functions/1.2 Trinomial products/1.2.1 Quadratic/1.2.1.3 (d+e x)^m (f+g x) (a+b x+c x^2)^p.mac e834
    base: verified/28.5s,verified/28.5s,verified/26.2s
    flip: verified/28.4s,verified/29.1s,verified/28.0s
    verdict: noise
  FAIL->PASS timeout       t=30.0s -> verified      t=28.1s  1 Algebraic functions/1.2 Trinomial products/1.2.1 Quadratic/1.2.1.3 (d+e x)^m (f+g x) (a+b x+c x^2)^p.mac e835
    base: verified/29.0s,verified/28.6s,verified/27.7s
    flip: verified/28.8s,verified/29.2s,verified/26.5s
    verdict: noise
  FAIL->PASS timeout       t=30.0s -> verified      t=1.7s  1 Algebraic functions/1.2 Trinomial products/1.2.1 Quadratic/1.2.1.3 (d+e x)^m (f+g x) (a+b x+c x^2)^p.mac e952
    base: timeout/30.0s,timeout/30.0s,timeout/30.0s
    flip: verified/1.9s,verified/1.9s,verified/1.8s
    verdict: repro-flip-better
  FAIL->PASS timeout       t=30.1s -> verified      t=2.5s  1 Algebraic functions/1.2 Trinomial products/1.2.1 Quadratic/1.2.1.3 (d+e x)^m (f+g x) (a+b x+c x^2)^p.mac e962
    base: timeout/30.0s,timeout/30.0s,timeout/30.0s
    flip: verified/2.6s,verified/2.6s,verified/2.5s
    verdict: repro-flip-better
  PASS->FAIL verified      t=24.7s -> timeout       t=30.0s  1 Algebraic functions/1.2 Trinomial products/1.2.1 Quadratic/1.2.1.3 (d+e x)^m (f+g x) (a+b x+c x^2)^p.mac e1206
    base: verified/27.0s,verified/27.5s,verified/25.5s
    flip: timeout/30.1s,timeout/30.0s,timeout/30.1s
    verdict: repro-base-better
=== class2 entries ===
  FAIL->PASS timeout       t=30.0s -> verified      t=28.1s  2 Exponentials/2.3 Exponential functions.mac e527
    base: timeout/30.0s,timeout/30.0s,timeout/30.0s
    flip: timeout/30.0s,timeout/30.0s,timeout/30.0s
    verdict: noise
  FAIL->PASS timeout       t=30.0s -> verified      t=28.2s  2 Exponentials/2.3 Exponential functions.mac e528
    base: timeout/30.0s,timeout/30.0s,timeout/30.0s
    flip: timeout/30.0s,timeout/30.0s,timeout/30.0s
    verdict: noise
  FAIL->PASS timeout       t=30.0s -> verified      t=29.8s  2 Exponentials/2.3 Exponential functions.mac e575
    base: timeout/30.0s,timeout/30.0s,timeout/30.0s
    flip: timeout/30.0s,timeout/30.0s,timeout/30.0s
    verdict: noise
=== class3 entries ===
  FAIL->PASS timeout       t=30.0s -> verified      t=26.7s  3 Logarithms/3.1.5 u (a+b log(c x^n))^p.mac e132
    base: verified/28.9s,timeout/30.0s,verified/25.3s
    flip: verified/29.0s,timeout/30.0s,verified/24.8s
    verdict: noise

=== per-class summary ===
class1  selected=15  repro-flip-better=4  repro-base-better=3  noise=8
class2  selected=3  repro-flip-better=0  repro-base-better=0  noise=3
class3  selected=1  repro-flip-better=0  repro-base-better=0  noise=1

=== re-applied winner (noise-filtered) ===
class1  base_pass=3 (mr_flat_wide=false)  |  flip_pass=4 (mr_flat_wide=true)
class2  base_pass=0 (mr_flat_wide=false)  |  flip_pass=0 (mr_flat_wide=true)
class3  base_pass=0 (mr_flat_wide=false)  |  flip_pass=0 (mr_flat_wide=true)
WINNER (noise-filtered) mr_flat_wide=false (tie or split across classes)

wall time: 120.5s
Results: 114 passed, 0 failed
