=== probes/matcher/12-translation-defects  git HEAD 0611bd4  2026-09-14 13:46 UTC
R build branch_5_50_base_84_g4204fb669 2026-08-31 13:27:47 
SECTION NE 
R parse k != 1: op = lhs k! lhs op ! 
R is(k != 1) with k = 0 => true 
R is(k != 1) with k = 1 => true 
R is(k != 1) with k = 2 => false 
R is(3 != 0) => false 
R is(notequal(a, 1)) => unknown  is(notequal(2, 1)) => true  is(notequal(1, 1)) => false  is(notequal(1/2, 0.5)) => false 
PASS: NE cond 1_1_3_2 r17 => [true] 
PASS: NE cond 1_1_3_2 r18 => [true] 
PASS: NE cond 1_1_3_4 r30 => [true] 
PASS: NE cond 1_1_3_6 r9 => [true] 
PASS: NE cond 1_1_3_8 r15 => [true] 
PASS: NE cond 1_2_2_4 r29 => [true] 
PASS: NE cond 1_2_2_4 r30 => [true] 
PASS: NE cond 1_2_3_2 r8 => [true] 
PASS: NE cond 1_2_3_4 r29 => [true] 
PASS: NE cond 1_2_3_4 r30 => [true] 
SECTION MUL 
R parse (x) (y) => [x,[y]] 
R parse (n - j) (p + 1) => [n-j,[p+1]] 
R parse [1] (2) => [[1],[2]] 
R parse (x) y => PARSE-ERROR 
R parse 2 (x) => PARSE-ERROR 
R parse x (y) => [x,[y]] 
R eval (n - j) (p + 1) with n:5 j:2 p:3 => [(n-j)(p+1)] 
PASS: MUL repl 1_1_4_1 r1 is (x+2x^3)^3/(12 x^2) => 0 
SECTION IGT 
PASS: IGT %mr_iGtQ(3, 0) => [true] 
PASS: IGT %mr_iGtQ(1/2, 0) => [false] 
PASS: IGT %mr_iGtQ(2.0, 0) => [false] 
PASS: IGT %mr_iGtQ(n, 0) => [false] 
PASS: IGT %mr_iGtQ(2+1, 0) => [true] 
PASS: IGT %mr_iGtQ(0, 0) => [false] 
PASS: IGT %mr_iLtQ(-1, 0) => [true] 
PASS: IGT %mr_iLtQ(-1/2, 0) => [false] 
PASS: IGT %mr_iLtQ(n, 0) => [false] 
PASS: IGT %mr_iLeQ(0, 0) => [true] 
PASS: IGT %mr_iLeQ(-3/2, 0) => [false] 
PASS: IGT %mr_iGeQ(0, 0) => [true] 
PASS: IGT %mr_iGeQ(1/2, 0) => [false] 
PASS: IGT %mr_iGeQ(-1, 0) => [false] 
PASS: IGT cond 2_1 r10 p = -1/2 => [false] 
PASS: IGT cond 2_1 r10 p = -1 => [true] 
SECTION NEGQ 
PASS: NEGQ NegQ a/c => [false] 
PASS: NEGQ NegQ b^2 e^2 => [false] 
PASS: NEGQ NegQ 4 a c e^2 => [false] 
PASS: NEGQ NegQ 2 (a+b) => [false] 
PASS: NEGQ NegQ b^2-4ac => [false] 
PASS: NEGQ NegQ -a => [true] 
PASS: NEGQ NegQ -4 e^2 => [true] 
PASS: NEGQ NegQ 0 => [false] 
PASS: NEGQ PosQ 0 => [false] 
PASS: NEGQ PosQ a => [true] 
PASS: NEGQ PosQ -2/3 => [false] 
PASS: NEGQ PosQ 0.5 => [true] 
PASS: NEGQ PosQ %pi-4 => [false] 
PASS: NEGQ PosQ %pi-3 => [true] 
PASS: NEGQ PosQ %i => [true] 
PASS: NEGQ PosQ -%i => [false] 
PASS: NEGQ PosQ 2-3%i => [true] 
PASS: NEGQ PosQ %i a => [true] 
PASS: NEGQ PosQ exp(a) => [true] 
PASS: NEGQ PosQ -a^2 => [false] 
PASS: NEGQ PosQ log(a) => [true] 
PASS: NEGQ NegQ (b-a)(c+d) => [true] 
PASS: NEGQ NegQ -(a-b)^2 => [true] 
PASS: NEGQ NegQ (x-1)(x+2) => [true] 
PASS: NEGQ PosQ (a-b)^3 => [true] 
PASS: NEGQ PosQ (a-b)^3 c => [true] 
PASS: NEGQ PosQ a/c-b/c => [true] 
PASS: NEGQ PosQ sqrt(a-b)(c-d) => [true] 
PASS: NEGQ NegSumBaseQ a-b (First = a) => [false] 
PASS: NEGQ NegSumBaseQ b-a (First = -a) => [true] 
PASS: NEGQ SomeNegTermQ a+b => [false] 
PASS: NEGQ AllNegTermQ -a-b => [true] 
SECTION NORM 
R norm 2*(b+a) togetherSimplify 2*b+2*a args [2*a,2*b] factor-num/denom 2*(b+a) 
R norm (b-a)*(d+c) togetherSimplify b*(d+c)+a*(-d-c) args [a*(-d-c),b*(d+c)] factor-num/denom (b-a)*(d+c) 
R norm (x-1)*(x+2) togetherSimplify x^2+x-2 args [-2,x,x^2] factor-num/denom (x-1)*(x+2) 
R norm -(a-b)^2 togetherSimplify -b^2+2*a*b-a^2 args [-a^2,2*a*b,-b^2] factor-num/denom -(b-a)^2 
R norm (a-b)^3 togetherSimplify -b^3+3*a*b^2-3*a^2*b+a^3 args [a^3,-(3*a^2*b),3*a*b^2,-b^3] factor-num/denom -(b-a)^3 
R norm a/c-b/c togetherSimplify -((b-a)/c) args [-1,b-a,1/c] factor-num/denom -((b-a)/c) 
R norm b^2-4*a*c togetherSimplify b^2-4*a*c args [b^2,-(4*a*c)] factor-num/denom b^2-4*a*c 
R norm -b-a togetherSimplify -b-a args [-a,-b] factor-num/denom -b-a 
R norm a/c togetherSimplify a/c args [a,1/c] factor-num/denom a/c 
R norm x^2-1 togetherSimplify x^2-1 args [-1,x^2] factor-num/denom (x-1)*(x+1) 
R norm cost 1063 chars: togetherSimplify ms/call 0.40000000000000036 factor-num/denom ms/call 2.0499999999999963 
R norm cost 396 chars: togetherSimplify ms/call 1.8000499999999975 factor-num/denom ms/call 6.3000500000000015 
Results: 59 passed, 0 failed 
