=== probes/matcher/13-translation-shape-scan  git HEAD 0611bd4  2026-09-14 13:46 UTC
SECTION IGT
PASS: IGT hand-written %mr_IGtQ keeps the integer test
PASS: IGT hand-written %mr_ILtQ keeps the integer test
INFO: class 1 utility definition IntBinomialQ: 5 integer comparisons, hand ports ['%mr_intBinomialQ7', '%mr_intBinomialQ8', '%mr_intBinomialQ10']
PASS: IGT class 1 IntBinomialQ hand ports call the integer-test entries
INFO: class 1 utility definition IntLinearQ: 3 integer comparisons, hand ports ['%mr_intLinearQ']
PASS: IGT class 1 IntLinearQ hand ports call the integer-test entries
INFO: class 1 utility definition IntQuadraticQ: 1 integer comparisons, hand ports ['%mr_intQuadraticQ']
PASS: IGT class 1 IntQuadraticQ hand ports call the integer-test entries
INFO: class 1 IGtQ source 730 emitted %mr_iGtQ 730
PASS: IGT class 1 IGtQ: source 730 = emitted 730
INFO: class 1 ILtQ source 414 emitted %mr_iLtQ 414
PASS: IGT class 1 ILtQ: source 414 = emitted 414
INFO: class 1 ILeQ source 1 emitted %mr_iLeQ 1
PASS: IGT class 1 ILeQ: source 1 = emitted 1
INFO: class 1 IGeQ source 0 emitted %mr_iGeQ 0
PASS: IGT class 1 IGeQ: source 0 = emitted 0
INFO: class 2 IGtQ source 18 emitted %mr_iGtQ 18
PASS: IGT class 2 IGtQ: source 18 = emitted 18
INFO: class 2 ILtQ source 10 emitted %mr_iLtQ 10
PASS: IGT class 2 ILtQ: source 10 = emitted 10
INFO: class 2 ILeQ source 0 emitted %mr_iLeQ 0
PASS: IGT class 2 ILeQ: source 0 = emitted 0
INFO: class 2 IGeQ source 0 emitted %mr_iGeQ 0
PASS: IGT class 2 IGeQ: source 0 = emitted 0
INFO: class 3 IGtQ source 122 emitted %mr_iGtQ 122
PASS: IGT class 3 IGtQ: source 122 = emitted 122
INFO: class 3 ILtQ source 12 emitted %mr_iLtQ 12
PASS: IGT class 3 ILtQ: source 12 = emitted 12
INFO: class 3 ILeQ source 0 emitted %mr_iLeQ 0
PASS: IGT class 3 ILeQ: source 0 = emitted 0
INFO: class 3 IGeQ source 0 emitted %mr_iGeQ 0
PASS: IGT class 3 IGeQ: source 0 = emitted 0
SECTION OPS class 1 (6108 bodies)
PASS: OPS class 1 !=: 0 sites (0)
PASS: OPS class 1 ===: 0 sites (0)
PASS: OPS class 1 =!=: 0 sites (0)
PASS: OPS class 1 prefix !: 0 sites (0)
PASS: OPS class 1 @: 0 sites (0)
PASS: OPS class 1 /@: 0 sites (0)
PASS: OPS class 1 ->: 0 sites (0)
PASS: OPS class 1 :>: 0 sites (0)
SECTION GAP class 1
PASS: GAP class 1: 0 juxtapositions (0)
SECTION OPS class 2 (250 bodies)
PASS: OPS class 2 !=: 0 sites (0)
PASS: OPS class 2 ===: 0 sites (0)
PASS: OPS class 2 =!=: 0 sites (0)
PASS: OPS class 2 prefix !: 0 sites (0)
PASS: OPS class 2 @: 0 sites (0)
PASS: OPS class 2 /@: 0 sites (0)
PASS: OPS class 2 ->: 0 sites (0)
PASS: OPS class 2 :>: 0 sites (0)
SECTION GAP class 2
PASS: GAP class 2: 0 juxtapositions (0)
SECTION OPS class 3 (668 bodies)
PASS: OPS class 3 !=: 0 sites (0)
PASS: OPS class 3 ===: 0 sites (0)
PASS: OPS class 3 =!=: 0 sites (0)
PASS: OPS class 3 prefix !: 0 sites (0)
PASS: OPS class 3 @: 0 sites (0)
PASS: OPS class 3 /@: 0 sites (0)
PASS: OPS class 3 ->: 0 sites (0)
PASS: OPS class 3 :>: 0 sites (0)
SECTION GAP class 3
PASS: GAP class 3: 0 juxtapositions (0)
SECTION FIRST
PASS: FIRST table covers the 45 Rubi First/Rest/Last functions
PASS: FIRST AbsurdNumberGCD unported (no %mr_ definition by name)
PASS: FIRST AbsurdNumberGCDList unported (no %mr_ definition by name)
INFO: FIRST AlgebraicFunctionQ -> %mr_algebraicFunctionQ independent: And over every part
PASS: FIRST AlgebraicFunctionQ -> %mr_algebraicFunctionQ defined
INFO: FIRST AllNegTermQ -> %mr_rt_allNegTermQ independent: And over every term
PASS: FIRST AllNegTermQ -> %mr_rt_allNegTermQ defined
INFO: FIRST BinomialParts -> %mr_binomial_parts independent: FreeQ[First]/FreeQ[Rest] split handles both orders
PASS: FIRST BinomialParts -> %mr_binomial_parts defined
PASS: FIRST CancelCommonFactors unported (no %mr_ definition by name)
PASS: FIRST CombineExponents unported (no %mr_ definition by name)
PASS: FIRST CommonFactors unported (no %mr_ definition by name)
PASS: FIRST ConstantFactor unported (no %mr_ definition by name)
PASS: FIRST ContentFactorAux -> %mr_contentFactor reads internal order (power branch: NumericFactor of the base's first term)
INFO: FIRST EasyDQ -> %mr_easyDQ independent: symmetric FreeQ split; And over terms
PASS: FIRST EasyDQ -> %mr_easyDQ defined
INFO: FIRST FractionalPowerFactorQ -> %mr_fractionalPowerFactorQ independent: Or over factors
PASS: FIRST FractionalPowerFactorQ -> %mr_fractionalPowerFactorQ defined
PASS: FIRST FunctionOfExpnQ unported (no %mr_ definition by name)
INFO: FIRST FunctionOfExponentialFunctionAux -> %mr_foEFunctionAux independent: product of both exponent parts' rewrites
PASS: FIRST FunctionOfExponentialFunctionAux -> %mr_foEFunctionAux defined
INFO: FIRST FunctionOfExponentialTest -> %mr_foE_test2 independent: And over both exponent parts
PASS: FIRST FunctionOfExponentialTest -> %mr_foE_test2 defined
PASS: FIRST LeadFactor unported (no %mr_ definition by name)
PASS: FIRST LeadTerm unported (no %mr_ definition by name)
PASS: FIRST MakeAssocList unported (no %mr_ definition by name)
PASS: FIRST MergeFactor unported (no %mr_ definition by name)
PASS: FIRST MergeFactors unported (no %mr_ definition by name)
PASS: FIRST MergeableFactorQ unported (no %mr_ definition by name)
INFO: FIRST MinimumMonomialExponent -> %mr_minimumMonomialExponent independent: minimum over terms
PASS: FIRST MinimumMonomialExponent -> %mr_minimumMonomialExponent defined
PASS: FIRST MonomialFactor unported (no %mr_ definition by name)
PASS: FIRST NegSumBaseQ -> %mr_rt_negSumBaseQ reads internal order (NegQ of the first term)
INFO: FIRST NumericFactor -> %mr_numericFactor independent: gcd of first and rest
PASS: FIRST NumericFactor -> %mr_numericFactor defined
PASS: FIRST PerfectPowerTest unported (no %mr_ definition by name)
PASS: FIRST PosAux -> %mr_posAux reads internal order (sum branch reads the first term)
INFO: FIRST ProductOfLinearPowersQ -> %mr_productOfLinearPowersQ independent: And over factors
PASS: FIRST ProductOfLinearPowersQ -> %mr_productOfLinearPowersQ defined
INFO: FIRST RationalFunctionExponents -> %mr_rationalFunctionExponents independent: sum / max over both parts
PASS: FIRST RationalFunctionExponents -> %mr_rationalFunctionExponents defined
PASS: FIRST RemainingFactors unported (no %mr_ definition by name)
PASS: FIRST RemainingTerms unported (no %mr_ definition by name)
PASS: FIRST RemoveContentAux -> %mr_removeContentAux reads internal order (NegQ of the first term)
PASS: FIRST RtAux -> %mr_product_factors reads internal order (RtAux[-First[v],n]: the first factor of the factor list)
PASS: FIRST SignOfFactor -> %mr_signOfFactor reads internal order (NumericFactor of the first term)
PASS: FIRST SimpHelp unported (no %mr_ definition by name)
PASS: FIRST Smallest unported (no %mr_ definition by name)
INFO: FIRST SomeNegTermQ -> %mr_rt_someNegTermQ independent: Or over every term
PASS: FIRST SomeNegTermQ -> %mr_rt_someNegTermQ defined
PASS: FIRST SplitProduct -> %mr_product_factors reads internal order (the first factor passing func)
PASS: FIRST SplitSum -> %mr_splitSum_aux reads internal order (the first term passing func)
PASS: FIRST SqrtNumberSumQ unported (no %mr_ definition by name)
PASS: FIRST SubstForAux unported (no %mr_ definition by name)
INFO: FIRST SumSimplerAuxQ -> %mr_sumSimplerAuxQ independent: And/Or over both parts
PASS: FIRST SumSimplerAuxQ -> %mr_sumSimplerAuxQ defined
INFO: FIRST TrinomialParts -> %mr_trinomial_parts independent: symmetric split; First/Last of a coefficient list
PASS: FIRST TrinomialParts -> %mr_trinomial_parts defined
PASS: FIRST UnifyTerm -> %mr_unifySum reads internal order (the term list order (Apply[List, u]))
PASS: FIRST UnifyTerms -> %mr_unifySum reads internal order (the term list order (Apply[List, u]))
Results: 90 passed, 0 failed
