=== probes/matcher/14-mma-order-agreement  git HEAD 10d1c8d  2026-09-14 13:41 UTC
R build branch_5_50_base_84_g4204fb669 2026-08-31 13:27:47 
CLASS 1 answers 25697 done 25697 parse-errors 0 answer-errors 22 missing 0 (chunk timeouts 0)
CLASS 1 Plus comparable 279107: agree 248655, first-only 9635, first-dis 20817 (PosAux flip 10093); noncomp 15
CLASS 1 first-term agreement 0.9254, whole-order agreement 0.8909, PosAux flip rate 0.0362
CLASS 1 Times with a leading number 207626, leading number lost 501
CLASS 1 PosAux flips removed by the case-fold rename 3265, remaining 6828
CLASS 1 FLIP (after case fold) shape mma-first "*"("^"(s,n),x) -> maxima-first "*"("+"(n,e),"^"(s,n)): 455
CLASS 1 FLIP (after case fold) shape mma-first -("*"("^"(s,n),s)) -> maxima-first "*"("^"(s,n),s): 182
CLASS 1 FLIP (after case fold) shape mma-first -("*"(s,s)) -> maxima-first "*"("^"(e,n),"^"(s,n),s): 181
CLASS 1 FLIP (after case fold) shape mma-first -("*"("^"(n,n),"^"(s,n),"^"(s,n),x)) -> maxima-first "^"(s,n): 163
CLASS 1 FLIP (after case fold) shape mma-first "*"(n,"^"(e,-n)) -> maxima-first -("*"(n,log(e))): 144
CLASS 1 FLIP (after case fold) shape mma-first -("*"("^"(e,n),s)) -> maxima-first "*"("^"(s,n),s): 118
CLASS 1 FLIP (after case fold) shape mma-first -("^"("+"(s,e),n)) -> maxima-first "*"("+"(n,e),"^"(s,n)): 105
CLASS 1 FLIP (after case fold) shape mma-first -("*"("^"(s,n),x)) -> maxima-first "*"("+"(n,e),"^"(s,n)): 78
CLASS 1 FLIP (after case fold) shape mma-first -("*"(n,x)) -> maxima-first "^"("+"(n,e),n): 67
CLASS 1 FLIP (after case fold) shape mma-first "*"("^"(s,n),"^"(x,-n)) -> maxima-first "*"("+"(n,e),"^"(s,n)): 58
CLASS 1 FLIP (after case fold) shape mma-first "*"(n,"^"(s,n),"^"(s,n),"^"(s,n)) -> maxima-first -("*"(n,s,s,s,s,"+"(e,e))): 39
CLASS 1 FLIP (after case fold) shape mma-first "*"("^"(n,n),"^"(s,n),"^"(s,n),"^"(e,n),"^"(e,n)) -> maxima-first "*"("+"(n,e),"^"(e,n)): 38
CLASS 1 FLIP (after case fold) shape mma-first "*"(n,"^"(e,n)) -> maxima-first -("*"(n,"^"(e,n))): 37
CLASS 1 FLIP (after case fold) shape mma-first -("*"(n,"^"(s,n),s)) -> maxima-first "*"(n,"^"(s,n),s): 33
CLASS 1 FLIP (after case fold) shape mma-first -("*"("^"(s,n),"^"(s,n))) -> maxima-first "*"("^"(s,n),"^"(s,n)): 28
CLASS 1 FLIP (after case fold) shape mma-first -("*"("^"(n,n),x)) -> maxima-first "^"("+"(n,e),n): 28
CLASS 1 FLIP (after case fold) shape mma-first -("*"(n,"^"(e,n))) -> maxima-first "*"("^"(n,n),"^"(e,n)): 27
CLASS 1 FLIP (after case fold) shape mma-first -("*"(n,"^"(e,n),"^"(e,n))) -> maxima-first "*"(n,"^"(e,n),"^"(e,n)): 26
CLASS 1 FLIP (after case fold) shape mma-first "*"(n,"^"(e,n)) -> maxima-first -("*"(n,"^"(n,-n),"^"(n,n),atanh(e))): 25
CLASS 1 FLIP (after case fold) shape mma-first -("*"("^"(n,n),x)) -> maxima-first "^"(n,n): 24
CLASS 1 FLIP (after case fold) shape mma-first "*"(n,"^"(s,n),s,"^"(s,n)) -> maxima-first -("*"(n,s,s,s,"+"(e,e))): 23
CLASS 1 FLIP (after case fold) shape mma-first -("*"(n,x)) -> maxima-first "^"(n,n): 22
CLASS 1 FLIP (after case fold) shape mma-first "^"("+"(e,e),n) -> maxima-first -("*"("+"(e,e),"+"(e,e))): 22
CLASS 1 FLIP (after case fold) shape mma-first -("*"("^"(s,n),"^"(e,n))) -> maxima-first "*"("+"(n,e),"^"(e,n)): 21
CLASS 1 FLIP (after case fold) shape mma-first "^"(x,n) -> maxima-first "*"("^"(n,n),"+"(n,e)): 21
CLASS 1 FLIP (after case fold) shape mma-first -("*"("^"(s,n),s)) -> maxima-first "*"(n,"^"(s,n),s): 21
CLASS 1 FLIP (after case fold) shape mma-first "*"(n,"^"(e,-n),"+"(n,e),"^"(e,n)) -> maxima-first -("*"(n,"^"(e,-n),"+"(n,e),"^"(e,n))): 21
CLASS 1 FLIP (after case fold) shape mma-first "*"(n,"^"(s,-n),"^"(s,n),atanh(e)) -> maxima-first -("*"(n,"^"(s,-n),"^"(x,-n),"^"(e,n))): 20
CLASS 1 FLIP (after case fold) shape mma-first -("*"(n,"^"(e,n))) -> maxima-first "*"(n,"^"(e,-n)): 20
CLASS 1 FLIP (after case fold) shape mma-first -("*"(n,"^"(n,-n),atan(e))) -> maxima-first "*"(n,"^"(e,n),"^"(e,-n),"^"(e,n)): 20
CLASS 1 FIRST-DIS shape mma-first "*"("^"(s,n),x) -> maxima-first "*"("+"(n,e),"^"(s,n)): 1820
CLASS 1 FIRST-DIS shape mma-first "*"(n,s,s) -> maxima-first -("*"(n,s,s)): 1035
CLASS 1 FIRST-DIS shape mma-first "*"(s,s) -> maxima-first -("*"(s,s)): 1030
CLASS 1 FIRST-DIS shape mma-first "*"(n,s,s) -> maxima-first "*"(s,s): 596
CLASS 1 FIRST-DIS shape mma-first "*"(s,s) -> maxima-first "*"(n,s,s): 525
CLASS 1 FIRST-DIS shape mma-first -("^"("+"(s,e),n)) -> maxima-first "*"("+"(n,e),"^"(s,n)): 465
CLASS 1 FIRST-DIS shape mma-first "*"(s,s) -> maxima-first -("*"(n,s,s)): 464
CLASS 1 FIRST-DIS shape mma-first "*"(n,s,s) -> maxima-first "*"(n,s,s): 402
CLASS 1 FIRST-DIS shape mma-first "*"("^"(e,n),s) -> maxima-first "*"("^"(s,n),s): 341
CLASS 1 FIRST-DIS shape mma-first "*"(s,s) -> maxima-first "*"(s,s): 318
CLASS 1 FIRST-DIS shape mma-first "*"(n,s,s) -> maxima-first -("*"(s,s)): 299
CLASS 1 FIRST-DIS shape mma-first "*"("^"(s,n),"^"(x,-n)) -> maxima-first "*"("+"(n,e),"^"(s,n)): 252
CLASS 1 FIRST-DIS shape mma-first -("*"("^"(s,n),s)) -> maxima-first "*"("^"(s,n),s): 182
CLASS 1 FIRST-DIS shape mma-first -("*"(s,s)) -> maxima-first "*"("^"(e,n),"^"(s,n),s): 181
CLASS 1 FIRST-DIS shape mma-first "*"("^"(n,n),"^"(s,n),"^"(s,n),"^"(e,n),"^"(e,n)) -> maxima-first "*"("+"(n,e),"^"(e,n)): 165
FLIP 1:19:79 1 Algebraic functions/1.2 Trinomial products/1.2.1 Quadratic/1.2.1.1 (a+b x+c x^2)^p.mac  [-x,sqrt(3)] | [sqrt(3),-x] 
FLIP 1:33:170 1 Algebraic functions/1.2 Trinomial products/1.2.3 General/1.2.3.2 (d x)^m (a+b x^n+c x^(2 n))^p.mac  [%i,-sqrt(3)] | [-sqrt(3),%i] 
FLIP 1:38:254 1 Algebraic functions/1.3 Miscellaneous/1.3.1 Rational functions.mac  [%i,-sqrt(7)] | [-sqrt(7),%i] 
FLIP 1:39:882 1 Algebraic functions/1.3 Miscellaneous/1.3.2 Algebraic functions.mac  [-%i,sqrt(3)] | [sqrt(3),-%i] 
FLIP 1:25:370 1 Algebraic functions/1.2 Trinomial products/1.2.1 Quadratic/1.2.1.9 P(x) (d+e x)^m (a+b x+c x^2)^p.mac  [%i,-sqrt(14)] | [-sqrt(14),%i] 
FLIP 1:12:1361 1 Algebraic functions/1.1 Binomial products/1.1.3 General/1.1.3.2 (c x)^m (a+b x^n)^p.mac  [-(2*x),sqrt(3)] | [sqrt(3),-(2*x)] 
FLIP 1:23:123 1 Algebraic functions/1.2 Trinomial products/1.2.1 Quadratic/1.2.1.5 (a+b x+c x^2)^p (d+e x+f x^2)^q.mac  [3*%i,-sqrt(23)] | [-sqrt(23),3*%i] 
FLIP 1:27:46 1 Algebraic functions/1.2 Trinomial products/1.2.2 Quartic/1.2.2.3 (d+e x^2)^m (a+b x^2+c x^4)^p.mac  [-(4*x),sqrt(3)] | [sqrt(3),-(4*x)] 
FLIP 1:27:48 1 Algebraic functions/1.2 Trinomial products/1.2.2 Quartic/1.2.2.3 (d+e x^2)^m (a+b x^2+c x^4)^p.mac  [-(4*x),sqrt(5)] | [sqrt(5),-(4*x)] 
FLIP 1:27:50 1 Algebraic functions/1.2 Trinomial products/1.2.2 Quartic/1.2.2.3 (d+e x^2)^m (a+b x^2+c x^4)^p.mac  [-(4*x),sqrt(7)] | [sqrt(7),-(4*x)] 
FLIP 1:27:79 1 Algebraic functions/1.2 Trinomial products/1.2.2 Quartic/1.2.2.3 (d+e x^2)^m (a+b x^2+c x^4)^p.mac  [-(2*x),sqrt(7)] | [sqrt(7),-(2*x)] 
FLIP 1:31:31 1 Algebraic functions/1.2 Trinomial products/1.2.2 Quartic/1.2.2.7 P(x) (d+e x^2)^q (a+b x^2+c x^4)^p.mac  [-e,sqrt(c/a)*d] | [sqrt(c/a)*d,-e] 
FLIP 1:38:251 1 Algebraic functions/1.3 Miscellaneous/1.3.1 Rational functions.mac  [53*%i,-sqrt(7)] | [-sqrt(7),53*%i] 
FLIP 1:38:252 1 Algebraic functions/1.3 Miscellaneous/1.3.1 Rational functions.mac  [19*%i,-7^(3/2)] | [-7^(3/2),19*%i] 
FLIP 1:39:680 1 Algebraic functions/1.3 Miscellaneous/1.3.2 Algebraic functions.mac  [x,-(3*sqrt(x))] | [-(3*sqrt(x)),x] 
FLIP 1:23:123 1 Algebraic functions/1.2 Trinomial products/1.2.1 Quadratic/1.2.1.5 (a+b x+c x^2)^p (d+e x+f x^2)^q.mac  [11*%i,-sqrt(23)] | [-sqrt(23),11*%i] 
FLIP 1:38:350 1 Algebraic functions/1.3 Miscellaneous/1.3.1 Rational functions.mac  [-(1/x),log(3-x)] | [log(3-x),-(1/x)] 
FLIP 1:16:156 1 Algebraic functions/1.1 Binomial products/1.1.3 General/1.1.3.8 P(x) (c x)^m (a+b x^n)^p.mac  [-(2*c),sqrt(6)*a] | [sqrt(6)*a,-(2*c)] 
FLIP 1:23:123 1 Algebraic functions/1.2 Trinomial products/1.2.1 Quadratic/1.2.1.5 (a+b x+c x^2)^p (d+e x+f x^2)^q.mac  [-(3*%i),sqrt(23)] | [sqrt(23),-(3*%i)] 
FLIP 1:27:39 1 Algebraic functions/1.2 Trinomial products/1.2.2 Quartic/1.2.2.3 (d+e x^2)^m (a+b x^2+c x^4)^p.mac  [-(4*x),sqrt(4-b)] | [sqrt(4-b),-(4*x)] 
FLIP 1:27:40 1 Algebraic functions/1.2 Trinomial products/1.2.2 Quartic/1.2.2.3 (d+e x^2)^m (a+b x^2+c x^4)^p.mac  [-(4*x),sqrt(b+4)] | [sqrt(b+4),-(4*x)] 
FLIP 1:27:68 1 Algebraic functions/1.2 Trinomial products/1.2.2 Quartic/1.2.2.3 (d+e x^2)^m (a+b x^2+c x^4)^p.mac  [-(2*x),sqrt(2-b)] | [sqrt(2-b),-(2*x)] 
FLIP 1:27:171 1 Algebraic functions/1.2 Trinomial products/1.2.2 Quartic/1.2.2.3 (d+e x^2)^m (a+b x^2+c x^4)^p.mac  [-(2*b),sqrt(5)*a] | [sqrt(5)*a,-(2*b)] 
FLIP 1:33:351 1 Algebraic functions/1.2 Trinomial products/1.2.3 General/1.2.3.2 (d x)^m (a+b x^n+c x^(2 n))^p.mac  [-(2*x^2),sqrt(3)] | [sqrt(3),-(2*x^2)] 
FLIP 1:38:250 1 Algebraic functions/1.3 Miscellaneous/1.3.1 Rational functions.mac  [9*%i,-(5*sqrt(7))] | [-(5*sqrt(7)),9*%i] 
FLIP 1:12:1447 1 Algebraic functions/1.1 Binomial products/1.1.3 General/1.1.3.2 (c x)^m (a+b x^n)^p.mac  [x,-sin((3*%pi)/14)] | [-sin((3*%pi)/14),x] 
FLIP 1:38:254 1 Algebraic functions/1.3 Miscellaneous/1.3.1 Rational functions.mac  [%i,8*%i*x,-sqrt(7)] | [-sqrt(7),%i,8*%i*x] 
FLIP 1:38:349 1 Algebraic functions/1.3 Miscellaneous/1.3.1 Rational functions.mac  [1/(2-x),-atan(x-2)] | [-atan(x-2),1/(2-x)] 
FLIP 1:39:770 1 Algebraic functions/1.3 Miscellaneous/1.3.2 Algebraic functions.mac  [-(2*%i*x^2),sqrt(3)] | [sqrt(3),-(2*%i*x^2)] 
FLIP 1:6:338 1 Algebraic functions/1.1 Binomial products/1.1.2 Quadratic/1.1.2.2 (c x)^m (a+b x^2)^p.mac  [-(2*x^(1/3)),sqrt(3)] | [sqrt(3),-(2*x^(1/3))] 
T14 1:0:698 [2,2^(1/4),atan((1-x)^(1/4)/2^(1/4))] | 2^(5/4)*atan((1-x)^(1/4)/2^(1/4)) 
T14 1:0:1153 [6,(1-2*x)^(5/2),x,(2*x+1)^(5/2),sqrt(6)] | 6^(3/2)*(1-2*x)^(5/2)*x*(2*x+1)^(5/2) 
T14 1:0:1154 [3,(1-2*x)^(3/2),x,(2*x+1)^(3/2),sqrt(3)/sqrt(2)] | (3^(3/2)*(1-2*x)^(3/2)*x*(2*x+1)^(3/2))/sqrt(2) 
T14 1:0:1154 [9/4,asin(2*x),sqrt(3)/sqrt(2)] | (3^(5/2)*asin(2*x))/2^(5/2) 
T14 1:0:1154 [9/2,x,sqrt(3)/sqrt(2),sqrt(1-2*x),sqrt(2*x+1)] | (3^(5/2)*sqrt(1-2*x)*x*sqrt(2*x+1))/2^(3/2) 
T14 1:0:1155 [1/2,asin(2*x),sqrt(3)/sqrt(2)] | (sqrt(3)*asin(2*x))/2^(3/2) 
T14 1:0:1567 [2,3^(3/4),(b*c-a*d)^(1/3),(b*c-a*d)^(1/3)-b^(1/3)*(d*x+c)^(1/3),elliptic_f(asin(((sqrt(3)+1)*(b*c-a*d)^(1/3)-b^(1/3)*(d*x+c)^(1/3))/((1-sqrt(3))*(b*c-a*d)^(1/3)-b^(1/3)*(d*x+c)^(1/3))),4*sqrt(3)-7),sqrt(2),sqrt(b^(2/3)*(d*x+c)^(2/3)+b^(1/3)*(b*c-a*d)^(1/3)*(d*x+c)^(1/3)+(b*c-a*d)^(2/3)
T14 1:0:1567 [3,3^(1/4),(b*c-a*d)^(1/3),(b*c-a*d)^(1/3)-b^(1/3)*(d*x+c)^(1/3),elliptic_e(asin(((sqrt(3)+1)*(b*c-a*d)^(1/3)-b^(1/3)*(d*x+c)^(1/3))/((1-sqrt(3))*(b*c-a*d)^(1/3)-b^(1/3)*(d*x+c)^(1/3))),4*sqrt(3)-7),sqrt(b^(2/3)*(d*x+c)^(2/3)+b^(1/3)*(b*c-a*d)^(1/3)*(d*x+c)^(1/3)+(b*c-a*d)^(2/3))/abs(b^
T14 1:0:1582 [2,2^(1/3),b^(2/3),d^(2/3),(b*x+a)^(2/3)*(d*x+c)^(2/3)] | 2^(4/3)*b^(2/3)*d^(2/3)*(b*x+a)^(2/3)*(d*x+c)^(2/3) 
T14 1:0:1583 [2,2^(1/3),b^(2/3),d^(2/3),(b*x+a)^(2/3)*(d*x+c)^(2/3)] | 2^(4/3)*b^(2/3)*d^(2/3)*(b*x+a)^(2/3)*(d*x+c)^(2/3) 
ANSWER-ERROR 1:38:136 1 Algebraic functions/1.3 Miscellaneous/1.3.1 Rational functions.mac
ANSWER-ERROR 1:38:137 1 Algebraic functions/1.3 Miscellaneous/1.3.1 Rational functions.mac
ANSWER-ERROR 1:38:138 1 Algebraic functions/1.3 Miscellaneous/1.3.1 Rational functions.mac
ANSWER-ERROR 1:38:139 1 Algebraic functions/1.3 Miscellaneous/1.3.1 Rational functions.mac
ANSWER-ERROR 1:38:140 1 Algebraic functions/1.3 Miscellaneous/1.3.1 Rational functions.mac
ANSWER-ERROR 1:38:141 1 Algebraic functions/1.3 Miscellaneous/1.3.1 Rational functions.mac
ANSWER-ERROR 1:38:142 1 Algebraic functions/1.3 Miscellaneous/1.3.1 Rational functions.mac
ANSWER-ERROR 1:38:143 1 Algebraic functions/1.3 Miscellaneous/1.3.1 Rational functions.mac
ANSWER-ERROR 1:38:144 1 Algebraic functions/1.3 Miscellaneous/1.3.1 Rational functions.mac
ANSWER-ERROR 1:38:145 1 Algebraic functions/1.3 Miscellaneous/1.3.1 Rational functions.mac
CLASS 2 answers 965 done 965 parse-errors 0 answer-errors 0 missing 0 (chunk timeouts 0)
CLASS 2 Plus comparable 5421: agree 5083, first-only 64, first-dis 274 (PosAux flip 138); noncomp 0
CLASS 2 first-term agreement 0.9495, whole-order agreement 0.9376, PosAux flip rate 0.0255
CLASS 2 Times with a leading number 2894, leading number lost 1
CLASS 2 PosAux flips removed by the case-fold rename 1, remaining 137
CLASS 2 FLIP (after case fold) shape mma-first "*"(n,s) -> maxima-first -("^"(n,n)): 7
CLASS 2 FLIP (after case fold) shape mma-first "*"(n,"^"(s,e),"^"(x,n)) -> maxima-first -("*"(n,"^"(s,n),"^"(s,s),"^"(e,n),Ei(e))): 6
CLASS 2 FLIP (after case fold) shape mma-first -("*"(n,"^"(s,e),"^"(x,-n))) -> maxima-first "*"(n,"^"(s,n),"^"(s,s),"^"(e,n),"^"(s,n),erfi(e)): 4
CLASS 2 FLIP (after case fold) shape mma-first "*"(n,"^"(e,-n),"^"(s,-n),"^"(e,n)) -> maxima-first -("*"(n,"^"(e,-n),s,"^"(s,-n),"^"(e,n))): 4
CLASS 2 FLIP (after case fold) shape mma-first "*"(n,"^"(x,n)) -> maxima-first -("*"("^"(s,n),"^"(e,n))): 3
CLASS 2 FLIP (after case fold) shape mma-first "*"(n,"^"(s,e),"^"(x,n)) -> maxima-first -("*"(n,"^"(s,n),"^"(s,n),"^"(s,s),"^"(e,n),erfi(e))): 3
CLASS 2 FLIP (after case fold) shape mma-first "*"(n,"^"(e,n)) -> maxima-first -("*"("^"(e,n),"^"(s,n))): 3
CLASS 2 FLIP (after case fold) shape mma-first "*"(n,"^"(s,-n),"^"(s,-n),"^"(e,n)) -> maxima-first -("*"(n,polylog(n,e),"^"(e,-n),"^"(s,-n),"^"(s,n),"^"(s,-n),"^"(s,-n),"^"(s,-n))): 3
CLASS 2 FLIP (after case fold) shape mma-first "*"(n,"^"(s,-n),"^"(s,-n),"^"(e,n)) -> maxima-first -("*"(polylog(n,e),"^"(e,-n),"^"(s,-n),s,"^"(s,-n),"^"(s,-n),"^"(s,-n))): 3
CLASS 2 FLIP (after case fold) shape mma-first -("*"(n,CannotIntegrate(e,x))) -> maxima-first "*"(n,x,"^"(e,n)): 2
CLASS 2 FLIP (after case fold) shape mma-first "*"("^"(s,-n),"^"(s,-n),"^"(e,-n),atan(e),x) -> maxima-first -("*"(n,s,polylog(n,e),"^"(s,-n),"^"(s,-n),"^"(e,-n))): 2
CLASS 2 FLIP (after case fold) shape mma-first "*"("^"(s,-n),"^"(s,-n),"^"(e,-n),atan(e),"^"(x,n)) -> maxima-first -("*"(n,s,polylog(n,e),"^"(s,-n),"^"(s,-n),"^"(e,-n))): 2
CLASS 2 FLIP (after case fold) shape mma-first "*"(n,"^"(s,e),"^"(x,n)) -> maxima-first -("*"(n,s,"^"(s,s),log(s),Ei(e))): 2
CLASS 2 FLIP (after case fold) shape mma-first -("*"(n,"^"(s,-n),"^"(s,e),"^"(e,-n),"^"(x,-n))) -> maxima-first "*"(n,"^"(s,n),"^"(s,-n),"^"(s,s),"^"(e,-n),erfi(e)): 2
CLASS 2 FLIP (after case fold) shape mma-first "*"(n,"^"(s,-n),"^"(s,e),"^"(e,-n),"^"(x,-n)) -> maxima-first -("*"(n,"^"(s,n),"^"(s,-n),"^"(s,s),"^"(e,-n),erfi(e))): 2
CLASS 2 FLIP (after case fold) shape mma-first "*"(n,"^"(s,e),"^"(e,-n),"^"(s,-n),"^"(s,-n),"^"(e,-n)) -> maxima-first -("*"(n,"^"(s,e),"^"(e,-n),"^"(s,-n),"^"(s,-n),"^"(e,-n))): 2
CLASS 2 FLIP (after case fold) shape mma-first "*"(n,"^"(s,e),"^"(e,n)) -> maxima-first -("*"(n,"^"(s,e),"^"(e,n))): 1
CLASS 2 FLIP (after case fold) shape mma-first -("*"(n,"^"(s,e),"^"(e,n))) -> maxima-first "*"(n,"^"(s,e),"^"(e,n)): 1
CLASS 2 FLIP (after case fold) shape mma-first "*"("^"(s,e),"^"(e,n)) -> maxima-first -("*"(n,"^"(s,e),"^"(e,n))): 1
CLASS 2 FLIP (after case fold) shape mma-first -("*"(n,"^"(s,n),erfi(e))) -> maxima-first "*"("^"(s,e),"^"(e,n)): 1
CLASS 2 FLIP (after case fold) shape mma-first "*"(n,"^"(s,n),erfi(e)) -> maxima-first -("*"(n,"^"(s,e),"^"(e,-n))): 1
CLASS 2 FLIP (after case fold) shape mma-first -("*"(n,x)) -> maxima-first "*"(n,log(e)): 1
CLASS 2 FLIP (after case fold) shape mma-first -(x) -> maxima-first "*"(n,log(e)): 1
CLASS 2 FLIP (after case fold) shape mma-first -("*"("^"(n,-n),atanh(e))) -> maxima-first "*"(n,"^"(e,n)): 1
CLASS 2 FLIP (after case fold) shape mma-first -("*"(n,"^"(s,n),atanh(e),"^"(s,-n))) -> maxima-first "*"(n,"^"(e,n),"^"(s,-n)): 1
CLASS 2 FLIP (after case fold) shape mma-first -("*"(n,"^"(s,n),atan(e),"^"(s,-n))) -> maxima-first "*"(n,"^"(e,n),"^"(s,-n)): 1
CLASS 2 FLIP (after case fold) shape mma-first -("*"(n,asinh(e))) -> maxima-first "*"(n,"^"(s,x),"^"(e,n)): 1
CLASS 2 FLIP (after case fold) shape mma-first -(CannotIntegrate("^"(e,-n),x)) -> maxima-first "*"(n,"^"(e,n)): 1
CLASS 2 FLIP (after case fold) shape mma-first -("*"(n,CannotIntegrate(e,x))) -> maxima-first "*"(n,"^"(x,n),"^"(e,n)): 1
CLASS 2 FLIP (after case fold) shape mma-first "*"(atanh(e),"^"(x,n)) -> maxima-first -(polylog(n,-("^"(s,x)))): 1
CLASS 2 FIRST-DIS shape mma-first "*"(n,s) -> maxima-first -("^"(n,n)): 7
CLASS 2 FIRST-DIS shape mma-first "*"(n,s) -> maxima-first "^"(n,n): 7
CLASS 2 FIRST-DIS shape mma-first "*"(n,"^"(s,e),"^"(x,n)) -> maxima-first -("*"(n,"^"(s,n),"^"(s,s),"^"(e,n),Ei(e))): 6
CLASS 2 FIRST-DIS shape mma-first "^"(s,-n) -> maxima-first "*"(n,log(s),s,s,s): 5
CLASS 2 FIRST-DIS shape mma-first "^"(s,-n) -> maxima-first "*"(log(s),s,s,s): 4
CLASS 2 FIRST-DIS shape mma-first -("*"(n,"^"(s,e),"^"(x,-n))) -> maxima-first "*"(n,"^"(s,n),"^"(s,s),"^"(e,n),"^"(s,n),erfi(e)): 4
CLASS 2 FIRST-DIS shape mma-first "*"("^"(s,-n),"^"(s,n),x) -> maxima-first "*"("^"(n,e),"^"(e,-n),"^"(s,-n)): 4
CLASS 2 FIRST-DIS shape mma-first "*"(n,"^"(e,-n),"^"(s,-n),"^"(e,n)) -> maxima-first -("*"(n,"^"(e,-n),s,"^"(s,-n),"^"(e,n))): 4
CLASS 2 FIRST-DIS shape mma-first "*"(n,"^"(e,-n),"^"(s,-n),"^"(s,n),atanh(e)) -> maxima-first "*"("^"(n,e),"^"(e,-n),"^"(s,-n),"^"(e,n)): 4
CLASS 2 FIRST-DIS shape mma-first "*"(n,"^"(s,-n)) -> maxima-first "*"(n,log(s),s,s,s): 3
CLASS 2 FIRST-DIS shape mma-first "*"(n,asin(e)) -> maxima-first "*"(n,"^"(s,x),"^"(e,n)): 3
CLASS 2 FIRST-DIS shape mma-first "*"(n,"^"(x,n)) -> maxima-first "*"("^"(s,n),"^"(e,n)): 3
CLASS 2 FIRST-DIS shape mma-first "*"(n,"^"(x,n)) -> maxima-first -("*"("^"(s,n),"^"(e,n))): 3
CLASS 2 FIRST-DIS shape mma-first "*"(n,"^"(s,e),"^"(x,n)) -> maxima-first -("*"(n,"^"(s,n),"^"(s,n),"^"(s,s),"^"(e,n),erfi(e))): 3
CLASS 2 FIRST-DIS shape mma-first "*"(n,"^"(s,e),"^"(s,-n),"^"(e,n)) -> maxima-first "*"(n,"^"(s,e),"^"(e,n),"^"(s,n),"^"(s,-n),"+"(s,e)): 3
FLIP 2:2:513 2 Exponentials/2.3 Exponential functions.mac  [3*%i,-sqrt(3)] | [-sqrt(3),3*%i] 
FLIP 2:2:656 2 Exponentials/2.3 Exponential functions.mac  [-x,log(1-%e^(4*x))/2] | [log(1-%e^(4*x))/2,-x] 
FLIP 2:2:647 2 Exponentials/2.3 Exponential functions.mac  [-(x/3),(2*log(%e^(2*x)+3))/3] | [(2*log(%e^(2*x)+3))/3,-(x/3)] 
FLIP 2:2:530 2 Exponentials/2.3 Exponential functions.mac  [x,-(x/(%e^x+1)),-log(%e^x+1)] | [-log(%e^x+1),x,-(x/(%e^x+1))] 
FLIP 2:2:506 2 Exponentials/2.3 Exponential functions.mac  [x/2,-log(%e^x+1),log(%e^x+2)/2] | [-log(%e^x+1),log(%e^x+2)/2,x/2] 
FLIP 2:1:4 2 Exponentials/2.2 (c+d x)^m (F^(g (e+f x)))^n (a+b (F^(g (e+f x)))^n)^p.mac  [x/a,-(log(%e^(d*x+c)*b+a)/(a*d))] | [-(log(%e^(d*x+c)*b+a)/(a*d)),x/a] 
FLIP 2:2:607 2 Exponentials/2.3 Exponential functions.mac  [a/(b*n),-(1/(4*log(F)*b^2*f*n^2))] | [-(1/(4*log(F)*b^2*f*n^2)),a/(b*n)] 
FLIP 2:2:120 2 Exponentials/2.3 Exponential functions.mac  [f^(b/x+a)*x,-(b*f^a*log(f)*Ei((b*log(f))/x))] | [-(b*f^a*log(f)*Ei((b*log(f))/x)),f^(b/x+a)*x] 
FLIP 2:1:49 2 Exponentials/2.2 (c+d x)^m (F^(g (e+f x)))^n (a+b (F^(g (e+f x)))^n)^p.mac  [x/a,-(log((F^(g*(f*x+e)))^n*b+a)/(log(F)*a*f*g*n))] | [-(log((F^(g*(f*x+e)))^n*b+a)/(log(F)*a*f*g*n)),x/a] 
FLIP 2:2:608 2 Exponentials/2.3 Exponential functions.mac  [1/n,-(log(F)*a*b*f),-(log(F)*b^2*f*log(c*(e*x+d)^n))] | [-(log(F)*a*b*f),1/n,-(log(F)*b^2*f*log(c*(e*x+d)^n))] 
FLIP 2:2:747 2 Exponentials/2.3 Exponential functions.mac  [-(2*CannotIntegrate(sqrt(x+%e^x),x)),2*x*sqrt(x+%e^x)] | [2*x*sqrt(x+%e^x),-(2*CannotIntegrate(sqrt(x+%e^x),x))] 
FLIP 2:2:607 2 Exponentials/2.3 Exponential functions.mac  [1/n,-(2*log(F)*a*b*f),-(2*log(F)*b^2*f*log(c*(e*x+d)^n))] | [-(2*log(F)*a*b*f),1/n,-(2*log(F)*b^2*f*log(c*(e*x+d)^n))] 
FLIP 2:2:133 2 Exponentials/2.3 Exponential functions.mac  [(f^(b/x^2+a)*x^2)/2,-((b*f^a*log(f)*Ei((b*log(f))/x^2))/2)] | [-((b*f^a*log(f)*Ei((b*log(f))/x^2))/2),(f^(b/x^2+a)*x^2)/2] 
FLIP 2:2:159 2 Exponentials/2.3 Exponential functions.mac  [(f^(b/x^3+a)*x^3)/3,-((b*f^a*log(f)*Ei((b*log(f))/x^3))/3)] | [-((b*f^a*log(f)*Ei((b*log(f))/x^3))/3),(f^(b/x^3+a)*x^3)/3] 
FLIP 2:2:731 2 Exponentials/2.3 Exponential functions.mac  [-((25*asinh((4*%e^x)/5))/128),(%e^x*sqrt(16*%e^(2*x)+25))/32] | [(%e^x*sqrt(16*%e^(2*x)+25))/32,-((25*asinh((4*%e^x)/5))/128)] 
FLIP 2:2:531 2 Exponentials/2.3 Exponential functions.mac  [x^2,-(x^2/(%e^x+1)),-(2*log(%e^x+1)*x),-(2*polylog(2,-%e^x))] | [-(2*polylog(2,-%e^x)),-(2*log(%e^x+1)*x),x^2,-(x^2/(%e^x+1))] 
FLIP 2:2:508 2 Exponentials/2.3 Exponential functions.mac  [x/3,-(log(%e^(2*x)+3*%e^x+3)/6),-(atan((2*%e^x+3)/sqrt(3))/sqrt(3))] | [-(atan((2*%e^x+3)/sqrt(3))/sqrt(3)),-(log(%e^(2*x)+3*%e^x+3)/6),x/3] 
FLIP 2:2:497 2 Exponentials/2.3 Exponential functions.mac  [(2*(2^x*b+a)^(3/2))/(3*log(2)*b^2),-((2*a*sqrt(2^x*b+a))/(log(2)*b^2))] | [-((2*a*sqrt(2^x*b+a))/(log(2)*b^2)),(2*(2^x*b+a)^(3/2))/(3*log(2)*b^2)] 
FLIP 2:2:499 2 Exponentials/2.3 Exponential functions.mac  [(2*(a-2^x*b)^(3/2))/(3*log(2)*b^2),-((2*a*sqrt(a-2^x*b))/(log(2)*b^2))] | [-((2*a*sqrt(a-2^x*b))/(log(2)*b^2)),(2*(a-2^x*b)^(3/2))/(3*log(2)*b^2)] 
FLIP 2:2:630 2 Exponentials/2.3 Exponential functions.mac  [-((sqrt(%pi)*erfi(sqrt(c*x^2+b*x+a)))/2),%e^(c*x^2+b*x+a)*sqrt(c*x^2+b*x+a)] | [%e^(c*x^2+b*x+a)*sqrt(c*x^2+b*x+a),-((sqrt(%pi)*erfi(sqrt(c*x^2+b*x+a)))/2)] 
FLIP 2:2:632 2 Exponentials/2.3 Exponential functions.mac  [2*sqrt(%pi)*erfi(sqrt(c*x^2+b*x+a)),-((2*%e^(c*x^2+b*x+a))/sqrt(c*x^2+b*x+a))] | [-((2*%e^(c*x^2+b*x+a))/sqrt(c*x^2+b*x+a)),2*sqrt(%pi)*erfi(sqrt(c*x^2+b*x+a))] 
FLIP 2:2:533 2 Exponentials/2.3 Exponential functions.mac  [x/(d*log(f)),-(x/(d*(f^(d*x+c)+1)*log(f))),-(log(f^(d*x+c)+1)/(d^2*log(f)^2))] | [-(log(f^(d*x+c)+1)/(d^2*log(f)^2)),x/(d*log(f)),-(x/(d*(f^(d*x+c)+1)*log(f)))] 
FLIP 2:2:701 2 Exponentials/2.3 Exponential functions.mac  [-((2*sqrt(a)*atan(sqrt(%e^(d*x+c)*b-a)/sqrt(a)))/d),(2*sqrt(%e^(d*x+c)*b-a))/d] | [(2*sqrt(%e^(d*x+c)*b-a))/d,-((2*sqrt(a)*atan(sqrt(%e^(d*x+c)*b-a)/sqrt(a)))/d)] 
FLIP 2:2:700 2 Exponentials/2.3 Exponential functions.mac  [-((2*sqrt(a)*atanh(sqrt(%e^(d*x+c)*b+a)/sqrt(a)))/d),(2*sqrt(%e^(d*x+c)*b+a))/d] | [(2*sqrt(%e^(d*x+c)*b+a))/d,-((2*sqrt(a)*atanh(sqrt(%e^(d*x+c)*b+a)/sqrt(a)))/d)] 
FLIP 2:2:507 2 Exponentials/2.3 Exponential functions.mac  [-x,((5-sqrt(5))*log(2*%e^x+sqrt(5)+1))/10,((sqrt(5)+5)*log(2*%e^x-sqrt(5)+1))/10] | [((sqrt(5)+5)*log(2*%e^x-sqrt(5)+1))/10,((5-sqrt(5))*log(2*%e^x+sqrt(5)+1))/10,-x] 
FLIP 2:2:146 2 Exponentials/2.3 Exponential functions.mac  [f^(b/x^2+a)*x,-(sqrt(%pi)*sqrt(b)*f^a*sqrt(log(f))*erfi((sqrt(b)*sqrt(log(f)))/x))] | [-(sqrt(%pi)*sqrt(b)*f^a*sqrt(log(f))*erfi((sqrt(b)*sqrt(log(f)))/x)),f^(b/x^2+a)*x] 
FLIP 2:2:119 2 Exponentials/2.3 Exponential functions.mac  [(f^(b/x+a)*x^2)/2,(b*f^(b/x+a)*log(f)*x)/2,-((b^2*f^a*log(f)^2*Ei((b*log(f))/x))/2)] | [-((b^2*f^a*log(f)^2*Ei((b*log(f))/x))/2),(b*f^(b/x+a)*log(f)*x)/2,(f^(b/x+a)*x^2)/2] 
FLIP 2:2:511 2 Exponentials/2.3 Exponential functions.mac  [x^2/4,(log(%e^x/2+1)*x)/2,-(log(%e^x+1)*x),-polylog(2,-%e^x),polylog(2,-(%e^x/2))/2] | [-polylog(2,-%e^x),polylog(2,-(%e^x/2))/2,(log(%e^x/2+1)*x)/2,-(log(%e^x+1)*x),x^2/4] 
FLIP 2:2:59 2 Exponentials/2.3 Exponential functions.mac  [x/(2*a*b*log(f)),-(x/(2*a*(a*f^(2*x)+b)*log(f))),-(log(a*f^(2*x)+b)/(4*a*b*log(f)^2))] | [-(log(a*f^(2*x)+b)/(4*a*b*log(f)^2)),x/(2*a*b*log(f)),-(x/(2*a*(a*f^(2*x)+b)*log(f)))] 
FLIP 2:1:3 2 Exponentials/2.2 (c+d x)^m (F^(g (e+f x)))^n (a+b (F^(g (e+f x)))^n)^p.mac  [x^2/(2*a),-((log((%e^(d*x+c)*b)/a+1)*x)/(a*d)),-(polylog(2,-((%e^(d*x+c)*b)/a))/(a*d^2))] | [-(polylog(2,-((%e^(d*x+c)*b)/a))/(a*d^2)),-((log((%e^(d*x+c)*b)/a+1)*x)/(a*d)),x^2/(2*a)] 
T14 2:1:65 [1/4,b^2,erfi((sqrt(2)*sqrt(d*x+c))/sqrt(d)),sqrt(%pi)/sqrt(2),sqrt(d)] | (sqrt(%pi)*b^2*sqrt(d)*erfi((sqrt(2)*sqrt(d*x+c))/sqrt(d)))/2^(5/2) 
CLASS 3 answers 3085 done 3085 parse-errors 0 answer-errors 11 missing 0 (chunk timeouts 0)
CLASS 3 Plus comparable 41899: agree 39776, first-only 380, first-dis 1743 (PosAux flip 970); noncomp 26
CLASS 3 first-term agreement 0.9584, whole-order agreement 0.9493, PosAux flip rate 0.0232
CLASS 3 Times with a leading number 17445, leading number lost 161
CLASS 3 PosAux flips removed by the case-fold rename 0, remaining 970
CLASS 3 FLIP (after case fold) shape mma-first "*"("^"(s,n),"^"(s,n),"^"(s,n)) -> maxima-first -("*"(s,s,s,s,"+"(e,e))): 33
CLASS 3 FLIP (after case fold) shape mma-first -("*"("^"(e,n),s)) -> maxima-first "*"("^"(s,n),s): 20
CLASS 3 FLIP (after case fold) shape mma-first -("*"(s,"^"(s,n),"^"(x,n))) -> maxima-first "^"(s,n): 12
CLASS 3 FLIP (after case fold) shape mma-first -("*"("^"(e,n),x)) -> maxima-first "^"(s,n): 10
CLASS 3 FLIP (after case fold) shape mma-first "*"("^"(s,n),x) -> maxima-first "^"(-("^"(e,n)),n): 10
CLASS 3 FLIP (after case fold) shape mma-first "*"("^"(s,-n),log(e),log(e)) -> maxima-first -("*"(polylog(n,e),"^"(s,-n),s)): 8
CLASS 3 FLIP (after case fold) shape mma-first -("*"("^"(e,n),"^"(x,n))) -> maxima-first "^"(s,n): 8
CLASS 3 FLIP (after case fold) shape mma-first -("*"("^"(s,-n),log(e),"^"(e,n))) -> maxima-first "*"(n,polylog(n,e),"^"(s,n),"^"(s,-n),"^"(s,n)): 6
CLASS 3 FLIP (after case fold) shape mma-first "*"("^"(s,n),"^"(s,n),"^"(s,n)) -> maxima-first -("*"(n,s,s,s,s,"+"(e,e))): 6
CLASS 3 FLIP (after case fold) shape mma-first "*"(n,"^"(s,n),"^"(s,n),"^"(s,n)) -> maxima-first -("*"(n,s,s,s,s,"+"(e,e))): 6
CLASS 3 FLIP (after case fold) shape mma-first -("*"("^"(e,n),"^"(s,n))) -> maxima-first "*"("^"(s,n),"^"(s,n)): 6
CLASS 3 FLIP (after case fold) shape mma-first -("*"(n,s,"^"(s,-n),s,"^"(x,-n))) -> maxima-first "*"(n,polylog(n,e),s,"^"(s,-n),"^"(s,n),s): 5
CLASS 3 FLIP (after case fold) shape mma-first "*"(n,"^"(s,n),"^"(s,-n),"^"(e,n),"^"(s,n),"^"(s,n),x) -> maxima-first -("*"(n,polylog(n,e),"^"(s,n),"^"(s,-n),"^"(s,-n),"^"(e,n),"^"(s,n),"^"(s,n))): 5
CLASS 3 FLIP (after case fold) shape mma-first -("*"("^"(e,-n),"^"(s,-n),log(e),"^"(e,n))) -> maxima-first "*"(n,polylog(n,e),"^"(s,n),"^"(e,-n),"^"(s,-n),"^"(s,n)): 5
CLASS 3 FLIP (after case fold) shape mma-first "*"(n,"^"(e,-n),"^"(s,-n),log(e),log(e)) -> maxima-first -("*"(n,polylog(n,e),"^"(e,-n),"^"(s,-n),s)): 5
CLASS 3 FLIP (after case fold) shape mma-first "*"(n,"^"(s,e),"^"(s,-n),"^"(s,-n),"^"(s,-n),"^"(e,n),"^"(e,e),Ei(e)) -> maxima-first -("*"("^"(s,-n),"^"(s,-n),"^"(s,-n),"^"(e,n),"^"(e,-n))): 4
CLASS 3 FLIP (after case fold) shape mma-first "*"("^"(s,-n),log(e),"^"(e,n)) -> maxima-first -("*"(n,polylog(n,e),"^"(s,n),"^"(s,-n),"^"(s,n))): 4
CLASS 3 FLIP (after case fold) shape mma-first "*"(n,s,s,"^"(s,-n),s,"^"(e,n)) -> maxima-first -("*"(n,s,"^"(s,n),"^"(s,-n),s,"^"(e,n))): 4
CLASS 3 FLIP (after case fold) shape mma-first -("*"(n,s,"^"(s,-n),s,"^"(e,n))) -> maxima-first "*"(n,s,s,"^"(s,-n),s,"^"(e,n)): 4
CLASS 3 FLIP (after case fold) shape mma-first -("*"(n,s,"^"(s,-n),s,s,atanh(e))) -> maxima-first "*"(n,polylog(n,e),s,"^"(s,-n),s,s): 4
CLASS 3 FLIP (after case fold) shape mma-first -("*"(n,s,"^"(s,-n),"^"(s,-n),"+"(e,e),"^"(s,n),"^"(e,n),"+"(s,e))) -> maxima-first "*"(n,polylog(n,e),"^"(s,n),"^"(s,-n),"^"(s,-n),"^"(e,n),"^"(s,n)): 4
CLASS 3 FLIP (after case fold) shape mma-first -("*"("^"(s,-n),"^"(s,-n),log(e),"^"(e,n))) -> maxima-first "*"(n,polylog(n,e),"^"(s,n),"^"(s,-n),"^"(s,-n)): 4
CLASS 3 FLIP (after case fold) shape mma-first "*"("^"(s,n),"^"(s,n),"^"(s,n)) -> maxima-first -("*"("^"(s,n),s,"^"(s,n),"^"(s,n),"+"(e,e))): 4
CLASS 3 FLIP (after case fold) shape mma-first -("*"(n,s,"^"(s,-n),s,s,s,"^"(x,-n))) -> maxima-first "*"(n,polylog(n,e),s,"^"(s,-n),"^"(s,n),s,s): 4
CLASS 3 FLIP (after case fold) shape mma-first "*"(s,"^"(s,n)) -> maxima-first "*"(s,"^"(e,n)): 4
CLASS 3 FLIP (after case fold) shape mma-first "*"("^"(n,e),"^"(n,e),"^"(s,e),"^"(s,-n),"^"(s,-n),GAMMA(e,e),"^"(e,e),"^"(e,s)) -> maxima-first -("*"(n,"^"(s,e),"^"(s,-n),"^"(s,n),"^"(s,-n),GAMMA(e,e),"^"(e,e),"^"(e,s))): 4
CLASS 3 FLIP (after case fold) shape mma-first "*"(n,"^"(s,-n),Ei(e)) -> maxima-first -("*"("^"(x,n),"^"(e,-n))): 3
CLASS 3 FLIP (after case fold) shape mma-first "*"(n,"^"(s,-n),Ei(e)) -> maxima-first -("*"(n,"^"(x,n),"^"(e,-n))): 3
CLASS 3 FLIP (after case fold) shape mma-first "*"(n,"^"(s,e),"^"(s,-n),"^"(s,-n),"^"(x,n),"^"(e,e),Ei(e)) -> maxima-first -("*"("^"(s,-n),"^"(s,-n),"^"(x,n),"^"(e,-n))): 3
CLASS 3 FLIP (after case fold) shape mma-first "*"(n,"^"(s,e),"^"(s,-n),"^"(s,-n),"^"(x,n),"^"(e,e),Ei(e)) -> maxima-first -("*"(n,"^"(s,-n),"^"(s,-n),"^"(x,n),"^"(e,-n))): 3
CLASS 3 FIRST-DIS shape mma-first "*"("^"(s,n),"^"(s,n),"^"(s,n)) -> maxima-first -("*"(s,s,s,s,"+"(e,e))): 33
CLASS 3 FIRST-DIS shape mma-first "*"("^"(e,n),s) -> maxima-first "*"("^"(s,n),s): 20
CLASS 3 FIRST-DIS shape mma-first -("*"("^"(e,n),s)) -> maxima-first "*"("^"(s,n),s): 20
CLASS 3 FIRST-DIS shape mma-first -("*"(s,"^"(s,n),"^"(x,n))) -> maxima-first "^"(s,n): 12
CLASS 3 FIRST-DIS shape mma-first "*"("^"(e,n),x) -> maxima-first "^"(s,n): 10
CLASS 3 FIRST-DIS shape mma-first -("*"("^"(e,n),x)) -> maxima-first "^"(s,n): 10
CLASS 3 FIRST-DIS shape mma-first "*"("^"(s,n),x) -> maxima-first "^"(-("^"(e,n)),n): 10
CLASS 3 FIRST-DIS shape mma-first -("*"("^"(s,n),x)) -> maxima-first "^"(-("^"(e,n)),n): 10
CLASS 3 FIRST-DIS shape mma-first "*"("^"(s,-n),log(e),log(e)) -> maxima-first -("*"(polylog(n,e),"^"(s,-n),s)): 8
CLASS 3 FIRST-DIS shape mma-first -("*"("^"(e,n),"^"(x,n))) -> maxima-first "^"(s,n): 8
CLASS 3 FIRST-DIS shape mma-first "*"("^"(e,n),"^"(x,n)) -> maxima-first "^"(s,n): 8
CLASS 3 FIRST-DIS shape mma-first "*"("^"(s,-n),log(e),"+"(s,e)) -> maxima-first "*"(polylog(n,e),s,"^"(s,-n),s): 7
CLASS 3 FIRST-DIS shape mma-first -("*"("^"(s,-n),log(e),"^"(e,n))) -> maxima-first "*"(n,polylog(n,e),"^"(s,n),"^"(s,-n),"^"(s,n)): 6
CLASS 3 FIRST-DIS shape mma-first "*"("^"(s,n),"^"(s,n),"^"(s,n)) -> maxima-first -("*"(n,s,s,s,s,"+"(e,e))): 6
CLASS 3 FIRST-DIS shape mma-first "*"(n,"^"(s,n),"^"(s,n),"^"(s,n)) -> maxima-first -("*"(n,s,s,s,s,"+"(e,e))): 6
FLIP 3:8:41 3 Logarithms/3.5 Logarithm functions.mac  [-(e*x),d*sqrt(-(e/d))] | [d*sqrt(-(e/d)),-(e*x)] 
FLIP 3:8:99 3 Logarithms/3.5 Logarithm functions.mac  [-%i,-(2*%i*x),sqrt(3)] | [sqrt(3),-%i,-(2*%i*x)] 
FLIP 3:7:247 3 Logarithms/3.4 u (a+b log(c (d+e x^m)^n))^p.mac  [-(sqrt(-a)*x),sqrt(b)] | [sqrt(b),-(sqrt(-a)*x)] 
FLIP 3:7:265 3 Logarithms/3.4 u (a+b log(c (d+e x^m)^n))^p.mac  [-(sqrt(-d)*x),sqrt(e)] | [sqrt(e),-(sqrt(-d)*x)] 
FLIP 3:6:309 3 Logarithms/3.3 u (a+b log(c (d+e x)^n))^p.mac  [-(sqrt(-c)*x),sqrt(d)] | [sqrt(d),-(sqrt(-c)*x)] 
FLIP 3:8:45 3 Logarithms/3.5 Logarithm functions.mac  [-(e*x),sqrt(d)*sqrt(-e)] | [sqrt(d)*sqrt(-e),-(e*x)] 
FLIP 3:7:188 3 Logarithms/3.4 u (a+b log(c (d+e x^m)^n))^p.mac  [-(sqrt(-a)*e),sqrt(b)*d] | [sqrt(b)*d,-(sqrt(-a)*e)] 
FLIP 3:7:373 3 Logarithms/3.4 u (a+b log(c (d+e x^m)^n))^p.mac  [-(sqrt(-f)*x^n),sqrt(g)] | [sqrt(g),-(sqrt(-f)*x^n)] 
FLIP 3:7:397 3 Logarithms/3.4 u (a+b log(c (d+e x^m)^n))^p.mac  [-(sqrt(-a)*d),sqrt(b)*c] | [sqrt(b)*c,-(sqrt(-a)*d)] 
FLIP 3:6:293 3 Logarithms/3.3 u (a+b log(c (d+e x)^n))^p.mac  [b^(1/4)*x,sqrt(-sqrt(-a))] | [sqrt(-sqrt(-a)),b^(1/4)*x] 
FLIP 3:7:266 3 Logarithms/3.4 u (a+b log(c (d+e x^m)^n))^p.mac  [d*g^(1/4),e*sqrt(-sqrt(-f))] | [e*sqrt(-sqrt(-f)),d*g^(1/4)] 
FLIP 3:7:267 3 Logarithms/3.4 u (a+b log(c (d+e x^m)^n))^p.mac  [e*g^(1/4),d*sqrt(-sqrt(-f))] | [d*sqrt(-sqrt(-f)),e*g^(1/4)] 
FLIP 3:8:274 3 Logarithms/3.5 Logarithm functions.mac  [x*log(-(x/(x+1))),-log(x+1)] | [-log(x+1),x*log(-(x/(x+1)))] 
FLIP 3:7:528 3 Logarithms/3.4 u (a+b log(c (d+e x^m)^n))^p.mac  [-(sqrt(-d)*x^(1/3)),sqrt(e)] | [sqrt(e),-(sqrt(-d)*x^(1/3))] 
FLIP 3:7:521 3 Logarithms/3.4 u (a+b log(c (d+e x^m)^n))^p.mac  [-(%i*sqrt(d)*x^(1/3)),sqrt(e)] | [sqrt(e),-(%i*sqrt(d)*x^(1/3))] 
FLIP 3:6:81 3 Logarithms/3.3 u (a+b log(c (d+e x)^n))^p.mac  [a*log(x),-(polylog(2,-(e*x))*b)] | [-(polylog(2,-(e*x))*b),a*log(x)] 
FLIP 3:7:266 3 Logarithms/3.4 u (a+b log(c (d+e x^m)^n))^p.mac  [g^(1/4)*sqrt(x),sqrt(-sqrt(-f))] | [sqrt(-sqrt(-f)),g^(1/4)*sqrt(x)] 
FLIP 3:6:72 3 Logarithms/3.3 u (a+b log(c (d+e x)^n))^p.mac  [a*log(x),-(polylog(2,-(c*e*x))*b)] | [-(polylog(2,-(c*e*x))*b),a*log(x)] 
FLIP 3:8:231 3 Logarithms/3.5 Logarithm functions.mac  [x*log(sqrt(x^2+1)+x),-sqrt(x^2+1)] | [-sqrt(x^2+1),x*log(sqrt(x^2+1)+x)] 
FLIP 3:8:232 3 Logarithms/3.5 Logarithm functions.mac  [x*log(sqrt(x^2-1)+x),-sqrt(x^2-1)] | [-sqrt(x^2-1),x*log(sqrt(x^2-1)+x)] 
FLIP 3:8:283 3 Logarithms/3.5 Logarithm functions.mac  [-((b*n*x^(n+1))/(n+1)),x*(b*x^n+a)] | [x*(b*x^n+a),-((b*n*x^(n+1))/(n+1))] 
FLIP 3:7:291 3 Logarithms/3.4 u (a+b log(c (d+e x^m)^n))^p.mac  [-(sqrt(-d)*g^(1/3)),sqrt(e)*f^(1/3)] | [sqrt(e)*f^(1/3),-(sqrt(-d)*g^(1/3))] 
FLIP 3:6:73 3 Logarithms/3.3 u (a+b log(c (d+e x)^n))^p.mac  [log(3)*log(x),-polylog(2,-((e*x)/3))] | [-polylog(2,-((e*x)/3)),log(3)*log(x)] 
FLIP 3:6:74 3 Logarithms/3.3 u (a+b log(c (d+e x)^n))^p.mac  [log(2)*log(x),-polylog(2,-((e*x)/2))] | [-polylog(2,-((e*x)/2)),log(2)*log(x)] 
FLIP 3:0:29 3 Logarithms/3.1.2 (d x)^m (a+b log(c x^n))^p.mac  [(4*Ei(4*log(c*x)))/c^4,-(x^4/log(c*x))] | [-(x^4/log(c*x)),(4*Ei(4*log(c*x)))/c^4] 
FLIP 3:0:30 3 Logarithms/3.1.2 (d x)^m (a+b log(c x^n))^p.mac  [(3*Ei(3*log(c*x)))/c^3,-(x^3/log(c*x))] | [-(x^3/log(c*x)),(3*Ei(3*log(c*x)))/c^3] 
FLIP 3:0:31 3 Logarithms/3.1.2 (d x)^m (a+b log(c x^n))^p.mac  [(2*Ei(2*log(c*x)))/c^2,-(x^2/log(c*x))] | [-(x^2/log(c*x)),(2*Ei(2*log(c*x)))/c^2] 
FLIP 3:8:137 3 Logarithms/3.5 Logarithm functions.mac  [-((2^(2/3)*log(6*x))/3^(1/6)),1/sqrt(3)] | [1/sqrt(3),-((2^(2/3)*log(6*x))/3^(1/6))] 
FLIP 3:8:189 3 Logarithms/3.5 Logarithm functions.mac  [atanh(sin(x)),-sin(x),sin(x)*log(cos(x))] | [-sin(x),sin(x)*log(cos(x)),atanh(sin(x))] 
FLIP 3:2:205 3 Logarithms/3.1.5 u (a+b log(c x^n))^p.mac  [polylog(n+1,a*x)*log(x),-polylog(n+2,a*x)] | [-polylog(n+2,a*x),polylog(n+1,a*x)*log(x)] 
T14 3:0:120 [1/4,(a*x^n)^(2/n),erf((sqrt(2)*sqrt(log(a*x^n)))/sqrt(n)),sqrt(%pi)/sqrt(2),sqrt(n)] | (sqrt(%pi)*sqrt(n)*(a*x^n)^(2/n)*erf((sqrt(2)*sqrt(log(a*x^n)))/sqrt(n)))/2^(5/2) 
T14 3:0:137 [2,x^2,erfi((sqrt(2)*sqrt(log(a*x^n)))/sqrt(n)),sqrt(2)*sqrt(%pi)] | 2^(3/2)*sqrt(%pi)*x^2*erfi((sqrt(2)*sqrt(log(a*x^n)))/sqrt(n)) 
T14 3:1:125 [1/2,d,e,x^2,erfi((sqrt(2)*sqrt(b*log(c*x^n)+a))/(sqrt(b)*sqrt(n))),sqrt(%pi)/sqrt(2),sqrt(b),sqrt(n)] | (sqrt(%pi)*sqrt(b)*d*e*sqrt(n)*x^2*erfi((sqrt(2)*sqrt(b*log(c*x^n)+a))/(sqrt(b)*sqrt(n))))/2^(3/2) 
T14 3:6:105 [1/2,g,e*f-d*g,(e*x+d)^2,erfi((sqrt(2)*sqrt(b*log(c*(e*x+d)^n)+a))/(sqrt(b)*sqrt(n))),sqrt(%pi)/sqrt(2),sqrt(b),sqrt(n)] | (sqrt(%pi)*sqrt(b)*g*(e*f-d*g)*sqrt(n)*(e*x+d)^2*erfi((sqrt(2)*sqrt(b*log(c*(e*x+d)^n)+a))/(sqrt(b)*sqrt(n))))/2^(3/2) 
T14 3:6:129 [4,g,e*f-d*g,(e*x+d)^2,erfi((sqrt(2)*sqrt(b*log(c*(e*x+d)^n)+a))/(sqrt(b)*sqrt(n))),sqrt(2)*sqrt(%pi)] | 2^(5/2)*sqrt(%pi)*g*(e*f-d*g)*(e*x+d)^2*erfi((sqrt(2)*sqrt(b*log(c*(e*x+d)^n)+a))/(sqrt(b)*sqrt(n))) 
T14 3:6:130 [2,g,(e*x+d)^2,erfi((sqrt(2)*sqrt(b*log(c*(e*x+d)^n)+a))/(sqrt(b)*sqrt(n))),sqrt(2)*sqrt(%pi)] | 2^(3/2)*sqrt(%pi)*g*(e*x+d)^2*erfi((sqrt(2)*sqrt(b*log(c*(e*x+d)^n)+a))/(sqrt(b)*sqrt(n))) 
T14 3:6:133 [8,g,(e*f-d*g)^2,(e*x+d)^2,erfi((sqrt(2)*sqrt(b*log(c*(e*x+d)^n)+a))/(sqrt(b)*sqrt(n))),sqrt(2)*sqrt(%pi)] | 2^(7/2)*sqrt(%pi)*g*(e*f-d*g)^2*(e*x+d)^2*erfi((sqrt(2)*sqrt(b*log(c*(e*x+d)^n)+a))/(sqrt(b)*sqrt(n))) 
T14 3:8:108 [2,sqrt(2),sqrt(x)] | 2^(3/2)*sqrt(x) 
T14 3:8:109 [2,sqrt(2),sqrt(x)] | 2^(3/2)*sqrt(x) 
T14 3:8:110 [2,sqrt(2),sqrt(x)] | 2^(3/2)*sqrt(x) 
ANSWER-ERROR 3:1:324 3 Logarithms/3.1.4 (f x)^m (d+e x^r)^q (a+b log(c x^n))^p.mac
ANSWER-ERROR 3:1:325 3 Logarithms/3.1.4 (f x)^m (d+e x^r)^q (a+b log(c x^n))^p.mac
ANSWER-ERROR 3:1:326 3 Logarithms/3.1.4 (f x)^m (d+e x^r)^q (a+b log(c x^n))^p.mac
ANSWER-ERROR 3:8:153 3 Logarithms/3.5 Logarithm functions.mac
ANSWER-ERROR 3:8:181 3 Logarithms/3.5 Logarithm functions.mac
ANSWER-ERROR 3:7:133 3 Logarithms/3.4 u (a+b log(c (d+e x^m)^n))^p.mac
ANSWER-ERROR 3:7:134 3 Logarithms/3.4 u (a+b log(c (d+e x^m)^n))^p.mac
ANSWER-ERROR 3:7:135 3 Logarithms/3.4 u (a+b log(c (d+e x^m)^n))^p.mac
ANSWER-ERROR 3:7:136 3 Logarithms/3.4 u (a+b log(c (d+e x^m)^n))^p.mac
ANSWER-ERROR 3:7:137 3 Logarithms/3.4 u (a+b log(c (d+e x^m)^n))^p.mac
=== done
