=== probes/matcher/16-seen-guard-trace  2026-09-15 11:49 UTC
maxima: Maxima-version: "branch_5_50_base_84_g4204fb669"
maxima: Maxima build date: "2026-08-31 13:27:47"
maxima: Lisp implementation type: "SBCL"
maxima: Lisp implementation version: "2.6.7"
git HEAD: 560b4a51b860688a01fa8a29263fd525e82832f2  (tracked runtime sources vs HEAD: clean)
core fixed: /home/serge/src/maxima-rubi/test/mr_rules.core  fingerprint b98e4748784738cb78f0163a97d4cf5f  git_rev 0611bd42b5b99bb07b083e734d3471ff5a0ae66b
core p0:    /tmp/mr-p0-tree/test/mr_rules.core  fingerprint 5ef9b3bc5ee07ffac0e76f1fea54fbac  git_rev 0a6664c568c53b1b644da6411876b55d3a64111c
driver switches: {'mr_flat_wide': 'false', 'mr_cond_retry': 'true', 'mr_model_flags': 'true'}   cap 30 s, 8 workers, stdin /dev/null
instrumentation: HEAD %mr_top_body / P0 0a6664c mr_top + %mr_hybrid_body, patched at asserted anchors; %mr_seenp checked equal (normalized) in both trees; fixed sha1 6a49bc9317f2, p0 sha1 ff746b20462e
arms: trace = fixed core, seen test as HEAD; exact-only = fixed core, %mr_seenp exact member only (DIAGNOSTIC ARM, NOT A PROPOSED FIX); p0 = P0 core, seen test as P0.
call line: #id d=<nesting depth> dl=<depth_level> <entry kind> fb seenlen=<length(%mr_seen) at entry> seen=<via>@#<matched call>(live=<matched call still on the path>) out=<rule[@pass] | fall-through:<branch>> owner=<parent's next rule-outcome line: the rule attempt that made the call>

--- c2 g1 2 Exponentials/2.3 Exponential functions.mac e202 (eq)
  [trace] class=deferred t=0.5s L233 returned=yes t=0.472007 calls=2 ratsimp-hits=1 exact-hits=0 unexited=0 misfire/fault-lines=0 top=2_3_r34
    fires=2_3_r34
    answer sha1=ed889caff538 'integrate((f^(c*(b*x+a)^3)*(b*x+a)^2)/b^2-(2*a*f^(c*(b*x+a)^3)*(b*x+a))/b^2+(a^2*f^(c*(b*x+a)^3))/b^2,x)
    #1 d=1 dl=1 seenp fb=false seenlen=0 seen=- out=2_3_r34 owner=- f=f^(c*(b*x+a)^3)*x^2
    #2 d=2 dl=2 seenp fb=true seenlen=1 seen=ratsimp@#1(idx1,live=yes) out=fall-through:seen-hit owner=2_3_r34:fired f=(f^(c*(b*x+a)^3)*(b*x+a)^2)/b^2-(2*a*f^(c*(b*x+a)^3)*(b*x+a))/b^2+(a^2*f^(c*(b*x+a)^3))/b^2
        matched elem=f^(c*(b*x+a)^3)*x^2
  [exact-only] class=verified t=2.9s L233 returned=yes t=2.922047 calls=10 ratsimp-hits=0 exact-hits=0 unexited=0 misfire/fault-lines=0 top=2_3_r34
    fires=2_3_r16,1_4_1_r18,2_3_r26,9_1_r12,1_4_1_r18,1_4_1_r18,2_3_r15,9_1_r12,1_4_1_r7,2_3_r34
    answer sha1=0a95bcd4a59f -((gamma_incomplete(1/3,-(c*log(f)*(b*x+a)^3))*a^2*(b*x+a))/(3*b^3*(-(c*log(f)*(b*x+a)^3))^(1/3)))+(2*gamma_incomplete(2/3,-(c*log(f)*(b*x+a)^3))*a*b*(x/b+a/b^2...
    #1 d=1 dl=1 seenp fb=false seenlen=0 seen=- out=2_3_r34 owner=- f=f^(c*(b*x+a)^3)*x^2
    #2 d=2 dl=2 seenp fb=true seenlen=1 seen=- out=1_4_1_r7 owner=2_3_r34:fired f=(f^(c*(b*x+a)^3)*(b*x+a)^2)/b^2-(2*a*f^(c*(b*x+a)^3)*(b*x+a))/b^2+(a^2*f^(c*(b*x+a)^3))/b^2
    #3 d=3 dl=3 seenp fb=true seenlen=2 seen=- out=1_4_1_r18 owner=1_4_1_r7:fired f=(f^(c*(b*x+a)^3)*(b*x+a)^2)/b^2
    #4 d=4 dl=4 seenp fb=true seenlen=3 seen=- out=2_3_r16 owner=1_4_1_r18:fired f=f^(c*(b*x+a)^3)*(x+a/b)^2
    #5 d=3 dl=3 seenp fb=true seenlen=2 seen=- out=1_4_1_r18 owner=1_4_1_r7:fired f=(2*a*f^(c*(b*x+a)^3)*(b*x+a))/b^2
    #6 d=4 dl=4 seenp fb=true seenlen=3 seen=- out=1_4_1_r18 owner=1_4_1_r18:fired f=(2*a*f^(c*(b*x+a)^3)*(x+a/b))/b
    #7 d=5 dl=5 seenp fb=true seenlen=4 seen=- out=9_1_r12 owner=1_4_1_r18:fired f=2*a*f^(c*(b*x+a)^3)*(x/b+a/b^2)
    #8 d=6 dl=6 exact fb=true seenlen=5 seen=- out=2_3_r26 owner=9_1_r12:fired f=f^(c*(b*x+a)^3)*(x/b+a/b^2)
    #9 d=3 dl=3 seenp fb=true seenlen=2 seen=- out=9_1_r12 owner=1_4_1_r7:fired f=(a^2*f^(c*(b*x+a)^3))/b^2
    #10 d=4 dl=4 exact fb=true seenlen=3 seen=- out=2_3_r15 owner=9_1_r12:fired f=f^(c*(b*x+a)^3)
  [p0] class=verified t=10.7s L233 returned=yes t=10.704169 calls=6 ratsimp-hits=0 exact-hits=0 unexited=0 misfire/fault-lines=0 top=2_3_r34@pass2
    fires=2_3_r15,1_4_1_r29,1_4_1_r7,2_3_r34
    answer sha1=05f5e6b0ebd3 -((2*a*'integrate(f^(c*(b*x+a)^3)*(b*x+a),x))/b^2)+(gamma_incomplete(1/3,-(c*log(f)*(b*x+a)^3))*a^2)/(3*b^3*c^(1/3)*log(f)^(1/3))+f^(c*(b*x+a)^3)/(3*b^3*c*log(f...
    #1 d=1 dl=1 p0-mr_top fb=false seenlen=0 seen=- out=2_3_r34@pass2 owner=- f=f^(c*(b*x+a)^3)*x^2
    #2 d=2 dl=1 p0-mr_top fb=true seenlen=0 seen=- out=1_4_1_r7@pass1 owner=2_3_r34:fired f=(f^(c*(b*x+a)^3)*(b*x+a)^2)/b^2-(2*a*f^(c*(b*x+a)^3)*(b*x+a))/b^2+(a^2*f^(c*(b*x+a)^3))/b^2
    #3 d=3 dl=2 p0-mr_top fb=true seenlen=1 seen=- out=fall-through:nofire owner=1_4_1_r7:fired f=(f^(c*(b*x+a)^3)*(b*x+a)^2)/b^2
    #4 d=3 dl=2 p0-mr_top fb=true seenlen=1 seen=- out=fall-through:nofire owner=1_4_1_r7:fired f=(2*a*f^(c*(b*x+a)^3)*(b*x+a))/b^2
    #5 d=3 dl=2 p0-mr_top fb=true seenlen=1 seen=- out=1_4_1_r29@pass1 owner=1_4_1_r7:fired f=(a^2*f^(c*(b*x+a)^3))/b^2
    #6 d=4 dl=3 p0-mr_top fb=true seenlen=2 seen=- out=2_3_r15@pass1 owner=1_4_1_r29:fired f=f^(c*(b*x+a)^3)

--- c2 g1 2 Exponentials/2.3 Exponential functions.mac e247 (eq)
  [trace] class=deferred t=0.4s L284 returned=yes t=0.362005 calls=2 ratsimp-hits=1 exact-hits=0 unexited=0 misfire/fault-lines=0 top=2_3_r34
    fires=2_3_r34
    answer sha1=4d4655a1f388 'integrate((f^(c*(b*x+a)^n)*(b*x+a)^3)/b^3-(3*a*f^(c*(b*x+a)^n)*(b*x+a)^2)/b^3+(3*a^2*f^(c*(b*x+a)^n)*(b*x+a))/b^3-(a^3*f^(c*(b*x+a)^n))/b^3,x)
    #1 d=1 dl=1 seenp fb=false seenlen=0 seen=- out=2_3_r34 owner=- f=f^(c*(b*x+a)^n)*x^3
    #2 d=2 dl=2 seenp fb=true seenlen=1 seen=ratsimp@#1(idx1,live=yes) out=fall-through:seen-hit owner=2_3_r34:fired f=(f^(c*(b*x+a)^n)*(b*x+a)^3)/b^3-(3*a*f^(c*(b*x+a)^n)*(b*x+a)^2)/b^3+(3*a^2*f^(c*(b*x+a)^n)*(b*x+a))/b^3-(a^3*f...
        matched elem=f^(c*(b*x+a)^n)*x^3
  [exact-only] class=verified t=3.7s L284 returned=yes t=3.720059 calls=13 ratsimp-hits=0 exact-hits=1 unexited=0 misfire/fault-lines=0 top=2_3_r34
    fires=2_3_r26,1_4_1_r18,1_4_1_r18,2_3_r26,9_1_r12,1_4_1_r18,1_4_1_r18,1_4_1_r18,2_3_r15,9_1_r12,1_4_1_r7,2_3_r34
    answer sha1=78fb4b6f007a -((3*a*'integrate(f^(c*(b*x+a)^n)*(b*x+a)^2,x))/b^3)+(a^3*gamma_incomplete(1/n,-(c*log(f)*(b*x+a)^n))*(b*x+a))/(b^4*n*(-(c*log(f)*(b*x+a)^n))^(1/n))-(3*a^2*b^2*...
    #1 d=1 dl=1 seenp fb=false seenlen=0 seen=- out=2_3_r34 owner=- f=f^(c*(b*x+a)^n)*x^3
    #2 d=2 dl=2 seenp fb=true seenlen=1 seen=- out=1_4_1_r7 owner=2_3_r34:fired f=(f^(c*(b*x+a)^n)*(b*x+a)^3)/b^3-(3*a*f^(c*(b*x+a)^n)*(b*x+a)^2)/b^3+(3*a^2*f^(c*(b*x+a)^n)*(b*x+a))/b^3-(a^3*f...
    #3 d=3 dl=3 seenp fb=true seenlen=2 seen=- out=1_4_1_r18 owner=1_4_1_r7:fired f=(f^(c*(b*x+a)^n)*(b*x+a)^3)/b^3
    #4 d=4 dl=4 seenp fb=true seenlen=3 seen=- out=2_3_r26 owner=1_4_1_r18:fired f=f^(c*(b*x+a)^n)*(x+a/b)^3
    #5 d=3 dl=3 seenp fb=true seenlen=2 seen=- out=1_4_1_r18 owner=1_4_1_r7:fired f=(3*a*f^(c*(b*x+a)^n)*(b*x+a)^2)/b^3
    #6 d=4 dl=4 seenp fb=true seenlen=3 seen=exact@#5(idx1,live=yes) out=fall-through:seen-hit owner=1_4_1_r18:fired f=(3*a*f^(c*(b*x+a)^n)*(b*x+a)^2)/b^3
        matched elem=(3*a*f^(c*(b*x+a)^n)*(b*x+a)^2)/b^3
    #7 d=3 dl=3 seenp fb=true seenlen=2 seen=- out=1_4_1_r18 owner=1_4_1_r7:fired f=(3*a^2*f^(c*(b*x+a)^n)*(b*x+a))/b^3
    #8 d=4 dl=4 seenp fb=true seenlen=3 seen=- out=1_4_1_r18 owner=1_4_1_r18:fired f=(3*a^2*f^(c*(b*x+a)^n)*(x+a/b))/b^2
    #9 d=5 dl=5 seenp fb=true seenlen=4 seen=- out=1_4_1_r18 owner=1_4_1_r18:fired f=(3*a^2*f^(c*(b*x+a)^n)*(x/b+a/b^2))/b
    #10 d=6 dl=6 seenp fb=true seenlen=5 seen=- out=9_1_r12 owner=1_4_1_r18:fired f=3*a^2*f^(c*(b*x+a)^n)*(x/b^2+a/b^3)
    #11 d=7 dl=7 exact fb=true seenlen=6 seen=- out=2_3_r26 owner=9_1_r12:fired f=f^(c*(b*x+a)^n)*(x/b^2+a/b^3)
    #12 d=3 dl=3 seenp fb=true seenlen=2 seen=- out=9_1_r12 owner=1_4_1_r7:fired f=(a^3*f^(c*(b*x+a)^n))/b^3
    #13 d=4 dl=4 exact fb=true seenlen=3 seen=- out=2_3_r15 owner=9_1_r12:fired f=f^(c*(b*x+a)^n)
  [p0] class=verified t=13.6s L284 returned=yes t=13.549213 calls=8 ratsimp-hits=0 exact-hits=0 unexited=0 misfire/fault-lines=0 top=2_3_r34@pass2
    fires=1_4_1_r29,2_3_r15,1_4_1_r29,1_4_1_r7,2_3_r34
    answer sha1=c09e063fc9fa ('integrate(f^(c*(b*x+a)^n)*(b*x+a)^3,x))/b^3-(3*a*'integrate(f^(c*(b*x+a)^n)*(b*x+a)^2,x))/b^3+(3*a^2*'integrate(f^(c*(b*x+a)^n)*(b*x+a),x))/b^3+(a^3*gamma_inc...
    #1 d=1 dl=1 p0-mr_top fb=false seenlen=0 seen=- out=2_3_r34@pass2 owner=- f=f^(c*(b*x+a)^n)*x^3
    #2 d=2 dl=1 p0-mr_top fb=true seenlen=0 seen=- out=1_4_1_r7@pass1 owner=2_3_r34:fired f=(f^(c*(b*x+a)^n)*(b*x+a)^3)/b^3-(3*a*f^(c*(b*x+a)^n)*(b*x+a)^2)/b^3+(3*a^2*f^(c*(b*x+a)^n)*(b*x+a))/b^3-(a^3*f...
    #3 d=3 dl=2 p0-mr_top fb=true seenlen=1 seen=- out=fall-through:nofire owner=1_4_1_r7:fired f=(f^(c*(b*x+a)^n)*(b*x+a)^3)/b^3
    #4 d=3 dl=2 p0-mr_top fb=true seenlen=1 seen=- out=fall-through:nofire owner=1_4_1_r7:fired f=(3*a*f^(c*(b*x+a)^n)*(b*x+a)^2)/b^3
    #5 d=3 dl=2 p0-mr_top fb=true seenlen=1 seen=- out=1_4_1_r29@pass1 owner=1_4_1_r7:fired f=(3*a^2*f^(c*(b*x+a)^n)*(b*x+a))/b^3
    #6 d=4 dl=3 p0-mr_top fb=true seenlen=2 seen=- out=fall-through:nofire owner=1_4_1_r29:fired f=(3*f^(c*(b*x+a)^n)*(b*x+a))/b
    #7 d=3 dl=2 p0-mr_top fb=true seenlen=1 seen=- out=1_4_1_r29@pass1 owner=1_4_1_r7:fired f=(a^3*f^(c*(b*x+a)^n))/b^3
    #8 d=4 dl=3 p0-mr_top fb=true seenlen=2 seen=- out=2_3_r15@pass1 owner=1_4_1_r29:fired f=f^(c*(b*x+a)^n)

--- c2 g1 2 Exponentials/2.3 Exponential functions.mac e248 (eq)
  [trace] class=deferred t=0.4s L285 returned=yes t=0.359005 calls=2 ratsimp-hits=1 exact-hits=0 unexited=0 misfire/fault-lines=0 top=2_3_r34
    fires=2_3_r34
    answer sha1=c733d480590f 'integrate((f^(c*(b*x+a)^n)*(b*x+a)^2)/b^2-(2*a*f^(c*(b*x+a)^n)*(b*x+a))/b^2+(a^2*f^(c*(b*x+a)^n))/b^2,x)
    #1 d=1 dl=1 seenp fb=false seenlen=0 seen=- out=2_3_r34 owner=- f=f^(c*(b*x+a)^n)*x^2
    #2 d=2 dl=2 seenp fb=true seenlen=1 seen=ratsimp@#1(idx1,live=yes) out=fall-through:seen-hit owner=2_3_r34:fired f=(f^(c*(b*x+a)^n)*(b*x+a)^2)/b^2-(2*a*f^(c*(b*x+a)^n)*(b*x+a))/b^2+(a^2*f^(c*(b*x+a)^n))/b^2
        matched elem=f^(c*(b*x+a)^n)*x^2
  [exact-only] class=verified t=3.0s L285 returned=yes t=2.948047 calls=10 ratsimp-hits=0 exact-hits=0 unexited=0 misfire/fault-lines=0 top=2_3_r34
    fires=2_3_r26,1_4_1_r18,2_3_r26,9_1_r12,1_4_1_r18,1_4_1_r18,2_3_r15,9_1_r12,1_4_1_r7,2_3_r34
    answer sha1=e75927d52383 -((a^2*gamma_incomplete(1/n,-(c*log(f)*(b*x+a)^n))*(b*x+a))/(b^3*n*(-(c*log(f)*(b*x+a)^n))^(1/n)))+(2*a*b*gamma_incomplete(2/n,-(c*log(f)*(b*x+a)^n))*(x/b+a/b^2...
    #1 d=1 dl=1 seenp fb=false seenlen=0 seen=- out=2_3_r34 owner=- f=f^(c*(b*x+a)^n)*x^2
    #2 d=2 dl=2 seenp fb=true seenlen=1 seen=- out=1_4_1_r7 owner=2_3_r34:fired f=(f^(c*(b*x+a)^n)*(b*x+a)^2)/b^2-(2*a*f^(c*(b*x+a)^n)*(b*x+a))/b^2+(a^2*f^(c*(b*x+a)^n))/b^2
    #3 d=3 dl=3 seenp fb=true seenlen=2 seen=- out=1_4_1_r18 owner=1_4_1_r7:fired f=(f^(c*(b*x+a)^n)*(b*x+a)^2)/b^2
    #4 d=4 dl=4 seenp fb=true seenlen=3 seen=- out=2_3_r26 owner=1_4_1_r18:fired f=f^(c*(b*x+a)^n)*(x+a/b)^2
    #5 d=3 dl=3 seenp fb=true seenlen=2 seen=- out=1_4_1_r18 owner=1_4_1_r7:fired f=(2*a*f^(c*(b*x+a)^n)*(b*x+a))/b^2
    #6 d=4 dl=4 seenp fb=true seenlen=3 seen=- out=1_4_1_r18 owner=1_4_1_r18:fired f=(2*a*f^(c*(b*x+a)^n)*(x+a/b))/b
    #7 d=5 dl=5 seenp fb=true seenlen=4 seen=- out=9_1_r12 owner=1_4_1_r18:fired f=2*a*f^(c*(b*x+a)^n)*(x/b+a/b^2)
    #8 d=6 dl=6 exact fb=true seenlen=5 seen=- out=2_3_r26 owner=9_1_r12:fired f=f^(c*(b*x+a)^n)*(x/b+a/b^2)
    #9 d=3 dl=3 seenp fb=true seenlen=2 seen=- out=9_1_r12 owner=1_4_1_r7:fired f=(a^2*f^(c*(b*x+a)^n))/b^2
    #10 d=4 dl=4 exact fb=true seenlen=3 seen=- out=2_3_r15 owner=9_1_r12:fired f=f^(c*(b*x+a)^n)
  [p0] class=verified t=10.5s L285 returned=yes t=10.515166 calls=6 ratsimp-hits=0 exact-hits=0 unexited=0 misfire/fault-lines=0 top=2_3_r34@pass2
    fires=2_3_r15,1_4_1_r29,1_4_1_r7,2_3_r34
    answer sha1=1cfc55c382ef ('integrate(f^(c*(b*x+a)^n)*(b*x+a)^2,x))/b^2-(2*a*'integrate(f^(c*(b*x+a)^n)*(b*x+a),x))/b^2-(a^2*gamma_incomplete(1/n,-(c*log(f)*(b*x+a)^n))*(b*x+a))/(b^3*n*(...
    #1 d=1 dl=1 p0-mr_top fb=false seenlen=0 seen=- out=2_3_r34@pass2 owner=- f=f^(c*(b*x+a)^n)*x^2
    #2 d=2 dl=1 p0-mr_top fb=true seenlen=0 seen=- out=1_4_1_r7@pass1 owner=2_3_r34:fired f=(f^(c*(b*x+a)^n)*(b*x+a)^2)/b^2-(2*a*f^(c*(b*x+a)^n)*(b*x+a))/b^2+(a^2*f^(c*(b*x+a)^n))/b^2
    #3 d=3 dl=2 p0-mr_top fb=true seenlen=1 seen=- out=fall-through:nofire owner=1_4_1_r7:fired f=(f^(c*(b*x+a)^n)*(b*x+a)^2)/b^2
    #4 d=3 dl=2 p0-mr_top fb=true seenlen=1 seen=- out=fall-through:nofire owner=1_4_1_r7:fired f=(2*a*f^(c*(b*x+a)^n)*(b*x+a))/b^2
    #5 d=3 dl=2 p0-mr_top fb=true seenlen=1 seen=- out=1_4_1_r29@pass1 owner=1_4_1_r7:fired f=(a^2*f^(c*(b*x+a)^n))/b^2
    #6 d=4 dl=3 p0-mr_top fb=true seenlen=2 seen=- out=2_3_r15@pass1 owner=1_4_1_r29:fired f=f^(c*(b*x+a)^n)

--- c2 g1 2 Exponentials/2.3 Exponential functions.mac e391 (eq)
  [trace] class=deferred t=0.6s L440 returned=yes t=0.544009 calls=2 ratsimp-hits=1 exact-hits=0 unexited=0 misfire/fault-lines=0 top=2_3_r34
    fires=2_3_r34
    answer sha1=1cb336abf3f7 'integrate((%e^(e*(d*x+c)^3)*b^3*(d*x+c)^3)/d^3+(%e^(e*(d*x+c)^3)*(3*a*b^2*d-3*b^3*c)*(d*x+c)^2)/d^3+(%e^(e*(d*x+c)^3)*(3*a^2*b*d^2-6*a*b^2*c*d+3*b^3*c^2)*(d*x+...
    #1 d=1 dl=1 seenp fb=false seenlen=0 seen=- out=2_3_r34 owner=- f=%e^(e*(d*x+c)^3)*(b*x+a)^3
    #2 d=2 dl=2 seenp fb=true seenlen=1 seen=ratsimp@#1(idx1,live=yes) out=fall-through:seen-hit owner=2_3_r34:fired f=(%e^(e*(d*x+c)^3)*b^3*(d*x+c)^3)/d^3+(%e^(e*(d*x+c)^3)*(3*a*b^2*d-3*b^3*c)*(d*x+c)^2)/d^3+(%e^(e*(d*x+c)^3)*(3...
        matched elem=%e^(e*(d*x+c)^3)*(b*x+a)^3
  [exact-only] class=verified t=9.8s L440 returned=yes t=9.821155 calls=16 ratsimp-hits=0 exact-hits=1 unexited=0 misfire/fault-lines=0 top=2_3_r34
    fires=1_1_3_7_r46,1_4_1_r18,2_3_r16,9_1_r12,1_4_1_r18,1_4_1_r18,2_3_r26,9_1_r12,1_4_1_r18,1_4_1_r18,1_4_1_r18,2_3_r15,9_1_r12,1_4_1_r7,2_3_r34
    answer sha1=53d61ce2e00f (b^3*'integrate(%e^(d^3*e*x^3+3*c*d^2*e*x^2+3*c^2*d*e*x+c^3*e)*d^3*x^3+3*%e^(d^3*e*x^3+3*c*d^2*e*x^2+3*c^2*d*e*x+c^3*e)*c*d^2*x^2+3*%e^(d^3*e*x^3+3*c*d^2*e*x^2+...
    #1 d=1 dl=1 seenp fb=false seenlen=0 seen=- out=2_3_r34 owner=- f=%e^(e*(d*x+c)^3)*(b*x+a)^3
    #2 d=2 dl=2 seenp fb=true seenlen=1 seen=- out=1_4_1_r7 owner=2_3_r34:fired f=(%e^(e*(d*x+c)^3)*b^3*(d*x+c)^3)/d^3+(%e^(e*(d*x+c)^3)*(3*a*b^2*d-3*b^3*c)*(d*x+c)^2)/d^3+(%e^(e*(d*x+c)^3)*(3...
    #3 d=3 dl=3 seenp fb=true seenlen=2 seen=- out=1_4_1_r18 owner=1_4_1_r7:fired f=(%e^(e*(d*x+c)^3)*b^3*(d*x+c)^3)/d^3
    #4 d=4 dl=4 seenp fb=true seenlen=3 seen=- out=1_1_3_7_r46 owner=1_4_1_r18:fired f=%e^(e*(d*x+c)^3)*b^3*(x+c/d)^3
    #5 d=5 dl=5 seenp fb=true seenlen=4 seen=exact@#4(idx1,live=yes) out=fall-through:seen-hit owner=1_1_3_7_r46:fired f=%e^(e*(d*x+c)^3)*b^3*(x+c/d)^3
        matched elem=%e^(e*(d*x+c)^3)*b^3*(x+c/d)^3
    #6 d=3 dl=3 seenp fb=true seenlen=2 seen=- out=1_4_1_r18 owner=1_4_1_r7:fired f=(%e^(e*(d*x+c)^3)*(3*a*b^2*d-3*b^3*c)*(d*x+c)^2)/d^3
    #7 d=4 dl=4 seenp fb=true seenlen=3 seen=- out=1_4_1_r18 owner=1_4_1_r18:fired f=(%e^(e*(d*x+c)^3)*(3*a*b^2*d-3*b^3*c)*(x+c/d)^2)/d
    #8 d=5 dl=5 seenp fb=true seenlen=4 seen=- out=9_1_r12 owner=1_4_1_r18:fired f=%e^(e*(d*x+c)^3)*d*(3*a*b^2*d-3*b^3*c)*(x/d+c/d^2)^2
    #9 d=6 dl=6 exact fb=true seenlen=5 seen=- out=2_3_r16 owner=9_1_r12:fired f=%e^(e*(d*x+c)^3)*(x/d+c/d^2)^2
    #10 d=3 dl=3 seenp fb=true seenlen=2 seen=- out=1_4_1_r18 owner=1_4_1_r7:fired f=(%e^(e*(d*x+c)^3)*(3*a^2*b*d^2-6*a*b^2*c*d+3*b^3*c^2)*(d*x+c))/d^3
    #11 d=4 dl=4 seenp fb=true seenlen=3 seen=- out=1_4_1_r18 owner=1_4_1_r18:fired f=(%e^(e*(d*x+c)^3)*(3*a^2*b*d^2-6*a*b^2*c*d+3*b^3*c^2)*(x+c/d))/d^2
    #12 d=5 dl=5 seenp fb=true seenlen=4 seen=- out=1_4_1_r18 owner=1_4_1_r18:fired f=(%e^(e*(d*x+c)^3)*(3*a^2*b*d^2-6*a*b^2*c*d+3*b^3*c^2)*(x/d+c/d^2))/d
    #13 d=6 dl=6 seenp fb=true seenlen=5 seen=- out=9_1_r12 owner=1_4_1_r18:fired f=%e^(e*(d*x+c)^3)*(3*a^2*b*d^2-6*a*b^2*c*d+3*b^3*c^2)*(x/d^2+c/d^3)
    #14 d=7 dl=7 exact fb=true seenlen=6 seen=- out=2_3_r26 owner=9_1_r12:fired f=%e^(e*(d*x+c)^3)*(x/d^2+c/d^3)
    #15 d=3 dl=3 seenp fb=true seenlen=2 seen=- out=9_1_r12 owner=1_4_1_r7:fired f=(%e^(e*(d*x+c)^3)*(a^3*d^3-3*a^2*b*c*d^2+3*a*b^2*c^2*d-b^3*c^3))/d^3
    #16 d=4 dl=4 exact fb=true seenlen=3 seen=- out=2_3_r15 owner=9_1_r12:fired f=%e^(e*(d*x+c)^3)
  [p0] class=verified t=9.4s L440 returned=yes t=9.393148 calls=10 ratsimp-hits=0 exact-hits=4 unexited=0 misfire/fault-lines=0 top=2_3_r34@pass2
    fires=2_3_r34,2_3_r34,2_3_r34,2_3_r34,1_4_1_r7,2_3_r34
    answer sha1=88afb1f085da (b^3*'integrate(%e^(e*(d*x+c)^3)*(d*x+c)^3,x))/d^3+((3*a^2*b*d^2-6*a*b^2*c*d+3*b^3*c^2)*'integrate(%e^(e*(d*x+c)^3)*(d*x+c),x))/d^3+(%e^(e*(d*x+c)^3)*(3*a*b^2*d...
    #1 d=1 dl=1 p0-mr_top fb=false seenlen=0 seen=- out=2_3_r34@pass2 owner=- f=%e^(e*(d*x+c)^3)*(b*x+a)^3
    #2 d=2 dl=1 p0-mr_top fb=true seenlen=0 seen=- out=1_4_1_r7@pass1 owner=2_3_r34:fired f=(%e^(e*(d*x+c)^3)*b^3*(d*x+c)^3)/d^3+(%e^(e*(d*x+c)^3)*(3*a*b^2*d-3*b^3*c)*(d*x+c)^2)/d^3+(%e^(e*(d*x+c)^3)*(3...
    #3 d=3 dl=2 p0-mr_top fb=true seenlen=1 seen=- out=2_3_r34@pass1 owner=1_4_1_r7:fired f=(%e^(e*(d*x+c)^3)*b^3*(d*x+c)^3)/d^3
    #4 d=4 dl=3 p0-mr_top fb=true seenlen=2 seen=exact@#3(idx1,live=yes) out=fall-through:seen-hit owner=2_3_r34:fired f=(%e^(e*(d*x+c)^3)*b^3*(d*x+c)^3)/d^3
        matched elem=(%e^(e*(d*x+c)^3)*b^3*(d*x+c)^3)/d^3
    #5 d=3 dl=2 p0-mr_top fb=true seenlen=1 seen=- out=2_3_r34@pass1 owner=1_4_1_r7:fired f=(%e^(e*(d*x+c)^3)*(3*a*b^2*d-3*b^3*c)*(d*x+c)^2)/d^3
    #6 d=4 dl=3 p0-mr_top fb=true seenlen=2 seen=exact@#5(idx1,live=yes) out=fall-through:seen-hit owner=2_3_r34:fired f=(%e^(e*(d*x+c)^3)*(3*a*b^2*d-3*b^3*c)*(d*x+c)^2)/d^3
        matched elem=(%e^(e*(d*x+c)^3)*(3*a*b^2*d-3*b^3*c)*(d*x+c)^2)/d^3
    #7 d=3 dl=2 p0-mr_top fb=true seenlen=1 seen=- out=2_3_r34@pass1 owner=1_4_1_r7:fired f=(%e^(e*(d*x+c)^3)*(3*a^2*b*d^2-6*a*b^2*c*d+3*b^3*c^2)*(d*x+c))/d^3
    #8 d=4 dl=3 p0-mr_top fb=true seenlen=2 seen=exact@#7(idx1,live=yes) out=fall-through:seen-hit owner=2_3_r34:fired f=(%e^(e*(d*x+c)^3)*(3*a^2*b*d^2-6*a*b^2*c*d+3*b^3*c^2)*(d*x+c))/d^3
        matched elem=(%e^(e*(d*x+c)^3)*(3*a^2*b*d^2-6*a*b^2*c*d+3*b^3*c^2)*(d*x+c))/d^3
    #9 d=3 dl=2 p0-mr_top fb=true seenlen=1 seen=- out=2_3_r34@pass1 owner=1_4_1_r7:fired f=(%e^(e*(d*x+c)^3)*(a^3*d^3-3*a^2*b*c*d^2+3*a*b^2*c^2*d-b^3*c^3))/d^3
    #10 d=4 dl=3 p0-mr_top fb=true seenlen=2 seen=exact@#9(idx1,live=yes) out=fall-through:seen-hit owner=2_3_r34:fired f=(%e^(e*(d*x+c)^3)*(a^3*d^3-3*a^2*b*c*d^2+3*a*b^2*c^2*d-b^3*c^3))/d^3
        matched elem=(%e^(e*(d*x+c)^3)*(a^3*d^3-3*a^2*b*c*d^2+3*a*b^2*c^2*d-b^3*c^3))/d^3

--- c2 g1 2 Exponentials/2.3 Exponential functions.mac e392 (eq)
  [trace] class=deferred t=0.6s L441 returned=yes t=0.549008 calls=2 ratsimp-hits=1 exact-hits=0 unexited=0 misfire/fault-lines=0 top=2_3_r34
    fires=2_3_r34
    answer sha1=9555db5ffac1 'integrate((%e^(e*(d*x+c)^3)*b^2*(d*x+c)^2)/d^2+(%e^(e*(d*x+c)^3)*(2*a*b*d-2*b^2*c)*(d*x+c))/d^2+(%e^(e*(d*x+c)^3)*(a^2*d^2-2*a*b*c*d+b^2*c^2))/d^2,x)
    #1 d=1 dl=1 seenp fb=false seenlen=0 seen=- out=2_3_r34 owner=- f=%e^(e*(d*x+c)^3)*(b*x+a)^2
    #2 d=2 dl=2 seenp fb=true seenlen=1 seen=ratsimp@#1(idx1,live=yes) out=fall-through:seen-hit owner=2_3_r34:fired f=(%e^(e*(d*x+c)^3)*b^2*(d*x+c)^2)/d^2+(%e^(e*(d*x+c)^3)*(2*a*b*d-2*b^2*c)*(d*x+c))/d^2+(%e^(e*(d*x+c)^3)*(a^2*d...
        matched elem=%e^(e*(d*x+c)^3)*(b*x+a)^2
  [exact-only] class=verified t=4.9s L441 returned=yes t=4.856077 calls=11 ratsimp-hits=0 exact-hits=1 unexited=0 misfire/fault-lines=0 top=2_3_r34
    fires=1_1_3_7_r46,1_4_1_r18,2_3_r26,9_1_r12,1_4_1_r18,1_4_1_r18,2_3_r15,9_1_r12,1_4_1_r7,2_3_r34
    answer sha1=0f14b599ba01 -((gamma_incomplete(1/3,-(e*(d*x+c)^3))*(a^2*d^2-2*a*b*c*d+b^2*c^2)*(d*x+c))/(3*d^3*(-(e*(d*x+c)^3))^(1/3)))-(gamma_incomplete(2/3,-(e*(d*x+c)^3))*d*(2*a*b*d-2*...
    #1 d=1 dl=1 seenp fb=false seenlen=0 seen=- out=2_3_r34 owner=- f=%e^(e*(d*x+c)^3)*(b*x+a)^2
    #2 d=2 dl=2 seenp fb=true seenlen=1 seen=- out=1_4_1_r7 owner=2_3_r34:fired f=(%e^(e*(d*x+c)^3)*b^2*(d*x+c)^2)/d^2+(%e^(e*(d*x+c)^3)*(2*a*b*d-2*b^2*c)*(d*x+c))/d^2+(%e^(e*(d*x+c)^3)*(a^2*d...
    #3 d=3 dl=3 seenp fb=true seenlen=2 seen=- out=1_4_1_r18 owner=1_4_1_r7:fired f=(%e^(e*(d*x+c)^3)*b^2*(d*x+c)^2)/d^2
    #4 d=4 dl=4 seenp fb=true seenlen=3 seen=- out=1_1_3_7_r46 owner=1_4_1_r18:fired f=%e^(e*(d*x+c)^3)*b^2*(x+c/d)^2
    #5 d=5 dl=5 seenp fb=true seenlen=4 seen=exact@#4(idx1,live=yes) out=fall-through:seen-hit owner=1_1_3_7_r46:fired f=%e^(e*(d*x+c)^3)*b^2*(x+c/d)^2
        matched elem=%e^(e*(d*x+c)^3)*b^2*(x+c/d)^2
    #6 d=3 dl=3 seenp fb=true seenlen=2 seen=- out=1_4_1_r18 owner=1_4_1_r7:fired f=(%e^(e*(d*x+c)^3)*(2*a*b*d-2*b^2*c)*(d*x+c))/d^2
    #7 d=4 dl=4 seenp fb=true seenlen=3 seen=- out=1_4_1_r18 owner=1_4_1_r18:fired f=(%e^(e*(d*x+c)^3)*(2*a*b*d-2*b^2*c)*(x+c/d))/d
    #8 d=5 dl=5 seenp fb=true seenlen=4 seen=- out=9_1_r12 owner=1_4_1_r18:fired f=%e^(e*(d*x+c)^3)*(2*a*b*d-2*b^2*c)*(x/d+c/d^2)
    #9 d=6 dl=6 exact fb=true seenlen=5 seen=- out=2_3_r26 owner=9_1_r12:fired f=%e^(e*(d*x+c)^3)*(x/d+c/d^2)
    #10 d=3 dl=3 seenp fb=true seenlen=2 seen=- out=9_1_r12 owner=1_4_1_r7:fired f=(%e^(e*(d*x+c)^3)*(a^2*d^2-2*a*b*c*d+b^2*c^2))/d^2
    #11 d=4 dl=4 exact fb=true seenlen=3 seen=- out=2_3_r15 owner=9_1_r12:fired f=%e^(e*(d*x+c)^3)
  [p0] class=verified t=7.3s L441 returned=yes t=7.318116 calls=8 ratsimp-hits=0 exact-hits=3 unexited=0 misfire/fault-lines=0 top=2_3_r34@pass2
    fires=2_3_r34,2_3_r34,2_3_r34,1_4_1_r7,2_3_r34
    answer sha1=6d46e4930ad9 ((2*a*b*d-2*b^2*c)*'integrate(%e^(e*(d*x+c)^3)*(d*x+c),x))/d^2+(%e^(e*(d*x+c)^3)*b^2)/(3*d^3*e)+(('integrate(%e^(e*(d*x+c)^3),x))*(a^2*d^2-2*a*b*c*d+b^2*c^2))/d...
    #1 d=1 dl=1 p0-mr_top fb=false seenlen=0 seen=- out=2_3_r34@pass2 owner=- f=%e^(e*(d*x+c)^3)*(b*x+a)^2
    #2 d=2 dl=1 p0-mr_top fb=true seenlen=0 seen=- out=1_4_1_r7@pass1 owner=2_3_r34:fired f=(%e^(e*(d*x+c)^3)*b^2*(d*x+c)^2)/d^2+(%e^(e*(d*x+c)^3)*(2*a*b*d-2*b^2*c)*(d*x+c))/d^2+(%e^(e*(d*x+c)^3)*(a^2*d...
    #3 d=3 dl=2 p0-mr_top fb=true seenlen=1 seen=- out=2_3_r34@pass1 owner=1_4_1_r7:fired f=(%e^(e*(d*x+c)^3)*b^2*(d*x+c)^2)/d^2
    #4 d=4 dl=3 p0-mr_top fb=true seenlen=2 seen=exact@#3(idx1,live=yes) out=fall-through:seen-hit owner=2_3_r34:fired f=(%e^(e*(d*x+c)^3)*b^2*(d*x+c)^2)/d^2
        matched elem=(%e^(e*(d*x+c)^3)*b^2*(d*x+c)^2)/d^2
    #5 d=3 dl=2 p0-mr_top fb=true seenlen=1 seen=- out=2_3_r34@pass1 owner=1_4_1_r7:fired f=(%e^(e*(d*x+c)^3)*(2*a*b*d-2*b^2*c)*(d*x+c))/d^2
    #6 d=4 dl=3 p0-mr_top fb=true seenlen=2 seen=exact@#5(idx1,live=yes) out=fall-through:seen-hit owner=2_3_r34:fired f=(%e^(e*(d*x+c)^3)*(2*a*b*d-2*b^2*c)*(d*x+c))/d^2
        matched elem=(%e^(e*(d*x+c)^3)*(2*a*b*d-2*b^2*c)*(d*x+c))/d^2
    #7 d=3 dl=2 p0-mr_top fb=true seenlen=1 seen=- out=2_3_r34@pass1 owner=1_4_1_r7:fired f=(%e^(e*(d*x+c)^3)*(a^2*d^2-2*a*b*c*d+b^2*c^2))/d^2
    #8 d=4 dl=3 p0-mr_top fb=true seenlen=2 seen=exact@#7(idx1,live=yes) out=fall-through:seen-hit owner=2_3_r34:fired f=(%e^(e*(d*x+c)^3)*(a^2*d^2-2*a*b*c*d+b^2*c^2))/d^2
        matched elem=(%e^(e*(d*x+c)^3)*(a^2*d^2-2*a*b*c*d+b^2*c^2))/d^2

--- c2 g5 2 Exponentials/2.3 Exponential functions.mac e726 (eq)
  [trace] class=contains-noun t=0.9s L843 returned=yes t=0.900015 calls=6 ratsimp-hits=0 exact-hits=1 unexited=0 misfire/fault-lines=0 top=1_4_1_r7
    fires=2_3_r32,2_3_r11,2_3_r28,1_4_1_r18,1_4_1_r7
    answer sha1=b7355f823c45 sqrt(%pi)*erfi(x+a)-%e^(x+a)^2/x+2*a*'unintegrable[%e^(x+a)^2/x,x]-2*a*'integrate(%e^(x+a)^2/x,x)
    #1 d=1 dl=1 seenp fb=false seenlen=0 seen=- out=1_4_1_r7 owner=- f=%e^(x+a)^2/x^2-(2*%e^(x+a)^2*a)/x
    #2 d=2 dl=2 seenp fb=true seenlen=1 seen=- out=2_3_r28 owner=1_4_1_r7:fired f=%e^(x+a)^2/x^2
    #3 d=3 dl=3 seenp fb=true seenlen=2 seen=- out=2_3_r32 owner=2_3_r28:fired f=%e^(x+a)^2/x
    #4 d=3 dl=3 seenp fb=true seenlen=2 seen=- out=2_3_r11 owner=2_3_r28:fired f=%e^(x+a)^2
    #5 d=2 dl=2 seenp fb=true seenlen=1 seen=- out=1_4_1_r18 owner=1_4_1_r7:fired f=(2*%e^(x+a)^2*a)/x
    #6 d=3 dl=3 seenp fb=true seenlen=2 seen=exact@#5(idx1,live=yes) out=fall-through:seen-hit owner=1_4_1_r18:fired f=(2*%e^(x+a)^2*a)/x
        matched elem=(2*%e^(x+a)^2*a)/x
  [exact-only] class=contains-noun t=0.9s L843 returned=yes t=0.883013 calls=6 ratsimp-hits=0 exact-hits=1 unexited=0 misfire/fault-lines=0 top=1_4_1_r7
    fires=2_3_r32,2_3_r11,2_3_r28,1_4_1_r18,1_4_1_r7
    answer sha1=b7355f823c45 sqrt(%pi)*erfi(x+a)-%e^(x+a)^2/x+2*a*'unintegrable[%e^(x+a)^2/x,x]-2*a*'integrate(%e^(x+a)^2/x,x)
    #1 d=1 dl=1 seenp fb=false seenlen=0 seen=- out=1_4_1_r7 owner=- f=%e^(x+a)^2/x^2-(2*%e^(x+a)^2*a)/x
    #2 d=2 dl=2 seenp fb=true seenlen=1 seen=- out=2_3_r28 owner=1_4_1_r7:fired f=%e^(x+a)^2/x^2
    #3 d=3 dl=3 seenp fb=true seenlen=2 seen=- out=2_3_r32 owner=2_3_r28:fired f=%e^(x+a)^2/x
    #4 d=3 dl=3 seenp fb=true seenlen=2 seen=- out=2_3_r11 owner=2_3_r28:fired f=%e^(x+a)^2
    #5 d=2 dl=2 seenp fb=true seenlen=1 seen=- out=1_4_1_r18 owner=1_4_1_r7:fired f=(2*%e^(x+a)^2*a)/x
    #6 d=3 dl=3 seenp fb=true seenlen=2 seen=exact@#5(idx1,live=yes) out=fall-through:seen-hit owner=1_4_1_r18:fired f=(2*%e^(x+a)^2*a)/x
        matched elem=(2*%e^(x+a)^2*a)/x

--- c2 g6 2 Exponentials/2.3 Exponential functions.mac e557 (eq)
  [trace] class=deferred t=0.4s L626 returned=yes t=0.363006 calls=2 ratsimp-hits=0 exact-hits=1 unexited=0 misfire/fault-lines=0 top=1_1_3_7_r45
    fires=1_1_3_7_r45
    answer sha1=f9b6e9174f14 'integrate((F^(sqrt(1-a*x)/sqrt(a*x+1)))^n/(1-a^2*x^2),x)
    #1 d=1 dl=1 seenp fb=false seenlen=0 seen=- out=1_1_3_7_r45 owner=- f=(F^(sqrt(1-a*x)/sqrt(a*x+1)))^n/(1-a^2*x^2)
    #2 d=2 dl=2 seenp fb=true seenlen=1 seen=exact@#1(idx1,live=yes) out=fall-through:seen-hit owner=1_1_3_7_r45:fired f=(F^(sqrt(1-a*x)/sqrt(a*x+1)))^n/(1-a^2*x^2)
        matched elem=(F^(sqrt(1-a*x)/sqrt(a*x+1)))^n/(1-a^2*x^2)
  [exact-only] class=deferred t=0.4s L626 returned=yes t=0.368005 calls=2 ratsimp-hits=0 exact-hits=1 unexited=0 misfire/fault-lines=0 top=1_1_3_7_r45
    fires=1_1_3_7_r45
    answer sha1=f9b6e9174f14 'integrate((F^(sqrt(1-a*x)/sqrt(a*x+1)))^n/(1-a^2*x^2),x)
    #1 d=1 dl=1 seenp fb=false seenlen=0 seen=- out=1_1_3_7_r45 owner=- f=(F^(sqrt(1-a*x)/sqrt(a*x+1)))^n/(1-a^2*x^2)
    #2 d=2 dl=2 seenp fb=true seenlen=1 seen=exact@#1(idx1,live=yes) out=fall-through:seen-hit owner=1_1_3_7_r45:fired f=(F^(sqrt(1-a*x)/sqrt(a*x+1)))^n/(1-a^2*x^2)
        matched elem=(F^(sqrt(1-a*x)/sqrt(a*x+1)))^n/(1-a^2*x^2)

--- c3 g6 3 Logarithms/3.1.5 u (a+b log(c x^n))^p.mac e24 (eq)
  [trace] class=unverified t=1.0s L39 returned=yes t=0.988016 calls=7 ratsimp-hits=0 exact-hits=2 unexited=0 misfire/fault-lines=0 top=3_1_5_r47
    fires=1_1_1_2_r12,3_3_r7,3_4_r8,1_4_1_r18,3_1_5_r47
    answer sha1=5d53771e714f ((d^2*f^2*x^4*(2*log(d*f*x^2+1)-1)-2*log(d*f*x^2+1)+2*d*f*x^2)*(b*log(c*x^n)+a))/(8*d^2*f^2)-(b*n*(-(log(-((x*(d^2*f^2*x^4*(2*log(d*f*x^2+1)-1)-2*log(d*f*x^2+1)...
    #1 d=1 dl=1 seenp fb=false seenlen=0 seen=- out=3_1_5_r47 owner=- f=x^3*log(d*(f*x^2+1/d))*(b*log(c*x^n)+a)
    #2 d=2 dl=2 seenp fb=true seenlen=1 seen=- out=3_4_r8 owner=3_1_5_r47:fired f=x^3*log(d*(f*x^2+1/d))
    #3 d=3 dl=3 seenp fb=true seenlen=2 seen=- out=3_3_r7 owner=3_4_r8:fired f=x*log(d*(f*x+1/d))
    #4 d=4 dl=4 seenp fb=true seenlen=3 seen=- out=1_1_1_2_r12 owner=3_3_r7:fired f=x^2/(f*x+1/d)
    #5 d=5 dl=5 seenp fb=true seenlen=4 seen=exact@#4(idx1,live=yes) out=fall-through:seen-hit owner=1_1_1_2_r12:fired f=x^2/(f*x+1/d)
        matched elem=x^2/(f*x+1/d)
    #6 d=2 dl=2 seenp fb=true seenlen=1 seen=- out=1_4_1_r18 owner=3_1_5_r47:fired f=(d^2*f^2*x^4*(2*log(d*f*x^2+1)-1)-2*log(d*f*x^2+1)+2*d*f*x^2)/(8*d^2*f^2*x)
    #7 d=3 dl=3 seenp fb=true seenlen=2 seen=exact@#6(idx1,live=yes) out=fall-through:seen-hit owner=1_4_1_r18:fired f=(d^2*f^2*x^4*(2*log(d*f*x^2+1)-1)-2*log(d*f*x^2+1)+2*d*f*x^2)/(8*d^2*f^2*x)
        matched elem=(d^2*f^2*x^4*(2*log(d*f*x^2+1)-1)-2*log(d*f*x^2+1)+2*d*f*x^2)/(8*d^2*f^2*x)
  [exact-only] class=unverified t=1.0s L39 returned=yes t=0.987016 calls=7 ratsimp-hits=0 exact-hits=2 unexited=0 misfire/fault-lines=0 top=3_1_5_r47
    fires=1_1_1_2_r12,3_3_r7,3_4_r8,1_4_1_r18,3_1_5_r47
    answer sha1=5d53771e714f ((d^2*f^2*x^4*(2*log(d*f*x^2+1)-1)-2*log(d*f*x^2+1)+2*d*f*x^2)*(b*log(c*x^n)+a))/(8*d^2*f^2)-(b*n*(-(log(-((x*(d^2*f^2*x^4*(2*log(d*f*x^2+1)-1)-2*log(d*f*x^2+1)...
    #1 d=1 dl=1 seenp fb=false seenlen=0 seen=- out=3_1_5_r47 owner=- f=x^3*log(d*(f*x^2+1/d))*(b*log(c*x^n)+a)
    #2 d=2 dl=2 seenp fb=true seenlen=1 seen=- out=3_4_r8 owner=3_1_5_r47:fired f=x^3*log(d*(f*x^2+1/d))
    #3 d=3 dl=3 seenp fb=true seenlen=2 seen=- out=3_3_r7 owner=3_4_r8:fired f=x*log(d*(f*x+1/d))
    #4 d=4 dl=4 seenp fb=true seenlen=3 seen=- out=1_1_1_2_r12 owner=3_3_r7:fired f=x^2/(f*x+1/d)
    #5 d=5 dl=5 seenp fb=true seenlen=4 seen=exact@#4(idx1,live=yes) out=fall-through:seen-hit owner=1_1_1_2_r12:fired f=x^2/(f*x+1/d)
        matched elem=x^2/(f*x+1/d)
    #6 d=2 dl=2 seenp fb=true seenlen=1 seen=- out=1_4_1_r18 owner=3_1_5_r47:fired f=(d^2*f^2*x^4*(2*log(d*f*x^2+1)-1)-2*log(d*f*x^2+1)+2*d*f*x^2)/(8*d^2*f^2*x)
    #7 d=3 dl=3 seenp fb=true seenlen=2 seen=exact@#6(idx1,live=yes) out=fall-through:seen-hit owner=1_4_1_r18:fired f=(d^2*f^2*x^4*(2*log(d*f*x^2+1)-1)-2*log(d*f*x^2+1)+2*d*f*x^2)/(8*d^2*f^2*x)
        matched elem=(d^2*f^2*x^4*(2*log(d*f*x^2+1)-1)-2*log(d*f*x^2+1)+2*d*f*x^2)/(8*d^2*f^2*x)

--- c3 g6 3 Logarithms/3.1.5 u (a+b log(c x^n))^p.mac e27 (eq)
  [trace] class=unverified t=1.0s L42 returned=yes t=0.988016 calls=8 ratsimp-hits=0 exact-hits=1 unexited=0 misfire/fault-lines=0 top=3_1_5_r47
    fires=1_1_1_1_r1,1_1_1_1_r3,1_1_1_2_r3,3_3_r7,3_4_r8,1_4_1_r18,3_1_5_r47
    answer sha1=b5db5d03da0e (b*n*((d*f*(log((d*(d*f*x^2*(log((d*f*x^2+1)/d)-2*log(x))+log(d*f*x^2+1)))/(2*x))*log(1-(d*(d*f*x^2*(log((d*f*x^2+1)/d)-2*log(x))+log(d*f*x^2+1)))/(2*x))+li[2](...
    #1 d=1 dl=1 seenp fb=false seenlen=0 seen=- out=3_1_5_r47 owner=- f=(log(d*(f*x^2+1/d))*(b*log(c*x^n)+a))/x^3
    #2 d=2 dl=2 seenp fb=true seenlen=1 seen=- out=3_4_r8 owner=3_1_5_r47:fired f=log(d*(f*x^2+1/d))/x^3
    #3 d=3 dl=3 seenp fb=true seenlen=2 seen=- out=3_3_r7 owner=3_4_r8:fired f=log(d*(f*x+1/d))/x^2
    #4 d=4 dl=4 seenp fb=true seenlen=3 seen=- out=1_1_1_2_r3 owner=3_3_r7:fired f=1/(x*(f*x+1/d))
    #5 d=5 dl=5 seenp fb=true seenlen=4 seen=- out=1_1_1_1_r1 owner=1_1_1_2_r3:fired f=1/x
    #6 d=5 dl=5 seenp fb=true seenlen=4 seen=- out=1_1_1_1_r3 owner=1_1_1_2_r3:fired f=1/(f*x+1/d)
    #7 d=2 dl=2 seenp fb=true seenlen=1 seen=- out=1_4_1_r18 owner=3_1_5_r47:fired f=-((d*f*x^2*(log((d*f*x^2+1)/d)-log(x^2))+log(d*f*x^2+1))/(2*x^3))
    #8 d=3 dl=3 seenp fb=true seenlen=2 seen=exact@#7(idx1,live=yes) out=fall-through:seen-hit owner=1_4_1_r18:fired f=-((d*f*x^2*(log((d*f*x^2+1)/d)-log(x^2))+log(d*f*x^2+1))/(2*x^3))
        matched elem=-((d*f*x^2*(log((d*f*x^2+1)/d)-log(x^2))+log(d*f*x^2+1))/(2*x^3))
  [exact-only] class=unverified t=1.0s L42 returned=yes t=0.973016 calls=8 ratsimp-hits=0 exact-hits=1 unexited=0 misfire/fault-lines=0 top=3_1_5_r47
    fires=1_1_1_1_r1,1_1_1_1_r3,1_1_1_2_r3,3_3_r7,3_4_r8,1_4_1_r18,3_1_5_r47
    answer sha1=b5db5d03da0e (b*n*((d*f*(log((d*(d*f*x^2*(log((d*f*x^2+1)/d)-2*log(x))+log(d*f*x^2+1)))/(2*x))*log(1-(d*(d*f*x^2*(log((d*f*x^2+1)/d)-2*log(x))+log(d*f*x^2+1)))/(2*x))+li[2](...
    #1 d=1 dl=1 seenp fb=false seenlen=0 seen=- out=3_1_5_r47 owner=- f=(log(d*(f*x^2+1/d))*(b*log(c*x^n)+a))/x^3
    #2 d=2 dl=2 seenp fb=true seenlen=1 seen=- out=3_4_r8 owner=3_1_5_r47:fired f=log(d*(f*x^2+1/d))/x^3
    #3 d=3 dl=3 seenp fb=true seenlen=2 seen=- out=3_3_r7 owner=3_4_r8:fired f=log(d*(f*x+1/d))/x^2
    #4 d=4 dl=4 seenp fb=true seenlen=3 seen=- out=1_1_1_2_r3 owner=3_3_r7:fired f=1/(x*(f*x+1/d))
    #5 d=5 dl=5 seenp fb=true seenlen=4 seen=- out=1_1_1_1_r1 owner=1_1_1_2_r3:fired f=1/x
    #6 d=5 dl=5 seenp fb=true seenlen=4 seen=- out=1_1_1_1_r3 owner=1_1_1_2_r3:fired f=1/(f*x+1/d)
    #7 d=2 dl=2 seenp fb=true seenlen=1 seen=- out=1_4_1_r18 owner=3_1_5_r47:fired f=-((d*f*x^2*(log((d*f*x^2+1)/d)-log(x^2))+log(d*f*x^2+1))/(2*x^3))
    #8 d=3 dl=3 seenp fb=true seenlen=2 seen=exact@#7(idx1,live=yes) out=fall-through:seen-hit owner=1_4_1_r18:fired f=-((d*f*x^2*(log((d*f*x^2+1)/d)-log(x^2))+log(d*f*x^2+1))/(2*x^3))
        matched elem=-((d*f*x^2*(log((d*f*x^2+1)/d)-log(x^2))+log(d*f*x^2+1))/(2*x^3))

--- c3 g6 3 Logarithms/3.1.5 u (a+b log(c x^n))^p.mac e50 (eq)
  [trace] class=unverified t=3.0s L67 returned=yes t=2.655041 calls=14 ratsimp-hits=1 exact-hits=3 unexited=0 misfire/fault-lines=0 top=3_1_5_r47
    fires=1_1_1_2_r13,3_3_r7,3_4_r8,1_4_1_r18,1_4_1_r18,1_4_1_r18,1_4_1_r7,1_4_1_r9,9_1_r12,3_1_5_r47
    answer sha1=433ccb3e0c8a (b*n*((d^2*f^2*log(x)^2)/2-2*d^2*f^2*(log(d*f*sqrt(x)+1)*log(x)-2*((log(d*f*sqrt(x)+1)*log(x))/2-log(-((2*d^3*f^2*log(d*f*sqrt(x)+1))/sqrt(x)))*log((2*d^3*f^2*l...
    #1 d=1 dl=1 seenp fb=false seenlen=0 seen=- out=3_1_5_r47 owner=- f=(log(d*(f*sqrt(x)+1/d))*(b*log(c*x^n)+a))/x^2
    #2 d=2 dl=2 seenp fb=true seenlen=1 seen=- out=3_4_r8 owner=3_1_5_r47:fired f=log(d*(f*sqrt(x)+1/d))/x^2
    #3 d=3 dl=3 seenp fb=true seenlen=2 seen=- out=3_3_r7 owner=3_4_r8:fired f=log(d*(f*x+1/d))/x^3
    #4 d=4 dl=4 seenp fb=true seenlen=3 seen=- out=1_1_1_2_r13 owner=3_3_r7:fired f=1/(x^2*(f*x+1/d))
    #5 d=5 dl=5 seenp fb=true seenlen=4 seen=ratsimp@#4(idx1,live=yes) out=fall-through:seen-hit owner=1_1_1_2_r13:fired f=1/(f*x^3+x^2/d)
        matched elem=1/(x^2*(f*x+1/d))
    #6 d=2 dl=2 seenp fb=true seenlen=1 seen=- out=9_1_r12 owner=3_1_5_r47:fired f=-((x*(d^2*f^2*sqrt(x)*(log(x)-2*log(d*f*sqrt(x)+1))+2*d*f)+2*log(d*f*sqrt(x)+1)*sqrt(x))/(2*x^(5/2)))
    #7 d=3 dl=3 exact fb=true seenlen=2 seen=- out=1_4_1_r9 owner=9_1_r12:fired f=(x*(d^2*f^2*sqrt(x)*(log(x)-2*log(d*f*sqrt(x)+1))+2*d*f)+2*log(d*f*sqrt(x)+1)*sqrt(x))/x^(5/2)
    #8 d=4 dl=4 seenp fb=true seenlen=3 seen=- out=1_4_1_r7 owner=1_4_1_r9:fired f=(d^2*f^2*log(x))/x-(2*d^2*f^2*log(d*f*sqrt(x)+1))/x+(2*d*f)/x^(3/2)+(2*log(d*f*sqrt(x)+1))/x^2
    #9 d=5 dl=5 seenp fb=true seenlen=4 seen=- out=1_4_1_r18 owner=1_4_1_r7:fired f=(d^2*f^2*log(x))/x
    #10 d=6 dl=6 seenp fb=true seenlen=5 seen=exact@#9(idx1,live=yes) out=fall-through:seen-hit owner=1_4_1_r18:fired f=(d^2*f^2*log(x))/x
        matched elem=(d^2*f^2*log(x))/x
    #11 d=5 dl=5 seenp fb=true seenlen=4 seen=- out=1_4_1_r18 owner=1_4_1_r7:fired f=(2*d^2*f^2*log(d*f*sqrt(x)+1))/x
    #12 d=6 dl=6 seenp fb=true seenlen=5 seen=exact@#11(idx1,live=yes) out=fall-through:seen-hit owner=1_4_1_r18:fired f=(2*d^2*f^2*log(d*f*sqrt(x)+1))/x
        matched elem=(2*d^2*f^2*log(d*f*sqrt(x)+1))/x
    #13 d=5 dl=5 seenp fb=true seenlen=4 seen=- out=1_4_1_r18 owner=1_4_1_r7:fired f=(2*log(d*f*sqrt(x)+1))/x^2
    #14 d=6 dl=6 seenp fb=true seenlen=5 seen=exact@#13(idx1,live=yes) out=fall-through:seen-hit owner=1_4_1_r18:fired f=(2*log(d*f*sqrt(x)+1))/x^2
        matched elem=(2*log(d*f*sqrt(x)+1))/x^2
  [exact-only] class=unverified t=3.1s L67 returned=yes t=2.725043 calls=15 ratsimp-hits=0 exact-hits=4 unexited=0 misfire/fault-lines=0 top=3_1_5_r47
    fires=1_4_1_r25,1_1_1_2_r13,3_3_r7,3_4_r8,1_4_1_r18,1_4_1_r18,1_4_1_r18,1_4_1_r7,1_4_1_r9,9_1_r12,3_1_5_r47
    answer sha1=433ccb3e0c8a (b*n*((d^2*f^2*log(x)^2)/2-2*d^2*f^2*(log(d*f*sqrt(x)+1)*log(x)-2*((log(d*f*sqrt(x)+1)*log(x))/2-log(-((2*d^3*f^2*log(d*f*sqrt(x)+1))/sqrt(x)))*log((2*d^3*f^2*l...
    #1 d=1 dl=1 seenp fb=false seenlen=0 seen=- out=3_1_5_r47 owner=- f=(log(d*(f*sqrt(x)+1/d))*(b*log(c*x^n)+a))/x^2
    #2 d=2 dl=2 seenp fb=true seenlen=1 seen=- out=3_4_r8 owner=3_1_5_r47:fired f=log(d*(f*sqrt(x)+1/d))/x^2
    #3 d=3 dl=3 seenp fb=true seenlen=2 seen=- out=3_3_r7 owner=3_4_r8:fired f=log(d*(f*x+1/d))/x^3
    #4 d=4 dl=4 seenp fb=true seenlen=3 seen=- out=1_1_1_2_r13 owner=3_3_r7:fired f=1/(x^2*(f*x+1/d))
    #5 d=5 dl=5 seenp fb=true seenlen=4 seen=- out=1_4_1_r25 owner=1_1_1_2_r13:fired f=1/(f*x^3+x^2/d)
    #6 d=6 dl=6 seenp fb=true seenlen=5 seen=exact@#4(idx2,live=yes) out=fall-through:seen-hit owner=1_4_1_r25:fired f=1/(x^2*(f*x+1/d))
        matched elem=1/(x^2*(f*x+1/d))
    #7 d=2 dl=2 seenp fb=true seenlen=1 seen=- out=9_1_r12 owner=3_1_5_r47:fired f=-((x*(d^2*f^2*sqrt(x)*(log(x)-2*log(d*f*sqrt(x)+1))+2*d*f)+2*log(d*f*sqrt(x)+1)*sqrt(x))/(2*x^(5/2)))
    #8 d=3 dl=3 exact fb=true seenlen=2 seen=- out=1_4_1_r9 owner=9_1_r12:fired f=(x*(d^2*f^2*sqrt(x)*(log(x)-2*log(d*f*sqrt(x)+1))+2*d*f)+2*log(d*f*sqrt(x)+1)*sqrt(x))/x^(5/2)
    #9 d=4 dl=4 seenp fb=true seenlen=3 seen=- out=1_4_1_r7 owner=1_4_1_r9:fired f=(d^2*f^2*log(x))/x-(2*d^2*f^2*log(d*f*sqrt(x)+1))/x+(2*d*f)/x^(3/2)+(2*log(d*f*sqrt(x)+1))/x^2
    #10 d=5 dl=5 seenp fb=true seenlen=4 seen=- out=1_4_1_r18 owner=1_4_1_r7:fired f=(d^2*f^2*log(x))/x
    #11 d=6 dl=6 seenp fb=true seenlen=5 seen=exact@#10(idx1,live=yes) out=fall-through:seen-hit owner=1_4_1_r18:fired f=(d^2*f^2*log(x))/x
        matched elem=(d^2*f^2*log(x))/x
    #12 d=5 dl=5 seenp fb=true seenlen=4 seen=- out=1_4_1_r18 owner=1_4_1_r7:fired f=(2*d^2*f^2*log(d*f*sqrt(x)+1))/x
    #13 d=6 dl=6 seenp fb=true seenlen=5 seen=exact@#12(idx1,live=yes) out=fall-through:seen-hit owner=1_4_1_r18:fired f=(2*d^2*f^2*log(d*f*sqrt(x)+1))/x
        matched elem=(2*d^2*f^2*log(d*f*sqrt(x)+1))/x
    #14 d=5 dl=5 seenp fb=true seenlen=4 seen=- out=1_4_1_r18 owner=1_4_1_r7:fired f=(2*log(d*f*sqrt(x)+1))/x^2
    #15 d=6 dl=6 seenp fb=true seenlen=5 seen=exact@#14(idx1,live=yes) out=fall-through:seen-hit owner=1_4_1_r18:fired f=(2*log(d*f*sqrt(x)+1))/x^2
        matched elem=(2*log(d*f*sqrt(x)+1))/x^2

--- c3 g6 3 Logarithms/3.1.5 u (a+b log(c x^n))^p.mac e52 (eq)
  [trace] class=unverified t=5.9s L69 returned=yes t=5.455087 calls=18 ratsimp-hits=1 exact-hits=5 unexited=0 misfire/fault-lines=0 top=3_1_5_r47
    fires=1_1_1_2_r13,3_3_r7,3_4_r8,1_4_1_r18,1_4_1_r18,1_4_1_r18,1_4_1_r18,1_4_1_r18,1_4_1_r7,1_4_1_r9,9_1_r12,3_1_5_r47
    answer sha1=94b4b5a853d2 (b*n*(15*d^6*f^6*log(x)^2-60*d^6*f^6*(log(d*f*sqrt(x)+1)*log(x)-2*((log(d*f*sqrt(x)+1)*log(x))/2-log(-((60*d^7*f^6*log(d*f*sqrt(x)+1))/sqrt(x)))*log((60*d^7*f^6...
    #1 d=1 dl=1 seenp fb=false seenlen=0 seen=- out=3_1_5_r47 owner=- f=(log(d*(f*sqrt(x)+1/d))*(b*log(c*x^n)+a))/x^4
    #2 d=2 dl=2 seenp fb=true seenlen=1 seen=- out=3_4_r8 owner=3_1_5_r47:fired f=log(d*(f*sqrt(x)+1/d))/x^4
    #3 d=3 dl=3 seenp fb=true seenlen=2 seen=- out=3_3_r7 owner=3_4_r8:fired f=log(d*(f*x+1/d))/x^7
    #4 d=4 dl=4 seenp fb=true seenlen=3 seen=- out=1_1_1_2_r13 owner=3_3_r7:fired f=1/(x^6*(f*x+1/d))
    #5 d=5 dl=5 seenp fb=true seenlen=4 seen=ratsimp@#4(idx1,live=yes) out=fall-through:seen-hit owner=1_1_1_2_r13:fired f=1/(f*x^7+x^6/d)
        matched elem=1/(x^6*(f*x+1/d))
    #6 d=2 dl=2 seenp fb=true seenlen=1 seen=- out=9_1_r12 owner=3_1_5_r47:fired f=-((x^3*(d^6*f^6*sqrt(x)*(30*log(x)-60*log(d*f*sqrt(x)+1))+60*d^5*f^5)+(20*d^3*f^3-30*d^4*f^4*sqrt(x))*x^2+(12*...
    #7 d=3 dl=3 exact fb=true seenlen=2 seen=- out=1_4_1_r9 owner=9_1_r12:fired f=(x^3*(d^6*f^6*sqrt(x)*(30*log(x)-60*log(d*f*sqrt(x)+1))+60*d^5*f^5)+(20*d^3*f^3-30*d^4*f^4*sqrt(x))*x^2+(12*d*...
    #8 d=4 dl=4 seenp fb=true seenlen=3 seen=- out=1_4_1_r7 owner=1_4_1_r9:fired f=(30*d^6*f^6*log(x))/x-(60*d^6*f^6*log(d*f*sqrt(x)+1))/x+(60*d^5*f^5)/x^(3/2)-(30*d^4*f^4)/x^2+(20*d^3*f^3)/x^(...
    #9 d=5 dl=5 seenp fb=true seenlen=4 seen=- out=1_4_1_r18 owner=1_4_1_r7:fired f=(30*d^6*f^6*log(x))/x
    #10 d=6 dl=6 seenp fb=true seenlen=5 seen=exact@#9(idx1,live=yes) out=fall-through:seen-hit owner=1_4_1_r18:fired f=(30*d^6*f^6*log(x))/x
        matched elem=(30*d^6*f^6*log(x))/x
    #11 d=5 dl=5 seenp fb=true seenlen=4 seen=- out=1_4_1_r18 owner=1_4_1_r7:fired f=(60*d^6*f^6*log(d*f*sqrt(x)+1))/x
    #12 d=6 dl=6 seenp fb=true seenlen=5 seen=exact@#11(idx1,live=yes) out=fall-through:seen-hit owner=1_4_1_r18:fired f=(60*d^6*f^6*log(d*f*sqrt(x)+1))/x
        matched elem=(60*d^6*f^6*log(d*f*sqrt(x)+1))/x
    #13 d=5 dl=5 seenp fb=true seenlen=4 seen=- out=1_4_1_r18 owner=1_4_1_r7:fired f=(30*d^4*f^4)/x^2
    #14 d=6 dl=6 seenp fb=true seenlen=5 seen=exact@#13(idx1,live=yes) out=fall-through:seen-hit owner=1_4_1_r18:fired f=(30*d^4*f^4)/x^2
        matched elem=(30*d^4*f^4)/x^2
    #15 d=5 dl=5 seenp fb=true seenlen=4 seen=- out=1_4_1_r18 owner=1_4_1_r7:fired f=(15*d^2*f^2)/x^3
    #16 d=6 dl=6 seenp fb=true seenlen=5 seen=exact@#15(idx1,live=yes) out=fall-through:seen-hit owner=1_4_1_r18:fired f=(15*d^2*f^2)/x^3
        matched elem=(15*d^2*f^2)/x^3
    #17 d=5 dl=5 seenp fb=true seenlen=4 seen=- out=1_4_1_r18 owner=1_4_1_r7:fired f=(60*log(d*f*sqrt(x)+1))/x^4
    #18 d=6 dl=6 seenp fb=true seenlen=5 seen=exact@#17(idx1,live=yes) out=fall-through:seen-hit owner=1_4_1_r18:fired f=(60*log(d*f*sqrt(x)+1))/x^4
        matched elem=(60*log(d*f*sqrt(x)+1))/x^4
  [exact-only] class=unverified t=6.0s L69 returned=yes t=5.567088 calls=19 ratsimp-hits=0 exact-hits=6 unexited=0 misfire/fault-lines=0 top=3_1_5_r47
    fires=1_4_1_r25,1_1_1_2_r13,3_3_r7,3_4_r8,1_4_1_r18,1_4_1_r18,1_4_1_r18,1_4_1_r18,1_4_1_r18,1_4_1_r7,1_4_1_r9,9_1_r12,3_1_5_r47
    answer sha1=94b4b5a853d2 (b*n*(15*d^6*f^6*log(x)^2-60*d^6*f^6*(log(d*f*sqrt(x)+1)*log(x)-2*((log(d*f*sqrt(x)+1)*log(x))/2-log(-((60*d^7*f^6*log(d*f*sqrt(x)+1))/sqrt(x)))*log((60*d^7*f^6...
    #1 d=1 dl=1 seenp fb=false seenlen=0 seen=- out=3_1_5_r47 owner=- f=(log(d*(f*sqrt(x)+1/d))*(b*log(c*x^n)+a))/x^4
    #2 d=2 dl=2 seenp fb=true seenlen=1 seen=- out=3_4_r8 owner=3_1_5_r47:fired f=log(d*(f*sqrt(x)+1/d))/x^4
    #3 d=3 dl=3 seenp fb=true seenlen=2 seen=- out=3_3_r7 owner=3_4_r8:fired f=log(d*(f*x+1/d))/x^7
    #4 d=4 dl=4 seenp fb=true seenlen=3 seen=- out=1_1_1_2_r13 owner=3_3_r7:fired f=1/(x^6*(f*x+1/d))
    #5 d=5 dl=5 seenp fb=true seenlen=4 seen=- out=1_4_1_r25 owner=1_1_1_2_r13:fired f=1/(f*x^7+x^6/d)
    #6 d=6 dl=6 seenp fb=true seenlen=5 seen=exact@#4(idx2,live=yes) out=fall-through:seen-hit owner=1_4_1_r25:fired f=1/(x^6*(f*x+1/d))
        matched elem=1/(x^6*(f*x+1/d))
    #7 d=2 dl=2 seenp fb=true seenlen=1 seen=- out=9_1_r12 owner=3_1_5_r47:fired f=-((x^3*(d^6*f^6*sqrt(x)*(30*log(x)-60*log(d*f*sqrt(x)+1))+60*d^5*f^5)+(20*d^3*f^3-30*d^4*f^4*sqrt(x))*x^2+(12*...
    #8 d=3 dl=3 exact fb=true seenlen=2 seen=- out=1_4_1_r9 owner=9_1_r12:fired f=(x^3*(d^6*f^6*sqrt(x)*(30*log(x)-60*log(d*f*sqrt(x)+1))+60*d^5*f^5)+(20*d^3*f^3-30*d^4*f^4*sqrt(x))*x^2+(12*d*...
    #9 d=4 dl=4 seenp fb=true seenlen=3 seen=- out=1_4_1_r7 owner=1_4_1_r9:fired f=(30*d^6*f^6*log(x))/x-(60*d^6*f^6*log(d*f*sqrt(x)+1))/x+(60*d^5*f^5)/x^(3/2)-(30*d^4*f^4)/x^2+(20*d^3*f^3)/x^(...
    #10 d=5 dl=5 seenp fb=true seenlen=4 seen=- out=1_4_1_r18 owner=1_4_1_r7:fired f=(30*d^6*f^6*log(x))/x
    #11 d=6 dl=6 seenp fb=true seenlen=5 seen=exact@#10(idx1,live=yes) out=fall-through:seen-hit owner=1_4_1_r18:fired f=(30*d^6*f^6*log(x))/x
        matched elem=(30*d^6*f^6*log(x))/x
    #12 d=5 dl=5 seenp fb=true seenlen=4 seen=- out=1_4_1_r18 owner=1_4_1_r7:fired f=(60*d^6*f^6*log(d*f*sqrt(x)+1))/x
    #13 d=6 dl=6 seenp fb=true seenlen=5 seen=exact@#12(idx1,live=yes) out=fall-through:seen-hit owner=1_4_1_r18:fired f=(60*d^6*f^6*log(d*f*sqrt(x)+1))/x
        matched elem=(60*d^6*f^6*log(d*f*sqrt(x)+1))/x
    #14 d=5 dl=5 seenp fb=true seenlen=4 seen=- out=1_4_1_r18 owner=1_4_1_r7:fired f=(30*d^4*f^4)/x^2
    #15 d=6 dl=6 seenp fb=true seenlen=5 seen=exact@#14(idx1,live=yes) out=fall-through:seen-hit owner=1_4_1_r18:fired f=(30*d^4*f^4)/x^2
        matched elem=(30*d^4*f^4)/x^2
    #16 d=5 dl=5 seenp fb=true seenlen=4 seen=- out=1_4_1_r18 owner=1_4_1_r7:fired f=(15*d^2*f^2)/x^3
    #17 d=6 dl=6 seenp fb=true seenlen=5 seen=exact@#16(idx1,live=yes) out=fall-through:seen-hit owner=1_4_1_r18:fired f=(15*d^2*f^2)/x^3
        matched elem=(15*d^2*f^2)/x^3
    #18 d=5 dl=5 seenp fb=true seenlen=4 seen=- out=1_4_1_r18 owner=1_4_1_r7:fired f=(60*log(d*f*sqrt(x)+1))/x^4
    #19 d=6 dl=6 seenp fb=true seenlen=5 seen=exact@#18(idx1,live=yes) out=fall-through:seen-hit owner=1_4_1_r18:fired f=(60*log(d*f*sqrt(x)+1))/x^4
        matched elem=(60*log(d*f*sqrt(x)+1))/x^4

--- c3 g6 3 Logarithms/3.1.5 u (a+b log(c x^n))^p.mac e90 (eq)
  [trace] class=unverified t=1.5s L115 returned=yes t=1.405022 calls=7 ratsimp-hits=0 exact-hits=2 unexited=0 misfire/fault-lines=0 top=3_1_5_r47
    fires=1_1_1_2_r12,3_3_r7,3_4_r8,1_4_1_r18,3_1_5_r47
    answer sha1=ee0f9e223769 ((b*log(c*x^n)+a)*(2*f^2*x^4*log(d*(f*x^2+e)^m)-2*e^2*m*log(f*x^2+e)-f^2*m*x^4+2*e*f*m*x^2))/(8*f^2)-(b*n*(-(e^2*m*(log((x*(2*f^2*x^4*log(d*(f*x^2+e)^m)-2*e^2*m...
    #1 d=1 dl=1 seenp fb=false seenlen=0 seen=- out=3_1_5_r47 owner=- f=x^3*(b*log(c*x^n)+a)*log(d*(f*x^2+e)^m)
    #2 d=2 dl=2 seenp fb=true seenlen=1 seen=- out=3_4_r8 owner=3_1_5_r47:fired f=x^3*log(d*(f*x^2+e)^m)
    #3 d=3 dl=3 seenp fb=true seenlen=2 seen=- out=3_3_r7 owner=3_4_r8:fired f=x*log(d*(f*x+e)^m)
    #4 d=4 dl=4 seenp fb=true seenlen=3 seen=- out=1_1_1_2_r12 owner=3_3_r7:fired f=x^2/(f*x+e)
    #5 d=5 dl=5 seenp fb=true seenlen=4 seen=exact@#4(idx1,live=yes) out=fall-through:seen-hit owner=1_1_1_2_r12:fired f=x^2/(f*x+e)
        matched elem=x^2/(f*x+e)
    #6 d=2 dl=2 seenp fb=true seenlen=1 seen=- out=1_4_1_r18 owner=3_1_5_r47:fired f=(2*f^2*x^4*log(d*(f*x^2+e)^m)-2*e^2*m*log(f*x^2+e)-f^2*m*x^4+2*e*f*m*x^2)/(8*f^2*x)
    #7 d=3 dl=3 seenp fb=true seenlen=2 seen=exact@#6(idx1,live=yes) out=fall-through:seen-hit owner=1_4_1_r18:fired f=(2*f^2*x^4*log(d*(f*x^2+e)^m)-2*e^2*m*log(f*x^2+e)-f^2*m*x^4+2*e*f*m*x^2)/(8*f^2*x)
        matched elem=(2*f^2*x^4*log(d*(f*x^2+e)^m)-2*e^2*m*log(f*x^2+e)-f^2*m*x^4+2*e*f*m*x^2)/(8*f^2*x)
  [exact-only] class=unverified t=1.5s L115 returned=yes t=1.396022 calls=7 ratsimp-hits=0 exact-hits=2 unexited=0 misfire/fault-lines=0 top=3_1_5_r47
    fires=1_1_1_2_r12,3_3_r7,3_4_r8,1_4_1_r18,3_1_5_r47
    answer sha1=ee0f9e223769 ((b*log(c*x^n)+a)*(2*f^2*x^4*log(d*(f*x^2+e)^m)-2*e^2*m*log(f*x^2+e)-f^2*m*x^4+2*e*f*m*x^2))/(8*f^2)-(b*n*(-(e^2*m*(log((x*(2*f^2*x^4*log(d*(f*x^2+e)^m)-2*e^2*m...
    #1 d=1 dl=1 seenp fb=false seenlen=0 seen=- out=3_1_5_r47 owner=- f=x^3*(b*log(c*x^n)+a)*log(d*(f*x^2+e)^m)
    #2 d=2 dl=2 seenp fb=true seenlen=1 seen=- out=3_4_r8 owner=3_1_5_r47:fired f=x^3*log(d*(f*x^2+e)^m)
    #3 d=3 dl=3 seenp fb=true seenlen=2 seen=- out=3_3_r7 owner=3_4_r8:fired f=x*log(d*(f*x+e)^m)
    #4 d=4 dl=4 seenp fb=true seenlen=3 seen=- out=1_1_1_2_r12 owner=3_3_r7:fired f=x^2/(f*x+e)
    #5 d=5 dl=5 seenp fb=true seenlen=4 seen=exact@#4(idx1,live=yes) out=fall-through:seen-hit owner=1_1_1_2_r12:fired f=x^2/(f*x+e)
        matched elem=x^2/(f*x+e)
    #6 d=2 dl=2 seenp fb=true seenlen=1 seen=- out=1_4_1_r18 owner=3_1_5_r47:fired f=(2*f^2*x^4*log(d*(f*x^2+e)^m)-2*e^2*m*log(f*x^2+e)-f^2*m*x^4+2*e*f*m*x^2)/(8*f^2*x)
    #7 d=3 dl=3 seenp fb=true seenlen=2 seen=exact@#6(idx1,live=yes) out=fall-through:seen-hit owner=1_4_1_r18:fired f=(2*f^2*x^4*log(d*(f*x^2+e)^m)-2*e^2*m*log(f*x^2+e)-f^2*m*x^4+2*e*f*m*x^2)/(8*f^2*x)
        matched elem=(2*f^2*x^4*log(d*(f*x^2+e)^m)-2*e^2*m*log(f*x^2+e)-f^2*m*x^4+2*e*f*m*x^2)/(8*f^2*x)

--- c3 g6 3 Logarithms/3.1.5 u (a+b log(c x^n))^p.mac e93 (eq)
  [trace] class=unverified t=1.4s L118 returned=yes t=1.372021 calls=8 ratsimp-hits=0 exact-hits=1 unexited=0 misfire/fault-lines=0 top=3_1_5_r47
    fires=1_1_1_1_r1,1_1_1_1_r3,1_1_1_2_r3,3_3_r7,3_4_r8,1_4_1_r18,3_1_5_r47
    answer sha1=5a1d8fc2e5a0 (b*n*((f*m*(log(e-(e*log(d*(f*x^2+e)^m)+f*x^2*(m*log(f*x^2+e)-2*m*log(x)))/(2*e*x))*log(1-(e-(e*log(d*(f*x^2+e)^m)+f*x^2*(m*log(f*x^2+e)-2*m*log(x)))/(2*e*x))/e...
    #1 d=1 dl=1 seenp fb=false seenlen=0 seen=- out=3_1_5_r47 owner=- f=((b*log(c*x^n)+a)*log(d*(f*x^2+e)^m))/x^3
    #2 d=2 dl=2 seenp fb=true seenlen=1 seen=- out=3_4_r8 owner=3_1_5_r47:fired f=log(d*(f*x^2+e)^m)/x^3
    #3 d=3 dl=3 seenp fb=true seenlen=2 seen=- out=3_3_r7 owner=3_4_r8:fired f=log(d*(f*x+e)^m)/x^2
    #4 d=4 dl=4 seenp fb=true seenlen=3 seen=- out=1_1_1_2_r3 owner=3_3_r7:fired f=1/(x*(f*x+e))
    #5 d=5 dl=5 seenp fb=true seenlen=4 seen=- out=1_1_1_1_r1 owner=1_1_1_2_r3:fired f=1/x
    #6 d=5 dl=5 seenp fb=true seenlen=4 seen=- out=1_1_1_1_r3 owner=1_1_1_2_r3:fired f=1/(f*x+e)
    #7 d=2 dl=2 seenp fb=true seenlen=1 seen=- out=1_4_1_r18 owner=3_1_5_r47:fired f=-((e*log(d*(f*x^2+e)^m)+f*x^2*(m*log(f*x^2+e)-m*log(x^2)))/(2*e*x^3))
    #8 d=3 dl=3 seenp fb=true seenlen=2 seen=exact@#7(idx1,live=yes) out=fall-through:seen-hit owner=1_4_1_r18:fired f=-((e*log(d*(f*x^2+e)^m)+f*x^2*(m*log(f*x^2+e)-m*log(x^2)))/(2*e*x^3))
        matched elem=-((e*log(d*(f*x^2+e)^m)+f*x^2*(m*log(f*x^2+e)-m*log(x^2)))/(2*e*x^3))
  [exact-only] class=unverified t=1.4s L118 returned=yes t=1.357021 calls=8 ratsimp-hits=0 exact-hits=1 unexited=0 misfire/fault-lines=0 top=3_1_5_r47
    fires=1_1_1_1_r1,1_1_1_1_r3,1_1_1_2_r3,3_3_r7,3_4_r8,1_4_1_r18,3_1_5_r47
    answer sha1=5a1d8fc2e5a0 (b*n*((f*m*(log(e-(e*log(d*(f*x^2+e)^m)+f*x^2*(m*log(f*x^2+e)-2*m*log(x)))/(2*e*x))*log(1-(e-(e*log(d*(f*x^2+e)^m)+f*x^2*(m*log(f*x^2+e)-2*m*log(x)))/(2*e*x))/e...
    #1 d=1 dl=1 seenp fb=false seenlen=0 seen=- out=3_1_5_r47 owner=- f=((b*log(c*x^n)+a)*log(d*(f*x^2+e)^m))/x^3
    #2 d=2 dl=2 seenp fb=true seenlen=1 seen=- out=3_4_r8 owner=3_1_5_r47:fired f=log(d*(f*x^2+e)^m)/x^3
    #3 d=3 dl=3 seenp fb=true seenlen=2 seen=- out=3_3_r7 owner=3_4_r8:fired f=log(d*(f*x+e)^m)/x^2
    #4 d=4 dl=4 seenp fb=true seenlen=3 seen=- out=1_1_1_2_r3 owner=3_3_r7:fired f=1/(x*(f*x+e))
    #5 d=5 dl=5 seenp fb=true seenlen=4 seen=- out=1_1_1_1_r1 owner=1_1_1_2_r3:fired f=1/x
    #6 d=5 dl=5 seenp fb=true seenlen=4 seen=- out=1_1_1_1_r3 owner=1_1_1_2_r3:fired f=1/(f*x+e)
    #7 d=2 dl=2 seenp fb=true seenlen=1 seen=- out=1_4_1_r18 owner=3_1_5_r47:fired f=-((e*log(d*(f*x^2+e)^m)+f*x^2*(m*log(f*x^2+e)-m*log(x^2)))/(2*e*x^3))
    #8 d=3 dl=3 seenp fb=true seenlen=2 seen=exact@#7(idx1,live=yes) out=fall-through:seen-hit owner=1_4_1_r18:fired f=-((e*log(d*(f*x^2+e)^m)+f*x^2*(m*log(f*x^2+e)-m*log(x^2)))/(2*e*x^3))
        matched elem=-((e*log(d*(f*x^2+e)^m)+f*x^2*(m*log(f*x^2+e)-m*log(x^2)))/(2*e*x^3))

--- c3 g6 3 Logarithms/3.1.5 u (a+b log(c x^n))^p.mac e94 (eq)
  [trace] class=unverified t=1.5s L119 returned=yes t=1.445023 calls=7 ratsimp-hits=1 exact-hits=1 unexited=0 misfire/fault-lines=0 top=3_1_5_r47
    fires=1_1_1_2_r13,3_3_r7,3_4_r8,1_4_1_r18,3_1_5_r47
    answer sha1=5cf095c2fa65 (b*n*(-((f^2*m*(log(e-(e^2*log(d*(f*x^2+e)^m)+f^2*x^4*(2*m*log(x)-m*log(f*x^2+e))+e*f*m*x^2)/(4*e^2*x^3))*log(1-(e-(e^2*log(d*(f*x^2+e)^m)+f^2*x^4*(2*m*log(x)-m...
    #1 d=1 dl=1 seenp fb=false seenlen=0 seen=- out=3_1_5_r47 owner=- f=((b*log(c*x^n)+a)*log(d*(f*x^2+e)^m))/x^5
    #2 d=2 dl=2 seenp fb=true seenlen=1 seen=- out=3_4_r8 owner=3_1_5_r47:fired f=log(d*(f*x^2+e)^m)/x^5
    #3 d=3 dl=3 seenp fb=true seenlen=2 seen=- out=3_3_r7 owner=3_4_r8:fired f=log(d*(f*x+e)^m)/x^3
    #4 d=4 dl=4 seenp fb=true seenlen=3 seen=- out=1_1_1_2_r13 owner=3_3_r7:fired f=1/(x^2*(f*x+e))
    #5 d=5 dl=5 seenp fb=true seenlen=4 seen=ratsimp@#4(idx1,live=yes) out=fall-through:seen-hit owner=1_1_1_2_r13:fired f=1/(f*x^3+e*x^2)
        matched elem=1/(x^2*(f*x+e))
    #6 d=2 dl=2 seenp fb=true seenlen=1 seen=- out=1_4_1_r18 owner=3_1_5_r47:fired f=-((e^2*log(d*(f*x^2+e)^m)+f^2*x^4*(m*log(x^2)-m*log(f*x^2+e))+e*f*m*x^2)/(4*e^2*x^5))
    #7 d=3 dl=3 seenp fb=true seenlen=2 seen=exact@#6(idx1,live=yes) out=fall-through:seen-hit owner=1_4_1_r18:fired f=-((e^2*log(d*(f*x^2+e)^m)+f^2*x^4*(m*log(x^2)-m*log(f*x^2+e))+e*f*m*x^2)/(4*e^2*x^5))
        matched elem=-((e^2*log(d*(f*x^2+e)^m)+f^2*x^4*(m*log(x^2)-m*log(f*x^2+e))+e*f*m*x^2)/(4*e^2*x^5))
  [exact-only] class=unverified t=1.6s L119 returned=yes t=1.552025 calls=8 ratsimp-hits=0 exact-hits=2 unexited=0 misfire/fault-lines=0 top=3_1_5_r47
    fires=1_4_1_r25,1_1_1_2_r13,3_3_r7,3_4_r8,1_4_1_r18,3_1_5_r47
    answer sha1=5cf095c2fa65 (b*n*(-((f^2*m*(log(e-(e^2*log(d*(f*x^2+e)^m)+f^2*x^4*(2*m*log(x)-m*log(f*x^2+e))+e*f*m*x^2)/(4*e^2*x^3))*log(1-(e-(e^2*log(d*(f*x^2+e)^m)+f^2*x^4*(2*m*log(x)-m...
    #1 d=1 dl=1 seenp fb=false seenlen=0 seen=- out=3_1_5_r47 owner=- f=((b*log(c*x^n)+a)*log(d*(f*x^2+e)^m))/x^5
    #2 d=2 dl=2 seenp fb=true seenlen=1 seen=- out=3_4_r8 owner=3_1_5_r47:fired f=log(d*(f*x^2+e)^m)/x^5
    #3 d=3 dl=3 seenp fb=true seenlen=2 seen=- out=3_3_r7 owner=3_4_r8:fired f=log(d*(f*x+e)^m)/x^3
    #4 d=4 dl=4 seenp fb=true seenlen=3 seen=- out=1_1_1_2_r13 owner=3_3_r7:fired f=1/(x^2*(f*x+e))
    #5 d=5 dl=5 seenp fb=true seenlen=4 seen=- out=1_4_1_r25 owner=1_1_1_2_r13:fired f=1/(f*x^3+e*x^2)
    #6 d=6 dl=6 seenp fb=true seenlen=5 seen=exact@#4(idx2,live=yes) out=fall-through:seen-hit owner=1_4_1_r25:fired f=1/(x^2*(f*x+e))
        matched elem=1/(x^2*(f*x+e))
    #7 d=2 dl=2 seenp fb=true seenlen=1 seen=- out=1_4_1_r18 owner=3_1_5_r47:fired f=-((e^2*log(d*(f*x^2+e)^m)+f^2*x^4*(m*log(x^2)-m*log(f*x^2+e))+e*f*m*x^2)/(4*e^2*x^5))
    #8 d=3 dl=3 seenp fb=true seenlen=2 seen=exact@#7(idx1,live=yes) out=fall-through:seen-hit owner=1_4_1_r18:fired f=-((e^2*log(d*(f*x^2+e)^m)+f^2*x^4*(m*log(x^2)-m*log(f*x^2+e))+e*f*m*x^2)/(4*e^2*x^5))
        matched elem=-((e^2*log(d*(f*x^2+e)^m)+f^2*x^4*(m*log(x^2)-m*log(f*x^2+e))+e*f*m*x^2)/(4*e^2*x^5))

--- c3 g11 3 Logarithms/3.1.5 u (a+b log(c x^n))^p.mac e51 (eq)
  [trace] class=timeout t=30.1s L68 returned=yes t=1.046016 calls=7 ratsimp-hits=1 exact-hits=1 unexited=0 misfire/fault-lines=0 top=3_1_5_r47
    fires=1_1_1_2_r13,3_3_r7,3_4_r8,1_4_1_r18,3_1_5_r47
    answer sha1=be277aa99ca4 (b*n*(6*d^4*f^4*((log(x)*log(1-(d*(d^4*f^4*x^2*(3*log(x)-6*log(d*f*sqrt(x)+1))+(6*d^3*f^3*sqrt(x)-3*d^2*f^2)*x+2*d*f*sqrt(x)+6*log(d*f*sqrt(x)+1)))/(12*x^(5/2))...
    #1 d=1 dl=1 seenp fb=false seenlen=0 seen=- out=3_1_5_r47 owner=- f=(log(d*(f*sqrt(x)+1/d))*(b*log(c*x^n)+a))/x^3
    #2 d=2 dl=2 seenp fb=true seenlen=1 seen=- out=3_4_r8 owner=3_1_5_r47:fired f=log(d*(f*sqrt(x)+1/d))/x^3
    #3 d=3 dl=3 seenp fb=true seenlen=2 seen=- out=3_3_r7 owner=3_4_r8:fired f=log(d*(f*x+1/d))/x^5
    #4 d=4 dl=4 seenp fb=true seenlen=3 seen=- out=1_1_1_2_r13 owner=3_3_r7:fired f=1/(x^4*(f*x+1/d))
    #5 d=5 dl=5 seenp fb=true seenlen=4 seen=ratsimp@#4(idx1,live=yes) out=fall-through:seen-hit owner=1_1_1_2_r13:fired f=1/(f*x^5+x^4/d)
        matched elem=1/(x^4*(f*x+1/d))
    #6 d=2 dl=2 seenp fb=true seenlen=1 seen=- out=1_4_1_r18 owner=3_1_5_r47:fired f=-((d^4*f^4*x^2*(3*log(x)-6*log(d*f*sqrt(x)+1))+(6*d^3*f^3*sqrt(x)-3*d^2*f^2)*x+2*d*f*sqrt(x)+6*log(d*f*sqrt(x)...
    #7 d=3 dl=3 seenp fb=true seenlen=2 seen=exact@#6(idx1,live=yes) out=fall-through:seen-hit owner=1_4_1_r18:fired f=-((d^4*f^4*x^2*(3*log(x)-6*log(d*f*sqrt(x)+1))+(6*d^3*f^3*sqrt(x)-3*d^2*f^2)*x+2*d*f*sqrt(x)+6*log(d*f*sqrt(x)...
        matched elem=-((d^4*f^4*x^2*(3*log(x)-6*log(d*f*sqrt(x)+1))+(6*d^3*f^3*sqrt(x)-3*d^2*f^2)*x+2*d*f*sqrt(x)+6*log(d*f*sqrt(x)...
  [exact-only] class=timeout t=30.1s L68 returned=yes t=1.123017 calls=8 ratsimp-hits=0 exact-hits=2 unexited=0 misfire/fault-lines=0 top=3_1_5_r47
    fires=1_4_1_r25,1_1_1_2_r13,3_3_r7,3_4_r8,1_4_1_r18,3_1_5_r47
    answer sha1=be277aa99ca4 (b*n*(6*d^4*f^4*((log(x)*log(1-(d*(d^4*f^4*x^2*(3*log(x)-6*log(d*f*sqrt(x)+1))+(6*d^3*f^3*sqrt(x)-3*d^2*f^2)*x+2*d*f*sqrt(x)+6*log(d*f*sqrt(x)+1)))/(12*x^(5/2))...
    #1 d=1 dl=1 seenp fb=false seenlen=0 seen=- out=3_1_5_r47 owner=- f=(log(d*(f*sqrt(x)+1/d))*(b*log(c*x^n)+a))/x^3
    #2 d=2 dl=2 seenp fb=true seenlen=1 seen=- out=3_4_r8 owner=3_1_5_r47:fired f=log(d*(f*sqrt(x)+1/d))/x^3
    #3 d=3 dl=3 seenp fb=true seenlen=2 seen=- out=3_3_r7 owner=3_4_r8:fired f=log(d*(f*x+1/d))/x^5
    #4 d=4 dl=4 seenp fb=true seenlen=3 seen=- out=1_1_1_2_r13 owner=3_3_r7:fired f=1/(x^4*(f*x+1/d))
    #5 d=5 dl=5 seenp fb=true seenlen=4 seen=- out=1_4_1_r25 owner=1_1_1_2_r13:fired f=1/(f*x^5+x^4/d)
    #6 d=6 dl=6 seenp fb=true seenlen=5 seen=exact@#4(idx2,live=yes) out=fall-through:seen-hit owner=1_4_1_r25:fired f=1/(x^4*(f*x+1/d))
        matched elem=1/(x^4*(f*x+1/d))
    #7 d=2 dl=2 seenp fb=true seenlen=1 seen=- out=1_4_1_r18 owner=3_1_5_r47:fired f=-((d^4*f^4*x^2*(3*log(x)-6*log(d*f*sqrt(x)+1))+(6*d^3*f^3*sqrt(x)-3*d^2*f^2)*x+2*d*f*sqrt(x)+6*log(d*f*sqrt(x)...
    #8 d=3 dl=3 seenp fb=true seenlen=2 seen=exact@#7(idx1,live=yes) out=fall-through:seen-hit owner=1_4_1_r18:fired f=-((d^4*f^4*x^2*(3*log(x)-6*log(d*f*sqrt(x)+1))+(6*d^3*f^3*sqrt(x)-3*d^2*f^2)*x+2*d*f*sqrt(x)+6*log(d*f*sqrt(x)...
        matched elem=-((d^4*f^4*x^2*(3*log(x)-6*log(d*f*sqrt(x)+1))+(6*d^3*f^3*sqrt(x)-3*d^2*f^2)*x+2*d*f*sqrt(x)+6*log(d*f*sqrt(x)...

--- c3 g11 3 Logarithms/3.1.5 u (a+b log(c x^n))^p.mac e119 (eq)
  [trace] class=error t=29.2s L146 returned=yes t=1.469024 calls=7 ratsimp-hits=1 exact-hits=1 unexited=0 misfire/fault-lines=0 top=3_1_5_r47
    fires=1_1_1_2_r13,3_3_r7,3_4_r8,1_4_1_r18,3_1_5_r47
    answer sha1=72cd621a1721 (b*n*(2*f^2*k*((log(x)*log(1-(x*(f^2*sqrt(x)*(k*log(x)-2*k*log(f*sqrt(x)+e))+2*e*f*k)+2*e^2*log(d*(f*sqrt(x)+e)^k)*sqrt(x))/(2*e^3*x^2)))/2+li[2]((x*(f^2*sqrt(x...
    #1 d=1 dl=1 seenp fb=false seenlen=0 seen=- out=3_1_5_r47 owner=- f=(log(d*(f*sqrt(x)+e)^k)*(b*log(c*x^n)+a))/x^2
    #2 d=2 dl=2 seenp fb=true seenlen=1 seen=- out=3_4_r8 owner=3_1_5_r47:fired f=log(d*(f*sqrt(x)+e)^k)/x^2
    #3 d=3 dl=3 seenp fb=true seenlen=2 seen=- out=3_3_r7 owner=3_4_r8:fired f=log(d*(f*x+e)^k)/x^3
    #4 d=4 dl=4 seenp fb=true seenlen=3 seen=- out=1_1_1_2_r13 owner=3_3_r7:fired f=1/(x^2*(f*x+e))
    #5 d=5 dl=5 seenp fb=true seenlen=4 seen=ratsimp@#4(idx1,live=yes) out=fall-through:seen-hit owner=1_1_1_2_r13:fired f=1/(f*x^3+e*x^2)
        matched elem=1/(x^2*(f*x+e))
    #6 d=2 dl=2 seenp fb=true seenlen=1 seen=- out=1_4_1_r18 owner=3_1_5_r47:fired f=-((x*(f^2*sqrt(x)*(k*log(x)-2*k*log(f*sqrt(x)+e))+2*e*f*k)+2*e^2*log(d*(f*sqrt(x)+e)^k)*sqrt(x))/(2*e^2*x^(5/2...
    #7 d=3 dl=3 seenp fb=true seenlen=2 seen=exact@#6(idx1,live=yes) out=fall-through:seen-hit owner=1_4_1_r18:fired f=-((x*(f^2*sqrt(x)*(k*log(x)-2*k*log(f*sqrt(x)+e))+2*e*f*k)+2*e^2*log(d*(f*sqrt(x)+e)^k)*sqrt(x))/(2*e^2*x^(5/2...
        matched elem=-((x*(f^2*sqrt(x)*(k*log(x)-2*k*log(f*sqrt(x)+e))+2*e*f*k)+2*e^2*log(d*(f*sqrt(x)+e)^k)*sqrt(x))/(2*e^2*x^(5/2...
  [exact-only] class=error t=29.9s L146 returned=yes t=1.549025 calls=8 ratsimp-hits=0 exact-hits=2 unexited=0 misfire/fault-lines=0 top=3_1_5_r47
    fires=1_4_1_r25,1_1_1_2_r13,3_3_r7,3_4_r8,1_4_1_r18,3_1_5_r47
    answer sha1=72cd621a1721 (b*n*(2*f^2*k*((log(x)*log(1-(x*(f^2*sqrt(x)*(k*log(x)-2*k*log(f*sqrt(x)+e))+2*e*f*k)+2*e^2*log(d*(f*sqrt(x)+e)^k)*sqrt(x))/(2*e^3*x^2)))/2+li[2]((x*(f^2*sqrt(x...
    #1 d=1 dl=1 seenp fb=false seenlen=0 seen=- out=3_1_5_r47 owner=- f=(log(d*(f*sqrt(x)+e)^k)*(b*log(c*x^n)+a))/x^2
    #2 d=2 dl=2 seenp fb=true seenlen=1 seen=- out=3_4_r8 owner=3_1_5_r47:fired f=log(d*(f*sqrt(x)+e)^k)/x^2
    #3 d=3 dl=3 seenp fb=true seenlen=2 seen=- out=3_3_r7 owner=3_4_r8:fired f=log(d*(f*x+e)^k)/x^3
    #4 d=4 dl=4 seenp fb=true seenlen=3 seen=- out=1_1_1_2_r13 owner=3_3_r7:fired f=1/(x^2*(f*x+e))
    #5 d=5 dl=5 seenp fb=true seenlen=4 seen=- out=1_4_1_r25 owner=1_1_1_2_r13:fired f=1/(f*x^3+e*x^2)
    #6 d=6 dl=6 seenp fb=true seenlen=5 seen=exact@#4(idx2,live=yes) out=fall-through:seen-hit owner=1_4_1_r25:fired f=1/(x^2*(f*x+e))
        matched elem=1/(x^2*(f*x+e))
    #7 d=2 dl=2 seenp fb=true seenlen=1 seen=- out=1_4_1_r18 owner=3_1_5_r47:fired f=-((x*(f^2*sqrt(x)*(k*log(x)-2*k*log(f*sqrt(x)+e))+2*e*f*k)+2*e^2*log(d*(f*sqrt(x)+e)^k)*sqrt(x))/(2*e^2*x^(5/2...
    #8 d=3 dl=3 seenp fb=true seenlen=2 seen=exact@#7(idx1,live=yes) out=fall-through:seen-hit owner=1_4_1_r18:fired f=-((x*(f^2*sqrt(x)*(k*log(x)-2*k*log(f*sqrt(x)+e))+2*e*f*k)+2*e^2*log(d*(f*sqrt(x)+e)^k)*sqrt(x))/(2*e^2*x^(5/2...
        matched elem=-((x*(f^2*sqrt(x)*(k*log(x)-2*k*log(f*sqrt(x)+e))+2*e*f*k)+2*e^2*log(d*(f*sqrt(x)+e)^k)*sqrt(x))/(2*e^2*x^(5/2...

--- c3 g11 3 Logarithms/3.1.5 u (a+b log(c x^n))^p.mac e120 (eq)
  [trace] class=timeout t=30.1s L147 returned=yes t=1.604025 calls=7 ratsimp-hits=1 exact-hits=1 unexited=0 misfire/fault-lines=0 top=3_1_5_r47
    fires=1_1_1_2_r13,3_3_r7,3_4_r8,1_4_1_r18,3_1_5_r47
    answer sha1=b7511591d74e (b*n*(6*f^4*k*((log(x)*log(1-(f^4*x^2*(3*k*log(x)-6*k*log(f*sqrt(x)+e))+(6*e*f^3*k*sqrt(x)-3*e^2*f^2*k)*x+2*e^3*f*k*sqrt(x)+6*e^4*log(d*(f*sqrt(x)+e)^k))/(12*e^...
    #1 d=1 dl=1 seenp fb=false seenlen=0 seen=- out=3_1_5_r47 owner=- f=(log(d*(f*sqrt(x)+e)^k)*(b*log(c*x^n)+a))/x^3
    #2 d=2 dl=2 seenp fb=true seenlen=1 seen=- out=3_4_r8 owner=3_1_5_r47:fired f=log(d*(f*sqrt(x)+e)^k)/x^3
    #3 d=3 dl=3 seenp fb=true seenlen=2 seen=- out=3_3_r7 owner=3_4_r8:fired f=log(d*(f*x+e)^k)/x^5
    #4 d=4 dl=4 seenp fb=true seenlen=3 seen=- out=1_1_1_2_r13 owner=3_3_r7:fired f=1/(x^4*(f*x+e))
    #5 d=5 dl=5 seenp fb=true seenlen=4 seen=ratsimp@#4(idx1,live=yes) out=fall-through:seen-hit owner=1_1_1_2_r13:fired f=1/(f*x^5+e*x^4)
        matched elem=1/(x^4*(f*x+e))
    #6 d=2 dl=2 seenp fb=true seenlen=1 seen=- out=1_4_1_r18 owner=3_1_5_r47:fired f=-((f^4*x^2*(3*k*log(x)-6*k*log(f*sqrt(x)+e))+(6*e*f^3*k*sqrt(x)-3*e^2*f^2*k)*x+2*e^3*f*k*sqrt(x)+6*e^4*log(d*(...
    #7 d=3 dl=3 seenp fb=true seenlen=2 seen=exact@#6(idx1,live=yes) out=fall-through:seen-hit owner=1_4_1_r18:fired f=-((f^4*x^2*(3*k*log(x)-6*k*log(f*sqrt(x)+e))+(6*e*f^3*k*sqrt(x)-3*e^2*f^2*k)*x+2*e^3*f*k*sqrt(x)+6*e^4*log(d*(...
        matched elem=-((f^4*x^2*(3*k*log(x)-6*k*log(f*sqrt(x)+e))+(6*e*f^3*k*sqrt(x)-3*e^2*f^2*k)*x+2*e^3*f*k*sqrt(x)+6*e^4*log(d*(...
  [exact-only] class=timeout t=30.1s L147 returned=yes t=1.661027 calls=8 ratsimp-hits=0 exact-hits=2 unexited=0 misfire/fault-lines=0 top=3_1_5_r47
    fires=1_4_1_r25,1_1_1_2_r13,3_3_r7,3_4_r8,1_4_1_r18,3_1_5_r47
    answer sha1=b7511591d74e (b*n*(6*f^4*k*((log(x)*log(1-(f^4*x^2*(3*k*log(x)-6*k*log(f*sqrt(x)+e))+(6*e*f^3*k*sqrt(x)-3*e^2*f^2*k)*x+2*e^3*f*k*sqrt(x)+6*e^4*log(d*(f*sqrt(x)+e)^k))/(12*e^...
    #1 d=1 dl=1 seenp fb=false seenlen=0 seen=- out=3_1_5_r47 owner=- f=(log(d*(f*sqrt(x)+e)^k)*(b*log(c*x^n)+a))/x^3
    #2 d=2 dl=2 seenp fb=true seenlen=1 seen=- out=3_4_r8 owner=3_1_5_r47:fired f=log(d*(f*sqrt(x)+e)^k)/x^3
    #3 d=3 dl=3 seenp fb=true seenlen=2 seen=- out=3_3_r7 owner=3_4_r8:fired f=log(d*(f*x+e)^k)/x^5
    #4 d=4 dl=4 seenp fb=true seenlen=3 seen=- out=1_1_1_2_r13 owner=3_3_r7:fired f=1/(x^4*(f*x+e))
    #5 d=5 dl=5 seenp fb=true seenlen=4 seen=- out=1_4_1_r25 owner=1_1_1_2_r13:fired f=1/(f*x^5+e*x^4)
    #6 d=6 dl=6 seenp fb=true seenlen=5 seen=exact@#4(idx2,live=yes) out=fall-through:seen-hit owner=1_4_1_r25:fired f=1/(x^4*(f*x+e))
        matched elem=1/(x^4*(f*x+e))
    #7 d=2 dl=2 seenp fb=true seenlen=1 seen=- out=1_4_1_r18 owner=3_1_5_r47:fired f=-((f^4*x^2*(3*k*log(x)-6*k*log(f*sqrt(x)+e))+(6*e*f^3*k*sqrt(x)-3*e^2*f^2*k)*x+2*e^3*f*k*sqrt(x)+6*e^4*log(d*(...
    #8 d=3 dl=3 seenp fb=true seenlen=2 seen=exact@#7(idx1,live=yes) out=fall-through:seen-hit owner=1_4_1_r18:fired f=-((f^4*x^2*(3*k*log(x)-6*k*log(f*sqrt(x)+e))+(6*e*f^3*k*sqrt(x)-3*e^2*f^2*k)*x+2*e^3*f*k*sqrt(x)+6*e^4*log(d*(...
        matched elem=-((f^4*x^2*(3*k*log(x)-6*k*log(f*sqrt(x)+e))+(6*e*f^3*k*sqrt(x)-3*e^2*f^2*k)*x+2*e^3*f*k*sqrt(x)+6*e^4*log(d*(...

--- c3 g11 3 Logarithms/3.1.5 u (a+b log(c x^n))^p.mac e121 (eq)
  [trace] class=timeout t=30.1s L148 returned=yes t=1.803029 calls=7 ratsimp-hits=1 exact-hits=1 unexited=0 misfire/fault-lines=0 top=3_1_5_r47
    fires=1_1_1_2_r13,3_3_r7,3_4_r8,1_4_1_r18,3_1_5_r47
    answer sha1=00e74507d910 (b*n*(60*f^6*k*((log(x)*log(1-(x^3*(f^6*sqrt(x)*(30*k*log(x)-60*k*log(f*sqrt(x)+e))+60*e*f^5*k)+(20*e^3*f^3*k-30*e^2*f^4*k*sqrt(x))*x^2+(12*e^5*f*k-15*e^4*f^2*k...
    #1 d=1 dl=1 seenp fb=false seenlen=0 seen=- out=3_1_5_r47 owner=- f=(log(d*(f*sqrt(x)+e)^k)*(b*log(c*x^n)+a))/x^4
    #2 d=2 dl=2 seenp fb=true seenlen=1 seen=- out=3_4_r8 owner=3_1_5_r47:fired f=log(d*(f*sqrt(x)+e)^k)/x^4
    #3 d=3 dl=3 seenp fb=true seenlen=2 seen=- out=3_3_r7 owner=3_4_r8:fired f=log(d*(f*x+e)^k)/x^7
    #4 d=4 dl=4 seenp fb=true seenlen=3 seen=- out=1_1_1_2_r13 owner=3_3_r7:fired f=1/(x^6*(f*x+e))
    #5 d=5 dl=5 seenp fb=true seenlen=4 seen=ratsimp@#4(idx1,live=yes) out=fall-through:seen-hit owner=1_1_1_2_r13:fired f=1/(f*x^7+e*x^6)
        matched elem=1/(x^6*(f*x+e))
    #6 d=2 dl=2 seenp fb=true seenlen=1 seen=- out=1_4_1_r18 owner=3_1_5_r47:fired f=-((x^3*(f^6*sqrt(x)*(30*k*log(x)-60*k*log(f*sqrt(x)+e))+60*e*f^5*k)+(20*e^3*f^3*k-30*e^2*f^4*k*sqrt(x))*x^2+(1...
    #7 d=3 dl=3 seenp fb=true seenlen=2 seen=exact@#6(idx1,live=yes) out=fall-through:seen-hit owner=1_4_1_r18:fired f=-((x^3*(f^6*sqrt(x)*(30*k*log(x)-60*k*log(f*sqrt(x)+e))+60*e*f^5*k)+(20*e^3*f^3*k-30*e^2*f^4*k*sqrt(x))*x^2+(1...
        matched elem=-((x^3*(f^6*sqrt(x)*(30*k*log(x)-60*k*log(f*sqrt(x)+e))+60*e*f^5*k)+(20*e^3*f^3*k-30*e^2*f^4*k*sqrt(x))*x^2+(1...
  [exact-only] class=timeout t=30.1s L148 returned=yes t=1.904031 calls=8 ratsimp-hits=0 exact-hits=2 unexited=0 misfire/fault-lines=0 top=3_1_5_r47
    fires=1_4_1_r25,1_1_1_2_r13,3_3_r7,3_4_r8,1_4_1_r18,3_1_5_r47
    answer sha1=00e74507d910 (b*n*(60*f^6*k*((log(x)*log(1-(x^3*(f^6*sqrt(x)*(30*k*log(x)-60*k*log(f*sqrt(x)+e))+60*e*f^5*k)+(20*e^3*f^3*k-30*e^2*f^4*k*sqrt(x))*x^2+(12*e^5*f*k-15*e^4*f^2*k...
    #1 d=1 dl=1 seenp fb=false seenlen=0 seen=- out=3_1_5_r47 owner=- f=(log(d*(f*sqrt(x)+e)^k)*(b*log(c*x^n)+a))/x^4
    #2 d=2 dl=2 seenp fb=true seenlen=1 seen=- out=3_4_r8 owner=3_1_5_r47:fired f=log(d*(f*sqrt(x)+e)^k)/x^4
    #3 d=3 dl=3 seenp fb=true seenlen=2 seen=- out=3_3_r7 owner=3_4_r8:fired f=log(d*(f*x+e)^k)/x^7
    #4 d=4 dl=4 seenp fb=true seenlen=3 seen=- out=1_1_1_2_r13 owner=3_3_r7:fired f=1/(x^6*(f*x+e))
    #5 d=5 dl=5 seenp fb=true seenlen=4 seen=- out=1_4_1_r25 owner=1_1_1_2_r13:fired f=1/(f*x^7+e*x^6)
    #6 d=6 dl=6 seenp fb=true seenlen=5 seen=exact@#4(idx2,live=yes) out=fall-through:seen-hit owner=1_4_1_r25:fired f=1/(x^6*(f*x+e))
        matched elem=1/(x^6*(f*x+e))
    #7 d=2 dl=2 seenp fb=true seenlen=1 seen=- out=1_4_1_r18 owner=3_1_5_r47:fired f=-((x^3*(f^6*sqrt(x)*(30*k*log(x)-60*k*log(f*sqrt(x)+e))+60*e*f^5*k)+(20*e^3*f^3*k-30*e^2*f^4*k*sqrt(x))*x^2+(1...
    #8 d=3 dl=3 seenp fb=true seenlen=2 seen=exact@#7(idx1,live=yes) out=fall-through:seen-hit owner=1_4_1_r18:fired f=-((x^3*(f^6*sqrt(x)*(30*k*log(x)-60*k*log(f*sqrt(x)+e))+60*e*f^5*k)+(20*e^3*f^3*k-30*e^2*f^4*k*sqrt(x))*x^2+(1...
        matched elem=-((x^3*(f^6*sqrt(x)*(30*k*log(x)-60*k*log(f*sqrt(x)+e))+60*e*f^5*k)+(20*e^3*f^3*k-30*e^2*f^4*k*sqrt(x))*x^2+(1...

--- c3 g12 3 Logarithms/3.4 u (a+b log(c (d+e x^m)^n))^p.mac e383 (eq)
  [trace] class=unexpected t=0.2s L494 returned=yes t=0.226004 calls=2 ratsimp-hits=1 exact-hits=0 unexited=0 misfire/fault-lines=0 top=1_4_1_r3
    fires=1_4_1_r3
    answer sha1=e278a5f46bf0 ('integrate((%e^(log(log(%e^(n*log(x))*e+d)*p+log(c))*q-3*n*log(x))*(log(%e^(n*log(x))*e+d)*(%e^(n*log(x))*(2*e*g^2*p+4*d*f*g*p)+%e^(2*n*log(x))*(2*e*f*g*p+d*f^...
    #1 d=1 dl=1 seenp fb=false seenlen=0 seen=- out=1_4_1_r3 owner=- f=((g/x^n+f)^2*log(c*(e*x^n+d)^p)^q)/x
    #2 d=2 dl=2 seenp fb=true seenlen=1 seen=ratsimp@#1(idx1,live=yes) out=fall-through:seen-hit owner=1_4_1_r3:fired f=x^(-(2*n)-1)*(f*x^n+g)^2*log(c*(e*x^n+d)^p)^q
        matched elem=((g/x^n+f)^2*log(c*(e*x^n+d)^p)^q)/x
  [exact-only] class=no-answer t=1.8s L494 returned=yes t=1.748028 calls=2 ratsimp-hits=0 exact-hits=0 unexited=0 misfire/fault-lines=0 top=1_4_1_r3
    fires=3_4_r34,1_4_1_r3
    answer sha1=2ec78015c86b 'unintegrable[x^(-(2*n)-1)*(f*x^n+g)^2*log(c*(e*x^n+d)^p)^q,x]
    #1 d=1 dl=1 seenp fb=false seenlen=0 seen=- out=1_4_1_r3 owner=- f=((g/x^n+f)^2*log(c*(e*x^n+d)^p)^q)/x
    #2 d=2 dl=2 seenp fb=true seenlen=1 seen=- out=3_4_r34 owner=1_4_1_r3:fired f=x^(-(2*n)-1)*(f*x^n+g)^2*log(c*(e*x^n+d)^p)^q

--- c3 g12 3 Logarithms/3.4 u (a+b log(c (d+e x^m)^n))^p.mac e384 (eq)
  [trace] class=unexpected t=0.2s L495 returned=yes t=0.229004 calls=2 ratsimp-hits=1 exact-hits=0 unexited=0 misfire/fault-lines=0 top=1_4_1_r3
    fires=1_4_1_r3
    answer sha1=99656133ac27 ('integrate((%e^(log(log(%e^(n*log(x))*e+d)*p+log(c))*q-5*n*log(x))*(log(%e^(n*log(x))*e+d)*(4*%e^(n*log(x))*e*g^2*p+5*d*g^2*p+4*%e^(3*n*log(x))*e*f*g*p+6*%e^(2...
    #1 d=1 dl=1 seenp fb=false seenlen=0 seen=- out=1_4_1_r3 owner=- f=((g/x^(2*n)+f)^2*log(c*(e*x^n+d)^p)^q)/x
    #2 d=2 dl=2 seenp fb=true seenlen=1 seen=ratsimp@#1(idx1,live=yes) out=fall-through:seen-hit owner=1_4_1_r3:fired f=x^(-(4*n)-1)*(f*x^(2*n)+g)^2*log(c*(e*x^n+d)^p)^q
        matched elem=((g/x^(2*n)+f)^2*log(c*(e*x^n+d)^p)^q)/x
  [exact-only] class=no-answer t=1.9s L495 returned=yes t=1.847029 calls=2 ratsimp-hits=0 exact-hits=0 unexited=0 misfire/fault-lines=0 top=1_4_1_r3
    fires=3_4_r34,1_4_1_r3
    answer sha1=6c0f9cfb0431 'unintegrable[x^(-(4*n)-1)*(f*x^(2*n)+g)^2*log(c*(e*x^n+d)^p)^q,x]
    #1 d=1 dl=1 seenp fb=false seenlen=0 seen=- out=1_4_1_r3 owner=- f=((g/x^(2*n)+f)^2*log(c*(e*x^n+d)^p)^q)/x
    #2 d=2 dl=2 seenp fb=true seenlen=1 seen=- out=3_4_r34 owner=1_4_1_r3:fired f=x^(-(4*n)-1)*(f*x^(2*n)+g)^2*log(c*(e*x^n+d)^p)^q

--- c3 g12 3 Logarithms/3.4 u (a+b log(c (d+e x^m)^n))^p.mac e387 (eq)
  [trace] class=unexpected t=0.2s L500 returned=yes t=0.229003 calls=2 ratsimp-hits=1 exact-hits=0 unexited=0 misfire/fault-lines=0 top=1_4_1_r3
    fires=1_4_1_r3
    answer sha1=9c7732d7a7fd 'integrate((%e^(log(log(%e^(n*log(x))*e+d)*p+log(c))*q)*(%e^(n*log(x))*log(%e^(n*log(x))*e+d)*(d*f*p-e*g*p)+%e^(n*log(x))*log(c)*(d*f-e*g)))/(%e^(n*log(x))*e*f*...
    #1 d=1 dl=1 seenp fb=false seenlen=0 seen=- out=1_4_1_r3 owner=- f=log(c*(e*x^n+d)^p)^q/(x*(g/x^n+f))
    #2 d=2 dl=2 seenp fb=true seenlen=1 seen=ratsimp@#1(idx1,live=yes) out=fall-through:seen-hit owner=1_4_1_r3:fired f=(x^(n-1)*log(c*(e*x^n+d)^p)^q)/(f*x^n+g)
        matched elem=log(c*(e*x^n+d)^p)^q/(x*(g/x^n+f))
  [exact-only] class=contains-noun t=2.0s L500 returned=yes t=2.013031 calls=3 ratsimp-hits=0 exact-hits=0 unexited=0 misfire/fault-lines=0 top=1_4_1_r3
    fires=3_3_r32,3_4_r29,1_4_1_r3
    answer sha1=387470ba00b7 'unintegrable[log(c*(e*x^n+d)^p)^q/(f*x^n+g),x^n]/n
    #1 d=1 dl=1 seenp fb=false seenlen=0 seen=- out=1_4_1_r3 owner=- f=log(c*(e*x^n+d)^p)^q/(x*(g/x^n+f))
    #2 d=2 dl=2 seenp fb=true seenlen=1 seen=- out=3_4_r29 owner=1_4_1_r3:fired f=(x^(n-1)*log(c*(e*x^n+d)^p)^q)/(f*x^n+g)
    #3 d=3 dl=3 seenp fb=true seenlen=2 seen=- out=3_3_r32 owner=3_4_r29:fired f=log(c*(e*x+d)^p)^q/(f*x+g)

--- c3 g12 3 Logarithms/3.4 u (a+b log(c (d+e x^m)^n))^p.mac e388 (eq)
  [trace] class=unexpected t=0.2s L501 returned=yes t=0.237004 calls=2 ratsimp-hits=1 exact-hits=0 unexited=0 misfire/fault-lines=0 top=1_4_1_r3
    fires=1_4_1_r3
    answer sha1=3abea2e0a45e 'integrate((%e^(log(log(%e^(n*log(x))*e+d)*p+log(c))*q)*(log(%e^(n*log(x))*e+d)*(-(2*%e^(2*n*log(x))*e*g*p)-%e^(n*log(x))*d*g*p+%e^(3*n*log(x))*d*f*p)-2*%e^(2*n...
    #1 d=1 dl=1 seenp fb=false seenlen=0 seen=- out=1_4_1_r3 owner=- f=log(c*(e*x^n+d)^p)^q/(x*(g/x^(2*n)+f))
    #2 d=2 dl=2 seenp fb=true seenlen=1 seen=ratsimp@#1(idx1,live=yes) out=fall-through:seen-hit owner=1_4_1_r3:fired f=(x^(2*n-1)*log(c*(e*x^n+d)^p)^q)/(f*x^(2*n)+g)
        matched elem=log(c*(e*x^n+d)^p)^q/(x*(g/x^(2*n)+f))
  [exact-only] class=unexpected t=2.9s L501 returned=yes t=2.836044 calls=4 ratsimp-hits=0 exact-hits=1 unexited=0 misfire/fault-lines=0 top=1_4_1_r3
    fires=3_3_r28,3_4_r29,1_4_1_r3
    answer sha1=5e84dd15a832 (x^(2*n)*(e*f*(p*q+p)*'integrate((d*f*x^(2*n)*(%e^(q*log(p*log(e*x^n+d)+log(c)))*p*log(e*x^n+d)+%e^(q*log(p*log(e*x^n+d)+log(c)))*log(c))+d*g*(-(%e^(q*log(p*log...
    #1 d=1 dl=1 seenp fb=false seenlen=0 seen=- out=1_4_1_r3 owner=- f=log(c*(e*x^n+d)^p)^q/(x*(g/x^(2*n)+f))
    #2 d=2 dl=2 seenp fb=true seenlen=1 seen=- out=3_4_r29 owner=1_4_1_r3:fired f=(x^(2*n-1)*log(c*(e*x^n+d)^p)^q)/(f*x^(2*n)+g)
    #3 d=3 dl=3 seenp fb=true seenlen=2 seen=- out=3_3_r28 owner=3_4_r29:fired f=(x*log(c*(e*x+d)^p)^q)/(f*x^2+g)
    #4 d=4 dl=4 seenp fb=true seenlen=3 seen=exact@#3(idx1,live=yes) out=fall-through:seen-hit owner=3_3_r28:fired f=(x*log(c*(e*x+d)^p)^q)/(f*x^2+g)
        matched elem=(x*log(c*(e*x+d)^p)^q)/(f*x^2+g)

--- c3 g14 3 Logarithms/3.1.5 u (a+b log(c x^n))^p.mac e207 (eq)
  [trace] class=contains-noun t=1.7s L254 returned=yes t=1.708026 calls=5 ratsimp-hits=0 exact-hits=1 unexited=0 misfire/fault-lines=0 top=1_4_1_r7
    fires=1_4_1_r18,3_1_5_r57,3_1_5_r55,1_4_1_r7
    answer sha1=9f8a09e1c0db (q*'integrate(li[k-1](e*x^q)/(x*(b*log(c*x^n)+a)),x))/(b*n)-(q*'unintegrable[polylog(k-1,e*x^q)/(x*(b*log(c*x^n)+a)),x])/(b*n)+polylog(k,e*x^q)/(b*n*(b*log(c*x^...
    #1 d=1 dl=1 seenp fb=false seenlen=0 seen=- out=1_4_1_r7 owner=- f=(polylog(k-1,e*x^q)*q)/(b*n*x*(b*log(c*x^n)+a))-polylog(k,e*x^q)/(x*(b*log(c*x^n)+a)^2)
    #2 d=2 dl=2 seenp fb=true seenlen=1 seen=- out=1_4_1_r18 owner=1_4_1_r7:fired f=(q*li[k-1](e*x^q))/(b*n*x*(b*log(c*x^n)+a))
    #3 d=3 dl=3 seenp fb=true seenlen=2 seen=exact@#2(idx1,live=yes) out=fall-through:seen-hit owner=1_4_1_r18:fired f=(q*li[k-1](e*x^q))/(b*n*x*(b*log(c*x^n)+a))
        matched elem=(q*li[k-1](e*x^q))/(b*n*x*(b*log(c*x^n)+a))
    #4 d=2 dl=2 seenp fb=true seenlen=1 seen=- out=3_1_5_r55 owner=1_4_1_r7:fired f=li[k](e*x^q)/(x*(b*log(c*x^n)+a)^2)
    #5 d=3 dl=3 seenp fb=true seenlen=2 seen=- out=3_1_5_r57 owner=3_1_5_r55:fired f=polylog(k-1,e*x^q)/(x*(b*log(c*x^n)+a))
  [exact-only] class=contains-noun t=1.7s L254 returned=yes t=1.717028 calls=5 ratsimp-hits=0 exact-hits=1 unexited=0 misfire/fault-lines=0 top=1_4_1_r7
    fires=1_4_1_r18,3_1_5_r57,3_1_5_r55,1_4_1_r7
    answer sha1=9f8a09e1c0db (q*'integrate(li[k-1](e*x^q)/(x*(b*log(c*x^n)+a)),x))/(b*n)-(q*'unintegrable[polylog(k-1,e*x^q)/(x*(b*log(c*x^n)+a)),x])/(b*n)+polylog(k,e*x^q)/(b*n*(b*log(c*x^...
    #1 d=1 dl=1 seenp fb=false seenlen=0 seen=- out=1_4_1_r7 owner=- f=(polylog(k-1,e*x^q)*q)/(b*n*x*(b*log(c*x^n)+a))-polylog(k,e*x^q)/(x*(b*log(c*x^n)+a)^2)
    #2 d=2 dl=2 seenp fb=true seenlen=1 seen=- out=1_4_1_r18 owner=1_4_1_r7:fired f=(q*li[k-1](e*x^q))/(b*n*x*(b*log(c*x^n)+a))
    #3 d=3 dl=3 seenp fb=true seenlen=2 seen=exact@#2(idx1,live=yes) out=fall-through:seen-hit owner=1_4_1_r18:fired f=(q*li[k-1](e*x^q))/(b*n*x*(b*log(c*x^n)+a))
        matched elem=(q*li[k-1](e*x^q))/(b*n*x*(b*log(c*x^n)+a))
    #4 d=2 dl=2 seenp fb=true seenlen=1 seen=- out=3_1_5_r55 owner=1_4_1_r7:fired f=li[k](e*x^q)/(x*(b*log(c*x^n)+a)^2)
    #5 d=3 dl=3 seenp fb=true seenlen=2 seen=- out=3_1_5_r57 owner=3_1_5_r55:fired f=polylog(k-1,e*x^q)/(x*(b*log(c*x^n)+a))

--- c3 g21 3 Logarithms/3.1.4 (f x)^m (d+e x^r)^q (a+b log(c x^n))^p.mac e448 (eq)
  [trace] class=deferred t=1.7s L567 returned=yes t=1.649027 calls=2 ratsimp-hits=1 exact-hits=0 unexited=0 misfire/fault-lines=0 top=3_1_4_r26
    fires=3_1_4_r26
    answer sha1=27fd07ee1956 'integrate(e^3*x^(3*r)*(f*x)^m*(b*log(c*x^n)+a)^p+3*d*e^2*x^(2*r)*(f*x)^m*(b*log(c*x^n)+a)^p+3*d^2*e*x^r*(f*x)^m*(b*log(c*x^n)+a)^p+d^3*(f*x)^m*(b*log(c*x^n)+a)...
    #1 d=1 dl=1 seenp fb=false seenlen=0 seen=- out=3_1_4_r26 owner=- f=(f*x)^m*(e*x^r+d)^3*(b*log(c*x^n)+a)^p
    #2 d=2 dl=2 seenp fb=true seenlen=1 seen=ratsimp@#1(idx1,live=yes) out=fall-through:seen-hit owner=3_1_4_r26:fired f=e^3*x^(3*r)*(f*x)^m*(b*log(c*x^n)+a)^p+3*d*e^2*x^(2*r)*(f*x)^m*(b*log(c*x^n)+a)^p+3*d^2*e*x^r*(f*x)^m*(b*log(c...
        matched elem=(f*x)^m*(e*x^r+d)^3*(b*log(c*x^n)+a)^p
  [exact-only] class=verified t=5.3s L567 returned=yes t=5.05908 calls=13 ratsimp-hits=0 exact-hits=0 unexited=0 misfire/fault-lines=0 top=3_1_4_r26
    fires=2_1_r6,3_1_2_r10,1_4_1_r33,2_1_r6,3_1_2_r10,1_4_1_r33,2_1_r6,3_1_2_r10,1_4_1_r33,2_1_r6,3_1_2_r10,1_4_1_r7,3_1_4_r26
    answer sha1=f247c2c3642e (e^3*gamma_incomplete(p+1,-((b*(3*r+m+1)*log(c*x^n)+a*(3*r+m+1))/(b*n)))*x^(3*r+1)*(f*x)^m*(b*log(c*x^n)+a)^p)/((3*%e^((3*a*r)/(b*n)+(a*m)/(b*n)+a/(b*n))*r+%e^(...
    #1 d=1 dl=1 seenp fb=false seenlen=0 seen=- out=3_1_4_r26 owner=- f=(f*x)^m*(e*x^r+d)^3*(b*log(c*x^n)+a)^p
    #2 d=2 dl=2 seenp fb=true seenlen=1 seen=- out=1_4_1_r7 owner=3_1_4_r26:fired f=e^3*x^(3*r)*(f*x)^m*(b*log(c*x^n)+a)^p+3*d*e^2*x^(2*r)*(f*x)^m*(b*log(c*x^n)+a)^p+3*d^2*e*x^r*(f*x)^m*(b*log(c...
    #3 d=3 dl=3 seenp fb=true seenlen=2 seen=- out=1_4_1_r33 owner=1_4_1_r7:fired f=x^(3*r)*(f*x)^m*(b*log(c*x^n)+a)^p
    #4 d=4 dl=4 seenp fb=true seenlen=3 seen=- out=3_1_2_r10 owner=1_4_1_r33:fired f=x^(3*r+m)*(b*log(c*x^n)+a)^p
    #5 d=5 dl=5 seenp fb=true seenlen=4 seen=- out=2_1_r6 owner=3_1_2_r10:fired f=%e^(((3*r+m+1)*x)/n)*(b*x+a)^p
    #6 d=3 dl=3 seenp fb=true seenlen=2 seen=- out=1_4_1_r33 owner=1_4_1_r7:fired f=x^(2*r)*(f*x)^m*(b*log(c*x^n)+a)^p
    #7 d=4 dl=4 seenp fb=true seenlen=3 seen=- out=3_1_2_r10 owner=1_4_1_r33:fired f=x^(2*r+m)*(b*log(c*x^n)+a)^p
    #8 d=5 dl=5 seenp fb=true seenlen=4 seen=- out=2_1_r6 owner=3_1_2_r10:fired f=%e^(((2*r+m+1)*x)/n)*(b*x+a)^p
    #9 d=3 dl=3 seenp fb=true seenlen=2 seen=- out=1_4_1_r33 owner=1_4_1_r7:fired f=x^r*(f*x)^m*(b*log(c*x^n)+a)^p
    #10 d=4 dl=4 seenp fb=true seenlen=3 seen=- out=3_1_2_r10 owner=1_4_1_r33:fired f=x^(r+m)*(b*log(c*x^n)+a)^p
    #11 d=5 dl=5 seenp fb=true seenlen=4 seen=- out=2_1_r6 owner=3_1_2_r10:fired f=%e^(((r+m+1)*x)/n)*(b*x+a)^p
    #12 d=3 dl=3 seenp fb=true seenlen=2 seen=- out=3_1_2_r10 owner=1_4_1_r7:fired f=(f*x)^m*(b*log(c*x^n)+a)^p
    #13 d=4 dl=4 seenp fb=true seenlen=3 seen=- out=2_1_r6 owner=3_1_2_r10:fired f=%e^(((m+1)*x)/n)*(b*x+a)^p
  [p0] class=verified t=4.0s L567 returned=yes t=3.975063 calls=3 ratsimp-hits=0 exact-hits=1 unexited=0 misfire/fault-lines=0 top=9_1_r16@pass2
    fires=9_1_r16,9_1_r16
    answer sha1=1e901c4564e4 ((f*x)^m*'integrate(x^m*(e*x^r+d)^3*(b*log(c*x^n)+a)^p,x))/x^m
    #1 d=1 dl=1 p0-mr_top fb=false seenlen=0 seen=- out=9_1_r16@pass2 owner=- f=(f*x)^m*(e*x^r+d)^3*(b*log(c*x^n)+a)^p
    #2 d=2 dl=0 p0-hybrid-alg fb=true seenlen=0 seen=- out=9_1_r16@pass1 owner=9_1_r16:fired f=x^m*(e*x^r+d)^3*(b*log(c*x^n)+a)^p
    #3 d=3 dl=1 p0-hybrid-alg fb=true seenlen=1 seen=exact@#2(idx1,live=yes) out=fall-through:seen-hit owner=9_1_r16:fired f=x^m*(e*x^r+d)^3*(b*log(c*x^n)+a)^p
        matched elem=x^m*(e*x^r+d)^3*(b*log(c*x^n)+a)^p

--- c3 g21 3 Logarithms/3.1.4 (f x)^m (d+e x^r)^q (a+b log(c x^n))^p.mac e449 (eq)
  [trace] class=deferred t=1.6s L568 returned=yes t=1.610026 calls=2 ratsimp-hits=1 exact-hits=0 unexited=0 misfire/fault-lines=0 top=3_1_4_r26
    fires=3_1_4_r26
    answer sha1=0902db408283 'integrate(e^2*x^(2*r)*(f*x)^m*(b*log(c*x^n)+a)^p+2*d*e*x^r*(f*x)^m*(b*log(c*x^n)+a)^p+d^2*(f*x)^m*(b*log(c*x^n)+a)^p,x)
    #1 d=1 dl=1 seenp fb=false seenlen=0 seen=- out=3_1_4_r26 owner=- f=(f*x)^m*(e*x^r+d)^2*(b*log(c*x^n)+a)^p
    #2 d=2 dl=2 seenp fb=true seenlen=1 seen=ratsimp@#1(idx1,live=yes) out=fall-through:seen-hit owner=3_1_4_r26:fired f=e^2*x^(2*r)*(f*x)^m*(b*log(c*x^n)+a)^p+2*d*e*x^r*(f*x)^m*(b*log(c*x^n)+a)^p+d^2*(f*x)^m*(b*log(c*x^n)+a)^p
        matched elem=(f*x)^m*(e*x^r+d)^2*(b*log(c*x^n)+a)^p
  [exact-only] class=verified t=4.2s L568 returned=yes t=4.054063 calls=10 ratsimp-hits=0 exact-hits=0 unexited=0 misfire/fault-lines=0 top=3_1_4_r26
    fires=2_1_r6,3_1_2_r10,1_4_1_r33,2_1_r6,3_1_2_r10,1_4_1_r33,2_1_r6,3_1_2_r10,1_4_1_r7,3_1_4_r26
    answer sha1=d292ceaf578f (e^2*gamma_incomplete(p+1,-((b*(2*r+m+1)*log(c*x^n)+a*(2*r+m+1))/(b*n)))*x^(2*r+1)*(f*x)^m*(b*log(c*x^n)+a)^p)/((2*%e^((2*a*r)/(b*n)+(a*m)/(b*n)+a/(b*n))*r+%e^(...
    #1 d=1 dl=1 seenp fb=false seenlen=0 seen=- out=3_1_4_r26 owner=- f=(f*x)^m*(e*x^r+d)^2*(b*log(c*x^n)+a)^p
    #2 d=2 dl=2 seenp fb=true seenlen=1 seen=- out=1_4_1_r7 owner=3_1_4_r26:fired f=e^2*x^(2*r)*(f*x)^m*(b*log(c*x^n)+a)^p+2*d*e*x^r*(f*x)^m*(b*log(c*x^n)+a)^p+d^2*(f*x)^m*(b*log(c*x^n)+a)^p
    #3 d=3 dl=3 seenp fb=true seenlen=2 seen=- out=1_4_1_r33 owner=1_4_1_r7:fired f=x^(2*r)*(f*x)^m*(b*log(c*x^n)+a)^p
    #4 d=4 dl=4 seenp fb=true seenlen=3 seen=- out=3_1_2_r10 owner=1_4_1_r33:fired f=x^(2*r+m)*(b*log(c*x^n)+a)^p
    #5 d=5 dl=5 seenp fb=true seenlen=4 seen=- out=2_1_r6 owner=3_1_2_r10:fired f=%e^(((2*r+m+1)*x)/n)*(b*x+a)^p
    #6 d=3 dl=3 seenp fb=true seenlen=2 seen=- out=1_4_1_r33 owner=1_4_1_r7:fired f=x^r*(f*x)^m*(b*log(c*x^n)+a)^p
    #7 d=4 dl=4 seenp fb=true seenlen=3 seen=- out=3_1_2_r10 owner=1_4_1_r33:fired f=x^(r+m)*(b*log(c*x^n)+a)^p
    #8 d=5 dl=5 seenp fb=true seenlen=4 seen=- out=2_1_r6 owner=3_1_2_r10:fired f=%e^(((r+m+1)*x)/n)*(b*x+a)^p
    #9 d=3 dl=3 seenp fb=true seenlen=2 seen=- out=3_1_2_r10 owner=1_4_1_r7:fired f=(f*x)^m*(b*log(c*x^n)+a)^p
    #10 d=4 dl=4 seenp fb=true seenlen=3 seen=- out=2_1_r6 owner=3_1_2_r10:fired f=%e^(((m+1)*x)/n)*(b*x+a)^p
  [p0] class=verified t=3.9s L568 returned=yes t=3.887062 calls=3 ratsimp-hits=0 exact-hits=1 unexited=0 misfire/fault-lines=0 top=9_1_r16@pass2
    fires=9_1_r16,9_1_r16
    answer sha1=69ca7bb828e5 ((f*x)^m*'integrate(x^m*(e*x^r+d)^2*(b*log(c*x^n)+a)^p,x))/x^m
    #1 d=1 dl=1 p0-mr_top fb=false seenlen=0 seen=- out=9_1_r16@pass2 owner=- f=(f*x)^m*(e*x^r+d)^2*(b*log(c*x^n)+a)^p
    #2 d=2 dl=0 p0-hybrid-alg fb=true seenlen=0 seen=- out=9_1_r16@pass1 owner=9_1_r16:fired f=x^m*(e*x^r+d)^2*(b*log(c*x^n)+a)^p
    #3 d=3 dl=1 p0-hybrid-alg fb=true seenlen=1 seen=exact@#2(idx1,live=yes) out=fall-through:seen-hit owner=9_1_r16:fired f=x^m*(e*x^r+d)^2*(b*log(c*x^n)+a)^p
        matched elem=x^m*(e*x^r+d)^2*(b*log(c*x^n)+a)^p

--- c3 g21 3 Logarithms/3.1.4 (f x)^m (d+e x^r)^q (a+b log(c x^n))^p.mac e450 (eq)
  [trace] class=deferred t=0.9s L569 returned=yes t=0.921015 calls=2 ratsimp-hits=1 exact-hits=0 unexited=0 misfire/fault-lines=0 top=3_1_4_r26
    fires=3_1_4_r26
    answer sha1=c2dd3fd1c337 'integrate(e*x^r*(f*x)^m*(b*log(c*x^n)+a)^p+d*(f*x)^m*(b*log(c*x^n)+a)^p,x)
    #1 d=1 dl=1 seenp fb=false seenlen=0 seen=- out=3_1_4_r26 owner=- f=(f*x)^m*(e*x^r+d)*(b*log(c*x^n)+a)^p
    #2 d=2 dl=2 seenp fb=true seenlen=1 seen=ratsimp@#1(idx1,live=yes) out=fall-through:seen-hit owner=3_1_4_r26:fired f=e*x^r*(f*x)^m*(b*log(c*x^n)+a)^p+d*(f*x)^m*(b*log(c*x^n)+a)^p
        matched elem=(f*x)^m*(e*x^r+d)*(b*log(c*x^n)+a)^p
  [exact-only] class=verified t=2.5s L569 returned=yes t=2.414039 calls=7 ratsimp-hits=0 exact-hits=0 unexited=0 misfire/fault-lines=0 top=3_1_4_r26
    fires=2_1_r6,3_1_2_r10,1_4_1_r33,2_1_r6,3_1_2_r10,1_4_1_r7,3_1_4_r26
    answer sha1=1456bcaff5df (e*gamma_incomplete(p+1,-((b*(r+m+1)*log(c*x^n)+a*(r+m+1))/(b*n)))*x^(r+1)*(f*x)^m*(b*log(c*x^n)+a)^p)/((%e^((a*r)/(b*n)+(a*m)/(b*n)+a/(b*n))*r+%e^((a*r)/(b*n)+...
    #1 d=1 dl=1 seenp fb=false seenlen=0 seen=- out=3_1_4_r26 owner=- f=(f*x)^m*(e*x^r+d)*(b*log(c*x^n)+a)^p
    #2 d=2 dl=2 seenp fb=true seenlen=1 seen=- out=1_4_1_r7 owner=3_1_4_r26:fired f=e*x^r*(f*x)^m*(b*log(c*x^n)+a)^p+d*(f*x)^m*(b*log(c*x^n)+a)^p
    #3 d=3 dl=3 seenp fb=true seenlen=2 seen=- out=1_4_1_r33 owner=1_4_1_r7:fired f=x^r*(f*x)^m*(b*log(c*x^n)+a)^p
    #4 d=4 dl=4 seenp fb=true seenlen=3 seen=- out=3_1_2_r10 owner=1_4_1_r33:fired f=x^(r+m)*(b*log(c*x^n)+a)^p
    #5 d=5 dl=5 seenp fb=true seenlen=4 seen=- out=2_1_r6 owner=3_1_2_r10:fired f=%e^(((r+m+1)*x)/n)*(b*x+a)^p
    #6 d=3 dl=3 seenp fb=true seenlen=2 seen=- out=3_1_2_r10 owner=1_4_1_r7:fired f=(f*x)^m*(b*log(c*x^n)+a)^p
    #7 d=4 dl=4 seenp fb=true seenlen=3 seen=- out=2_1_r6 owner=3_1_2_r10:fired f=%e^(((m+1)*x)/n)*(b*x+a)^p
  [p0] class=verified t=3.7s L569 returned=yes t=3.692058 calls=3 ratsimp-hits=0 exact-hits=1 unexited=0 misfire/fault-lines=0 top=9_1_r16@pass2
    fires=9_1_r16,9_1_r16
    answer sha1=4f6844ac04bf ((f*x)^m*'integrate(x^m*(e*x^r+d)*(b*log(c*x^n)+a)^p,x))/x^m
    #1 d=1 dl=1 p0-mr_top fb=false seenlen=0 seen=- out=9_1_r16@pass2 owner=- f=(f*x)^m*(e*x^r+d)*(b*log(c*x^n)+a)^p
    #2 d=2 dl=0 p0-hybrid-alg fb=true seenlen=0 seen=- out=9_1_r16@pass1 owner=9_1_r16:fired f=x^m*(e*x^r+d)*(b*log(c*x^n)+a)^p
    #3 d=3 dl=1 p0-hybrid-alg fb=true seenlen=1 seen=exact@#2(idx1,live=yes) out=fall-through:seen-hit owner=9_1_r16:fired f=x^m*(e*x^r+d)*(b*log(c*x^n)+a)^p
        matched elem=x^m*(e*x^r+d)*(b*log(c*x^n)+a)^p

--- c3 g48 3 Logarithms/3.1.4 (f x)^m (d+e x^r)^q (a+b log(c x^n))^p.mac e350 (eq)
  [trace] class=deferred t=0.2s L445 returned=yes t=0.140002 calls=2 ratsimp-hits=1 exact-hits=0 unexited=0 misfire/fault-lines=0 top=1_4_1_r26
    fires=1_4_1_r26
    answer sha1=7b1b7cf8cb18 'integrate(log(a*x^(1-n))/(x^n*(a*x^(1-n)-1)),x)
    #1 d=1 dl=1 seenp fb=false seenlen=0 seen=- out=1_4_1_r26 owner=- f=log(a*x^(1-n))/(a*x-x^n)
    #2 d=2 dl=2 seenp fb=true seenlen=1 seen=ratsimp@#1(idx1,live=yes) out=fall-through:seen-hit owner=1_4_1_r26:fired f=log(a*x^(1-n))/(x^n*(a*x^(1-n)-1))
        matched elem=log(a*x^(1-n))/(a*x-x^n)
  [exact-only] class=verified t=1.1s L445 returned=yes t=1.091017 calls=4 ratsimp-hits=0 exact-hits=1 unexited=0 misfire/fault-lines=0 top=1_4_1_r26
    fires=1_1_3_7_r46,3_1_4_r5,1_4_1_r26
    answer sha1=f25943d965c6 (log(x^(1-n))*log((x^n-a*x)/x^n)+log(a*x^(1-n))*log(-((x^n-a*x)/x^n))-log(x^(1-n))*log(-((x^n-a*x)/x^n))+li[2](a*x^(1-n)))/(a*(1-n))
    #1 d=1 dl=1 seenp fb=false seenlen=0 seen=- out=1_4_1_r26 owner=- f=log(a*x^(1-n))/(a*x-x^n)
    #2 d=2 dl=2 seenp fb=true seenlen=1 seen=- out=3_1_4_r5 owner=1_4_1_r26:fired f=log(a*x^(1-n))/(x^n*(a*x^(1-n)-1))
    #3 d=3 dl=3 seenp fb=true seenlen=2 seen=- out=1_1_3_7_r46 owner=3_1_4_r5:fired f=log(a*x)/(a*x-1)
    #4 d=4 dl=4 seenp fb=true seenlen=3 seen=exact@#3(idx1,live=yes) out=fall-through:seen-hit owner=1_1_3_7_r46:fired f=log(a*x)/(a*x-1)
        matched elem=log(a*x)/(a*x-1)

--- c2 g3 2 Exponentials/2.3 Exponential functions.mac e624 (noroute)
  [trace] class=deferred t=1.3s L713 returned=yes t=1.275021 calls=1 ratsimp-hits=0 exact-hits=0 unexited=0 misfire/fault-lines=0 top=fall-through:nofire
    fires=-
    answer sha1=bebee738b148 'unintegrable[(%e^(c*x^2+b*x+a)*(2*c*x+b))/(c*x^2+b*x+a),x]
    #1 d=1 dl=1 seenp fb=false seenlen=0 seen=- out=fall-through:nofire owner=- f=(%e^(c*x^2+b*x+a)*(2*c*x+b))/(c*x^2+b*x+a)
  [exact-only] class=deferred t=1.3s L713 returned=yes t=1.290021 calls=1 ratsimp-hits=0 exact-hits=0 unexited=0 misfire/fault-lines=0 top=fall-through:nofire
    fires=-
    answer sha1=bebee738b148 'unintegrable[(%e^(c*x^2+b*x+a)*(2*c*x+b))/(c*x^2+b*x+a),x]
    #1 d=1 dl=1 seenp fb=false seenlen=0 seen=- out=fall-through:nofire owner=- f=(%e^(c*x^2+b*x+a)*(2*c*x+b))/(c*x^2+b*x+a)

--- c2 g3 2 Exponentials/2.3 Exponential functions.mac e767 (noroute)
  [trace] class=deferred t=0.1s L890 returned=yes t=0.083001 calls=1 ratsimp-hits=0 exact-hits=0 unexited=0 misfire/fault-lines=0 top=fall-through:nofire
    fires=-
    answer sha1=151970fcaf1f 'unintegrable[%e^(d*x^n+b*x^n+c+a),x]
    #1 d=1 dl=1 seenp fb=false seenlen=0 seen=- out=fall-through:nofire owner=- f=%e^(d*x^n+b*x^n+c+a)
  [exact-only] class=deferred t=0.1s L890 returned=yes t=0.083001 calls=1 ratsimp-hits=0 exact-hits=0 unexited=0 misfire/fault-lines=0 top=fall-through:nofire
    fires=-
    answer sha1=151970fcaf1f 'unintegrable[%e^(d*x^n+b*x^n+c+a),x]
    #1 d=1 dl=1 seenp fb=false seenlen=0 seen=- out=fall-through:nofire owner=- f=%e^(d*x^n+b*x^n+c+a)

--- c3 g20 3 Logarithms/3.4 u (a+b log(c (d+e x^m)^n))^p.mac e625 (noroute)
  [trace] class=deferred t=1.0s L796 returned=yes t=1.005015 calls=1 ratsimp-hits=0 exact-hits=0 unexited=0 misfire/fault-lines=0 top=fall-through:nofire
    fires=-
    answer sha1=b75e578f27d8 'unintegrable[(b*log(c*(e*x^m+d)^n)+a)/(x*log(f*x^p)),x]
    #1 d=1 dl=1 seenp fb=false seenlen=0 seen=- out=fall-through:nofire owner=- f=(b*log(c*(e*x^m+d)^n)+a)/(x*log(f*x^p))
  [exact-only] class=deferred t=1.0s L796 returned=yes t=0.986016 calls=1 ratsimp-hits=0 exact-hits=0 unexited=0 misfire/fault-lines=0 top=fall-through:nofire
    fires=-
    answer sha1=b75e578f27d8 'unintegrable[(b*log(c*(e*x^m+d)^n)+a)/(x*log(f*x^p)),x]
    #1 d=1 dl=1 seenp fb=false seenlen=0 seen=- out=fall-through:nofire owner=- f=(b*log(c*(e*x^m+d)^n)+a)/(x*log(f*x^p))

--- c3 g20 3 Logarithms/3.5 Logarithm functions.mac e292 (noroute)
  [trace] class=deferred t=0.9s L363 returned=yes t=0.854014 calls=1 ratsimp-hits=0 exact-hits=0 unexited=0 misfire/fault-lines=0 top=fall-through:nofire
    fires=-
    answer sha1=40508d8a2569 'unintegrable[(1-log(x))/(x*(log(x)+x)),x]
    #1 d=1 dl=1 seenp fb=false seenlen=0 seen=- out=fall-through:nofire owner=- f=(1-log(x))/(x*(log(x)+x))
  [exact-only] class=deferred t=0.9s L363 returned=yes t=0.854013 calls=1 ratsimp-hits=0 exact-hits=0 unexited=0 misfire/fault-lines=0 top=fall-through:nofire
    fires=-
    answer sha1=40508d8a2569 'unintegrable[(1-log(x))/(x*(log(x)+x)),x]
    #1 d=1 dl=1 seenp fb=false seenlen=0 seen=- out=fall-through:nofire owner=- f=(1-log(x))/(x*(log(x)+x))

--- c3 g20 3 Logarithms/3.5 Logarithm functions.mac e293 (noroute)
  [trace] class=deferred t=0.8s L364 returned=yes t=0.766012 calls=1 ratsimp-hits=0 exact-hits=0 unexited=0 misfire/fault-lines=0 top=fall-through:nofire
    fires=-
    answer sha1=8fcd582b1291 'unintegrable[(x+1)/(log(x)*(log(x)+x)),x]
    #1 d=1 dl=1 seenp fb=false seenlen=0 seen=- out=fall-through:nofire owner=- f=(x+1)/(log(x)*(log(x)+x))
  [exact-only] class=deferred t=0.8s L364 returned=yes t=0.766013 calls=1 ratsimp-hits=0 exact-hits=0 unexited=0 misfire/fault-lines=0 top=fall-through:nofire
    fires=-
    answer sha1=8fcd582b1291 'unintegrable[(x+1)/(log(x)*(log(x)+x)),x]
    #1 d=1 dl=1 seenp fb=false seenlen=0 seen=- out=fall-through:nofire owner=- f=(x+1)/(log(x)*(log(x)+x))

--- c3 g51 3 Logarithms/3.5 Logarithm functions.mac e83 (noroute)
  [trace] class=timeout t=30.0s L110 returned=NO calls=2 ratsimp-hits=0 exact-hits=0 unexited=2 misfire/fault-lines=0 top=open
    fires=-
    #1 d=1 dl=1 seenp fb=false seenlen=0 seen=- out=open owner=- f=(e*x+d)^3*log(d*(c*x^2+b*x+a)^n)
    #2 d=2 dl=2 seenp fb=true seenlen=1 seen=- out=open owner=- f=(2*c*e^4*x^5+(b*e^4+8*c*d*e^3)*x^4+(4*b*d*e^3+12*c*d^2*e^2)*x^3+(6*b*d^2*e^2+8*c*d^3*e)*x^2+(4*b*d^3*e+2*c*d^4...
  [exact-only] class=timeout t=30.0s L110 returned=NO calls=2 ratsimp-hits=0 exact-hits=0 unexited=2 misfire/fault-lines=0 top=open
    fires=-
    #1 d=1 dl=1 seenp fb=false seenlen=0 seen=- out=open owner=- f=(e*x+d)^3*log(d*(c*x^2+b*x+a)^n)
    #2 d=2 dl=2 seenp fb=true seenlen=1 seen=- out=open owner=- f=(2*c*e^4*x^5+(b*e^4+8*c*d*e^3)*x^4+(4*b*d*e^3+12*c*d^2*e^2)*x^3+(6*b*d^2*e^2+8*c*d^3*e)*x^2+(4*b*d^3*e+2*c*d^4...

=== table (fixed core)
| entry | group | ratsimp-seen-hit (trace arm): #call@owner rule | class trace | class exact-only | answer trace vs exact-only | probe-10 final30 class | trace |
|---|---|---|---|---|---|---|---|
| 2.3 E e202 | c2 g1 | yes #2@2_3_r34:fired | deferred | verified | differs | deferred | ok |
| 2.3 E e247 | c2 g1 | yes #2@2_3_r34:fired | deferred | verified | differs | deferred | ok |
| 2.3 E e248 | c2 g1 | yes #2@2_3_r34:fired | deferred | verified | differs | deferred | ok |
| 2.3 E e391 | c2 g1 | yes #2@2_3_r34:fired | deferred | verified | differs | deferred | ok |
| 2.3 E e392 | c2 g1 | yes #2@2_3_r34:fired | deferred | verified | differs | deferred | ok |
| 2.3 E e726 | c2 g5 | no | contains-noun | contains-noun | same | contains-noun | ok |
| 2.3 E e557 | c2 g6 | no | deferred | deferred | same | deferred | ok |
| 3.1.5 e24 | c3 g6 | no | unverified | unverified | same | unverified | ok |
| 3.1.5 e27 | c3 g6 | no | unverified | unverified | same | unverified | ok |
| 3.1.5 e50 | c3 g6 | yes #5@1_1_1_2_r13:fired | unverified | unverified | same | unverified | ok |
| 3.1.5 e52 | c3 g6 | yes #5@1_1_1_2_r13:fired | unverified | unverified | same | unverified | ok |
| 3.1.5 e90 | c3 g6 | no | unverified | unverified | same | unverified | ok |
| 3.1.5 e93 | c3 g6 | no | unverified | unverified | same | unverified | ok |
| 3.1.5 e94 | c3 g6 | yes #5@1_1_1_2_r13:fired | unverified | unverified | same | unverified | ok |
| 3.1.5 e51 | c3 g11 | yes #5@1_1_1_2_r13:fired | timeout | timeout | same | timeout | ok |
| 3.1.5 e119 | c3 g11 | yes #5@1_1_1_2_r13:fired | error | error | same | timeout | ok |
| 3.1.5 e120 | c3 g11 | yes #5@1_1_1_2_r13:fired | timeout | timeout | same | timeout | ok |
| 3.1.5 e121 | c3 g11 | yes #5@1_1_1_2_r13:fired | timeout | timeout | same | timeout | ok |
| 3.4 u e383 | c3 g12 | yes #2@1_4_1_r3:fired | unexpected | no-answer | differs | unexpected | ok |
| 3.4 u e384 | c3 g12 | yes #2@1_4_1_r3:fired | unexpected | no-answer | differs | unexpected | ok |
| 3.4 u e387 | c3 g12 | yes #2@1_4_1_r3:fired | unexpected | contains-noun | differs | unexpected | ok |
| 3.4 u e388 | c3 g12 | yes #2@1_4_1_r3:fired | unexpected | unexpected | differs | unexpected | ok |
| 3.1.5 e207 | c3 g14 | no | contains-noun | contains-noun | same | contains-noun | ok |
| 3.1.4 e448 | c3 g21 | yes #2@3_1_4_r26:fired | deferred | verified | differs | deferred | ok |
| 3.1.4 e449 | c3 g21 | yes #2@3_1_4_r26:fired | deferred | verified | differs | deferred | ok |
| 3.1.4 e450 | c3 g21 | yes #2@3_1_4_r26:fired | deferred | verified | differs | deferred | ok |
| 3.1.4 e350 | c3 g48 | yes #2@1_4_1_r26:fired | deferred | verified | differs | deferred | ok |
| 2.3 E e624 | c2 g3 | no | deferred | deferred | same | deferred | ok |
| 2.3 E e767 | c2 g3 | no | deferred | deferred | same | deferred | ok |
| 3.4 u e625 | c3 g20 | no | deferred | deferred | same | deferred | ok |
| 3.5 L e292 | c3 g20 | no | deferred | deferred | same | deferred | ok |
| 3.5 L e293 | c3 g20 | no | deferred | deferred | same | deferred | ok |
| 3.5 L e83 | c3 g51 | no | timeout | timeout | n/a | timeout | INCOMPLETE |

=== table (P0 core)
| entry | group | class p0 | top rule @ pass | ratsimp-seen-hit | trace |
|---|---|---|---|---|---|
| 2.3 E e202 | c2 g1 | verified | 2_3_r34@pass2 | no | ok |
| 2.3 E e247 | c2 g1 | verified | 2_3_r34@pass2 | no | ok |
| 2.3 E e248 | c2 g1 | verified | 2_3_r34@pass2 | no | ok |
| 2.3 E e391 | c2 g1 | verified | 2_3_r34@pass2 | no | ok |
| 2.3 E e392 | c2 g1 | verified | 2_3_r34@pass2 | no | ok |
| 3.1.4 e448 | c3 g21 | verified | 9_1_r16@pass2 | no | ok |
| 3.1.4 e449 | c3 g21 | verified | 9_1_r16@pass2 | no | ok |
| 3.1.4 e450 | c3 g21 | verified | 9_1_r16@pass2 | no | ok |
Results: 32 passed, 1 failed
