=== probes/matcher/19-flat-absorb-cost  git HEAD dfbff5f  2026-09-18 19:48 UTC
R patterns 3513
R base dfbff5f
=== SBCL leg: matcher search cost, binding count, full-enumeration wall
R tree k 6 m1 118005 bindings 1670 enum-s 0.006
R tree k 6 top-m1 1_3_4 r5=5738 1_4_2 r4=5498 1_3_4 r6=5498 1_1_1_4 r48=5498 1_4_2 r10=2476
R base k 6 m1 172503 bindings 1670 enum-s 0.017
R base k 6 top-m1 1_3_4 r5=8858 1_4_2 r10=8378 1_4_2 r4=5498 1_3_4 r6=5498 1_1_1_4 r48=5498
R tree k 8 m1 244709 bindings 6228 enum-s 0.032
R tree k 8 top-m1 1_3_4 r5=18720 1_4_2 r4=18048 1_3_4 r6=18048 1_1_1_4 r48=18048 1_4_2 r10=16834
R base k 8 m1 650547 bindings 6228 enum-s 0.174
R base k 8 top-m1 1_4_2 r10=111408 1_4_2 r23=48863 1_4_2 r22=48863 1_4_2 r8=48863 1_3_4 r5=30144
R tree k 10 m1 591797 bindings 25434 enum-s 0.166
R tree k 10 top-m1 1_4_2 r10=103856 1_3_4 r5=46598 1_4_2 r4=45158 1_3_4 r6=45158 1_1_1_4 r48=45158
R base k 10 m1 4691999 bindings 25434 enum-s 1.775
R base k 10 top-m1 1_4_2 r10=1428718 1_4_2 r23=496969 1_4_2 r22=496969 1_4_2 r8=496969 1_4_2 r27=244389
R tree k 12 m1 1785285 bindings 109448 enum-s 0.885
R tree k 12 top-m1 1_4_2 r10=595174 1_4_2 r23=116765 1_4_2 r22=116765 1_4_2 r8=116765 1_3_4 r5=97868
R base k 12 m1 45568395 bindings 109448 enum-s 24.462
R base k 12 top-m1 1_4_2 r10=17718068 1_4_2 r23=5074803 1_4_2 r22=5074803 1_4_2 r8=5074803 1_4_2 r27=2158533
=== Maxima leg: what probe 06's claim12 wall is made of
R build branch_5_50_base_84_g4204fb669 2026-08-31 13:27:47 
R rules 3513 
R walk one-rule-x3513 (integrand re-conversion) s 0.039000000000000146 
R walk accept cond_retry=true (= probe 06 claim12) s 147.265752 
R walk accept cond_retry=false s 0.17000200000001087 
R walk bindings only (no cond) s 0.13100199999999518 
R DONE 
=== done
