# probes/class-ports/01-timeout-ab.run -- ALTERNATING SEQUENTIAL timing A/B, 120 s cpu cap.
# tree 4ed1877, 2026-09-25 10:42 UTC
# ref core: fingerprint d251f4bff5afb506c402c7bf97e49005
# ref core: git_rev cc12ec268752efc18bd5cec637b6d5dbf3f75e6f
# ref core: rules 3997
# new core: fingerprint 4daae7ac7b1a15c8d70cbf11eacb51aa
# new core: git_rev 4ed1877e1eb53c620fb80bc92677329f80e0d39a
# new core: rules 7776

ref  verified       t=  15.1s 6 Hyperbolic functions/6.1 Hyperbolic sine/6.1.1 (c+d x)^m (a+b sinh)^n.mac e474 L635
new  timeout        t= 120.0s 6 Hyperbolic functions/6.1 Hyperbolic sine/6.1.1 (c+d x)^m (a+b sinh)^n.mac e474 L635
ref  verified       t=  14.4s 6 Hyperbolic functions/6.1 Hyperbolic sine/6.1.1 (c+d x)^m (a+b sinh)^n.mac e501 L672
new  timeout        t= 120.1s 6 Hyperbolic functions/6.1 Hyperbolic sine/6.1.1 (c+d x)^m (a+b sinh)^n.mac e501 L672
ref  verified       t=  18.0s 6 Hyperbolic functions/6.1 Hyperbolic sine/6.1.5 Hyperbolic sine functions.mac e72 L103
new  timeout        t= 120.1s 6 Hyperbolic functions/6.1 Hyperbolic sine/6.1.5 Hyperbolic sine functions.mac e72 L103
ref  verified       t=  12.9s 6 Hyperbolic functions/6.1 Hyperbolic sine/6.1.5 Hyperbolic sine functions.mac e73 L104
new  error          t=  53.1s 6 Hyperbolic functions/6.1 Hyperbolic sine/6.1.5 Hyperbolic sine functions.mac e73 L104
ref  verified       t=   9.2s 6 Hyperbolic functions/6.1 Hyperbolic sine/6.1.5 Hyperbolic sine functions.mac e74 L105
new  error          t=  77.4s 6 Hyperbolic functions/6.1 Hyperbolic sine/6.1.5 Hyperbolic sine functions.mac e74 L105
ref  verified       t=   7.5s 6 Hyperbolic functions/6.1 Hyperbolic sine/6.1.5 Hyperbolic sine functions.mac e75 L106
new  error          t=  24.8s 6 Hyperbolic functions/6.1 Hyperbolic sine/6.1.5 Hyperbolic sine functions.mac e75 L106
ref  verified       t=   7.6s 6 Hyperbolic functions/6.1 Hyperbolic sine/6.1.5 Hyperbolic sine functions.mac e129 L172
new  error          t=  31.0s 6 Hyperbolic functions/6.1 Hyperbolic sine/6.1.5 Hyperbolic sine functions.mac e129 L172
ref  verified       t=   6.5s 6 Hyperbolic functions/6.1 Hyperbolic sine/6.1.5 Hyperbolic sine functions.mac e179 L238
new  timeout        t= 120.0s 6 Hyperbolic functions/6.1 Hyperbolic sine/6.1.5 Hyperbolic sine functions.mac e179 L238
ref  verified       t=  16.7s 6 Hyperbolic functions/6.1 Hyperbolic sine/6.1.5 Hyperbolic sine functions.mac e219 L284
new  timeout        t= 120.0s 6 Hyperbolic functions/6.1 Hyperbolic sine/6.1.5 Hyperbolic sine functions.mac e219 L284
ref  verified       t=  17.3s 6 Hyperbolic functions/6.1 Hyperbolic sine/6.1.5 Hyperbolic sine functions.mac e252 L331
new  error          t= 102.8s 6 Hyperbolic functions/6.1 Hyperbolic sine/6.1.5 Hyperbolic sine functions.mac e252 L331
ref  verified       t=   4.5s 6 Hyperbolic functions/6.1 Hyperbolic sine/6.1.7 hyper^m (a+b sinh^n)^p.mac e25 L36
new  verified       t=  30.4s 6 Hyperbolic functions/6.1 Hyperbolic sine/6.1.7 hyper^m (a+b sinh^n)^p.mac e25 L36
ref  verified       t=  17.2s 6 Hyperbolic functions/6.1 Hyperbolic sine/6.1.7 hyper^m (a+b sinh^n)^p.mac e58 L71
new  verified       t=  26.5s 6 Hyperbolic functions/6.1 Hyperbolic sine/6.1.7 hyper^m (a+b sinh^n)^p.mac e58 L71
ref  verified       t=  19.1s 6 Hyperbolic functions/6.1 Hyperbolic sine/6.1.7 hyper^m (a+b sinh^n)^p.mac e120 L139
new  contains-noun  t=  39.2s 6 Hyperbolic functions/6.1 Hyperbolic sine/6.1.7 hyper^m (a+b sinh^n)^p.mac e120 L139
ref  verified       t=  18.7s 6 Hyperbolic functions/6.1 Hyperbolic sine/6.1.7 hyper^m (a+b sinh^n)^p.mac e212 L249
new  verified       t=  28.6s 6 Hyperbolic functions/6.1 Hyperbolic sine/6.1.7 hyper^m (a+b sinh^n)^p.mac e212 L249
ref  verified       t=  21.1s 6 Hyperbolic functions/6.1 Hyperbolic sine/6.1.7 hyper^m (a+b sinh^n)^p.mac e213 L250
new  verified       t=  33.0s 6 Hyperbolic functions/6.1 Hyperbolic sine/6.1.7 hyper^m (a+b sinh^n)^p.mac e213 L250
ref  verified       t=  21.4s 6 Hyperbolic functions/6.1 Hyperbolic sine/6.1.7 hyper^m (a+b sinh^n)^p.mac e214 L251
new  verified       t=  33.2s 6 Hyperbolic functions/6.1 Hyperbolic sine/6.1.7 hyper^m (a+b sinh^n)^p.mac e214 L251
ref  verified       t=  21.4s 6 Hyperbolic functions/6.1 Hyperbolic sine/6.1.7 hyper^m (a+b sinh^n)^p.mac e215 L252
new  verified       t=  33.5s 6 Hyperbolic functions/6.1 Hyperbolic sine/6.1.7 hyper^m (a+b sinh^n)^p.mac e215 L252
ref  verified       t=  21.2s 6 Hyperbolic functions/6.1 Hyperbolic sine/6.1.7 hyper^m (a+b sinh^n)^p.mac e216 L253
new  verified       t=  33.7s 6 Hyperbolic functions/6.1 Hyperbolic sine/6.1.7 hyper^m (a+b sinh^n)^p.mac e216 L253
ref  verified       t=  13.5s 6 Hyperbolic functions/6.1 Hyperbolic sine/6.1.7 hyper^m (a+b sinh^n)^p.mac e222 L259
new  verified       t=  84.7s 6 Hyperbolic functions/6.1 Hyperbolic sine/6.1.7 hyper^m (a+b sinh^n)^p.mac e222 L259
ref  verified       t=  10.5s 6 Hyperbolic functions/6.1 Hyperbolic sine/6.1.7 hyper^m (a+b sinh^n)^p.mac e223 L260
new  verified       t=  42.3s 6 Hyperbolic functions/6.1 Hyperbolic sine/6.1.7 hyper^m (a+b sinh^n)^p.mac e223 L260
ref  expected       t=  20.7s 6 Hyperbolic functions/6.1 Hyperbolic sine/6.1.7 hyper^m (a+b sinh^n)^p.mac e268 L311
new  error          t=  85.9s 6 Hyperbolic functions/6.1 Hyperbolic sine/6.1.7 hyper^m (a+b sinh^n)^p.mac e268 L311
ref  expected       t=   9.5s 6 Hyperbolic functions/6.1 Hyperbolic sine/6.1.7 hyper^m (a+b sinh^n)^p.mac e274 L317
new  timeout        t= 120.1s 6 Hyperbolic functions/6.1 Hyperbolic sine/6.1.7 hyper^m (a+b sinh^n)^p.mac e274 L317
ref  verified       t=   7.0s 6 Hyperbolic functions/6.1 Hyperbolic sine/6.1.7 hyper^m (a+b sinh^n)^p.mac e317 L376
new  verified       t=  37.6s 6 Hyperbolic functions/6.1 Hyperbolic sine/6.1.7 hyper^m (a+b sinh^n)^p.mac e317 L376
ref  verified       t=  15.5s 6 Hyperbolic functions/6.1 Hyperbolic sine/6.1.7 hyper^m (a+b sinh^n)^p.mac e347 L406
new  verified       t=  25.0s 6 Hyperbolic functions/6.1 Hyperbolic sine/6.1.7 hyper^m (a+b sinh^n)^p.mac e347 L406
ref  verified       t=  22.3s 6 Hyperbolic functions/6.1 Hyperbolic sine/6.1.7 hyper^m (a+b sinh^n)^p.mac e357 L420
new  contains-noun  t=  24.7s 6 Hyperbolic functions/6.1 Hyperbolic sine/6.1.7 hyper^m (a+b sinh^n)^p.mac e357 L420
ref  verified       t=   2.8s 6 Hyperbolic functions/6.1 Hyperbolic sine/6.1.7 hyper^m (a+b sinh^n)^p.mac e458 L551
new  timeout        t= 120.1s 6 Hyperbolic functions/6.1 Hyperbolic sine/6.1.7 hyper^m (a+b sinh^n)^p.mac e458 L551
ref  verified       t=   2.1s 6 Hyperbolic functions/6.1 Hyperbolic sine/6.1.7 hyper^m (a+b sinh^n)^p.mac e459 L552
new  timeout        t= 120.1s 6 Hyperbolic functions/6.1 Hyperbolic sine/6.1.7 hyper^m (a+b sinh^n)^p.mac e459 L552
ref  verified       t=   3.0s 6 Hyperbolic functions/6.1 Hyperbolic sine/6.1.7 hyper^m (a+b sinh^n)^p.mac e469 L562
new  timeout        t= 120.1s 6 Hyperbolic functions/6.1 Hyperbolic sine/6.1.7 hyper^m (a+b sinh^n)^p.mac e469 L562
ref  verified       t=   2.2s 6 Hyperbolic functions/6.1 Hyperbolic sine/6.1.7 hyper^m (a+b sinh^n)^p.mac e470 L563
new  timeout        t= 120.1s 6 Hyperbolic functions/6.1 Hyperbolic sine/6.1.7 hyper^m (a+b sinh^n)^p.mac e470 L563
ref  verified       t=   2.9s 6 Hyperbolic functions/6.1 Hyperbolic sine/6.1.7 hyper^m (a+b sinh^n)^p.mac e480 L575
new  timeout        t= 120.1s 6 Hyperbolic functions/6.1 Hyperbolic sine/6.1.7 hyper^m (a+b sinh^n)^p.mac e480 L575
ref  verified       t=   2.1s 6 Hyperbolic functions/6.1 Hyperbolic sine/6.1.7 hyper^m (a+b sinh^n)^p.mac e481 L576
new  timeout        t= 120.1s 6 Hyperbolic functions/6.1 Hyperbolic sine/6.1.7 hyper^m (a+b sinh^n)^p.mac e481 L576
ref  verified       t=   3.0s 6 Hyperbolic functions/6.1 Hyperbolic sine/6.1.7 hyper^m (a+b sinh^n)^p.mac e491 L586
new  timeout        t= 120.0s 6 Hyperbolic functions/6.1 Hyperbolic sine/6.1.7 hyper^m (a+b sinh^n)^p.mac e491 L586
ref  verified       t=   2.1s 6 Hyperbolic functions/6.1 Hyperbolic sine/6.1.7 hyper^m (a+b sinh^n)^p.mac e492 L587
new  timeout        t= 120.1s 6 Hyperbolic functions/6.1 Hyperbolic sine/6.1.7 hyper^m (a+b sinh^n)^p.mac e492 L587
ref  verified       t=   3.0s 6 Hyperbolic functions/6.1 Hyperbolic sine/6.1.7 hyper^m (a+b sinh^n)^p.mac e502 L597
new  timeout        t= 120.1s 6 Hyperbolic functions/6.1 Hyperbolic sine/6.1.7 hyper^m (a+b sinh^n)^p.mac e502 L597
ref  verified       t=   2.1s 6 Hyperbolic functions/6.1 Hyperbolic sine/6.1.7 hyper^m (a+b sinh^n)^p.mac e503 L598
new  timeout        t= 120.1s 6 Hyperbolic functions/6.1 Hyperbolic sine/6.1.7 hyper^m (a+b sinh^n)^p.mac e503 L598
ref  verified       t=  21.8s 6 Hyperbolic functions/6.2 Hyperbolic cosine/6.2.5 Hyperbolic cosine functions.mac e205 L272
new  contains-noun  t=  50.2s 6 Hyperbolic functions/6.2 Hyperbolic cosine/6.2.5 Hyperbolic cosine functions.mac e205 L272
ref  expected       t=  21.0s 6 Hyperbolic functions/6.2 Hyperbolic cosine/6.2.7 hyper^m (a+b cosh^n)^p.mac e65 L112
new  error          t=  48.7s 6 Hyperbolic functions/6.2 Hyperbolic cosine/6.2.7 hyper^m (a+b cosh^n)^p.mac e65 L112
ref  expected       t=   9.3s 6 Hyperbolic functions/6.2 Hyperbolic cosine/6.2.7 hyper^m (a+b cosh^n)^p.mac e71 L118
new  timeout        t= 120.1s 6 Hyperbolic functions/6.2 Hyperbolic cosine/6.2.7 hyper^m (a+b cosh^n)^p.mac e71 L118
ref  verified       t=  22.8s 6 Hyperbolic functions/6.3 Hyperbolic tangent/6.3.2 Hyperbolic tangent functions.mac e90 L131
new  verified       t=  26.5s 6 Hyperbolic functions/6.3 Hyperbolic tangent/6.3.2 Hyperbolic tangent functions.mac e90 L131
ref  verified       t=  23.4s 6 Hyperbolic functions/6.3 Hyperbolic tangent/6.3.7 (d hyper)^m (a+b (c tanh)^n)^p.mac e34 L45
new  timeout        t= 120.1s 6 Hyperbolic functions/6.3 Hyperbolic tangent/6.3.7 (d hyper)^m (a+b (c tanh)^n)^p.mac e34 L45
ref  verified       t=   2.9s 6 Hyperbolic functions/6.3 Hyperbolic tangent/6.3.7 (d hyper)^m (a+b (c tanh)^n)^p.mac e36 L47
new  timeout        t= 120.2s 6 Hyperbolic functions/6.3 Hyperbolic tangent/6.3.7 (d hyper)^m (a+b (c tanh)^n)^p.mac e36 L47
ref  verified       t=  24.5s 6 Hyperbolic functions/6.3 Hyperbolic tangent/6.3.7 (d hyper)^m (a+b (c tanh)^n)^p.mac e39 L50
new  timeout        t= 120.1s 6 Hyperbolic functions/6.3 Hyperbolic tangent/6.3.7 (d hyper)^m (a+b (c tanh)^n)^p.mac e39 L50
ref  verified       t=  19.5s 6 Hyperbolic functions/6.3 Hyperbolic tangent/6.3.7 (d hyper)^m (a+b (c tanh)^n)^p.mac e41 L52
new  verified       t=  34.4s 6 Hyperbolic functions/6.3 Hyperbolic tangent/6.3.7 (d hyper)^m (a+b (c tanh)^n)^p.mac e41 L52
ref  verified       t=   2.9s 6 Hyperbolic functions/6.3 Hyperbolic tangent/6.3.7 (d hyper)^m (a+b (c tanh)^n)^p.mac e44 L55
new  timeout        t= 120.1s 6 Hyperbolic functions/6.3 Hyperbolic tangent/6.3.7 (d hyper)^m (a+b (c tanh)^n)^p.mac e44 L55
ref  verified       t=  21.9s 6 Hyperbolic functions/6.3 Hyperbolic tangent/6.3.7 (d hyper)^m (a+b (c tanh)^n)^p.mac e67 L82
new  verified       t=  36.2s 6 Hyperbolic functions/6.3 Hyperbolic tangent/6.3.7 (d hyper)^m (a+b (c tanh)^n)^p.mac e67 L82
ref  verified       t=  18.6s 6 Hyperbolic functions/6.3 Hyperbolic tangent/6.3.7 (d hyper)^m (a+b (c tanh)^n)^p.mac e125 L154
new  verified       t=  31.0s 6 Hyperbolic functions/6.3 Hyperbolic tangent/6.3.7 (d hyper)^m (a+b (c tanh)^n)^p.mac e125 L154
ref  verified       t=   5.3s 6 Hyperbolic functions/6.3 Hyperbolic tangent/6.3.7 (d hyper)^m (a+b (c tanh)^n)^p.mac e180 L225
new  verified       t=  79.7s 6 Hyperbolic functions/6.3 Hyperbolic tangent/6.3.7 (d hyper)^m (a+b (c tanh)^n)^p.mac e180 L225
ref  verified       t=   4.7s 6 Hyperbolic functions/6.3 Hyperbolic tangent/6.3.7 (d hyper)^m (a+b (c tanh)^n)^p.mac e184 L229
new  verified       t=  63.5s 6 Hyperbolic functions/6.3 Hyperbolic tangent/6.3.7 (d hyper)^m (a+b (c tanh)^n)^p.mac e184 L229
ref  verified       t=  23.5s 6 Hyperbolic functions/6.3 Hyperbolic tangent/6.3.7 (d hyper)^m (a+b (c tanh)^n)^p.mac e190 L235
new  verified       t=  41.6s 6 Hyperbolic functions/6.3 Hyperbolic tangent/6.3.7 (d hyper)^m (a+b (c tanh)^n)^p.mac e190 L235
ref  verified       t=  16.0s 6 Hyperbolic functions/6.3 Hyperbolic tangent/6.3.7 (d hyper)^m (a+b (c tanh)^n)^p.mac e193 L238
new  timeout        t= 120.1s 6 Hyperbolic functions/6.3 Hyperbolic tangent/6.3.7 (d hyper)^m (a+b (c tanh)^n)^p.mac e193 L238
ref  verified       t=  15.3s 6 Hyperbolic functions/6.3 Hyperbolic tangent/6.3.7 (d hyper)^m (a+b (c tanh)^n)^p.mac e195 L240
new  timeout        t= 120.0s 6 Hyperbolic functions/6.3 Hyperbolic tangent/6.3.7 (d hyper)^m (a+b (c tanh)^n)^p.mac e195 L240
ref  verified       t=  11.0s 6 Hyperbolic functions/6.3 Hyperbolic tangent/6.3.7 (d hyper)^m (a+b (c tanh)^n)^p.mac e215 L270
new  timeout        t= 120.1s 6 Hyperbolic functions/6.3 Hyperbolic tangent/6.3.7 (d hyper)^m (a+b (c tanh)^n)^p.mac e215 L270
ref  verified       t=  13.3s 6 Hyperbolic functions/6.3 Hyperbolic tangent/6.3.7 (d hyper)^m (a+b (c tanh)^n)^p.mac e217 L272
new  timeout        t= 120.1s 6 Hyperbolic functions/6.3 Hyperbolic tangent/6.3.7 (d hyper)^m (a+b (c tanh)^n)^p.mac e217 L272
ref  verified       t=   2.5s 6 Hyperbolic functions/6.3 Hyperbolic tangent/6.3.7 (d hyper)^m (a+b (c tanh)^n)^p.mac e225 L280
new  expected       t=  42.8s 6 Hyperbolic functions/6.3 Hyperbolic tangent/6.3.7 (d hyper)^m (a+b (c tanh)^n)^p.mac e225 L280
ref  verified       t=   2.7s 6 Hyperbolic functions/6.3 Hyperbolic tangent/6.3.7 (d hyper)^m (a+b (c tanh)^n)^p.mac e227 L282
new  expected       t=  65.9s 6 Hyperbolic functions/6.3 Hyperbolic tangent/6.3.7 (d hyper)^m (a+b (c tanh)^n)^p.mac e227 L282
ref  verified       t=   2.7s 6 Hyperbolic functions/6.3 Hyperbolic tangent/6.3.7 (d hyper)^m (a+b (c tanh)^n)^p.mac e234 L291
new  timeout        t= 120.1s 6 Hyperbolic functions/6.3 Hyperbolic tangent/6.3.7 (d hyper)^m (a+b (c tanh)^n)^p.mac e234 L291
ref  verified       t=  10.4s 6 Hyperbolic functions/6.3 Hyperbolic tangent/6.3.7 (d hyper)^m (a+b (c tanh)^n)^p.mac e236 L293
new  timeout        t= 120.1s 6 Hyperbolic functions/6.3 Hyperbolic tangent/6.3.7 (d hyper)^m (a+b (c tanh)^n)^p.mac e236 L293
ref  verified       t=  10.0s 6 Hyperbolic functions/6.3 Hyperbolic tangent/6.3.7 (d hyper)^m (a+b (c tanh)^n)^p.mac e241 L298
new  timeout        t= 120.1s 6 Hyperbolic functions/6.3 Hyperbolic tangent/6.3.7 (d hyper)^m (a+b (c tanh)^n)^p.mac e241 L298
ref  verified       t=   2.7s 6 Hyperbolic functions/6.3 Hyperbolic tangent/6.3.7 (d hyper)^m (a+b (c tanh)^n)^p.mac e243 L300
new  timeout        t= 120.1s 6 Hyperbolic functions/6.3 Hyperbolic tangent/6.3.7 (d hyper)^m (a+b (c tanh)^n)^p.mac e243 L300
ref  verified       t=  13.4s 6 Hyperbolic functions/6.3 Hyperbolic tangent/6.3.7 (d hyper)^m (a+b (c tanh)^n)^p.mac e245 L302
new  timeout        t= 120.1s 6 Hyperbolic functions/6.3 Hyperbolic tangent/6.3.7 (d hyper)^m (a+b (c tanh)^n)^p.mac e245 L302
ref  verified       t=  12.8s 6 Hyperbolic functions/6.3 Hyperbolic tangent/6.3.7 (d hyper)^m (a+b (c tanh)^n)^p.mac e248 L305
new  timeout        t= 120.1s 6 Hyperbolic functions/6.3 Hyperbolic tangent/6.3.7 (d hyper)^m (a+b (c tanh)^n)^p.mac e248 L305
ref  verified       t=  10.2s 6 Hyperbolic functions/6.3 Hyperbolic tangent/6.3.7 (d hyper)^m (a+b (c tanh)^n)^p.mac e250 L307
new  error          t=  68.8s 6 Hyperbolic functions/6.3 Hyperbolic tangent/6.3.7 (d hyper)^m (a+b (c tanh)^n)^p.mac e250 L307
ref  verified       t=   4.5s 6 Hyperbolic functions/6.3 Hyperbolic tangent/6.3.7 (d hyper)^m (a+b (c tanh)^n)^p.mac e252 L309
new  timeout        t= 120.1s 6 Hyperbolic functions/6.3 Hyperbolic tangent/6.3.7 (d hyper)^m (a+b (c tanh)^n)^p.mac e252 L309
ref  verified       t=   2.4s 6 Hyperbolic functions/6.3 Hyperbolic tangent/6.3.7 (d hyper)^m (a+b (c tanh)^n)^p.mac e255 L312
new  expected       t=  33.4s 6 Hyperbolic functions/6.3 Hyperbolic tangent/6.3.7 (d hyper)^m (a+b (c tanh)^n)^p.mac e255 L312
ref  verified       t=   2.0s 6 Hyperbolic functions/6.4 Hyperbolic cotangent/6.4.2 Hyperbolic cotangent functions.mac e22 L39
new  timeout        t= 120.0s 6 Hyperbolic functions/6.4 Hyperbolic cotangent/6.4.2 Hyperbolic cotangent functions.mac e22 L39
ref  verified       t=   1.9s 6 Hyperbolic functions/6.4 Hyperbolic cotangent/6.4.2 Hyperbolic cotangent functions.mac e45 L66
new  timeout        t= 120.0s 6 Hyperbolic functions/6.4 Hyperbolic cotangent/6.4.2 Hyperbolic cotangent functions.mac e45 L66
ref  verified       t=   2.0s 6 Hyperbolic functions/6.4 Hyperbolic cotangent/6.4.2 Hyperbolic cotangent functions.mac e49 L70
new  timeout        t= 120.1s 6 Hyperbolic functions/6.4 Hyperbolic cotangent/6.4.2 Hyperbolic cotangent functions.mac e49 L70
ref  verified       t=  15.8s 6 Hyperbolic functions/6.4 Hyperbolic cotangent/6.4.2 Hyperbolic cotangent functions.mac e122 L167
new  timeout        t= 120.1s 6 Hyperbolic functions/6.4 Hyperbolic cotangent/6.4.2 Hyperbolic cotangent functions.mac e122 L167
ref  verified       t=  13.2s 6 Hyperbolic functions/6.4 Hyperbolic cotangent/6.4.2 Hyperbolic cotangent functions.mac e146 L197
new  contains-noun  t=  39.6s 6 Hyperbolic functions/6.4 Hyperbolic cotangent/6.4.2 Hyperbolic cotangent functions.mac e146 L197
ref  verified       t=   9.9s 6 Hyperbolic functions/6.4 Hyperbolic cotangent/6.4.7 (d hyper)^m (a+b (c coth)^n)^p.mac e21 L48
new  timeout        t= 120.0s 6 Hyperbolic functions/6.4 Hyperbolic cotangent/6.4.7 (d hyper)^m (a+b (c coth)^n)^p.mac e21 L48
ref  verified       t=   2.3s 6 Hyperbolic functions/6.4 Hyperbolic cotangent/6.4.7 (d hyper)^m (a+b (c coth)^n)^p.mac e28 L55
new  expected       t=  49.2s 6 Hyperbolic functions/6.4 Hyperbolic cotangent/6.4.7 (d hyper)^m (a+b (c coth)^n)^p.mac e28 L55
ref  verified       t=   2.6s 6 Hyperbolic functions/6.4 Hyperbolic cotangent/6.4.7 (d hyper)^m (a+b (c coth)^n)^p.mac e30 L57
new  expected       t=  78.5s 6 Hyperbolic functions/6.4 Hyperbolic cotangent/6.4.7 (d hyper)^m (a+b (c coth)^n)^p.mac e30 L57
ref  verified       t=   2.4s 6 Hyperbolic functions/6.4 Hyperbolic cotangent/6.4.7 (d hyper)^m (a+b (c coth)^n)^p.mac e35 L64
new  timeout        t= 120.1s 6 Hyperbolic functions/6.4 Hyperbolic cotangent/6.4.7 (d hyper)^m (a+b (c coth)^n)^p.mac e35 L64
ref  verified       t=   9.9s 6 Hyperbolic functions/6.4 Hyperbolic cotangent/6.4.7 (d hyper)^m (a+b (c coth)^n)^p.mac e37 L66
new  timeout        t= 120.1s 6 Hyperbolic functions/6.4 Hyperbolic cotangent/6.4.7 (d hyper)^m (a+b (c coth)^n)^p.mac e37 L66
ref  verified       t=   9.5s 6 Hyperbolic functions/6.4 Hyperbolic cotangent/6.4.7 (d hyper)^m (a+b (c coth)^n)^p.mac e39 L68
new  error          t=  84.1s 6 Hyperbolic functions/6.4 Hyperbolic cotangent/6.4.7 (d hyper)^m (a+b (c coth)^n)^p.mac e39 L68
ref  verified       t=  13.2s 6 Hyperbolic functions/6.4 Hyperbolic cotangent/6.4.7 (d hyper)^m (a+b (c coth)^n)^p.mac e42 L71
new  timeout        t= 120.1s 6 Hyperbolic functions/6.4 Hyperbolic cotangent/6.4.7 (d hyper)^m (a+b (c coth)^n)^p.mac e42 L71
ref  verified       t=  10.5s 6 Hyperbolic functions/6.4 Hyperbolic cotangent/6.4.7 (d hyper)^m (a+b (c coth)^n)^p.mac e44 L73
new  error          t=  69.8s 6 Hyperbolic functions/6.4 Hyperbolic cotangent/6.4.7 (d hyper)^m (a+b (c coth)^n)^p.mac e44 L73
ref  verified       t=   2.3s 6 Hyperbolic functions/6.4 Hyperbolic cotangent/6.4.7 (d hyper)^m (a+b (c coth)^n)^p.mac e48 L77
new  expected       t=  42.9s 6 Hyperbolic functions/6.4 Hyperbolic cotangent/6.4.7 (d hyper)^m (a+b (c coth)^n)^p.mac e48 L77
ref  verified       t=  16.7s 6 Hyperbolic functions/6.5 Hyperbolic secant/6.5.7 (d hyper)^m (a+b (c sech)^n)^p.mac e43 L52
new  verified       t=  28.8s 6 Hyperbolic functions/6.5 Hyperbolic secant/6.5.7 (d hyper)^m (a+b (c sech)^n)^p.mac e43 L52
ref  verified       t=  20.7s 6 Hyperbolic functions/6.5 Hyperbolic secant/6.5.7 (d hyper)^m (a+b (c sech)^n)^p.mac e45 L54
new  verified       t=  34.6s 6 Hyperbolic functions/6.5 Hyperbolic secant/6.5.7 (d hyper)^m (a+b (c sech)^n)^p.mac e45 L54
ref  verified       t=  15.9s 6 Hyperbolic functions/6.5 Hyperbolic secant/6.5.7 (d hyper)^m (a+b (c sech)^n)^p.mac e93 L108
new  verified       t=  27.3s 6 Hyperbolic functions/6.5 Hyperbolic secant/6.5.7 (d hyper)^m (a+b (c sech)^n)^p.mac e93 L108
ref  verified       t=  19.8s 6 Hyperbolic functions/6.5 Hyperbolic secant/6.5.7 (d hyper)^m (a+b (c sech)^n)^p.mac e158 L183
new  verified       t=  36.0s 6 Hyperbolic functions/6.5 Hyperbolic secant/6.5.7 (d hyper)^m (a+b (c sech)^n)^p.mac e158 L183
ref  verified       t=  15.2s 6 Hyperbolic functions/6.5 Hyperbolic secant/6.5.7 (d hyper)^m (a+b (c sech)^n)^p.mac e183 L214
new  timeout        t= 120.1s 6 Hyperbolic functions/6.5 Hyperbolic secant/6.5.7 (d hyper)^m (a+b (c sech)^n)^p.mac e183 L214
ref  verified       t=  10.2s 6 Hyperbolic functions/6.5 Hyperbolic secant/6.5.7 (d hyper)^m (a+b (c sech)^n)^p.mac e185 L216
new  timeout        t= 120.1s 6 Hyperbolic functions/6.5 Hyperbolic secant/6.5.7 (d hyper)^m (a+b (c sech)^n)^p.mac e185 L216
ref  verified       t=   2.4s 6 Hyperbolic functions/6.5 Hyperbolic secant/6.5.7 (d hyper)^m (a+b (c sech)^n)^p.mac e199 L232
new  timeout        t= 120.0s 6 Hyperbolic functions/6.5 Hyperbolic secant/6.5.7 (d hyper)^m (a+b (c sech)^n)^p.mac e199 L232
ref  verified       t=  13.9s 6 Hyperbolic functions/6.5 Hyperbolic secant/6.5.7 (d hyper)^m (a+b (c sech)^n)^p.mac e201 L234
new  timeout        t= 120.1s 6 Hyperbolic functions/6.5 Hyperbolic secant/6.5.7 (d hyper)^m (a+b (c sech)^n)^p.mac e201 L234
ref  verified       t=   8.6s 6 Hyperbolic functions/6.5 Hyperbolic secant/6.5.7 (d hyper)^m (a+b (c sech)^n)^p.mac e206 L239
new  timeout        t= 120.1s 6 Hyperbolic functions/6.5 Hyperbolic secant/6.5.7 (d hyper)^m (a+b (c sech)^n)^p.mac e206 L239
ref  verified       t=   2.4s 6 Hyperbolic functions/6.5 Hyperbolic secant/6.5.7 (d hyper)^m (a+b (c sech)^n)^p.mac e208 L241
new  timeout        t= 120.1s 6 Hyperbolic functions/6.5 Hyperbolic secant/6.5.7 (d hyper)^m (a+b (c sech)^n)^p.mac e208 L241
ref  verified       t=  17.3s 6 Hyperbolic functions/6.5 Hyperbolic secant/6.5.7 (d hyper)^m (a+b (c sech)^n)^p.mac e210 L243
new  timeout        t= 120.1s 6 Hyperbolic functions/6.5 Hyperbolic secant/6.5.7 (d hyper)^m (a+b (c sech)^n)^p.mac e210 L243
ref  verified       t=  12.7s 6 Hyperbolic functions/6.5 Hyperbolic secant/6.5.7 (d hyper)^m (a+b (c sech)^n)^p.mac e213 L246
new  timeout        t= 120.1s 6 Hyperbolic functions/6.5 Hyperbolic secant/6.5.7 (d hyper)^m (a+b (c sech)^n)^p.mac e213 L246
ref  verified       t=  10.9s 6 Hyperbolic functions/6.5 Hyperbolic secant/6.5.7 (d hyper)^m (a+b (c sech)^n)^p.mac e215 L248
new  timeout        t= 120.1s 6 Hyperbolic functions/6.5 Hyperbolic secant/6.5.7 (d hyper)^m (a+b (c sech)^n)^p.mac e215 L248
ref  verified       t=   4.2s 6 Hyperbolic functions/6.5 Hyperbolic secant/6.5.7 (d hyper)^m (a+b (c sech)^n)^p.mac e217 L250
new  timeout        t= 120.0s 6 Hyperbolic functions/6.5 Hyperbolic secant/6.5.7 (d hyper)^m (a+b (c sech)^n)^p.mac e217 L250
ref  verified       t=  23.3s 6 Hyperbolic functions/6.6 Hyperbolic cosecant/6.6.3 Hyperbolic cosecant functions.mac e51 L80
new  timeout        t= 120.1s 6 Hyperbolic functions/6.6 Hyperbolic cosecant/6.6.3 Hyperbolic cosecant functions.mac e51 L80
ref  verified       t=  25.7s 6 Hyperbolic functions/6.6 Hyperbolic cosecant/6.6.3 Hyperbolic cosecant functions.mac e55 L84
new  timeout        t= 120.1s 6 Hyperbolic functions/6.6 Hyperbolic cosecant/6.6.3 Hyperbolic cosecant functions.mac e55 L84
ref  verified       t=  19.4s 6 Hyperbolic functions/6.7 Miscellaneous/6.7.1 Hyperbolic functions.mac e573 L646
new  timeout        t= 120.2s 6 Hyperbolic functions/6.7 Miscellaneous/6.7.1 Hyperbolic functions.mac e573 L646
ref  verified       t=   3.8s 6 Hyperbolic functions/6.7 Miscellaneous/6.7.1 Hyperbolic functions.mac e742 L863
new  timeout        t= 120.1s 6 Hyperbolic functions/6.7 Miscellaneous/6.7.1 Hyperbolic functions.mac e742 L863
ref  verified       t=   7.0s 6 Hyperbolic functions/6.7 Miscellaneous/6.7.1 Hyperbolic functions.mac e1034 L1235
new  error          t=  36.5s 6 Hyperbolic functions/6.7 Miscellaneous/6.7.1 Hyperbolic functions.mac e1034 L1235
