answer entries 93, timeout entries 97
(a) noise among the answer entries (30 s single rerun PASSes): 0/93

(c) answer-entry families (93):
   49  B  GtQ reading (Not[GtQ[a,0]] undecided) -- fix B   [A+B overlay PASS 49; A+B+C+D PASS 49]
       6.1.7 e72 6.1.7 e73 6.1.7 e74 6.1.7 e84 6.1.7 e102 6.1.7 e103 6.1.7 e104 6.1.7 e105 6.1.7 e112 6.1.7 e113 6.1.7 e114 6.1.7 e121 6.1.7 e122 6.1.7 e123 6.1.7 e358 6.1.7 e359 6.1.7 e360 6.1.7 e361 6.1.7 e370 6.1.7 e371 6.1.7 e372 6.1.7 e377 6.1.7 e378 6.1.7 e379 6.1.7 e380 6.1.7 e381 6.1.7 e387 6.1.7 e388 6.1.7 e389 6.1.7 e390 6.1.7 e396 6.1.7 e397 6.1.7 e398 6.1.7 e464 6.1.7 e465 6.1.7 e476 6.1.7 e485 6.1.7 e486 6.1.7 e487 6.1.7 e488 6.1.7 e496 6.1.7 e497 6.1.7 e498 6.1.7 e499 6.1.7 e508 6.1.7 e509 6.2.7 e41 6.2.7 e46 6.2.7 e51
    6  A  ExpandIntegrand on P(x)/x -- fix A   [A+B overlay PASS 6; A+B+C+D PASS 6]
       6.3.7 e137 6.3.7 e147 6.3.7 e159 6.5.7 e105 6.7.1 e74 6.7.1 e380
    2  AB both A and B   [A+B overlay PASS 2; A+B+C+D PASS 2]
       6.5.3 e120 6.6.3 e117
    4  C  SubstForHyperbolic EqQ -- fix C   [A+B overlay PASS 0; A+B+C+D PASS 4]
       6.7.1 e968 6.7.1 e969 6.7.1 e974 6.7.1 e975
    7  S  seen-test cycle 1_1_2_2 r5 <-> 1_2_3_1 r1 (pre-existing; after A)   [A+B overlay PASS 0; A+B+C+D PASS 0]
       6.1.7 e426 6.7.1 e73 6.7.1 e76 6.7.1 e78 6.7.1 e104 6.7.1 e107 6.7.1 e109
   10  D  depth cap 16 (bridge ping-pong)   [A+B overlay PASS 0; A+B+C+D PASS 0]
       6.1.5 e46 6.1.5 e54 6.1.5 e152 6.1.5 e227 6.6.3 e36 6.6.3 e37 6.6.3 e38 6.6.3 e40 6.6.3 e41 6.6.3 e48
    6  G  give-up form c*unintegrable (Rubi-faithful 4_5_10 r13 / 4_3_10 r24)   [A+B overlay PASS 0; A+B+C+D PASS 0]
       6.1.1 e26 6.1.1 e31 6.1.1 e36 6.3.1 e4 6.3.1 e9 6.3.1 e14
    9  W  wrong answer: bridged fractional power, Maxima radical branches (4_3_1_1)   [A+B overlay PASS 0; A+B+C+D PASS 3]
       6.4.2 e9 6.4.2 e14 6.4.2 e23 6.4.2 e26 6.4.2 e27 6.4.2 e44 6.4.2 e46 6.4.2 e47 6.4.2 e48
  unassigned: 0 

timeout entries (97), 120 s cpu alternating A/B:
   22  cost   [D overlay PASS 6; A+B+C+D PASS 7]
       6.1.7 e25      ref verified         4.5s   new verified        30.4s   D:timeout       
       6.1.7 e213     ref verified        21.1s   new verified        33.0s   D:timeout       
       6.1.7 e214     ref verified        21.4s   new verified        33.2s   D:timeout       
       6.1.7 e215     ref verified        21.4s   new verified        33.5s   D:timeout       
       6.1.7 e216     ref verified        21.2s   new verified        33.7s   D:timeout       
       6.1.7 e222     ref verified        13.5s   new verified        84.7s   D:timeout       
       6.1.7 e223     ref verified        10.5s   new verified        42.3s   D:timeout       
       6.1.7 e317     ref verified         7.0s   new verified        37.6s   D:timeout       
       6.3.7 e41      ref verified        19.5s   new verified        34.4s   D:timeout       
       6.3.7 e67      ref verified        21.9s   new verified        36.2s   D:timeout       
       6.3.7 e125     ref verified        18.6s   new verified        31.0s   D:timeout       
       6.3.7 e180     ref verified         5.3s   new verified        79.7s   D:timeout       
       6.3.7 e184     ref verified         4.7s   new verified        63.5s   D:timeout       
       6.3.7 e190     ref verified        23.5s   new verified        41.6s   D:timeout       
       6.3.7 e225     ref verified         2.5s   new expected        42.8s   D:verified      
       6.3.7 e227     ref verified         2.7s   new expected        65.9s   D:verified      
       6.3.7 e255     ref verified         2.4s   new expected        33.4s   D:verified      
       6.4.7 e28      ref verified         2.3s   new expected        49.2s   D:verified      
       6.4.7 e30      ref verified         2.6s   new expected        78.5s   D:verified      
       6.4.7 e48      ref verified         2.3s   new expected        42.9s   D:verified      
       6.5.7 e45      ref verified        20.7s   new verified        34.6s   D:timeout       
       6.5.7 e158     ref verified        19.8s   new verified        36.0s   D:timeout       
    6  noise   [D overlay PASS 0; A+B+C+D PASS 3]
       6.1.7 e58      ref verified        17.2s   new verified        26.5s   D:timeout       
       6.1.7 e212     ref verified        18.7s   new verified        28.6s   D:timeout       
       6.1.7 e347     ref verified        15.5s   new verified        25.0s   D:timeout       
       6.3.2 e90      ref verified        22.8s   new verified        26.5s   D:timeout       
       6.5.7 e43      ref verified        16.7s   new verified        28.8s   D:timeout       
       6.5.7 e93      ref verified        15.9s   new verified        27.3s   D:timeout       
    4  route/runaway: new contains-noun   [D overlay PASS 0; A+B+C+D PASS 2]
       6.1.7 e120     ref verified        19.1s   new contains-noun   39.2s   D:timeout       rubi  46.4s ans     2018 ch
       6.1.7 e357     ref verified        22.3s   new contains-noun   24.7s   D:timeout       rubi  29.3s ans      759 ch
       6.2.5 e205     ref verified        21.8s   new contains-noun   50.2s   D:timeout       rubi  59.7s ans      608 ch
       6.4.2 e146     ref verified        13.2s   new contains-noun   39.6s   D:timeout       rubi  45.2s ans       75 ch
   11  route/runaway: new error   [D overlay PASS 9; A+B+C+D PASS 9]
       6.1.5 e73      ref verified        12.9s   new error           53.1s   D:verified      rubi   6.6s ans    64791 ch
       6.1.5 e74      ref verified         9.2s   new error           77.4s   D:verified      rubi   6.3s ans    64749 ch
       6.1.5 e75      ref verified         7.5s   new error           24.8s   D:verified      rubi   5.8s ans    64725 ch
       6.1.5 e129     ref verified         7.6s   new error           31.0s   D:verified      rubi   5.9s ans    64737 ch
       6.1.5 e252     ref verified        17.3s   new error          102.8s   D:verified      rubi  22.2s ans    64416 ch
       6.1.7 e268     ref expected        20.7s   new error           85.9s   D:timeout       rubi >60s (no answer)
       6.2.7 e65      ref expected        21.0s   new error           48.7s   D:timeout       rubi  16.7s ans     1643 ch
       6.3.7 e250     ref verified        10.2s   new error           68.8s   D:verified      rubi   9.2s ans    18124 ch
       6.4.7 e39      ref verified         9.5s   new error           84.1s   D:verified      rubi >60s (no answer)
       6.4.7 e44      ref verified        10.5s   new error           69.8s   D:verified      rubi >60s (no answer)
       6.7.1 e1034    ref verified         7.0s   new error           36.5s   D:verified      rubi   8.1s ans    61358 ch
   54  route/runaway: new timeout   [D overlay PASS 39; A+B+C+D PASS 40]
       6.1.1 e474     ref verified        15.1s   new timeout        120.0s   D:timeout       rubi >60s (no answer)
       6.1.1 e501     ref verified        14.4s   new timeout        120.1s   D:timeout       rubi >60s (no answer)
       6.1.5 e72      ref verified        18.0s   new timeout        120.1s   D:verified      rubi   7.1s ans    64924 ch
       6.1.5 e179     ref verified         6.5s   new timeout        120.0s   D:verified      rubi   2.1s ans     7351 ch
       6.1.5 e219     ref verified        16.7s   new timeout        120.0s   D:verified      rubi   4.7s ans     7389 ch
       6.1.7 e274     ref expected         9.5s   new timeout        120.1s   D:timeout       rubi   4.0s ans      213 ch
       6.1.7 e458     ref verified         2.8s   new timeout        120.1s   D:verified      rubi  33.5s ans  4912360 ch
       6.1.7 e459     ref verified         2.1s   new timeout        120.1s   D:verified      rubi  19.5s ans  2456126 ch
       6.1.7 e469     ref verified         3.0s   new timeout        120.1s   D:verified      rubi  34.4s ans  4912355 ch
       6.1.7 e470     ref verified         2.2s   new timeout        120.1s   D:verified      rubi  33.7s ans  4912275 ch
       6.1.7 e480     ref verified         2.9s   new timeout        120.1s   D:verified      rubi  33.7s ans  4912346 ch
       6.1.7 e481     ref verified         2.1s   new timeout        120.1s   D:verified      rubi  18.9s ans  2456097 ch
       6.1.7 e491     ref verified         3.0s   new timeout        120.0s   D:verified      rubi  47.5s ans  7368640 ch
       6.1.7 e492     ref verified         2.1s   new timeout        120.1s   D:verified      rubi  18.5s ans  2456210 ch
       6.1.7 e502     ref verified         3.0s   new timeout        120.1s   D:verified      rubi >60s (no answer)
       6.1.7 e503     ref verified         2.1s   new timeout        120.1s   D:verified      rubi  47.2s ans  7368696 ch
       6.2.7 e71      ref expected         9.3s   new timeout        120.1s   D:timeout       rubi   3.1s ans      233 ch
       6.3.7 e34      ref verified        23.4s   new timeout        120.1s   D:timeout       rubi >60s (no answer)
       6.3.7 e36      ref verified         2.9s   new timeout        120.2s   D:timeout       rubi >60s (no answer)
       6.3.7 e39      ref verified        24.5s   new timeout        120.1s   D:timeout       rubi >60s (no answer)
       6.3.7 e44      ref verified         2.9s   new timeout        120.1s   D:timeout       rubi >60s (no answer)
       6.3.7 e193     ref verified        16.0s   new timeout        120.1s   D:timeout       rubi >60s (no answer)
       6.3.7 e195     ref verified        15.3s   new timeout        120.0s   D:timeout       rubi >60s (no answer)
       6.3.7 e215     ref verified        11.0s   new timeout        120.1s   D:verified      rubi   3.0s ans     5569 ch
       6.3.7 e217     ref verified        13.3s   new timeout        120.1s   D:verified      rubi  10.2s ans     5644 ch
       6.3.7 e234     ref verified         2.7s   new timeout        120.1s   D:verified      rubi   0.8s ans     5529 ch
       6.3.7 e236     ref verified        10.4s   new timeout        120.1s   D:verified      rubi   2.4s ans    13994 ch
       6.3.7 e241     ref verified        10.0s   new timeout        120.1s   D:verified      rubi   6.5s ans     5630 ch
       6.3.7 e243     ref verified         2.7s   new timeout        120.1s   D:verified      rubi   1.0s ans     5635 ch
       6.3.7 e245     ref verified        13.4s   new timeout        120.1s   D:verified      rubi   9.1s ans    12374 ch
       6.3.7 e248     ref verified        12.8s   new timeout        120.1s   D:verified      rubi  11.5s ans    21087 ch
       6.3.7 e252     ref verified         4.5s   new timeout        120.1s   D:verified      rubi   5.8s ans    19209 ch
       6.4.2 e22      ref verified         2.0s   new timeout        120.0s   D:expected      rubi   2.6s ans      386 ch
       6.4.2 e45      ref verified         1.9s   new timeout        120.0s   D:unverified    rubi   2.5s ans      386 ch
       6.4.2 e49      ref verified         2.0s   new timeout        120.1s   D:unverified    rubi   3.1s ans      463 ch
       6.4.2 e122     ref verified        15.8s   new timeout        120.1s   D:timeout       rubi  29.3s ans     1647 ch
       6.4.7 e21      ref verified         9.9s   new timeout        120.0s   D:verified      rubi   3.4s ans     5569 ch
       6.4.7 e35      ref verified         2.4s   new timeout        120.1s   D:verified      rubi   0.9s ans     5529 ch
       6.4.7 e37      ref verified         9.9s   new timeout        120.1s   D:verified      rubi   2.3s ans    13994 ch
       6.4.7 e42      ref verified        13.2s   new timeout        120.1s   D:verified      rubi  10.5s ans    12374 ch
       6.5.7 e183     ref verified        15.2s   new timeout        120.1s   D:verified      rubi  17.5s ans    48742 ch
       6.5.7 e185     ref verified        10.2s   new timeout        120.1s   D:verified      rubi  14.4s ans    97530 ch
       6.5.7 e199     ref verified         2.4s   new timeout        120.0s   D:verified      rubi   2.4s ans    48695 ch
       6.5.7 e201     ref verified        13.9s   new timeout        120.1s   D:verified      rubi  50.0s ans   345245 ch
       6.5.7 e206     ref verified         8.6s   new timeout        120.1s   D:verified      rubi  12.1s ans    78484 ch
       6.5.7 e208     ref verified         2.4s   new timeout        120.1s   D:verified      rubi   3.8s ans    97516 ch
       6.5.7 e210     ref verified        17.3s   new timeout        120.1s   D:verified      rubi >60s (no answer)
       6.5.7 e213     ref verified        12.7s   new timeout        120.1s   D:verified      rubi  29.1s ans   470733 ch
       6.5.7 e215     ref verified        10.9s   new timeout        120.1s   D:verified      rubi  48.3s ans   388556 ch
       6.5.7 e217     ref verified         4.2s   new timeout        120.0s   D:verified      rubi >60s (no answer)
       6.6.3 e51      ref verified        23.3s   new timeout        120.1s   D:timeout       rubi >60s (no answer)
       6.6.3 e55      ref verified        25.7s   new timeout        120.1s   D:timeout       rubi >60s (no answer)
       6.7.1 e573     ref verified        19.4s   new timeout        120.2s   D:verified      rubi  22.8s ans    64416 ch
       6.7.1 e742     ref verified         3.8s   new timeout        120.1s   D:verified      rubi >60s (no answer)

all 190 with the A+B+C+D overlays (30 s cpu): 125 PASS
  per file: 6.1.1 2, 6.1.5 8, 6.1.7 25, 6.2.5 1, 6.2.7 2, 6.3.2 1, 6.3.7 25, 6.4.2 5, 6.4.7 9, 6.5.7 14, 6.6.3 2, 6.7.1 3
