# entry 6.1 Hyperbolic sine/6.1.1 (c+d x)^m (a+b sinh)^n.mac e474  integrand csch(c+d*x)^2*sech(c+d*x)^3/(a+b*sinh(c+d*x))
# core /home/serge/src/mr-attr/test/mr_rules.core  cap 60  hit_cap True  cpu [60.084898]

# entry 6.1 Hyperbolic sine/6.1.1 (c+d x)^m (a+b sinh)^n.mac e501  integrand csch(c+d*x)^3*sech(c+d*x)^3/(a+b*sinh(c+d*x))
# core /home/serge/src/mr-attr/test/mr_rules.core  cap 60  hit_cap True  cpu [60.030938]

# entry 6.1 Hyperbolic sine/6.1.5 Hyperbolic sine functions.mac e72  integrand sinh(x)^4/(a+b*sinh(x))
# core /home/serge/src/mr-attr/test/mr_rules.core  cap 60  hit_cap False  cpu [7.213937]
fired    1_1_2_1 r13  1/(-x^2+4*b^10+4*a^2*b^8)
fired    1_2_1_1 r12  1/(-(a*b^4*x^2)+2*b^5*x+a*b^4)
fired    4_1_1_1 r27  1/(a*b^4-%i*b^5*%mr_isin(%i*x))
fired    4_1_0_1 r1  1/(b^5*sinh(x)+a*b^4)
fired    1_4_1 r7  1-x^2
fired    4_1_1_1 r1  %mr_isin(%i*x)^3
fired    9_1 r11  %i*%mr_isin(%i*x)^3
fired    4_1_0_1 r1  sinh(x)^3
fired    9_1 r8  1
fired    4_1_1_1 r3  %mr_isin(%i*x)^2
fired    9_1 r10  -%mr_isin(%i*x)^2
fired    4_1_0_1 r1  sinh(x)^2
fired    4_1_1_1 r6  %mr_isin(%i*x)
fired    9_1 r11  -(%i*%mr_isin(%i*x))
fired    4_1_0_1 r1  sinh(x)
fired    1_4_1 r7  a^4/(b^5*sinh(x)+a*b^4)+sinh(x)^3/b-(a*sinh(x)^2)/b^2+(a^2*sinh(x))/b^3-a^3/b^4
fired    9_3 r61  sinh(x)^4/(b*sinh(x)+a)
RUBI-CPU 7.112814 
ANSWER-LEN 64924 UNINT false 
ANSWER -((a*((cosh(x)*sinh(x))/2-x/2))/b^2)+(cosh(x)^3-3*cosh(x))/(3*b)+(a^2*cosh(x))/b^3-(a^3*x)/b^4-(2*a^4*log((b^4*(a^44*(-tanh(x/2)^44-860*tanh(x/2)^42-111069*tanh(x/2)^40-5133856*tanh(x/2)^38-112784399*tanh(x/2)^36-1353412788*tanh(x/2)^34-9586673915*tanh(x/2)^32-41802112192*tanh(x/2)^30-113649492522*tanh(x/2)^28-187187399448*tanh(x/2)^26-160094486370*tanh(x/2)^24+160094486370*tanh(x/2)^20+187187399448*tanh(x/2)^18+113649492522*tanh(x/2)^16+41802112192*tanh(x/2)^14+9586673915*tanh(x/2)^12+1353412788*tanh(x/2)^10+112784399*tanh(x/2)^8+5133856*tanh(x/2)^6+111069*tanh(x/2)^4+860*tanh(x/2)^2+1...

# entry 6.1 Hyperbolic sine/6.1.5 Hyperbolic sine functions.mac e73  integrand sinh(x)^3/(a+b*sinh(x))
# core /home/serge/src/mr-attr/test/mr_rules.core  cap 60  hit_cap False  cpu [6.724287]
fired    1_1_2_1 r13  1/(-x^2+4*b^8+4*a^2*b^6)
fired    1_2_1_1 r12  1/(-(a*b^3*x^2)+2*b^4*x+a*b^3)
fired    4_1_1_1 r27  1/(a*b^3-%i*b^4*%mr_isin(%i*x))
fired    4_1_0_1 r1  1/(b^4*sinh(x)+a*b^3)
fired    9_1 r8  1
fired    4_1_1_1 r3  %mr_isin(%i*x)^2
fired    9_1 r10  -%mr_isin(%i*x)^2
fired    4_1_0_1 r1  sinh(x)^2
fired    4_1_1_1 r6  %mr_isin(%i*x)
fired    9_1 r11  -(%i*%mr_isin(%i*x))
fired    4_1_0_1 r1  sinh(x)
fired    1_4_1 r7  -(a^3/(b^4*sinh(x)+a*b^3))+sinh(x)^2/b-(a*sinh(x))/b^2+a^2/b^3
fired    9_3 r61  sinh(x)^3/(b*sinh(x)+a)
RUBI-CPU 6.641604 
ANSWER-LEN 64791 UNINT false 
ANSWER ((cosh(x)*sinh(x))/2-x/2)/b-(a*cosh(x))/b^2+(a^2*x)/b^3+(2*a^3*log((b^3*(a^44*(-tanh(x/2)^44-860*tanh(x/2)^42-111069*tanh(x/2)^40-5133856*tanh(x/2)^38-112784399*tanh(x/2)^36-1353412788*tanh(x/2)^34-9586673915*tanh(x/2)^32-41802112192*tanh(x/2)^30-113649492522*tanh(x/2)^28-187187399448*tanh(x/2)^26-160094486370*tanh(x/2)^24+160094486370*tanh(x/2)^20+187187399448*tanh(x/2)^18+113649492522*tanh(x/2)^16+41802112192*tanh(x/2)^14+9586673915*tanh(x/2)^12+1353412788*tanh(x/2)^10+112784399*tanh(x/2)^8+5133856*tanh(x/2)^6+111069*tanh(x/2)^4+860*tanh(x/2)^2+1)+a^40*sqrt(4*b^8+4*a^2*b^6)*(493640*ta...

# entry 6.1 Hyperbolic sine/6.1.5 Hyperbolic sine functions.mac e74  integrand sinh(x)^2/(a+b*sinh(x))
# core /home/serge/src/mr-attr/test/mr_rules.core  cap 60  hit_cap False  cpu [6.423233]
fired    1_1_2_1 r13  1/(-x^2+4*b^6+4*a^2*b^4)
fired    1_2_1_1 r12  1/(-(a*b^2*x^2)+2*b^3*x+a*b^2)
fired    4_1_1_1 r27  1/(a*b^2-%i*b^3*%mr_isin(%i*x))
fired    4_1_0_1 r1  1/(b^3*sinh(x)+a*b^2)
fired    4_1_1_1 r6  %mr_isin(%i*x)
fired    9_1 r11  -(%i*%mr_isin(%i*x))
fired    4_1_0_1 r1  sinh(x)
fired    1_4_1 r7  a^2/(b^3*sinh(x)+a*b^2)+sinh(x)/b-a/b^2
fired    9_3 r61  sinh(x)^2/(b*sinh(x)+a)
RUBI-CPU 6.334212 
ANSWER-LEN 64749 UNINT false 
ANSWER cosh(x)/b-(a*x)/b^2-(2*a^2*log((b^2*(a^44*(-tanh(x/2)^44-860*tanh(x/2)^42-111069*tanh(x/2)^40-5133856*tanh(x/2)^38-112784399*tanh(x/2)^36-1353412788*tanh(x/2)^34-9586673915*tanh(x/2)^32-41802112192*tanh(x/2)^30-113649492522*tanh(x/2)^28-187187399448*tanh(x/2)^26-160094486370*tanh(x/2)^24+160094486370*tanh(x/2)^20+187187399448*tanh(x/2)^18+113649492522*tanh(x/2)^16+41802112192*tanh(x/2)^14+9586673915*tanh(x/2)^12+1353412788*tanh(x/2)^10+112784399*tanh(x/2)^8+5133856*tanh(x/2)^6+111069*tanh(x/2)^4+860*tanh(x/2)^2+1)+a^41*sqrt(4*b^6+4*a^2*b^4)*(-(24682*tanh(x/2)^41)-5528768*tanh(x/2)^39-35...

# entry 6.1 Hyperbolic sine/6.1.5 Hyperbolic sine functions.mac e75  integrand sinh(x)/(a+b*sinh(x))
# core /home/serge/src/mr-attr/test/mr_rules.core  cap 60  hit_cap False  cpu [5.865625]
fired    1_1_2_1 r13  1/(-x^2+4*b^4+4*a^2*b^2)
fired    1_2_1_1 r12  1/(-(a*b*x^2)+2*b^2*x+a*b)
fired    4_1_1_1 r27  1/(a*b-%i*b^2*%mr_isin(%i*x))
fired    4_1_0_1 r1  1/(b^2*sinh(x)+a*b)
fired    1_4_1 r7  1/b-a/(b^2*sinh(x)+a*b)
fired    9_3 r61  sinh(x)/(b*sinh(x)+a)
RUBI-CPU 5.761262 
ANSWER-LEN 64725 UNINT false 
ANSWER x/b+(2*a*log((b*(a^44*(-tanh(x/2)^44-860*tanh(x/2)^42-111069*tanh(x/2)^40-5133856*tanh(x/2)^38-112784399*tanh(x/2)^36-1353412788*tanh(x/2)^34-9586673915*tanh(x/2)^32-41802112192*tanh(x/2)^30-113649492522*tanh(x/2)^28-187187399448*tanh(x/2)^26-160094486370*tanh(x/2)^24+160094486370*tanh(x/2)^20+187187399448*tanh(x/2)^18+113649492522*tanh(x/2)^16+41802112192*tanh(x/2)^14+9586673915*tanh(x/2)^12+1353412788*tanh(x/2)^10+112784399*tanh(x/2)^8+5133856*tanh(x/2)^6+111069*tanh(x/2)^4+860*tanh(x/2)^2+1)+a^42*sqrt(4*b^4+4*a^2*b^2)*(903*tanh(x/2)^42+234479*tanh(x/2)^40+16364166*tanh(x/2)^38+483361...

# entry 6.1 Hyperbolic sine/6.1.5 Hyperbolic sine functions.mac e129  integrand (A+B*sinh(x))/(a+b*sinh(x))
# core /home/serge/src/mr-attr/test/mr_rules.core  cap 60  hit_cap False  cpu [5.959195]
fired    1_1_2_1 r13  1/(-x^2+4*b^4+4*a^2*b^2)
fired    1_2_1_1 r12  1/(-(a*b*x^2)+2*b^2*x+a*b)
fired    4_1_1_1 r27  1/(a*b-%i*b^2*%mr_isin(%i*x))
fired    4_1_0_1 r1  1/(b^2*sinh(x)+a*b)
fired    1_4_1 r7  B/b-(B*a-A*b)/(b^2*sinh(x)+a*b)
fired    9_3 r61  (B*sinh(x)+A)/(b*sinh(x)+a)
RUBI-CPU 5.871935 
ANSWER-LEN 64737 UNINT false 
ANSWER (B*x)/b-(2*(A*b-B*a)*log((b*(a^44*(-tanh(x/2)^44-860*tanh(x/2)^42-111069*tanh(x/2)^40-5133856*tanh(x/2)^38-112784399*tanh(x/2)^36-1353412788*tanh(x/2)^34-9586673915*tanh(x/2)^32-41802112192*tanh(x/2)^30-113649492522*tanh(x/2)^28-187187399448*tanh(x/2)^26-160094486370*tanh(x/2)^24+160094486370*tanh(x/2)^20+187187399448*tanh(x/2)^18+113649492522*tanh(x/2)^16+41802112192*tanh(x/2)^14+9586673915*tanh(x/2)^12+1353412788*tanh(x/2)^10+112784399*tanh(x/2)^8+5133856*tanh(x/2)^6+111069*tanh(x/2)^4+860*tanh(x/2)^2+1)+a^42*sqrt(4*b^4+4*a^2*b^2)*(903*tanh(x/2)^42+234479*tanh(x/2)^40+16364166*tanh(x/...

# entry 6.1 Hyperbolic sine/6.1.5 Hyperbolic sine functions.mac e179  integrand sech(x)^3/(%i+sinh(x))^2
# core /home/serge/src/mr-attr/test/mr_rules.core  cap 60  hit_cap False  cpu [2.16594]
fired    1_4_1 r20  1/(4*x^4)
fired    1_2_2_1 r19  1/(4*x^4+16*%i*x^3-24*x^2-16*%i*x+4)
fired    1_4_1 r20  1/(4*x^3)
fired    1_3_3 r8  1/(4*x^3+12*%i*x^2-12*x-4*%i)
fired    1_2_1_1 r3  1/(16*x^2+32*%i*x-16)
fired    1_1_2_1 r10  1/(4*x^2+4)
fired    1_2_1_1 r3  1/(-(16*x^2)+32*%i*x+16)
fired    1_4_1 r7  -(1/(4*x^4+16*%i*x^3-24*x^2-16*%i*x+4))+%i/(4*x^3+12*%i*x^2-12*x-4*%i)+3/(16*x^2+32*%i*x-16)-1/(4*x^2+4)-1/(-(16*x^2)+32*%i*x+16)
fired    1_1_1_2 r13  1/((x-%i)^2*(x+%i)^4)
fired    1_1_2_7 r6  1/((x+%i)^2*(x^2+1)^2)
fired    4_7_5 r38  sech(x)^3/(sinh(x)+%i)^2
RUBI-CPU 2.103788 
ANSWER-LEN 7351 UNINT false 
ANSWER -((sinh(x)^34*(2854156650221362052700*%i*atan(sinh(x))-1869542527545187230834)+sinh(x)^44*(2695592391875730827550*%i*atan(sinh(x))+3363189271024394519274)+sinh(x)^40*(1511074526828907296970*%i*atan(sinh(x))+5800405376669559939948)+sinh(x)^30*(1401741291908489814240*%i*atan(sinh(x))-33627246957590497008)+sinh(x)^48*(979157520083136267300*%i*atan(sinh(x))+765321891867031716000)+sinh(x)^38*(530201588361020104200*%i*atan(sinh(x))-5284342497331500371860)+sinh(x)^26*(226059365538875334600*%i*atan(sinh(x))+60095990461368347604)+sinh(x)^52*(122072057390992680684*%i*atan(sinh(x))+678692598728805...

# entry 6.1 Hyperbolic sine/6.1.5 Hyperbolic sine functions.mac e219  integrand tanh(x)^3/(%i+sinh(x))^2
# core /home/serge/src/mr-attr/test/mr_rules.core  cap 60  hit_cap False  cpu [4.744207]
fired    1_4_1 r20  1/(4*x^4)
fired    1_2_2_1 r19  1/(4*x^4+16*%i*x^3-24*x^2-16*%i*x+4)
fired    1_4_1 r20  1/(2*x^3)
fired    1_3_3 r8  1/(2*x^3+6*%i*x^2-6*x-2*%i)
fired    1_2_1_1 r3  1/(16*x^2+32*%i*x-16)
fired    1_1_2_1 r10  1/(8*x^2+8)
fired    1_2_1_1 r3  1/(-(16*x^2)+32*%i*x+16)
fired    1_4_1 r7  -(%i/(4*x^4+16*%i*x^3-24*x^2-16*%i*x+4))+1/(2*x^3+6*%i*x^2-6*x-2*%i)+(3*%i)/(16*x^2+32*%i*x-16)-%i/(8*x^2+8)+%i/(-(16*x^2)+32*%i*x+16)
fired    1_1_1_3 r17  x^3/((%i-x)^2*(x+%i)^4)
fired    4_1_1_3 r2  %mr_itan(%i*x)^3/(%i-%i*%mr_isin(%i*x))^2
fired    9_1 r11  (%i*%mr_itan(%i*x)^3)/(%i-%i*%mr_isin(%i*x))^2
fired    4_1_0_1 r1  tanh(x)^3/(sinh(x)+%i)^2
RUBI-CPU 4.662242 
ANSWER-LEN 7389 UNINT false 
ANSWER -((sinh(x)^35*(2727305243544857072580*%i*atan(sinh(x))+9112354859477873571330)+sinh(x)^45*(2336180072958966717210*%i*atan(sinh(x))-2089329080094607867600)+sinh(x)^41*(2272754369620714227150*%i*atan(sinh(x))-7404588475113085401558)+sinh(x)^31*(1875194707391812749600*%i*atan(sinh(x))+3499847753025036121968)+sinh(x)^49*(640501535693480114700*%i*atan(sinh(x))-219525903300462383172)+sinh(x)^27*(392840941892001137016*%i*atan(sinh(x))+552971387468095153996)+sinh(x)^53*(61846430194597968900*%i*atan(sinh(x))-6780668638486626648)+sinh(x)^23*(29382978330000567600*%i*atan(sinh(x))+34537086831869349...

# entry 6.1 Hyperbolic sine/6.1.5 Hyperbolic sine functions.mac e252  integrand (A+B*csch(x))/(a+b*sinh(x))
# core /home/serge/src/mr-attr/test/mr_rules.core  cap 60  hit_cap False  cpu [22.290288]
fired    1_1_2_1 r13  1/(-x^2+4*b^2+4*a^2)
fired    1_2_1_1 r12  1/(-(a*x^2)+2*b*x+a)
fired    4_1_1_1 r27  1/(a-%i*b*%mr_isin(%i*x))
fired    4_1_0_1 r1  1/(b*sinh(x)+a)
fired    1_1_2_1 r13  1/(1-x^2)
fired    1_4_1 r18  -(1/(x^2-1))
fired    4_7_5 r48  1/%mr_isin(%i*x)
fired    9_1 r11  %i/%mr_isin(%i*x)
fired    4_1_0_1 r1  1/sinh(x)
fired    9_1 r11  -(%i/sinh(x))
fired    4_1_3_1 r36  (A*%mr_isin(%i*x)+%i*B)/(%mr_isin(%i*x)*(a-%i*b*%mr_isin(%i*x)))
fired    9_1 r11  (%i*(A*%mr_isin(%i*x)+%i*B))/(%mr_isin(%i*x)*(a-%i*b*%mr_isin(%i*x)))
fired    4_1_0_1 r1  (%i*A*sinh(x)+%i*B)/(sinh(x)*(b*sinh(x)+a))
fired    9_1 r11  -((%i*(%i*A*sinh(x)+%i*B))/(sinh(x)*(b*sinh(x)+a)))
fired    4_1_2_1 r95  (%i*B*%mr_icsc(%i*x)+A)/(a-%i*b*%mr_isin(%i*x))
fired    4_1_0_1 r1  (B*csch(x)+A)/(b*sinh(x)+a)
RUBI-CPU 22.199976 
ANSWER-LEN 64416 UNINT false 
ANSWER (2*(B*b-A*a)*log((a^44*(-tanh(x/2)^44-860*tanh(x/2)^42-111069*tanh(x/2)^40-5133856*tanh(x/2)^38-112784399*tanh(x/2)^36-1353412788*tanh(x/2)^34-9586673915*tanh(x/2)^32-41802112192*tanh(x/2)^30-113649492522*tanh(x/2)^28-187187399448*tanh(x/2)^26-160094486370*tanh(x/2)^24+160094486370*tanh(x/2)^20+187187399448*tanh(x/2)^18+113649492522*tanh(x/2)^16+41802112192*tanh(x/2)^14+9586673915*tanh(x/2)^12+1353412788*tanh(x/2)^10+112784399*tanh(x/2)^8+5133856*tanh(x/2)^6+111069*tanh(x/2)^4+860*tanh(x/2)^2+1)+b*(a^43*(44*tanh(x/2)^43+36120*tanh(x/2)^41+4442760*tanh(x/2)^39+195086528*tanh(x/2)^37+4060...

# entry 6.1 Hyperbolic sine/6.1.7 hyper^m (a+b sinh^n)^p.mac e120  integrand sinh(e+f*x)^6/(a+b*sinh(e+f*x)^2)^(5/2)
# core /home/serge/src/mr-attr/test/mr_rules.core  cap 60  hit_cap False  cpu [46.449265]
fired    9_3 r67  sqrt(a-b*x^2)/sqrt(1-x^2)
fired    9_3 r67  1/(sqrt(1-x^2)*sqrt(a-b*x^2))
fired    1_1_2_5 r4  ((-(3*b^2)+13*a*b-8*a^2)*x^2-6*a*b+4*a^2)/(sqrt(1-x^2)*sqrt(a-b*x^2))
fired    9_1 r6  ((-(3*b^2)-8*a^2)*x^2+13*a*b*x^2-6*a*b+4*a^2)/(sqrt(1-x^2)*sqrt(a-b*x^2))
fired    9_1 r6  (-(3*b^2*x^2)+13*a*b*x^2-8*a^2*x^2-6*a*b+4*a^2)/(sqrt(1-x^2)*sqrt(a-b*x^2))
fired    1_4_2 r9  (a*b*(13*x^2-6)-3*b^2*x^2+a^2*(4-8*x^2))/(sqrt(1-x^2)*sqrt(a-b*x^2))
fired    1_1_2_6 r6  (x^2*((3*b-4*a)*x^2+3*a))/(sqrt(1-x^2)*(a-b*x^2)^(3/2))
fired    9_1 r6  (x^2*(3*b*x^2-4*a*x^2+3*a))/(sqrt(1-x^2)*(a-b*x^2)^(3/2))
fired    1_4_2 r10  (x^2*(3*b*x^2+a*(3-4*x^2)))/(sqrt(1-x^2)*(a-b*x^2)^(3/2))
fired    1_1_2_4 r38  x^6/(sqrt(1-x^2)*(a-b*x^2)^(5/2))
fired    4_1_7 r20  %mr_isin(%i*f*x+%i*e)^6/(a-b*%mr_isin(%i*f*x+%i*e)^2)^(5/2)
fired    9_1 r10  -(%mr_isin(%i*f*x+%i*e)^6/(a-b*%mr_isin(%i*f*x+%i*e)^2)^(5/2))
fired    4_1_0_1 r1  sinh(f*x+e)^6/(b*sinh(f*x+e)^2+a)^(5/2)
RUBI-CPU 46.351612 
ANSWER-LEN 2018 UNINT true 
ANSWER (%i*sqrt(cos(%i*f*x+%i*e)^2)*(sinh(f*x+e)^2*(b*(16*a^4*'unintegrable[1/(sqrt(sinh(f*x+e)^2+1)*sqrt(b*sinh(f*x+e)^2+a)),%i*sinh(f*x+e)]-16*a^3*'unintegrable[sqrt(b*sinh(f*x+e)^2+a)/sqrt(sinh(f*x+e)^2+1),%i*sinh(f*x+e)])+b^2*(26*a^2*'unintegrable[sqrt(b*sinh(f*x+e)^2+a)/sqrt(sinh(f*x+e)^2+1),%i*sinh(f*x+e)]-34*a^3*'unintegrable[1/(sqrt(sinh(f*x+e)^2+1)*sqrt(b*sinh(f*x+e)^2+a)),%i*sinh(f*x+e)])+b^3*(18*a^2*'unintegrable[1/(sqrt(sinh(f*x+e)^2+1)*sqrt(b*sinh(f*x+e)^2+a)),%i*sinh(f*x+e)]-6*a*'unintegrable[sqrt(b*sinh(f*x+e)^2+a)/sqrt(sinh(f*x+e)^2+1),%i*sinh(f*x+e)]))+sinh(f*x+e)^4*(b^2*(8*a^...

# entry 6.1 Hyperbolic sine/6.1.7 hyper^m (a+b sinh^n)^p.mac e268  integrand 1/(a+b*sinh(x)^6)
# core /home/serge/src/mr-attr/test/mr_rules.core  cap 60  hit_cap True  cpu [60.1205]
fired    1_1_2_1 r13  1/(-x^2-4*b^(1/3)+4*a^(1/3))
fired    1_2_1_1 r12  1/(-(a^(1/6)*x^2)+2*%i*b^(1/6)*x+a^(1/6))

# entry 6.1 Hyperbolic sine/6.1.7 hyper^m (a+b sinh^n)^p.mac e274  integrand 1/(1-sinh(x)^6)
# core /home/serge/src/mr-attr/test/mr_rules.core  cap 60  hit_cap False  cpu [4.158493]
fired    4_1_1_1 r25  1/(-(%i*%mr_isin(%i*x))-1)
fired    4_1_0_1 r1  1/(sinh(x)-1)
fired    9_1 r10  -(1/(sinh(x)-1))
fired    4_1_1_1 r24  1/(1-%i*%mr_isin(%i*x))
fired    4_1_0_1 r1  1/(sinh(x)+1)
fired    9_3 r58  1/(sinh(x)^2-1)
fired    9_1 r10  -(1/(sinh(x)^2-1))
fired    4_1_1_1 r25  1/(-(%i*%mr_isin(%i*x))-1)
fired    4_1_0_1 r1  1/(sinh(x)-1)
fired    9_1 r10  -(1/(sinh(x)-1))
fired    4_1_1_1 r24  1/(1-%i*%mr_isin(%i*x))
fired    4_1_0_1 r1  1/(sinh(x)+1)
fired    9_3 r58  1/(sinh(x)^2-1)
fired    9_1 r10  -(1/(sinh(x)^2-1))
fired    4_1_1_1 r25  1/(-(%i*%mr_isin(%i*x))-1)
fired    4_1_0_1 r1  1/(sinh(x)-1)
fired    9_1 r10  -(1/(sinh(x)-1))
fired    4_1_1_1 r24  1/(1-%i*%mr_isin(%i*x))
fired    4_1_0_1 r1  1/(sinh(x)+1)
fired    9_3 r58  1/(sinh(x)^2-1)
fired    9_1 r10  -(1/(sinh(x)^2-1))
fired    9_3 r59  1/(1-sinh(x)^6)
RUBI-CPU 4.042789 
ANSWER-LEN 213 UNINT false 
ANSWER ((x/sqrt(2)-sqrt(2)*atanh(cosh(x)/(sinh(x)+sqrt(2)+1)))/2-sqrt(2)*atanh(cosh(x)/(sinh(x)+sqrt(2)+1))+(x/sqrt(2)-sqrt(2)*atanh(cosh(x)/(sinh(x)-sqrt(2)-1)))/2-sqrt(2)*atanh(cosh(x)/(sinh(x)-sqrt(2)-1))+sqrt(2)*x)/3 

# entry 6.1 Hyperbolic sine/6.1.7 hyper^m (a+b sinh^n)^p.mac e357  integrand cosh(e+f*x)^4*sqrt(a+b*sinh(e+f*x)^2)
# core /home/serge/src/mr-attr/test/mr_rules.core  cap 60  hit_cap False  cpu [29.365976]
fired    9_3 r67  sqrt(a-b*x^2)/sqrt(1-x^2)
fired    9_3 r67  1/(sqrt(1-x^2)*sqrt(a-b*x^2))
fired    1_1_2_5 r4  ((-(3*b^2)-7*a*b+2*a^2)*x^2+9*a*b-a^2)/(sqrt(1-x^2)*sqrt(a-b*x^2))
fired    9_1 r6  ((2*a^2-3*b^2)*x^2-7*a*b*x^2+9*a*b-a^2)/(sqrt(1-x^2)*sqrt(a-b*x^2))
fired    9_1 r6  (-(3*b^2*x^2)-7*a*b*x^2+2*a^2*x^2+9*a*b-a^2)/(sqrt(1-x^2)*sqrt(a-b*x^2))
fired    1_4_2 r9  (a^2*(2*x^2-1)-3*b^2*x^2+a*b*(9-7*x^2))/(sqrt(1-x^2)*sqrt(a-b*x^2))
fired    1_1_2_5 r8  (sqrt(a-b*x^2)*((6*b-2*a)*x^2-5*b+a))/sqrt(1-x^2)
fired    9_1 r6  (sqrt(a-b*x^2)*(6*b*x^2-2*a*x^2-5*b+a))/sqrt(1-x^2)
fired    1_4_2 r9  (sqrt(a-b*x^2)*(b*(6*x^2-5)+a*(1-2*x^2)))/sqrt(1-x^2)
fired    1_1_2_3 r39  (1-x^2)^(3/2)*sqrt(a-b*x^2)
fired    4_1_7 r24  %mr_icos(%i*f*x+%i*e)^4*sqrt(a-b*%mr_isin(%i*f*x+%i*e)^2)
fired    4_1_0_1 r1  cosh(f*x+e)^4*sqrt(b*sinh(f*x+e)^2+a)
RUBI-CPU 29.25642 
ANSWER-LEN 759 UNINT true 
ANSWER -((%i*sqrt(cos(%i*f*x+%i*e)^2)*(b*(7*a*'unintegrable[sqrt(b*sinh(f*x+e)^2+a)/sqrt(sinh(f*x+e)^2+1),%i*sinh(f*x+e)]-8*a^2*'unintegrable[1/(sqrt(sinh(f*x+e)^2+1)*sqrt(b*sinh(f*x+e)^2+a)),%i*sinh(f*x+e)])+b^2*(3*'unintegrable[sqrt(b*sinh(f*x+e)^2+a)/sqrt(sinh(f*x+e)^2+1),%i*sinh(f*x+e)]+6*a*'unintegrable[1/(sqrt(sinh(f*x+e)^2+1)*sqrt(b*sinh(f*x+e)^2+a)),%i*sinh(f*x+e)])-2*a^2*'unintegrable[sqrt(b*sinh(f*x+e)^2+a)/sqrt(sinh(f*x+e)^2+1),%i*sinh(f*x+e)]+2*a^3*'unintegrable[1/(sqrt(sinh(f*x+e)^2+1)*sqrt(b*sinh(f*x+e)^2+a)),%i*sinh(f*x+e)]+sinh(f*x+e)*(6*%i*b^2*sqrt(sinh(f*x+e)^2+1)*sqrt(b*sinh...

# entry 6.1 Hyperbolic sine/6.1.7 hyper^m (a+b sinh^n)^p.mac e458  integrand sqrt(a+b*sinh(e+f*x)^2)*tanh(e+f*x)^3
# core /home/serge/src/mr-attr/test/mr_rules.core  cap 60  hit_cap False  cpu [35.359878]
fired    1_1_2_1 r15  1/(x^2/b-(a-b)/b)
fired    1_1_1_2 r32  1/(x*sqrt(b*x-b+a))
fired    1_1_1_2 r19  sqrt(b*x-b+a)/x
fired    1_1_1_3 r6  ((x-1)*sqrt(b*x-b+a))/x^2
fired    1_1_2_4 r20  ((x^2-1)*sqrt(b*x^2-b+a))/x^3
fired    1_4_2 r8  (sqrt(b*(x^2-1)+a)*(x^2-1))/x^3
fired    4_7_5 r44  sqrt(b*sinh(f*x+e)^2+a)*tanh(f*x+e)^3
RUBI-CPU 33.486487000000004 
ANSWER-LEN 4912360 UNINT false 
ANSWER 

# entry 6.1 Hyperbolic sine/6.1.7 hyper^m (a+b sinh^n)^p.mac e459  integrand sqrt(a+b*sinh(e+f*x)^2)*tanh(e+f*x)
# core /home/serge/src/mr-attr/test/mr_rules.core  cap 60  hit_cap False  cpu [20.130583]
fired    1_1_2_1 r15  1/(x^2/b-(a-b)/b)
fired    1_1_1_2 r32  1/(x*sqrt(b*x-b+a))
fired    1_1_1_2 r19  sqrt(b*x-b+a)/x
fired    1_1_2_2 r4  sqrt(b*x^2-b+a)/x
fired    1_4_2 r6  sqrt(b*(x^2-1)+a)/x
fired    4_7_5 r32  sqrt(b*sinh(f*x+e)^2+a)*tanh(f*x+e)
RUBI-CPU 19.491775 
ANSWER-LEN 2456126 UNINT false 
ANSWER 

# entry 6.1 Hyperbolic sine/6.1.7 hyper^m (a+b sinh^n)^p.mac e469  integrand (a+b*sinh(e+f*x)^2)^(3/2)*tanh(e+f*x)^3
# core /home/serge/src/mr-attr/test/mr_rules.core  cap 60  hit_cap False  cpu [36.205128]
fired    1_1_2_1 r15  1/(x^2/b-(a-b)/b)
fired    1_1_1_2 r32  1/(x*sqrt(b*x-b+a))
fired    1_1_1_2 r19  sqrt(b*x-b+a)/x
fired    1_1_1_2 r19  (b*x-b+a)^(3/2)/x
fired    1_1_1_3 r6  ((x-1)*(b*x-b+a)^(3/2))/x^2
fired    1_1_2_4 r20  ((x^2-1)*(b*x^2-b+a)^(3/2))/x^3
fired    1_4_2 r8  ((b*(x^2-1)+a)^(3/2)*(x^2-1))/x^3
fired    4_7_5 r44  (b*sinh(f*x+e)^2+a)^(3/2)*tanh(f*x+e)^3
RUBI-CPU 34.373897 
ANSWER-LEN 4912355 UNINT false 
ANSWER 

# entry 6.1 Hyperbolic sine/6.1.7 hyper^m (a+b sinh^n)^p.mac e470  integrand (a+b*sinh(e+f*x)^2)^(3/2)*tanh(e+f*x)
# core /home/serge/src/mr-attr/test/mr_rules.core  cap 60  hit_cap False  cpu [35.245114]
fired    1_1_2_1 r15  1/(x^2/b-(a-b)/b)
fired    1_1_1_2 r32  1/(x*sqrt(b*x-b+a))
fired    1_1_1_2 r19  sqrt(b*x-b+a)/x
fired    1_1_1_2 r19  (b*x-b+a)^(3/2)/x
fired    1_1_2_2 r4  (b*x^2-b+a)^(3/2)/x
fired    1_4_2 r6  (b*(x^2-1)+a)^(3/2)/x
fired    4_7_5 r32  (b*sinh(f*x+e)^2+a)^(3/2)*tanh(f*x+e)
RUBI-CPU 33.70098 
ANSWER-LEN 4912275 UNINT false 
ANSWER 

# entry 6.1 Hyperbolic sine/6.1.7 hyper^m (a+b sinh^n)^p.mac e480  integrand tanh(e+f*x)^3/sqrt(a+b*sinh(e+f*x)^2)
# core /home/serge/src/mr-attr/test/mr_rules.core  cap 60  hit_cap False  cpu [35.157971]
fired    1_1_2_1 r15  1/(x^2/b-(a-b)/b)
fired    1_1_1_2 r32  1/(x*sqrt(b*x-b+a))
fired    1_1_1_3 r6  (x-1)/(x^2*sqrt(b*x-b+a))
fired    1_1_2_4 r20  (x^2-1)/(x^3*sqrt(b*x^2-b+a))
fired    1_4_2 r8  (x^2-1)/(x^3*sqrt(b*(x^2-1)+a))
fired    4_7_5 r44  tanh(f*x+e)^3/sqrt(b*sinh(f*x+e)^2+a)
RUBI-CPU 33.731167 
ANSWER-LEN 4912346 UNINT false 
ANSWER 

# entry 6.1 Hyperbolic sine/6.1.7 hyper^m (a+b sinh^n)^p.mac e481  integrand tanh(e+f*x)/sqrt(a+b*sinh(e+f*x)^2)
# core /home/serge/src/mr-attr/test/mr_rules.core  cap 60  hit_cap False  cpu [19.522521]
fired    1_1_2_1 r15  1/(x^2/b-(a-b)/b)
fired    1_1_1_2 r32  1/(x*sqrt(b*x-b+a))
fired    1_1_2_2 r4  1/(x*sqrt(b*x^2-b+a))
fired    1_4_2 r6  1/(x*sqrt(b*(x^2-1)+a))
fired    4_7_5 r32  tanh(f*x+e)/sqrt(b*sinh(f*x+e)^2+a)
RUBI-CPU 18.936381 
ANSWER-LEN 2456097 UNINT false 
ANSWER 

# entry 6.1 Hyperbolic sine/6.1.7 hyper^m (a+b sinh^n)^p.mac e491  integrand tanh(e+f*x)^3/(a+b*sinh(e+f*x)^2)^(3/2)
# core /home/serge/src/mr-attr/test/mr_rules.core  cap 60  hit_cap False  cpu [50.062218]
fired    1_1_2_1 r15  1/(x^2/b-(a-b)/b)
fired    1_1_1_2 r32  1/(x*sqrt(b*x-b+a))
fired    1_1_1_2 r20  1/(x*(b*x-b+a)^(3/2))
fired    1_1_1_3 r6  (x-1)/(x^2*(b*x-b+a)^(3/2))
fired    1_1_2_4 r20  (x^2-1)/(x^3*(b*x^2-b+a)^(3/2))
fired    1_4_2 r8  (x^2-1)/(x^3*(b*(x^2-1)+a)^(3/2))
fired    4_7_5 r44  tanh(f*x+e)^3/(b*sinh(f*x+e)^2+a)^(3/2)
RUBI-CPU 47.514815 
ANSWER-LEN 7368640 UNINT false 
ANSWER 

# entry 6.1 Hyperbolic sine/6.1.7 hyper^m (a+b sinh^n)^p.mac e492  integrand tanh(e+f*x)/(a+b*sinh(e+f*x)^2)^(3/2)
# core /home/serge/src/mr-attr/test/mr_rules.core  cap 60  hit_cap False  cpu [19.28017]
fired    1_1_2_1 r15  1/(x^2/b-(a-b)/b)
fired    1_1_1_2 r32  1/(x*sqrt(b*x-b+a))
fired    1_1_1_2 r20  1/(x*(b*x-b+a)^(3/2))
fired    1_1_2_2 r4  1/(x*(b*x^2-b+a)^(3/2))
fired    1_4_2 r6  1/(x*(b*(x^2-1)+a)^(3/2))
fired    4_7_5 r32  tanh(f*x+e)/(b*sinh(f*x+e)^2+a)^(3/2)
RUBI-CPU 18.471091 
ANSWER-LEN 2456210 UNINT false 
ANSWER 

# entry 6.1 Hyperbolic sine/6.1.7 hyper^m (a+b sinh^n)^p.mac e502  integrand tanh(e+f*x)^3/(a+b*sinh(e+f*x)^2)^(5/2)
# core /home/serge/src/mr-attr/test/mr_rules.core  cap 60  hit_cap True  cpu [60.056064]
fired    1_1_2_1 r15  1/(x^2/b-(a-b)/b)
fired    1_1_1_2 r32  1/(x*sqrt(b*x-b+a))
fired    1_1_1_2 r20  1/(x*(b*x-b+a)^(3/2))
fired    1_1_1_2 r20  1/(x*(b*x-b+a)^(5/2))
fired    1_1_1_3 r6  (x-1)/(x^2*(b*x-b+a)^(5/2))
fired    1_1_2_4 r20  (x^2-1)/(x^3*(b*x^2-b+a)^(5/2))
fired    1_4_2 r8  (x^2-1)/(x^3*(b*(x^2-1)+a)^(5/2))

# entry 6.1 Hyperbolic sine/6.1.7 hyper^m (a+b sinh^n)^p.mac e503  integrand tanh(e+f*x)/(a+b*sinh(e+f*x)^2)^(5/2)
# core /home/serge/src/mr-attr/test/mr_rules.core  cap 60  hit_cap False  cpu [50.180642]
fired    1_1_2_1 r15  1/(x^2/b-(a-b)/b)
fired    1_1_1_2 r32  1/(x*sqrt(b*x-b+a))
fired    1_1_1_2 r20  1/(x*(b*x-b+a)^(3/2))
fired    1_1_1_2 r20  1/(x*(b*x-b+a)^(5/2))
fired    1_1_2_2 r4  1/(x*(b*x^2-b+a)^(5/2))
fired    1_4_2 r6  1/(x*(b*(x^2-1)+a)^(5/2))
fired    4_7_5 r32  tanh(f*x+e)/(b*sinh(f*x+e)^2+a)^(5/2)
RUBI-CPU 47.248901000000004 
ANSWER-LEN 7368696 UNINT false 
ANSWER 

# entry 6.2 Hyperbolic cosine/6.2.5 Hyperbolic cosine functions.mac e205  integrand (A+B*csch(x))/(a+b*cosh(x))
# core /home/serge/src/mr-attr/test/mr_rules.core  cap 60  hit_cap False  cpu [59.773051]
fired    1_1_1_1 r1  1/x
fired    1_1_1_4 r46  1/(((a*x)/(2*b)-x/2)*((b-a)*x+b+a))
fired    1_4_1 r18  (-((b*x)/(b-a))+(a*x)/(b-a)+x-b/(b-a)-a/(b-a)-1)/(x*((b-a)*x+b+a))
fired    1_1_1_3 r59  (x-1)/(x*((b-a)*x+b+a))
fired    9_1 r12  (%i*(x-1))/(2*x*((b-a)*x+b+a))
fired    1_1_2_11 r1  (%i*(x^2-1))/(2*x*((b-a)*x^2+b+a))
fired    1_1_3_4 r85  (%i*(x-1)*(x+1))/(2*x*((b-a)*x^2+b+a))
fired    9_1 r6  (%i*(x-1)*(x+1))/(2*x*(b*x^2-a*x^2+b+a))
fired    1_1_1_1 r1  1/x
fired    1_1_1_4 r46  1/(((a*x)/(2*b)-x/2)*((b-a)*x+b+a))
fired    1_4_1 r18  (-((b*x)/(b-a))+(a*x)/(b-a)+x-b/(b-a)-a/(b-a)-1)/(x*((b-a)*x+b+a))
fired    1_1_1_3 r59  (x-1)/(x*((b-a)*x+b+a))
fired    9_1 r12  (%i*(x-1))/(2*x*((b-a)*x+b+a))
fired    1_1_2_11 r1  (%i*(x^2-1))/(2*x*((b-a)*x^2+b+a))
fired    1_1_3_4 r85  (%i*(x-1)*(x+1))/(2*x*((b-a)*x^2+b+a))
fired    9_1 r6  (%i*(x-1)*(x+1))/(2*x*(b*x^2-a*x^2+b+a))
fired    1_1_1_1 r1  1/x
fired    1_1_1_4 r46  1/(((a*x)/(2*b)-x/2)*((b-a)*x+b+a))
fired    1_4_1 r18  (-((b*x)/(b-a))+(a*x)/(b-a)+x-b/(b-a)-a/(b-a)-1)/(x*((b-a)*x+b+a))
fired    1_1_1_3 r59  (x-1)/(x*((b-a)*x+b+a))
fired    9_1 r12  (%i*(x-1))/(2*x*((b-a)*x+b+a))
fired    1_1_2_11 r1  (%i*(x^2-1))/(2*x*((b-a)*x^2+b+a))
fired    1_1_3_4 r85  (%i*(x-1)*(x+1))/(2*x*((b-a)*x^2+b+a))
fired    9_1 r6  (%i*(x-1)*(x+1))/(2*x*(b*x^2-a*x^2+b+a))
fired    4_7_5 r71  1/(b*%mr_icos(%i*x)*%mr_isin(%i*x)+a*%mr_isin(%i*x))
fired    4_1_0_1 r1  1/(%i*b*cosh(x)*sinh(x)+%i*a*sinh(x))
fired    1_1_2_1 r15  1/(-((a-b)*x^2)+b+a)
fired    4_1_1_1 r26  1/(b*%mr_isin(%i*x+%pi/2)+a)
fired    4_1_0_1 r1  1/(b*cosh(x)+a)
fired    1_4_1 r7  (%i*B)/(%i*b*cosh(x)*sinh(x)+%i*a*sinh(x))+A/(b*cosh(x)+a)
fired    4_7_5 r70  (A*%mr_isin(%i*x)+%i*B)/((b*%mr_icos(%i*x)+a)*%mr_isin(%i*x))
fired    9_1 r11  (%i*(A*%mr_isin(%i*x)+%i*B))/((b*%mr_icos(%i*x)+a)*%mr_isin(%i*x))
fired    4_1_0_1 r1  (%i*A*sinh(x)+%i*B)/((b*cosh(x)+a)*sinh(x))
fired    9_1 r11  -((%i*(%i*A*sinh(x)+%i*B))/((b*cosh(x)+a)*sinh(x)))
fired    4_7_1 r13  (%i*B*%mr_icsc(%i*x)+A)/(b*%mr_icos(%i*x)+a)
fired    4_1_0_1 r1  (B*csch(x)+A)/(b*cosh(x)+a)
RUBI-CPU 59.698443999999995 
ANSWER-LEN 608 UNINT true 
ANSWER (2*%i*B*(%i*b*'unintegrable[-((2*b)/(b^2*(tanh(x/2)^4+tanh(x/2)^2)+a^2*(tanh(x/2)^4-tanh(x/2)^2)-2*a*b*tanh(x/2)^4)),tanh(x/2)^2]-%i*a*'unintegrable[-((2*b)/(b^2*(tanh(x/2)^4+tanh(x/2)^2)+a^2*(tanh(x/2)^4-tanh(x/2)^2)-2*a*b*tanh(x/2)^4)),tanh(x/2)^2]+%i*log(tanh(x/2)^2)))/(4*b-4*a)+(A*log(-((a*sqrt(a-b)*sqrt(b+a)*(tanh(x/2)^3-tanh(x/2))+b*(sqrt(a-b)*sqrt(b+a)*(-tanh(x/2)^3-tanh(x/2))+2*a)+b^2*(tanh(x/2)^2+1)+a^2*(1-tanh(x/2)^2))/(a*sqrt(a-b)*sqrt(b+a)*(tanh(x/2)^3+3*tanh(x/2))+b*(sqrt(a-b)*sqrt(b+a)*(3*tanh(x/2)-tanh(x/2)^3)-2*a)+b^2*(3*tanh(x/2)^2-1)+a^2*(-(3*tanh(x/2)^2)-1)))))/(sqrt(...

# entry 6.2 Hyperbolic cosine/6.2.7 hyper^m (a+b cosh^n)^p.mac e65  integrand 1/(a+b*cosh(x)^6)
# core /home/serge/src/mr-attr/test/mr_rules.core  cap 60  hit_cap False  cpu [16.831381]
fired    1_1_2_1 r15  1/(-((a^(1/6)-%i*b^(1/6))*x^2)+%i*b^(1/6)+a^(1/6))
fired    4_1_1_1 r26  1/(%i*b^(1/6)*%mr_isin(%i*x+%pi/2)+a^(1/6))
fired    4_1_0_1 r1  1/(%i*b^(1/6)*cosh(x)+a^(1/6))
fired    9_1 r12  a^(1/6)/(%i*b^(1/6)*cosh(x)+a^(1/6))
fired    1_1_2_1 r15  1/(-((-(%i*b^(1/6))-a^(1/6))*x^2)+%i*b^(1/6)-a^(1/6))
fired    4_1_1_1 r26  1/(%i*b^(1/6)*%mr_isin(%i*x+%pi/2)-a^(1/6))
fired    4_1_0_1 r1  1/(%i*b^(1/6)*cosh(x)-a^(1/6))
fired    9_1 r12  a^(1/6)/(%i*b^(1/6)*cosh(x)-a^(1/6))
fired    9_1 r10  -(a^(1/6)/(%i*b^(1/6)*cosh(x)-a^(1/6)))
fired    9_3 r58  1/(b^(1/3)*cosh(x)^2+a^(1/3))
fired    9_1 r12  a^(1/3)/(b^(1/3)*cosh(x)^2+a^(1/3))
fired    1_1_2_1 r15  1/(-((a^(1/6)-%i*b^(1/6))*x^2)+%i*b^(1/6)+a^(1/6))
fired    4_1_1_1 r26  1/(%i*b^(1/6)*%mr_isin(%i*x+%pi/2)+a^(1/6))
fired    4_1_0_1 r1  1/(%i*b^(1/6)*cosh(x)+a^(1/6))
fired    9_1 r12  a^(1/6)/(%i*b^(1/6)*cosh(x)+a^(1/6))
fired    1_1_2_1 r15  1/(-((-(%i*b^(1/6))-a^(1/6))*x^2)+%i*b^(1/6)-a^(1/6))
fired    4_1_1_1 r26  1/(%i*b^(1/6)*%mr_isin(%i*x+%pi/2)-a^(1/6))
fired    4_1_0_1 r1  1/(%i*b^(1/6)*cosh(x)-a^(1/6))
fired    9_1 r12  a^(1/6)/(%i*b^(1/6)*cosh(x)-a^(1/6))
fired    9_1 r10  -(a^(1/6)/(%i*b^(1/6)*cosh(x)-a^(1/6)))
fired    9_3 r58  1/(b^(1/3)*cosh(x)^2+a^(1/3))
fired    9_1 r12  a^(1/3)/(b^(1/3)*cosh(x)^2+a^(1/3))
fired    1_1_2_1 r15  1/(-((a^(1/6)-%i*b^(1/6))*x^2)+%i*b^(1/6)+a^(1/6))
fired    4_1_1_1 r26  1/(%i*b^(1/6)*%mr_isin(%i*x+%pi/2)+a^(1/6))
fired    4_1_0_1 r1  1/(%i*b^(1/6)*cosh(x)+a^(1/6))
fired    9_1 r12  a^(1/6)/(%i*b^(1/6)*cosh(x)+a^(1/6))
fired    1_1_2_1 r15  1/(-((-(%i*b^(1/6))-a^(1/6))*x^2)+%i*b^(1/6)-a^(1/6))
fired    4_1_1_1 r26  1/(%i*b^(1/6)*%mr_isin(%i*x+%pi/2)-a^(1/6))
fired    4_1_0_1 r1  1/(%i*b^(1/6)*cosh(x)-a^(1/6))
fired    9_1 r12  a^(1/6)/(%i*b^(1/6)*cosh(x)-a^(1/6))
fired    9_1 r10  -(a^(1/6)/(%i*b^(1/6)*cosh(x)-a^(1/6)))
fired    9_3 r58  1/(b^(1/3)*cosh(x)^2+a^(1/3))
fired    9_1 r12  a^(1/3)/(b^(1/3)*cosh(x)^2+a^(1/3))
fired    9_3 r59  1/(b*cosh(x)^6+a)
RUBI-CPU 16.743226 
ANSWER-LEN 1643 UNINT false 
ANSWER (log(-((a^(1/3)*(sqrt(a^(1/6)-%i*b^(1/6))*sqrt(%i*b^(1/6)+a^(1/6))*(tanh(x/2)-tanh(x/2)^3)+%i*b^(1/6)*(tanh(x/2)^2-3))+b^(1/3)*(sqrt(a^(1/6)-%i*b^(1/6))*sqrt(%i*b^(1/6)+a^(1/6))*(-tanh(x/2)^3-tanh(x/2))+a^(1/6)*(tanh(x/2)^2+3))+%i*sqrt(b)*(tanh(x/2)^2+1)+sqrt(a)*(tanh(x/2)^2-1)+2*%i*a^(1/6)*sqrt(a^(1/6)-%i*b^(1/6))*sqrt(%i*b^(1/6)+a^(1/6))*b^(1/6)*tanh(x/2))/(b^(1/3)*(sqrt(a^(1/6)-%i*b^(1/6))*sqrt(%i*b^(1/6)+a^(1/6))*(3*tanh(x/2)-tanh(x/2)^3)+a^(1/6)*(3*tanh(x/2)^2-3))+a^(1/3)*(sqrt(a^(1/6)-%i*b^(1/6))*sqrt(%i*b^(1/6)+a^(1/6))*(-tanh(x/2)^3-3*tanh(x/2))+%i*b^(1/6)*(3*tanh(x/2)^2+3))+sqr...

# entry 6.2 Hyperbolic cosine/6.2.7 hyper^m (a+b cosh^n)^p.mac e71  integrand 1/(1+cosh(x)^6)
# core /home/serge/src/mr-attr/test/mr_rules.core  cap 60  hit_cap False  cpu [3.159164]
fired    4_1_1_1 r24  1/(%i*%mr_isin(%i*x+%pi/2)+1)
fired    4_1_0_1 r1  1/(%i*cosh(x)+1)
fired    4_1_1_1 r25  1/(%i*%mr_isin(%i*x+%pi/2)-1)
fired    4_1_0_1 r1  1/(%i*cosh(x)-1)
fired    9_1 r10  -(1/(%i*cosh(x)-1))
fired    9_3 r58  1/(cosh(x)^2+1)
fired    4_1_1_1 r24  1/(%i*%mr_isin(%i*x+%pi/2)+1)
fired    4_1_0_1 r1  1/(%i*cosh(x)+1)
fired    4_1_1_1 r25  1/(%i*%mr_isin(%i*x+%pi/2)-1)
fired    4_1_0_1 r1  1/(%i*cosh(x)-1)
fired    9_1 r10  -(1/(%i*cosh(x)-1))
fired    9_3 r58  1/(cosh(x)^2+1)
fired    4_1_1_1 r24  1/(%i*%mr_isin(%i*x+%pi/2)+1)
fired    4_1_0_1 r1  1/(%i*cosh(x)+1)
fired    4_1_1_1 r25  1/(%i*%mr_isin(%i*x+%pi/2)-1)
fired    4_1_0_1 r1  1/(%i*cosh(x)-1)
fired    9_1 r10  -(1/(%i*cosh(x)-1))
fired    9_3 r58  1/(cosh(x)^2+1)
fired    9_3 r59  1/(cosh(x)^6+1)
RUBI-CPU 3.06989 
ANSWER-LEN 233 UNINT false 
ANSWER ((x/sqrt(2)-sqrt(2)*%i*atan(sinh(x)/(%i*cosh(x)+sqrt(2)+1)))/2-sqrt(2)*%i*atan(sinh(x)/(%i*cosh(x)+sqrt(2)+1))+(x/sqrt(2)-sqrt(2)*%i*atan(sinh(x)/(%i*cosh(x)-sqrt(2)-1)))/2-sqrt(2)*%i*atan(sinh(x)/(%i*cosh(x)-sqrt(2)-1))+sqrt(2)*x)/3 

# entry 6.3 Hyperbolic tangent/6.3.7 (d hyper)^m (a+b (c tanh)^n)^p.mac e34  integrand sinh(c+d*x)^3/(a+b*tanh(c+d*x)^2)^2
# core /home/serge/src/mr-attr/test/mr_rules.core  cap 60  hit_cap True  cpu [60.056652]

# entry 6.3 Hyperbolic tangent/6.3.7 (d hyper)^m (a+b (c tanh)^n)^p.mac e36  integrand sinh(c+d*x)/(a+b*tanh(c+d*x)^2)^2
# core /home/serge/src/mr-attr/test/mr_rules.core  cap 60  hit_cap True  cpu [60.110532]

# entry 6.3 Hyperbolic tangent/6.3.7 (d hyper)^m (a+b (c tanh)^n)^p.mac e39  integrand csch(c+d*x)^3/(a+b*tanh(c+d*x)^2)^2
# core /home/serge/src/mr-attr/test/mr_rules.core  cap 60  hit_cap True  cpu [60.023529]
fired    1_4_2 r5  1/(((-(a^2*b^3)-3*a^4*b-a^5)*x^2)/(a^2*b^3+3*a^3*b^2+3*a^4*b+a^5)-(3*a^3*b^2*x^2)/(a^2*b^3+3*a^3*b^2+3*a^4*b+a^5)-(2*a*b^2*sqrt(a^2*b^2+2*a^3*b+a^4))/(a^2*b^3+3...
fired    9_1 r6  1/(-(((a^2*b^3+a^5)*x^2)/(a^2*b^3+3*a^3*b^2+3*a^4*b+a^5))-(3*a^3*b^2*x^2)/(a^2*b^3+3*a^3*b^2+3*a^4*b+a^5)-(3*a^4*b*x^2)/(a^2*b^3+3*a^3*b^2+3*a^4*b+a^5)-(2*a*b^2...
fired    9_1 r6  1/(-((a^2*b^3*x^2)/(a^2*b^3+3*a^3*b^2+3*a^4*b+a^5))-(3*a^3*b^2*x^2)/(a^2*b^3+3*a^3*b^2+3*a^4*b+a^5)-(3*a^4*b*x^2)/(a^2*b^3+3*a^3*b^2+3*a^4*b+a^5)-(a^5*x^2)/(a^2...
fired    1_4_1 r18  1/(sqrt(a^2*b^2+2*a^3*b+a^4)*(-((b*sqrt(a^2*b^2+2*a^3*b+a^4)*x^2)/(a^2*b^3+3*a^3*b^2+3*a^4*b+a^5))-(a*sqrt(a^2*b^2+2*a^3*b+a^4)*x^2)/(a^2*b^3+3*a^3*b^2+3*a^4*b+...
fired    1_4_1 r18  sqrt(a^2*b^2+2*a^3*b+a^4)/(-((b*sqrt(a^2*b^2+2*a^3*b+a^4)*x^2)/(b+a))-(a*sqrt(a^2*b^2+2*a^3*b+a^4)*x^2)/(b+a)+(2*b*sqrt(a^2*b^2+2*a^3*b+a^4))/(b+a)-(2*a*b^2)/(b...
fired    1_4_1 r18  ((b+a)*sqrt(a^2*b^2+2*a^3*b+a^4))/(-(b*sqrt(a^2*b^2+2*a^3*b+a^4)*x^2)-a*sqrt(a^2*b^2+2*a^3*b+a^4)*x^2+2*b*sqrt(a^2*b^2+2*a^3*b+a^4)-2*a*b^2-2*a^2*b)
fired    1_4_1 r18  -(((b+a)*sqrt(a^2*b^2+2*a^3*b+a^4))/((b+a)*sqrt(a^2*b^2+2*a^3*b+a^4)*x^2-2*b*sqrt(a^2*b^2+2*a^3*b+a^4)+2*a*b^2+2*a^2*b))
fired    1_2_1_1 r12  1/(x^2-sqrt((2*a*b)/sqrt(a^2*b^2+2*a^3*b+a^4)+(2*(a^2*b^2+a^3*b))/(a^2*b^2+2*a^3*b+a^4))*x+(a*b)/sqrt(a^2*b^2+2*a^3*b+a^4))
fired    1_2_1_2 r3  (2*x-sqrt((2*a*b)/sqrt(a^2*b^2+2*a^3*b+a^4)+(2*(a^2*b^2+a^3*b))/(a^2*b^2+2*a^3*b+a^4)))/(x^2-sqrt((2*a*b)/sqrt(a^2*b^2+2*a^3*b+a^4)+(2*(a^2*b^2+a^3*b))/(a^2*b^2...
fired    1_2_1_2 r9  (sqrt((2*a*b)/sqrt(a^2*b^2+2*a^3*b+a^4)+(2*(a^2*b^2+a^3*b))/(a^2*b^2+2*a^3*b+a^4))-x)/(x^2-sqrt((2*a*b)/sqrt(a^2*b^2+2*a^3*b+a^4)+(2*(a^2*b^2+a^3*b))/(a^2*b^2+2...

# entry 6.3 Hyperbolic tangent/6.3.7 (d hyper)^m (a+b (c tanh)^n)^p.mac e44  integrand sinh(c+d*x)/(a+b*tanh(c+d*x)^2)^3
# core /home/serge/src/mr-attr/test/mr_rules.core  cap 60  hit_cap True  cpu [60.074394]
fired    1_1_2_1 r15  1/((b^2+2*a*b+a^2)*x^2-b^2-a*b)
fired    1_1_2_1 r9  1/((b^2+2*a*b+a^2)*x^2-b^2-a*b)^2
fired    1_1_2_1 r9  1/((b^2+2*a*b+a^2)*x^2-b^2-a*b)^3
fired    9_1 r6  1/((b^2+a^2)*x^2+2*a*b*x^2-b^2-a*b)^3
fired    9_1 r6  1/(b^2*x^2+2*a*b*x^2+a^2*x^2-b^2-a*b)^3
fired    1_4_1 r18  (b+a)^3/(b^3*x^2+3*a*b^2*x^2+3*a^2*b*x^2+a^3*x^2-b^3-2*a*b^2-a^2*b)^3
fired    1_4_1 r18  (b+a)^6/(b^4*x^2+4*a*b^3*x^2+6*a^2*b^2*x^2+4*a^3*b*x^2+a^4*x^2-b^4-3*a*b^3-3*a^2*b^2-a^3*b)^3
fired    1_4_1 r18  1/((b+a)^3*(b*x^2+a*x^2-b)^3)
fired    1_3_3 r10  1/(a^3*b^3*(20*x^6-30*x^4+12*x^2-1)+a^4*b^2*(15*x^6-15*x^4+3*x^2)+a^2*b^4*(15*x^6-30*x^4+18*x^2-3)+a^5*b*(6*x^6-3*x^4)+a*b^5*(6*x^6-15*x^4+12*x^2-3)+b^6*(x^6-3*...

# entry 6.3 Hyperbolic tangent/6.3.7 (d hyper)^m (a+b (c tanh)^n)^p.mac e193  integrand tanh(c+d*x)^3/(a+b*tanh(c+d*x)^2)^3
# core /home/serge/src/mr-attr/test/mr_rules.core  cap 60  hit_cap True  cpu [60.054545]
fired    1_1_2_1 r15  1/((b+a)*x^2-b)
fired    1_1_2_1 r9  1/((b+a)*x^2-b)^2
fired    1_1_2_1 r9  1/((b+a)*x^2-b)^3
fired    9_1 r6  1/(b*x^2+a*x^2-b)^3
fired    1_3_4 r18  x/((b+a)^2*(b*x^2+a*x^2-b)^3)
fired    1_3_3 r10  x/(a^3*b^2*(10*x^6-12*x^4+3*x^2)+a^2*b^3*(10*x^6-18*x^4+9*x^2-1)+a^4*b*(5*x^6-3*x^4)+a*b^4*(5*x^6-12*x^4+9*x^2-2)+b^5*(x^6-3*x^4+3*x^2-1)+a^5*x^6)

# entry 6.3 Hyperbolic tangent/6.3.7 (d hyper)^m (a+b (c tanh)^n)^p.mac e195  integrand tanh(c+d*x)/(a+b*tanh(c+d*x)^2)^3
# core /home/serge/src/mr-attr/test/mr_rules.core  cap 60  hit_cap True  cpu [60.021094]
fired    1_1_2_1 r15  1/((b+a)*x^2-b)
fired    1_1_2_1 r9  1/((b+a)*x^2-b)^2
fired    1_1_2_1 r9  1/((b+a)*x^2-b)^3
fired    9_1 r6  1/(b*x^2+a*x^2-b)^3
fired    1_3_4 r18  x/((b+a)^2*(b*x^2+a*x^2-b)^3)
fired    1_3_3 r10  x/(a^3*b^2*(10*x^6-12*x^4+3*x^2)+a^2*b^3*(10*x^6-18*x^4+9*x^2-1)+a^4*b*(5*x^6-3*x^4)+a*b^4*(5*x^6-12*x^4+9*x^2-2)+b^5*(x^6-3*x^4+3*x^2-1)+a^5*x^6)

# entry 6.3 Hyperbolic tangent/6.3.7 (d hyper)^m (a+b (c tanh)^n)^p.mac e215  integrand coth(x)^2*sqrt(a+b*tanh(x)^2)
# core /home/serge/src/mr-attr/test/mr_rules.core  cap 60  hit_cap False  cpu [3.124216]
fired    1_1_2_1 r13  1/(1/(b+a)-(b/(b+a)+a/(b+a))*x^2)
fired    1_1_2_3 r12  1/(sqrt(b*x^2+a)*(1/(b+a)-x^2/(b+a)))
fired    1_4_1 r18  (b+a)/((1-x^2)*sqrt(b*x^2+a))
fired    1_1_2_4 r43  sqrt(b*x^2+a)/(x^2*(1-x^2))
fired    1_4_1 r25  sqrt(b*x^2+a)/(x^2-x^4)
fired    1_4_1 r18  -(sqrt(b*x^2+a)/(x^4-x^2))
fired    4_7_5 r19  coth(x)^2*sqrt(b*tanh(x)^2+a)
RUBI-CPU 3.032442 
ANSWER-LEN 5569 UNINT false 
ANSWER (sqrt(b+a)*tanh(x)*log(-((tanh(x)^15*(32768*a*b^7*sqrt(b+a)*sqrt(b*tanh(x)^2+a)-208896*a^3*b^5*sqrt(b+a)*sqrt(b*tanh(x)^2+a)-348160*a^4*b^4*sqrt(b+a)*sqrt(b*tanh(x)^2+a)-239360*a^5*b^3*sqrt(b+a)*sqrt(b*tanh(x)^2+a)-78336*a^6*b^2*sqrt(b+a)*sqrt(b*tanh(x)^2+a)-11424*a^7*b*sqrt(b+a)*sqrt(b*tanh(x)^2+a)-544*a^8*sqrt(b+a)*sqrt(b*tanh(x)^2+a))+tanh(x)^17*(-(32768*a*b^7*sqrt(b+a)*sqrt(b*tanh(x)^2+a))-114688*a^2*b^6*sqrt(b+a)*sqrt(b*tanh(x)^2+a)-159744*a^3*b^5*sqrt(b+a)*sqrt(b*tanh(x)^2+a)-112640*a^4*b^4*sqrt(b+a)*sqrt(b*tanh(x)^2+a)-42240*a^5*b^3*sqrt(b+a)*sqrt(b*tanh(x)^2+a)-8064*a^6*b^2*sqrt...

# entry 6.3 Hyperbolic tangent/6.3.7 (d hyper)^m (a+b (c tanh)^n)^p.mac e217  integrand coth(x)^4*sqrt(a+b*tanh(x)^2)
# core /home/serge/src/mr-attr/test/mr_rules.core  cap 60  hit_cap False  cpu [10.335681]
fired    1_1_2_1 r15  1/(-((-(b/(3*a*b+3*a^2))-a/(3*a*b+3*a^2))*x^2)-1/(3*a*b+3*a^2))
fired    1_1_2_3 r12  1/(sqrt(b*x^2+a)*(x^2/(3*a*b+3*a^2)-1/(3*a*b+3*a^2)))
fired    1_4_1 r18  (-(3*a*b)-3*a^2)/((1-x^2)*sqrt(b*x^2+a))
fired    1_1_2_6 r11  (2*b*x^2+b+3*a)/(x^2*(1-x^2)*sqrt(b*x^2+a))
fired    1_4_2 r10  (b*(2*x^2+1)+3*a)/(x^2*(1-x^2)*sqrt(b*x^2+a))
fired    1_1_2_4 r43  sqrt(b*x^2+a)/(x^4*(1-x^2))
fired    1_4_1 r25  sqrt(b*x^2+a)/(x^4-x^6)
fired    1_4_1 r18  -(sqrt(b*x^2+a)/(x^6-x^4))
fired    4_7_5 r19  coth(x)^4*sqrt(b*tanh(x)^2+a)
RUBI-CPU 10.245854 
ANSWER-LEN 5644 UNINT false 
ANSWER (3*a*sqrt(b+a)*tanh(x)^3*log(-((tanh(x)^15*(32768*a*b^7*sqrt(b+a)*sqrt(b*tanh(x)^2+a)-208896*a^3*b^5*sqrt(b+a)*sqrt(b*tanh(x)^2+a)-348160*a^4*b^4*sqrt(b+a)*sqrt(b*tanh(x)^2+a)-239360*a^5*b^3*sqrt(b+a)*sqrt(b*tanh(x)^2+a)-78336*a^6*b^2*sqrt(b+a)*sqrt(b*tanh(x)^2+a)-11424*a^7*b*sqrt(b+a)*sqrt(b*tanh(x)^2+a)-544*a^8*sqrt(b+a)*sqrt(b*tanh(x)^2+a))+tanh(x)^17*(-(32768*a*b^7*sqrt(b+a)*sqrt(b*tanh(x)^2+a))-114688*a^2*b^6*sqrt(b+a)*sqrt(b*tanh(x)^2+a)-159744*a^3*b^5*sqrt(b+a)*sqrt(b*tanh(x)^2+a)-112640*a^4*b^4*sqrt(b+a)*sqrt(b*tanh(x)^2+a)-42240*a^5*b^3*sqrt(b+a)*sqrt(b*tanh(x)^2+a)-8064*a^6*b^...

# entry 6.3 Hyperbolic tangent/6.3.7 (d hyper)^m (a+b (c tanh)^n)^p.mac e234  integrand 1/sqrt(a+b*tanh(x)^2)
# core /home/serge/src/mr-attr/test/mr_rules.core  cap 60  hit_cap False  cpu [0.857538]
fired    1_1_2_1 r13  1/(1-(b+a)*x^2)
fired    1_1_2_3 r12  1/((1-x^2)*sqrt(b*x^2+a))
fired    4_3_7 r5  1/sqrt(a-b*%mr_itan(%i*x)^2)
fired    4_1_0_1 r1  1/sqrt(b*tanh(x)^2+a)
RUBI-CPU 0.7687 
ANSWER-LEN 5529 UNINT false 
ANSWER log(-((tanh(x)^15*(32768*a*b^7*sqrt(b+a)*sqrt(b*tanh(x)^2+a)-208896*a^3*b^5*sqrt(b+a)*sqrt(b*tanh(x)^2+a)-348160*a^4*b^4*sqrt(b+a)*sqrt(b*tanh(x)^2+a)-239360*a^5*b^3*sqrt(b+a)*sqrt(b*tanh(x)^2+a)-78336*a^6*b^2*sqrt(b+a)*sqrt(b*tanh(x)^2+a)-11424*a^7*b*sqrt(b+a)*sqrt(b*tanh(x)^2+a)-544*a^8*sqrt(b+a)*sqrt(b*tanh(x)^2+a))+tanh(x)^17*(-(32768*a*b^7*sqrt(b+a)*sqrt(b*tanh(x)^2+a))-114688*a^2*b^6*sqrt(b+a)*sqrt(b*tanh(x)^2+a)-159744*a^3*b^5*sqrt(b+a)*sqrt(b*tanh(x)^2+a)-112640*a^4*b^4*sqrt(b+a)*sqrt(b*tanh(x)^2+a)-42240*a^5*b^3*sqrt(b+a)*sqrt(b*tanh(x)^2+a)-8064*a^6*b^2*sqrt(b+a)*sqrt(b*tanh(x...

# entry 6.3 Hyperbolic tangent/6.3.7 (d hyper)^m (a+b (c tanh)^n)^p.mac e236  integrand coth(x)^2/sqrt(a+b*tanh(x)^2)
# core /home/serge/src/mr-attr/test/mr_rules.core  cap 60  hit_cap False  cpu [2.485203]
fired    1_1_2_1 r15  1/(1/a-(b/a+1)*x^2)
fired    1_1_2_3 r12  1/((1/a-x^2/a)*sqrt(b*x^2+a))
fired    1_4_1 r18  a/((1-x^2)*sqrt(b*x^2+a))
fired    1_1_2_4 r48  1/(x^2*(1-x^2)*sqrt(b*x^2+a))
fired    4_7_5 r19  coth(x)^2/sqrt(b*tanh(x)^2+a)
RUBI-CPU 2.3942509999999997 
ANSWER-LEN 13994 UNINT false 
ANSWER (a*tanh(x)*log(-(((-(262144*a*b^10)-1245184*a^2*b^9-2490368*a^3*b^8-2723840*a^4*b^7-1770496*a^5*b^6-695552*a^6*b^5-160512*a^7*b^4-20064*a^8*b^3-1140*a^9*b^2-19*a^10*b)*tanh(x)^22+sqrt(b*tanh(x)^2+a)*((a^(21/2)*((b+a)/a)^(21/2)+17*a^(19/2)*b*((b+a)/a)^(19/2)+117*a^(17/2)*b^2*((b+a)/a)^(17/2)+sqrt((b+a)/a)*(-(4096*sqrt(a)*b^10)+34560*a^(5/2)*b^8+69120*a^(7/2)*b^7+58320*a^(9/2)*b^6+23328*a^(11/2)*b^5+3645*a^(13/2)*b^4)+((b+a)/a)^(3/2)*(-(30464*a^(3/2)*b^9)-44544*a^(5/2)*b^8+18720*a^(7/2)*b^7+69120*a^(9/2)*b^6+49005*a^(11/2)*b^5+15552*a^(13/2)*b^4+2187*a^(15/2)*b^3)+((b+a)/a)^(5/2)*(-(7920*...

# entry 6.3 Hyperbolic tangent/6.3.7 (d hyper)^m (a+b (c tanh)^n)^p.mac e241  integrand tanh(x)^2/(a+b*tanh(x)^2)^(3/2)
# core /home/serge/src/mr-attr/test/mr_rules.core  cap 60  hit_cap False  cpu [6.59856]
fired    1_1_2_1 r13  1/(1-(b+a)*x^2)
fired    1_1_2_3 r12  1/((1-x^2)*sqrt(b*x^2+a))
fired    1_4_1 r18  -(1/((x^2-1)*sqrt(b*x^2+a)))
fired    1_1_2_4 r39  x^2/((x^2-1)*(b*x^2+a)^(3/2))
fired    1_4_1 r18  -(x^2/((1-x^2)*(b*x^2+a)^(3/2)))
fired    4_3_7 r14  %mr_itan(%i*x)^2/(a-b*%mr_itan(%i*x)^2)^(3/2)
fired    9_1 r10  -(%mr_itan(%i*x)^2/(a-b*%mr_itan(%i*x)^2)^(3/2))
fired    4_1_0_1 r1  tanh(x)^2/(b*tanh(x)^2+a)^(3/2)
RUBI-CPU 6.505841 
ANSWER-LEN 5630 UNINT false 
ANSWER -((2*sqrt(b+a)*tanh(x)-sqrt(b*tanh(x)^2+a)*log(-((tanh(x)^15*(32768*a*b^7*sqrt(b+a)*sqrt(b*tanh(x)^2+a)-208896*a^3*b^5*sqrt(b+a)*sqrt(b*tanh(x)^2+a)-348160*a^4*b^4*sqrt(b+a)*sqrt(b*tanh(x)^2+a)-239360*a^5*b^3*sqrt(b+a)*sqrt(b*tanh(x)^2+a)-78336*a^6*b^2*sqrt(b+a)*sqrt(b*tanh(x)^2+a)-11424*a^7*b*sqrt(b+a)*sqrt(b*tanh(x)^2+a)-544*a^8*sqrt(b+a)*sqrt(b*tanh(x)^2+a))+tanh(x)^17*(-(32768*a*b^7*sqrt(b+a)*sqrt(b*tanh(x)^2+a))-114688*a^2*b^6*sqrt(b+a)*sqrt(b*tanh(x)^2+a)-159744*a^3*b^5*sqrt(b+a)*sqrt(b*tanh(x)^2+a)-112640*a^4*b^4*sqrt(b+a)*sqrt(b*tanh(x)^2+a)-42240*a^5*b^3*sqrt(b+a)*sqrt(b*tanh(x...

# entry 6.3 Hyperbolic tangent/6.3.7 (d hyper)^m (a+b (c tanh)^n)^p.mac e243  integrand 1/(a+b*tanh(x)^2)^(3/2)
# core /home/serge/src/mr-attr/test/mr_rules.core  cap 60  hit_cap False  cpu [1.134214]
fired    1_1_2_1 r13  1/(1-(b+a)*x^2)
fired    1_1_2_3 r12  1/((1-x^2)*sqrt(b*x^2+a))
fired    1_1_2_3 r17  1/((1-x^2)*(b*x^2+a)^(3/2))
fired    4_3_7 r5  1/(a-b*%mr_itan(%i*x)^2)^(3/2)
fired    4_1_0_1 r1  1/(b*tanh(x)^2+a)^(3/2)
RUBI-CPU 1.04392 
ANSWER-LEN 5635 UNINT false 
ANSWER (a*sqrt(b*tanh(x)^2+a)*log(-((tanh(x)^15*(32768*a*b^7*sqrt(b+a)*sqrt(b*tanh(x)^2+a)-208896*a^3*b^5*sqrt(b+a)*sqrt(b*tanh(x)^2+a)-348160*a^4*b^4*sqrt(b+a)*sqrt(b*tanh(x)^2+a)-239360*a^5*b^3*sqrt(b+a)*sqrt(b*tanh(x)^2+a)-78336*a^6*b^2*sqrt(b+a)*sqrt(b*tanh(x)^2+a)-11424*a^7*b*sqrt(b+a)*sqrt(b*tanh(x)^2+a)-544*a^8*sqrt(b+a)*sqrt(b*tanh(x)^2+a))+tanh(x)^17*(-(32768*a*b^7*sqrt(b+a)*sqrt(b*tanh(x)^2+a))-114688*a^2*b^6*sqrt(b+a)*sqrt(b*tanh(x)^2+a)-159744*a^3*b^5*sqrt(b+a)*sqrt(b*tanh(x)^2+a)-112640*a^4*b^4*sqrt(b+a)*sqrt(b*tanh(x)^2+a)-42240*a^5*b^3*sqrt(b+a)*sqrt(b*tanh(x)^2+a)-8064*a^6*b^2*...

# entry 6.3 Hyperbolic tangent/6.3.7 (d hyper)^m (a+b (c tanh)^n)^p.mac e245  integrand coth(x)^2/(a+b*tanh(x)^2)^(3/2)
# core /home/serge/src/mr-attr/test/mr_rules.core  cap 60  hit_cap False  cpu [9.194205]
fired    1_1_2_1 r13  1/(1/a^2-(b/a^2+1/a)*x^2)
fired    1_1_2_3 r12  1/((1/a^2-x^2/a^2)*sqrt(b*x^2+a))
fired    1_4_1 r18  a/((1/a-x^2/a)*sqrt(b*x^2+a))
fired    1_4_1 r18  a^2/((1-x^2)*sqrt(b*x^2+a))
fired    1_1_2_6 r11  (2*b*x^2-2*b-a)/(x^2*(1-x^2)*sqrt(b*x^2+a))
fired    1_4_2 r10  (b*(2*x^2-2)-a)/(x^2*(1-x^2)*sqrt(b*x^2+a))
fired    1_1_2_4 r40  1/(x^2*(1-x^2)*(b*x^2+a)^(3/2))
fired    4_7_5 r19  coth(x)^2/(b*tanh(x)^2+a)^(3/2)
RUBI-CPU 9.107991 
ANSWER-LEN 12374 UNINT false 
ANSWER ((a*b*tanh(x)^3+a^2*tanh(x))*log(-(((-(262144*a*b^10)-1245184*a^2*b^9-2490368*a^3*b^8-2723840*a^4*b^7-1770496*a^5*b^6-695552*a^6*b^5-160512*a^7*b^4-20064*a^8*b^3-1140*a^9*b^2-19*a^10*b)*tanh(x)^22+sqrt(b*tanh(x)^2+a)*((a^21*((b+a)/a^2)^(21/2)+17*a^19*b*((b+a)/a^2)^(19/2)+117*a^17*b^2*((b+a)/a^2)^(17/2)+sqrt((b+a)/a^2)*(-(4096*a*b^10)+34560*a^3*b^8+69120*a^4*b^7+58320*a^5*b^6+23328*a^6*b^5+3645*a^7*b^4)+((b+a)/a^2)^(3/2)*(-(30464*a^3*b^9)-44544*a^4*b^8+18720*a^5*b^7+69120*a^6*b^6+49005*a^7*b^5+15552*a^8*b^4+2187*a^9*b^3)+((b+a)/a^2)^(5/2)*(-(7920*a^5*b^8)+45792*a^6*b^7+110079*a^7*b^6+777...

# entry 6.3 Hyperbolic tangent/6.3.7 (d hyper)^m (a+b (c tanh)^n)^p.mac e248  integrand tanh(x)^4/(a+b*tanh(x)^2)^(5/2)
# core /home/serge/src/mr-attr/test/mr_rules.core  cap 60  hit_cap False  cpu [11.567026]
fired    1_1_2_1 r15  1/(1/(3*a*b)-(1/(3*b)+1/(3*a))*x^2)
fired    1_1_2_3 r12  1/((1/(3*a*b)-x^2/(3*a*b))*sqrt(b*x^2+a))
fired    1_4_1 r18  b/((1/(3*a)-x^2/(3*a))*sqrt(b*x^2+a))
fired    1_4_1 r18  (a*b)/((1/3-x^2/3)*sqrt(b*x^2+a))
fired    1_4_1 r18  (3*a*b)/((1-x^2)*sqrt(b*x^2+a))
fired    1_1_2_5 r7  ((-(3*b)-a)*x^2+a)/((1-x^2)*(b*x^2+a)^(3/2))
fired    9_1 r6  (-(3*b*x^2)-a*x^2+a)/((1-x^2)*(b*x^2+a)^(3/2))
fired    1_4_2 r9  (a*(1-x^2)-3*b*x^2)/((1-x^2)*(b*x^2+a)^(3/2))
fired    1_1_2_4 r38  x^4/((1-x^2)*(b*x^2+a)^(5/2))
fired    4_3_7 r14  %mr_itan(%i*x)^4/(a-b*%mr_itan(%i*x)^2)^(5/2)
fired    4_1_0_1 r1  tanh(x)^4/(b*tanh(x)^2+a)^(5/2)
RUBI-CPU 11.477877 
ANSWER-LEN 21087 UNINT false 
ANSWER ((sqrt(3)*b^(5/2)*tanh(x)^4+2*sqrt(3)*a*b^(3/2)*tanh(x)^2+sqrt(3)*a^2*sqrt(b))*log(-(((-(262144*a*b^10)-1245184*a^2*b^9-2490368*a^3*b^8-2723840*a^4*b^7-1770496*a^5*b^6-695552*a^6*b^5-160512*a^7*b^4-20064*a^8*b^3-1140*a^9*b^2-19*a^10*b)*tanh(x)^22+sqrt(b*tanh(x)^2+a)*((3^(21/2)*a^(21/2)*b^(21/2)*((b+a)/(3*a*b))^(21/2)+17*3^(19/2)*a^(19/2)*b^(21/2)*((b+a)/(3*a*b))^(19/2)+13*3^(21/2)*a^(17/2)*b^(21/2)*((b+a)/(3*a*b))^(17/2)+((b+a)/(3*a*b))^(15/2)*(215*3^(17/2)*a^(15/2)*b^(21/2)+128*3^(17/2)*a^(17/2)*b^(19/2)+17*3^(19/2)*a^(19/2)*b^(17/2))+((b+a)/(3*a*b))^(13/2)*(1105*3^(15/2)*a^(13/2)*b^(2...

# entry 6.3 Hyperbolic tangent/6.3.7 (d hyper)^m (a+b (c tanh)^n)^p.mac e250  integrand tanh(x)^2/(a+b*tanh(x)^2)^(5/2)
# core /home/serge/src/mr-attr/test/mr_rules.core  cap 60  hit_cap False  cpu [9.279693]
fired    1_1_2_1 r15  1/(1/(3*a)-(b/(3*a)+1/3)*x^2)
fired    1_1_2_3 r12  1/((1/(3*a)-x^2/(3*a))*sqrt(b*x^2+a))
fired    1_4_1 r18  a/((1/3-x^2/3)*sqrt(b*x^2+a))
fired    1_4_1 r18  -((3*a)/((x^2-1)*sqrt(b*x^2+a)))
fired    1_1_2_5 r7  (-(2*x^2)-1)/((x^2-1)*(b*x^2+a)^(3/2))
fired    1_1_2_4 r39  x^2/((x^2-1)*(b*x^2+a)^(5/2))
fired    1_4_1 r18  -(x^2/((1-x^2)*(b*x^2+a)^(5/2)))
fired    4_3_7 r14  %mr_itan(%i*x)^2/(a-b*%mr_itan(%i*x)^2)^(5/2)
fired    9_1 r10  -(%mr_itan(%i*x)^2/(a-b*%mr_itan(%i*x)^2)^(5/2))
fired    4_1_0_1 r1  tanh(x)^2/(b*tanh(x)^2+a)^(5/2)
RUBI-CPU 9.190434 
ANSWER-LEN 18124 UNINT false 
ANSWER ((sqrt(3)*a*b^2*tanh(x)^4+2*sqrt(3)*a^2*b*tanh(x)^2+sqrt(3)*a^3)*log(-(((-(262144*a*b^10)-1245184*a^2*b^9-2490368*a^3*b^8-2723840*a^4*b^7-1770496*a^5*b^6-695552*a^6*b^5-160512*a^7*b^4-20064*a^8*b^3-1140*a^9*b^2-19*a^10*b)*tanh(x)^22+sqrt(b*tanh(x)^2+a)*((3^(21/2)*a^(21/2)*((b+a)/(3*a))^(21/2)+17*3^(19/2)*a^(19/2)*b*((b+a)/(3*a))^(19/2)+13*3^(21/2)*a^(17/2)*b^2*((b+a)/(3*a))^(17/2)+sqrt((b+a)/(3*a))*(-(4096*sqrt(3)*sqrt(a)*b^10)+1280*3^(7/2)*a^(5/2)*b^8+2560*3^(7/2)*a^(7/2)*b^7+80*3^(13/2)*a^(9/2)*b^6+32*3^(13/2)*a^(11/2)*b^5+5*3^(13/2)*a^(13/2)*b^4)+((b+a)/(3*a))^(3/2)*(-(30464*3^(3/2)*...

# entry 6.3 Hyperbolic tangent/6.3.7 (d hyper)^m (a+b (c tanh)^n)^p.mac e252  integrand 1/(a+b*tanh(x)^2)^(5/2)
# core /home/serge/src/mr-attr/test/mr_rules.core  cap 60  hit_cap False  cpu [5.919808]
fired    1_1_2_1 r13  1/(1/(3*a^2)-(b/(3*a^2)+1/(3*a))*x^2)
fired    1_1_2_3 r12  1/((1/(3*a^2)-x^2/(3*a^2))*sqrt(b*x^2+a))
fired    1_4_1 r18  a/((1/(3*a)-x^2/(3*a))*sqrt(b*x^2+a))
fired    1_4_1 r18  a^2/((1/3-x^2/3)*sqrt(b*x^2+a))
fired    1_4_1 r18  (3*a^2)/((1-x^2)*sqrt(b*x^2+a))
fired    1_1_2_5 r7  (2*b*x^2-2*b-3*a)/((1-x^2)*(b*x^2+a)^(3/2))
fired    1_4_2 r9  (b*(2*x^2-2)-3*a)/((1-x^2)*(b*x^2+a)^(3/2))
fired    1_1_2_3 r37  1/((1-x^2)*(b*x^2+a)^(5/2))
fired    4_3_7 r5  1/(a-b*%mr_itan(%i*x)^2)^(5/2)
fired    4_1_0_1 r1  1/(b*tanh(x)^2+a)^(5/2)
RUBI-CPU 5.8356449999999995 
ANSWER-LEN 19209 UNINT false 
ANSWER ((sqrt(3*a^2)*b^2*tanh(x)^4+2*a*sqrt(3*a^2)*b*tanh(x)^2+a^2*sqrt(3*a^2))*log(-(((-(262144*a*b^10)-1245184*a^2*b^9-2490368*a^3*b^8-2723840*a^4*b^7-1770496*a^5*b^6-695552*a^6*b^5-160512*a^7*b^4-20064*a^8*b^3-1140*a^9*b^2-19*a^10*b)*tanh(x)^22+sqrt(b*tanh(x)^2+a)*((59049*a^20*sqrt(3*a^2)*((b+a)/(3*a^2))^(21/2)+334611*a^18*sqrt(3*a^2)*b*((b+a)/(3*a^2))^(19/2)+767637*a^16*sqrt(3*a^2)*b^2*((b+a)/(3*a^2))^(17/2)+sqrt((b+a)/(3*a^2))*(-(4096*sqrt(3*a^2)*b^10)+34560*a^2*sqrt(3*a^2)*b^8+69120*a^3*sqrt(3*a^2)*b^7+58320*a^4*sqrt(3*a^2)*b^6+23328*a^5*sqrt(3*a^2)*b^5+3645*a^6*sqrt(3*a^2)*b^4)+((b+a)/(...

# entry 6.4 Hyperbolic cotangent/6.4.2 Hyperbolic cotangent functions.mac e22  integrand (b*coth(c+d*x)^2)^(4/3)
# core /home/serge/src/mr-attr/test/mr_rules.core  cap 60  hit_cap False  cpu [2.699291]
fired    1_1_2_1 r11  1/(-x^2+4*cos((%pi*(2*_mr_1_1_3_2_r37_k-1))/6)^2-4)
fired    1_2_1_1 r12  1/(x^2-2*cos((%pi*(2*_mr_1_1_3_2_r37_k-1))/6)*x+1)
fired    1_2_1_2 r3  (2*x-2*cos((%pi*(2*_mr_1_1_3_2_r37_k-1))/6))/(x^2-2*cos((%pi*(2*_mr_1_1_3_2_r37_k-1))/6)*x+1)
fired    1_2_1_2 r9  (cos((2*%pi*(2*_mr_1_1_3_2_r37_k-1))/3)-cos((5*%pi*(2*_mr_1_1_3_2_r37_k-1))/6)*x)/(x^2-2*cos((%pi*(2*_mr_1_1_3_2_r37_k-1))/6)*x+1)
fired    1_1_2_1 r11  1/(-x^2+4*cos((%pi*(2*_mr_1_1_3_2_r37_k-1))/6)^2-4)
fired    1_2_1_1 r12  1/(x^2+2*cos((%pi*(2*_mr_1_1_3_2_r37_k-1))/6)*x+1)
fired    1_2_1_2 r3  (2*x+2*cos((%pi*(2*_mr_1_1_3_2_r37_k-1))/6))/(x^2+2*cos((%pi*(2*_mr_1_1_3_2_r37_k-1))/6)*x+1)
fired    1_2_1_2 r9  (cos((5*%pi*(2*_mr_1_1_3_2_r37_k-1))/6)*x+cos((2*%pi*(2*_mr_1_1_3_2_r37_k-1))/3))/(x^2+2*cos((%pi*(2*_mr_1_1_3_2_r37_k-1))/6)*x+1)
fired    1_1_2_1 r10  1/(x^2+1)
fired    1_1_3_2 r37  x^4/(x^6+1)
fired    1_1_2_2 r27  x^(2/3)/(x^2+1)
fired    4_3_1_1 r4  (-%mr_itan(%i*d*x+%i*c+%pi/2))^(2/3)
fired    4_1_0_1 r1  cot(%i*d*x+%i*c)^(2/3)
fired    9_3 r41  (%i*cot(%i*d*x+%i*c))^(2/3)
fired    4_3_1_1 r1  (-(%i*%mr_itan(%i*d*x+%i*c+%pi/2)))^(8/3)
fired    4_1_0_1 r1  coth(d*x+c)^(8/3)
fired    9_1 r12  b^(4/3)*coth(d*x+c)^(8/3)
RUBI-CPU 2.615668 
ANSWER-LEN 386 UNINT false 
ANSWER b^(4/3)*(-((%i*(%i*cot(%i*d*x+%i*c))^(2/3)*(sqrt(3)*log((-(%i*coth(d*x+c)))^(2/3)+sqrt(3)*(-(%i*coth(d*x+c)))^(1/3)+1)-sqrt(3)*log((-(%i*coth(d*x+c)))^(2/3)-sqrt(3)*(-(%i*coth(d*x+c)))^(1/3)+1)-2*atan(2*(-(%i*coth(d*x+c)))^(1/3)+sqrt(3))-2*atan(2*(-(%i*coth(d*x+c)))^(1/3)-sqrt(3))-4*atan((-(%i*coth(d*x+c)))^(1/3))))/(4*d*cot(%i*d*x+%i*c)^(2/3)))-(3*(%i*cot(%i*d*x+%i*c))^(5/3))/(5*d)) 

# entry 6.4 Hyperbolic cotangent/6.4.2 Hyperbolic cotangent functions.mac e45  integrand (b*coth(c+d*x)^4)^(2/3)
# core /home/serge/src/mr-attr/test/mr_rules.core  cap 60  hit_cap False  cpu [2.582743]
fired    1_1_2_1 r11  1/(-x^2+4*cos((%pi*(2*_mr_1_1_3_2_r37_k-1))/6)^2-4)
fired    1_2_1_1 r12  1/(x^2-2*cos((%pi*(2*_mr_1_1_3_2_r37_k-1))/6)*x+1)
fired    1_2_1_2 r3  (2*x-2*cos((%pi*(2*_mr_1_1_3_2_r37_k-1))/6))/(x^2-2*cos((%pi*(2*_mr_1_1_3_2_r37_k-1))/6)*x+1)
fired    1_2_1_2 r9  (cos((2*%pi*(2*_mr_1_1_3_2_r37_k-1))/3)-cos((5*%pi*(2*_mr_1_1_3_2_r37_k-1))/6)*x)/(x^2-2*cos((%pi*(2*_mr_1_1_3_2_r37_k-1))/6)*x+1)
fired    1_1_2_1 r11  1/(-x^2+4*cos((%pi*(2*_mr_1_1_3_2_r37_k-1))/6)^2-4)
fired    1_2_1_1 r12  1/(x^2+2*cos((%pi*(2*_mr_1_1_3_2_r37_k-1))/6)*x+1)
fired    1_2_1_2 r3  (2*x+2*cos((%pi*(2*_mr_1_1_3_2_r37_k-1))/6))/(x^2+2*cos((%pi*(2*_mr_1_1_3_2_r37_k-1))/6)*x+1)
fired    1_2_1_2 r9  (cos((5*%pi*(2*_mr_1_1_3_2_r37_k-1))/6)*x+cos((2*%pi*(2*_mr_1_1_3_2_r37_k-1))/3))/(x^2+2*cos((%pi*(2*_mr_1_1_3_2_r37_k-1))/6)*x+1)
fired    1_1_2_1 r10  1/(x^2+1)
fired    1_1_3_2 r37  x^4/(x^6+1)
fired    1_1_2_2 r27  x^(2/3)/(x^2+1)
fired    4_3_1_1 r4  (-%mr_itan(%i*d*x+%i*c+%pi/2))^(2/3)
fired    4_1_0_1 r1  cot(%i*d*x+%i*c)^(2/3)
fired    9_3 r41  (%i*cot(%i*d*x+%i*c))^(2/3)
fired    4_3_1_1 r1  (-(%i*%mr_itan(%i*d*x+%i*c+%pi/2)))^(8/3)
fired    4_1_0_1 r1  coth(d*x+c)^(8/3)
fired    9_1 r12  b^(2/3)*coth(d*x+c)^(8/3)
RUBI-CPU 2.482081 
ANSWER-LEN 386 UNINT false 
ANSWER b^(2/3)*(-((%i*(%i*cot(%i*d*x+%i*c))^(2/3)*(sqrt(3)*log((-(%i*coth(d*x+c)))^(2/3)+sqrt(3)*(-(%i*coth(d*x+c)))^(1/3)+1)-sqrt(3)*log((-(%i*coth(d*x+c)))^(2/3)-sqrt(3)*(-(%i*coth(d*x+c)))^(1/3)+1)-2*atan(2*(-(%i*coth(d*x+c)))^(1/3)+sqrt(3))-2*atan(2*(-(%i*coth(d*x+c)))^(1/3)-sqrt(3))-4*atan((-(%i*coth(d*x+c)))^(1/3))))/(4*d*cot(%i*d*x+%i*c)^(2/3)))-(3*(%i*cot(%i*d*x+%i*c))^(5/3))/(5*d)) 

# entry 6.4 Hyperbolic cotangent/6.4.2 Hyperbolic cotangent functions.mac e49  integrand 1/(b*coth(c+d*x)^4)^(4/3)
# core /home/serge/src/mr-attr/test/mr_rules.core  cap 60  hit_cap False  cpu [3.121751]
fired    1_1_2_1 r11  1/(-x^2+4*cos((%pi*(2*_mr_1_1_3_2_r37_k-1))/6)^2-4)
fired    1_2_1_1 r12  1/(x^2-2*cos((%pi*(2*_mr_1_1_3_2_r37_k-1))/6)*x+1)
fired    1_2_1_2 r3  (2*x-2*cos((%pi*(2*_mr_1_1_3_2_r37_k-1))/6))/(x^2-2*cos((%pi*(2*_mr_1_1_3_2_r37_k-1))/6)*x+1)
fired    1_2_1_2 r9  (cos((2*%pi*(2*_mr_1_1_3_2_r37_k-1))/3)-cos((5*%pi*(2*_mr_1_1_3_2_r37_k-1))/6)*x)/(x^2-2*cos((%pi*(2*_mr_1_1_3_2_r37_k-1))/6)*x+1)
fired    1_1_2_1 r11  1/(-x^2+4*cos((%pi*(2*_mr_1_1_3_2_r37_k-1))/6)^2-4)
fired    1_2_1_1 r12  1/(x^2+2*cos((%pi*(2*_mr_1_1_3_2_r37_k-1))/6)*x+1)
fired    1_2_1_2 r3  (2*x+2*cos((%pi*(2*_mr_1_1_3_2_r37_k-1))/6))/(x^2+2*cos((%pi*(2*_mr_1_1_3_2_r37_k-1))/6)*x+1)
fired    1_2_1_2 r9  (cos((5*%pi*(2*_mr_1_1_3_2_r37_k-1))/6)*x+cos((2*%pi*(2*_mr_1_1_3_2_r37_k-1))/3))/(x^2+2*cos((%pi*(2*_mr_1_1_3_2_r37_k-1))/6)*x+1)
fired    1_1_2_1 r10  1/(x^2+1)
fired    1_1_3_2 r37  x^4/(x^6+1)
fired    1_1_2_2 r27  x^(2/3)/(x^2+1)
fired    4_3_1_1 r4  (-%mr_itan(%i*d*x+%i*c+%pi/2))^(2/3)
fired    4_1_0_1 r1  cot(%i*d*x+%i*c)^(2/3)
fired    4_3_1_1 r2  1/(-%mr_itan(%i*d*x+%i*c+%pi/2))^(4/3)
fired    4_1_0_1 r1  1/cot(%i*d*x+%i*c)^(4/3)
fired    4_3_1_1 r2  1/(-%mr_itan(%i*d*x+%i*c+%pi/2))^(10/3)
fired    4_1_0_1 r1  1/cot(%i*d*x+%i*c)^(10/3)
fired    9_3 r41  1/(%i*cot(%i*d*x+%i*c))^(10/3)
fired    4_3_1_1 r2  1/(-(%i*%mr_itan(%i*d*x+%i*c+%pi/2)))^(16/3)
fired    4_1_0_1 r1  1/coth(d*x+c)^(16/3)
fired    9_1 r12  1/(b^(4/3)*coth(d*x+c)^(16/3))
RUBI-CPU 3.0548810000000004 
ANSWER-LEN 463 UNINT false 
ANSWER ((%i*cot(%i*d*x+%i*c)^(1/3)*(-((%i*(sqrt(3)*log((-(%i*coth(d*x+c)))^(2/3)+sqrt(3)*(-(%i*coth(d*x+c)))^(1/3)+1)-sqrt(3)*log((-(%i*coth(d*x+c)))^(2/3)-sqrt(3)*(-(%i*coth(d*x+c)))^(1/3)+1)-2*atan(2*(-(%i*coth(d*x+c)))^(1/3)+sqrt(3))-2*atan(2*(-(%i*coth(d*x+c)))^(1/3)-sqrt(3))-4*atan((-(%i*coth(d*x+c)))^(1/3))))/(4*d))+(3*%i)/(d*cot(%i*d*x+%i*c)^(1/3))-(3*%i)/(7*d*cot(%i*d*x+%i*c)^(7/3))))/(%i*cot(%i*d*x+%i*c))^(1/3)-3/(13*d*(%i*cot(%i*d*x+%i*c))^(13/3)))/b^(4/3) 

# entry 6.4 Hyperbolic cotangent/6.4.2 Hyperbolic cotangent functions.mac e122  integrand sech(x)/(%i+2*coth(x))
# core /home/serge/src/mr-attr/test/mr_rules.core  cap 60  hit_cap False  cpu [29.403069]
fired    1_1_2_1 r13  1/(5-x^2)
fired    1_2_1_1 r12  1/(-(%i*x^2)+x-%i)
fired    1_4_1 r18  -(1/(%i*x^2-x+%i))
fired    1_1_2_1 r12  1/(%i*x^2+%i)
fired    1_2_1_5 r28  x/((%i*x^2+%i)*(%i*x^2-x+%i))
fired    1_4_1 r18  -((%i*x)/((x^2+1)*(%i*x^2-x+%i)))
fired    1_1_2_1 r13  1/(5-x^2)
fired    1_2_1_1 r12  1/(-(%i*x^2)+x-%i)
fired    1_4_1 r18  -(1/(%i*x^2-x+%i))
fired    1_1_2_1 r12  1/(%i*x^2+%i)
fired    1_2_1_5 r28  x/((%i*x^2+%i)*(%i*x^2-x+%i))
fired    1_4_1 r18  -((%i*x)/((x^2+1)*(%i*x^2-x+%i)))
fired    1_1_2_1 r13  1/(5-x^2)
fired    1_2_1_1 r12  1/(-(%i*x^2)+x-%i)
fired    1_4_1 r18  -(1/(%i*x^2-x+%i))
fired    1_1_2_1 r12  1/(%i*x^2+%i)
fired    1_2_1_5 r28  x/((%i*x^2+%i)*(%i*x^2-x+%i))
fired    1_4_1 r18  -((%i*x)/((x^2+1)*(%i*x^2-x+%i)))
fired    4_7_5 r71  (%i*sinh(x))/(cosh(x)*(sinh(x)-2*%i*cosh(x)))
fired    4_1_5 r42  %mr_isin(%i*x)/(%mr_icos(%i*x)*(-(%i*%mr_isin(%i*x))-2*%i*%mr_icos(%i*x)))
fired    9_1 r11  -((%i*%mr_isin(%i*x))/(%mr_icos(%i*x)*(-(%i*%mr_isin(%i*x))-2*%i*%mr_icos(%i*x))))
fired    4_1_0_1 r1  sinh(x)/(cosh(x)*(sinh(x)-2*%i*cosh(x)))
fired    9_1 r11  -((%i*sinh(x))/(cosh(x)*(sinh(x)-2*%i*cosh(x))))
fired    4_3_1_3 r3  1/(%mr_isin(%i*x+%pi/2)*(%i-2*%i*%mr_itan(%i*x+%pi/2)))
fired    4_1_0_1 r1  sech(x)/(2*coth(x)+%i)
RUBI-CPU 29.306114 
ANSWER-LEN 1647 UNINT false 
ANSWER -((2*(log(-((%i*(2*sqrt(5)*tanh(x/2)^21+(950-106*5^(3/2))*tanh(x/2)^19+(6099*5^(3/2)-66975)*tanh(x/2)^17+(1317840-589152*sqrt(5))*tanh(x/2)^15+(905046*5^(3/2)-10126050)*tanh(x/2)^13+(33172100-14830868*sqrt(5))*tanh(x/2)^11+(3980652*5^(3/2)-44509400)*tanh(x/2)^9+(17248200-1542648*5^(3/2))*tanh(x/2)^7+(5314965-2376957*sqrt(5))*tanh(x/2)^5+(283632*5^(3/2)-3171100)*tanh(x/2)^3+(224575-100433*sqrt(5))*tanh(x/2))+(95-21*sqrt(5))*tanh(x/2)^20+(874*5^(3/2)-10450)*tanh(x/2)^18+(339150-151164*sqrt(5))*tanh(x/2)^16+(364344*5^(3/2)-4069800)*tanh(x/2)^14+(20365150-1822366*5^(3/2))*tanh(x/2)^12+(1938...

# entry 6.4 Hyperbolic cotangent/6.4.2 Hyperbolic cotangent functions.mac e146  integrand coth(x)^2/(a+b*coth(x))
# core /home/serge/src/mr-attr/test/mr_rules.core  cap 60  hit_cap False  cpu [45.336282]
fired    1_1_1_4 r42  1/((x-2)*(x-1)*x*(a*x+b-a))
fired    1_3_4 r5  1/(x*(x/a-b/a-1)*(x/a-b/a)*(x/a-b/a+1))
fired    1_3_4 r5  1/((x-1)*x*(x+1)*(a*x+b))
fired    9_1 r8  0
fired    1_1_1_7 r26  -(1/((x-1)*x*(x+1)*(a*x+b)))
fired    4_7_5 r19  coth(x)^2/(b*coth(x)+a)
RUBI-CPU 45.241299000000005 
ANSWER-LEN 75 UNINT true 
ANSWER -'unintegrable[1/(a*(tanh(x)^4-tanh(x)^2)+b*(tanh(x)^3-tanh(x))),tanh(x)+1] 

# entry 6.4 Hyperbolic cotangent/6.4.7 (d hyper)^m (a+b (c coth)^n)^p.mac e21  integrand sqrt(a+b*coth(x)^2)*tanh(x)^2
# core /home/serge/src/mr-attr/test/mr_rules.core  cap 60  hit_cap False  cpu [3.473024]
fired    1_1_2_1 r13  1/(1/(b+a)-(b/(b+a)+a/(b+a))*x^2)
fired    1_1_2_3 r12  1/(sqrt(b*x^2+a)*(1/(b+a)-x^2/(b+a)))
fired    1_4_1 r18  (b+a)/((1-x^2)*sqrt(b*x^2+a))
fired    1_1_2_4 r43  sqrt(b*x^2+a)/(x^2*(1-x^2))
fired    1_4_1 r25  sqrt(b*x^2+a)/(x^2-x^4)
fired    1_4_1 r18  -(sqrt(b*x^2+a)/(x^4-x^2))
fired    4_7_5 r20  sqrt(b*coth(x)^2+a)*tanh(x)^2
RUBI-CPU 3.3747279999999997 
ANSWER-LEN 5569 UNINT false 
ANSWER (sqrt(b+a)*coth(x)*log(-((coth(x)^15*(32768*a*b^7*sqrt(b+a)*sqrt(b*coth(x)^2+a)-208896*a^3*b^5*sqrt(b+a)*sqrt(b*coth(x)^2+a)-348160*a^4*b^4*sqrt(b+a)*sqrt(b*coth(x)^2+a)-239360*a^5*b^3*sqrt(b+a)*sqrt(b*coth(x)^2+a)-78336*a^6*b^2*sqrt(b+a)*sqrt(b*coth(x)^2+a)-11424*a^7*b*sqrt(b+a)*sqrt(b*coth(x)^2+a)-544*a^8*sqrt(b+a)*sqrt(b*coth(x)^2+a))+coth(x)^17*(-(32768*a*b^7*sqrt(b+a)*sqrt(b*coth(x)^2+a))-114688*a^2*b^6*sqrt(b+a)*sqrt(b*coth(x)^2+a)-159744*a^3*b^5*sqrt(b+a)*sqrt(b*coth(x)^2+a)-112640*a^4*b^4*sqrt(b+a)*sqrt(b*coth(x)^2+a)-42240*a^5*b^3*sqrt(b+a)*sqrt(b*coth(x)^2+a)-8064*a^6*b^2*sqrt...

# entry 6.4 Hyperbolic cotangent/6.4.7 (d hyper)^m (a+b (c coth)^n)^p.mac e35  integrand 1/sqrt(a+b*coth(x)^2)
# core /home/serge/src/mr-attr/test/mr_rules.core  cap 60  hit_cap False  cpu [0.98624]
fired    1_1_2_1 r13  1/(1-(b+a)*x^2)
fired    1_1_2_3 r12  1/((1-x^2)*sqrt(b*x^2+a))
fired    4_3_7 r5  1/sqrt(a-b*%mr_itan(%i*x+%pi/2)^2)
fired    4_1_0_1 r1  1/sqrt(b*coth(x)^2+a)
RUBI-CPU 0.886456 
ANSWER-LEN 5529 UNINT false 
ANSWER log(-((coth(x)^15*(32768*a*b^7*sqrt(b+a)*sqrt(b*coth(x)^2+a)-208896*a^3*b^5*sqrt(b+a)*sqrt(b*coth(x)^2+a)-348160*a^4*b^4*sqrt(b+a)*sqrt(b*coth(x)^2+a)-239360*a^5*b^3*sqrt(b+a)*sqrt(b*coth(x)^2+a)-78336*a^6*b^2*sqrt(b+a)*sqrt(b*coth(x)^2+a)-11424*a^7*b*sqrt(b+a)*sqrt(b*coth(x)^2+a)-544*a^8*sqrt(b+a)*sqrt(b*coth(x)^2+a))+coth(x)^17*(-(32768*a*b^7*sqrt(b+a)*sqrt(b*coth(x)^2+a))-114688*a^2*b^6*sqrt(b+a)*sqrt(b*coth(x)^2+a)-159744*a^3*b^5*sqrt(b+a)*sqrt(b*coth(x)^2+a)-112640*a^4*b^4*sqrt(b+a)*sqrt(b*coth(x)^2+a)-42240*a^5*b^3*sqrt(b+a)*sqrt(b*coth(x)^2+a)-8064*a^6*b^2*sqrt(b+a)*sqrt(b*coth(x...

# entry 6.4 Hyperbolic cotangent/6.4.7 (d hyper)^m (a+b (c coth)^n)^p.mac e37  integrand tanh(x)^2/sqrt(a+b*coth(x)^2)
# core /home/serge/src/mr-attr/test/mr_rules.core  cap 60  hit_cap False  cpu [2.440386]
fired    1_1_2_1 r15  1/(1/a-(b/a+1)*x^2)
fired    1_1_2_3 r12  1/((1/a-x^2/a)*sqrt(b*x^2+a))
fired    1_4_1 r18  a/((1-x^2)*sqrt(b*x^2+a))
fired    1_1_2_4 r48  1/(x^2*(1-x^2)*sqrt(b*x^2+a))
fired    4_7_5 r20  tanh(x)^2/sqrt(b*coth(x)^2+a)
RUBI-CPU 2.319115 
ANSWER-LEN 13994 UNINT false 
ANSWER (a*coth(x)*log(-(((-(262144*a*b^10)-1245184*a^2*b^9-2490368*a^3*b^8-2723840*a^4*b^7-1770496*a^5*b^6-695552*a^6*b^5-160512*a^7*b^4-20064*a^8*b^3-1140*a^9*b^2-19*a^10*b)*coth(x)^22+sqrt(b*coth(x)^2+a)*((a^(21/2)*((b+a)/a)^(21/2)+17*a^(19/2)*b*((b+a)/a)^(19/2)+117*a^(17/2)*b^2*((b+a)/a)^(17/2)+sqrt((b+a)/a)*(-(4096*sqrt(a)*b^10)+34560*a^(5/2)*b^8+69120*a^(7/2)*b^7+58320*a^(9/2)*b^6+23328*a^(11/2)*b^5+3645*a^(13/2)*b^4)+((b+a)/a)^(3/2)*(-(30464*a^(3/2)*b^9)-44544*a^(5/2)*b^8+18720*a^(7/2)*b^7+69120*a^(9/2)*b^6+49005*a^(11/2)*b^5+15552*a^(13/2)*b^4+2187*a^(15/2)*b^3)+((b+a)/a)^(5/2)*(-(7920*...

# entry 6.4 Hyperbolic cotangent/6.4.7 (d hyper)^m (a+b (c coth)^n)^p.mac e39  integrand coth(x)^2/(a+b*coth(x)^2)^(3/2)
# core /home/serge/src/mr-attr/test/mr_rules.core  cap 60  hit_cap True  cpu [60.139483]
fired    1_1_2_1 r13  1/(1-(b+a)*x^2)
fired    1_1_2_3 r12  1/((1-x^2)*sqrt(b*x^2+a))
fired    1_4_1 r18  -(1/((x^2-1)*sqrt(b*x^2+a)))
fired    1_1_2_4 r39  x^2/((x^2-1)*(b*x^2+a)^(3/2))
fired    1_1_3_4 r63  1/((1/x^2-1)*(b/x^2+a)^(3/2)*x^4)
fired    1_1_3_4 r82  1/((b/x^2+a)^(3/2)*x^2*(1-x^2))

# entry 6.4 Hyperbolic cotangent/6.4.7 (d hyper)^m (a+b (c coth)^n)^p.mac e42  integrand tanh(x)^2/(a+b*coth(x)^2)^(3/2)
# core /home/serge/src/mr-attr/test/mr_rules.core  cap 60  hit_cap False  cpu [10.557924]
fired    1_1_2_1 r13  1/(1/a^2-(b/a^2+1/a)*x^2)
fired    1_1_2_3 r12  1/((1/a^2-x^2/a^2)*sqrt(b*x^2+a))
fired    1_4_1 r18  a/((1/a-x^2/a)*sqrt(b*x^2+a))
fired    1_4_1 r18  a^2/((1-x^2)*sqrt(b*x^2+a))
fired    1_1_2_6 r11  (2*b*x^2-2*b-a)/(x^2*(1-x^2)*sqrt(b*x^2+a))
fired    1_4_2 r10  (b*(2*x^2-2)-a)/(x^2*(1-x^2)*sqrt(b*x^2+a))
fired    1_1_2_4 r40  1/(x^2*(1-x^2)*(b*x^2+a)^(3/2))
fired    4_7_5 r20  tanh(x)^2/(b*coth(x)^2+a)^(3/2)
RUBI-CPU 10.466935 
ANSWER-LEN 12374 UNINT false 
ANSWER ((a*b*coth(x)^3+a^2*coth(x))*log(-(((-(262144*a*b^10)-1245184*a^2*b^9-2490368*a^3*b^8-2723840*a^4*b^7-1770496*a^5*b^6-695552*a^6*b^5-160512*a^7*b^4-20064*a^8*b^3-1140*a^9*b^2-19*a^10*b)*coth(x)^22+sqrt(b*coth(x)^2+a)*((a^21*((b+a)/a^2)^(21/2)+17*a^19*b*((b+a)/a^2)^(19/2)+117*a^17*b^2*((b+a)/a^2)^(17/2)+sqrt((b+a)/a^2)*(-(4096*a*b^10)+34560*a^3*b^8+69120*a^4*b^7+58320*a^5*b^6+23328*a^6*b^5+3645*a^7*b^4)+((b+a)/a^2)^(3/2)*(-(30464*a^3*b^9)-44544*a^4*b^8+18720*a^5*b^7+69120*a^6*b^6+49005*a^7*b^5+15552*a^8*b^4+2187*a^9*b^3)+((b+a)/a^2)^(5/2)*(-(7920*a^5*b^8)+45792*a^6*b^7+110079*a^7*b^6+777...

# entry 6.4 Hyperbolic cotangent/6.4.7 (d hyper)^m (a+b (c coth)^n)^p.mac e44  integrand coth(x)^2/(a+b*coth(x)^2)^(5/2)
# core /home/serge/src/mr-attr/test/mr_rules.core  cap 60  hit_cap True  cpu [60.11205]
fired    1_1_2_1 r15  1/(1/(3*a)-(b/(3*a)+1/3)*x^2)
fired    1_1_2_3 r12  1/((1/(3*a)-x^2/(3*a))*sqrt(b*x^2+a))
fired    1_4_1 r18  a/((1/3-x^2/3)*sqrt(b*x^2+a))
fired    1_4_1 r18  -((3*a)/((x^2-1)*sqrt(b*x^2+a)))
fired    1_1_2_5 r7  (-(2*x^2)-1)/((x^2-1)*(b*x^2+a)^(3/2))
fired    1_1_2_4 r39  x^2/((x^2-1)*(b*x^2+a)^(5/2))
fired    1_1_3_4 r63  1/((1/x^2-1)*(b/x^2+a)^(5/2)*x^4)
fired    1_1_3_4 r82  1/((b/x^2+a)^(5/2)*x^2*(1-x^2))

# entry 6.5 Hyperbolic secant/6.5.7 (d hyper)^m (a+b (c sech)^n)^p.mac e183  integrand coth(x)^2*sqrt(a+b*sech(x)^2)
# core /home/serge/src/mr-attr/test/mr_rules.core  cap 60  hit_cap False  cpu [17.542222]
fired    1_1_2_1 r13  1/(1/a-((b+a)/a-b/a)*x^2)
fired    1_1_2_3 r12  1/((1/a-x^2/a)*sqrt(-(b*x^2)+b+a))
fired    1_4_1 r18  a/((1-x^2)*sqrt(-(b*x^2)+b+a))
fired    1_1_2_4 r43  sqrt(-(b*x^2)+b+a)/(x^2*(1-x^2))
fired    9_1 r10  -(sqrt(-(b*x^2)+b+a)/(x^2*(1-x^2)))
fired    1_4_2 r25  -(sqrt(b*(1-x^2)+a)/(x^2*(1-x^2)))
fired    4_5_7 r22  sqrt(b*%mr_isec(%i*x)^2+a)/%mr_itan(%i*x)^2
fired    9_1 r10  -(sqrt(b*%mr_isec(%i*x)^2+a)/%mr_itan(%i*x)^2)
fired    4_1_0_1 r1  coth(x)^2*sqrt(b*sech(x)^2+a)
RUBI-CPU 17.450176000000003 
ANSWER-LEN 48742 UNINT false 
ANSWER -((2*sqrt(b*(1-tanh(x)^2)+a)-sqrt(a)*tanh(x)*log((b^9*(a^13*(187187399448*tanh(x)^44-83741731332*tanh(x)^42-7669757393172*tanh(x)^40+6689486538168*tanh(x)^38+72254336186928*tanh(x)^36-112790260135812*tanh(x)^34-207135880206052*tanh(x)^32+514755039896608*tanh(x)^30+52602782505168*tanh(x)^28-832025934118792*tanh(x)^26+407353324135576*tanh(x)^24+502623387289296*tanh(x)^22-436082278288384*tanh(x)^20-100581205738664*tanh(x)^18+161735401182936*tanh(x)^16+3434693348128*tanh(x)^14-26551554072232*tanh(x)^12-912784809972*tanh(x)^10+1865693877628*tanh(x)^8+315417295928*tanh(x)^6+16398038160*tanh(x...

# entry 6.5 Hyperbolic secant/6.5.7 (d hyper)^m (a+b (c sech)^n)^p.mac e185  integrand coth(x)^4*sqrt(a+b*sech(x)^2)
# core /home/serge/src/mr-attr/test/mr_rules.core  cap 60  hit_cap False  cpu [14.452314]
fired    1_1_2_1 r15  1/(-((b/(3*a*b+3*a^2)-(b+a)/(3*a*b+3*a^2))*x^2)-1/(3*a*b+3*a^2))
fired    1_1_2_3 r12  1/(sqrt(-(b*x^2)+b+a)*(x^2/(3*a*b+3*a^2)-1/(3*a*b+3*a^2)))
fired    1_4_1 r18  (-(3*a*b)-3*a^2)/((1-x^2)*sqrt(-(b*x^2)+b+a))
fired    1_1_2_6 r11  (-(2*b*x^2)+2*b+3*a)/(x^2*(1-x^2)*sqrt(-(b*x^2)+b+a))
fired    1_4_2 r10  (b*(2-2*x^2)+3*a)/(x^2*(1-x^2)*sqrt(-(b*x^2)+b+a))
fired    1_1_2_4 r43  sqrt(-(b*x^2)+b+a)/(x^4*(1-x^2))
fired    1_4_2 r8  sqrt(b*(1-x^2)+a)/(x^4*(1-x^2))
fired    4_5_7 r22  sqrt(b*%mr_isec(%i*x)^2+a)/%mr_itan(%i*x)^4
fired    4_1_0_1 r1  coth(x)^4*sqrt(b*sech(x)^2+a)
RUBI-CPU 14.355991 
ANSWER-LEN 97530 UNINT false 
ANSWER -((a*(sqrt(b*(1-tanh(x)^2)+a)*(6*tanh(x)^2+2)-3*sqrt(a)*tanh(x)^3*log((b^9*(a^13*(187187399448*tanh(x)^44-83741731332*tanh(x)^42-7669757393172*tanh(x)^40+6689486538168*tanh(x)^38+72254336186928*tanh(x)^36-112790260135812*tanh(x)^34-207135880206052*tanh(x)^32+514755039896608*tanh(x)^30+52602782505168*tanh(x)^28-832025934118792*tanh(x)^26+407353324135576*tanh(x)^24+502623387289296*tanh(x)^22-436082278288384*tanh(x)^20-100581205738664*tanh(x)^18+161735401182936*tanh(x)^16+3434693348128*tanh(x)^14-26551554072232*tanh(x)^12-912784809972*tanh(x)^10+1865693877628*tanh(x)^8+315417295928*tanh(x)...

# entry 6.5 Hyperbolic secant/6.5.7 (d hyper)^m (a+b (c sech)^n)^p.mac e199  integrand 1/sqrt(a+b*sech(x)^2)
# core /home/serge/src/mr-attr/test/mr_rules.core  cap 60  hit_cap False  cpu [2.502574]
fired    1_1_2_1 r13  1/(1-a*x^2)
fired    1_1_2_3 r12  1/((1-x^2)*sqrt(-(b*x^2)+b+a))
fired    4_5_7 r9  1/sqrt(b*%mr_isec(%i*x)^2+a)
fired    4_1_0_1 r1  1/sqrt(b*sech(x)^2+a)
RUBI-CPU 2.377544 
ANSWER-LEN 48695 UNINT false 
ANSWER log((b^9*(a^13*(187187399448*tanh(x)^44-83741731332*tanh(x)^42-7669757393172*tanh(x)^40+6689486538168*tanh(x)^38+72254336186928*tanh(x)^36-112790260135812*tanh(x)^34-207135880206052*tanh(x)^32+514755039896608*tanh(x)^30+52602782505168*tanh(x)^28-832025934118792*tanh(x)^26+407353324135576*tanh(x)^24+502623387289296*tanh(x)^22-436082278288384*tanh(x)^20-100581205738664*tanh(x)^18+161735401182936*tanh(x)^16+3434693348128*tanh(x)^14-26551554072232*tanh(x)^12-912784809972*tanh(x)^10+1865693877628*tanh(x)^8+315417295928*tanh(x)^6+16398038160*tanh(x)^4+248303020*tanh(x)^2+497420)+a^(25/2)*sqrt...

# entry 6.5 Hyperbolic secant/6.5.7 (d hyper)^m (a+b (c sech)^n)^p.mac e201  integrand coth(x)^2/sqrt(a+b*sech(x)^2)
# core /home/serge/src/mr-attr/test/mr_rules.core  cap 60  hit_cap False  cpu [50.206564]
fired    1_1_2_1 r15  1/(1/(b+a)-(1-b/(b+a))*x^2)
fired    1_1_2_3 r12  1/(sqrt(-(b*x^2)+b+a)*(1/(b+a)-x^2/(b+a)))
fired    1_4_1 r18  (b+a)/((1-x^2)*sqrt(-(b*x^2)+b+a))
fired    1_1_2_4 r48  1/(x^2*(1-x^2)*sqrt(-(b*x^2)+b+a))
fired    9_1 r10  -(1/(x^2*(1-x^2)*sqrt(-(b*x^2)+b+a)))
fired    1_4_2 r25  -(1/(x^2*sqrt(b*(1-x^2)+a)*(1-x^2)))
fired    4_5_7 r22  1/(sqrt(b*%mr_isec(%i*x)^2+a)*%mr_itan(%i*x)^2)
fired    9_1 r10  -(1/(sqrt(b*%mr_isec(%i*x)^2+a)*%mr_itan(%i*x)^2))
fired    4_1_0_1 r1  coth(x)^2/sqrt(b*sech(x)^2+a)
RUBI-CPU 50.044916 
ANSWER-LEN 345245 UNINT false 
ANSWER 

# entry 6.5 Hyperbolic secant/6.5.7 (d hyper)^m (a+b (c sech)^n)^p.mac e206  integrand tanh(x)^2/(a+b*sech(x)^2)^(3/2)
# core /home/serge/src/mr-attr/test/mr_rules.core  cap 60  hit_cap False  cpu [12.216949]
fired    1_1_2_1 r13  1/(1-a*x^2)
fired    1_1_2_3 r12  1/((1-x^2)*sqrt(-(b*x^2)+b+a))
fired    1_4_1 r18  -(1/((x^2-1)*sqrt(-(b*x^2)+b+a)))
fired    1_1_2_4 r39  x^2/((x^2-1)*(-(b*x^2)+b+a)^(3/2))
fired    1_4_2 r8  x^2/((b*(1-x^2)+a)^(3/2)*(x^2-1))
fired    1_4_1 r18  -(x^2/((b*(1-x^2)+a)^(3/2)*(1-x^2)))
fired    4_5_7 r22  %mr_itan(%i*x)^2/(b*%mr_isec(%i*x)^2+a)^(3/2)
fired    9_1 r10  -(%mr_itan(%i*x)^2/(b*%mr_isec(%i*x)^2+a)^(3/2))
fired    4_1_0_1 r1  tanh(x)^2/(b*sech(x)^2+a)^(3/2)
RUBI-CPU 12.123914000000001 
ANSWER-LEN 78484 UNINT false 
ANSWER -((2*sqrt(a)*tanh(x)-sqrt(b*(1-tanh(x)^2)+a)*log((b^8*(a^13*(155989499540*sqrt(a)*tanh(x)^43*sqrt(b*(1-tanh(x)^2)+a)+481104456476*sqrt(a)*tanh(x)^41*sqrt(b*(1-tanh(x)^2)+a)-5347742271448*sqrt(a)*tanh(x)^39*sqrt(b*(1-tanh(x)^2)+a)-8351185206952*sqrt(a)*tanh(x)^37*sqrt(b*(1-tanh(x)^2)+a)+55023008898644*sqrt(a)*tanh(x)^35*sqrt(b*(1-tanh(x)^2)+a)+19121028654140*sqrt(a)*tanh(x)^33*sqrt(b*(1-tanh(x)^2)+a)-235292636008864*sqrt(a)*tanh(x)^31*sqrt(b*(1-tanh(x)^2)+a)+84927152899232*sqrt(a)*tanh(x)^29*sqrt(b*(1-tanh(x)^2)+a)+425570598306728*sqrt(a)*tanh(x)^27*sqrt(b*(1-tanh(x)^2)+a)-32151402152365...

# entry 6.5 Hyperbolic secant/6.5.7 (d hyper)^m (a+b (c sech)^n)^p.mac e208  integrand 1/(a+b*sech(x)^2)^(3/2)
# core /home/serge/src/mr-attr/test/mr_rules.core  cap 60  hit_cap False  cpu [3.953513]
fired    1_1_2_1 r13  1/(1-a*x^2)
fired    1_1_2_3 r12  1/((1-x^2)*sqrt(-(b*x^2)+b+a))
fired    1_1_2_3 r17  1/((1-x^2)*(-(b*x^2)+b+a)^(3/2))
fired    4_5_7 r9  1/(b*%mr_isec(%i*x)^2+a)^(3/2)
fired    4_1_0_1 r1  1/(b*sech(x)^2+a)^(3/2)
RUBI-CPU 3.8134930000000002 
ANSWER-LEN 97516 UNINT false 
ANSWER -((b*(2*a*tanh(x)-sqrt(a)*sqrt(b*(1-tanh(x)^2)+a)*log((b^9*(a^13*(187187399448*tanh(x)^44-83741731332*tanh(x)^42-7669757393172*tanh(x)^40+6689486538168*tanh(x)^38+72254336186928*tanh(x)^36-112790260135812*tanh(x)^34-207135880206052*tanh(x)^32+514755039896608*tanh(x)^30+52602782505168*tanh(x)^28-832025934118792*tanh(x)^26+407353324135576*tanh(x)^24+502623387289296*tanh(x)^22-436082278288384*tanh(x)^20-100581205738664*tanh(x)^18+161735401182936*tanh(x)^16+3434693348128*tanh(x)^14-26551554072232*tanh(x)^12-912784809972*tanh(x)^10+1865693877628*tanh(x)^8+315417295928*tanh(x)^6+16398038160*t...

# entry 6.5 Hyperbolic secant/6.5.7 (d hyper)^m (a+b (c sech)^n)^p.mac e210  integrand coth(x)^2/(a+b*sech(x)^2)^(3/2)
# core /home/serge/src/mr-attr/test/mr_rules.core  cap 60  hit_cap True  cpu [60.0833]
fired    1_1_2_1 r13  1/(1/(b^2+2*a*b+a^2)-((b+a)/(b^2+2*a*b+a^2)-b/(b^2+2*a*b+a^2))*x^2)
fired    1_1_2_3 r12  1/(sqrt(-(b*x^2)+b+a)*(1/(b^2+2*a*b+a^2)-x^2/(b^2+2*a*b+a^2)))
fired    1_4_1 r18  (b^2+2*a*b+a^2)/((1-x^2)*sqrt(-(b*x^2)+b+a))
fired    1_1_2_6 r11  (-(2*b*x^2)+b-a)/(x^2*(1-x^2)*sqrt(-(b*x^2)+b+a))
fired    1_4_2 r10  (b*(1-2*x^2)-a)/(x^2*(1-x^2)*sqrt(-(b*x^2)+b+a))
fired    1_1_2_4 r40  1/(x^2*(1-x^2)*(-(b*x^2)+b+a)^(3/2))
fired    9_1 r10  -(1/(x^2*(1-x^2)*(-(b*x^2)+b+a)^(3/2)))
fired    1_4_2 r25  -(1/(x^2*(b*(1-x^2)+a)^(3/2)*(1-x^2)))

# entry 6.5 Hyperbolic secant/6.5.7 (d hyper)^m (a+b (c sech)^n)^p.mac e213  integrand tanh(x)^4/(a+b*sech(x)^2)^(5/2)
# core /home/serge/src/mr-attr/test/mr_rules.core  cap 60  hit_cap False  cpu [29.367667]
fired    1_1_2_1 r15  1/(-((b/(3*b^2+3*a*b)-(b+a)/(3*b^2+3*a*b))*x^2)-1/(3*b^2+3*a*b))
fired    1_1_2_3 r12  1/(sqrt(-(b*x^2)+b+a)*(x^2/(3*b^2+3*a*b)-1/(3*b^2+3*a*b)))
fired    1_4_1 r18  (-(3*b^2)-3*a*b)/((1-x^2)*sqrt(-(b*x^2)+b+a))
fired    1_1_2_5 r7  ((2*b-a)*x^2+b+a)/((1-x^2)*(-(b*x^2)+b+a)^(3/2))
fired    9_1 r6  (2*b*x^2-a*x^2+b+a)/((1-x^2)*(-(b*x^2)+b+a)^(3/2))
fired    1_4_2 r9  (b*(2*x^2+1)+a*(1-x^2))/((1-x^2)*(-(b*x^2)+b+a)^(3/2))
fired    1_1_2_4 r38  x^4/((1-x^2)*(-(b*x^2)+b+a)^(5/2))
fired    1_4_2 r8  x^4/((b*(1-x^2)+a)^(5/2)*(1-x^2))
fired    4_5_7 r22  %mr_itan(%i*x)^4/(b*%mr_isec(%i*x)^2+a)^(5/2)
fired    4_1_0_1 r1  tanh(x)^4/(b*sech(x)^2+a)^(5/2)
RUBI-CPU 29.061408 
ANSWER-LEN 470733 UNINT false 
ANSWER 

# entry 6.5 Hyperbolic secant/6.5.7 (d hyper)^m (a+b (c sech)^n)^p.mac e215  integrand tanh(x)^2/(a+b*sech(x)^2)^(5/2)
# core /home/serge/src/mr-attr/test/mr_rules.core  cap 60  hit_cap False  cpu [48.459215]
fired    1_1_2_1 r15  1/(1/(3*b+3*a)-((b+a)/(3*b+3*a)-b/(3*b+3*a))*x^2)
fired    1_1_2_3 r12  1/(sqrt(-(b*x^2)+b+a)*(1/(3*b+3*a)-x^2/(3*b+3*a)))
fired    1_4_1 r18  (-(3*b)-3*a)/((x^2-1)*sqrt(-(b*x^2)+b+a))
fired    1_1_2_5 r7  (-(2*x^2)-1)/((x^2-1)*(-(b*x^2)+b+a)^(3/2))
fired    1_1_2_4 r39  x^2/((x^2-1)*(-(b*x^2)+b+a)^(5/2))
fired    1_4_2 r8  x^2/((b*(1-x^2)+a)^(5/2)*(x^2-1))
fired    1_4_1 r18  -(x^2/((b*(1-x^2)+a)^(5/2)*(1-x^2)))
fired    4_5_7 r22  %mr_itan(%i*x)^2/(b*%mr_isec(%i*x)^2+a)^(5/2)
fired    9_1 r10  -(%mr_itan(%i*x)^2/(b*%mr_isec(%i*x)^2+a)^(5/2))
fired    4_1_0_1 r1  tanh(x)^2/(b*sech(x)^2+a)^(5/2)
RUBI-CPU 48.264071 
ANSWER-LEN 388556 UNINT false 
ANSWER 

# entry 6.5 Hyperbolic secant/6.5.7 (d hyper)^m (a+b (c sech)^n)^p.mac e217  integrand 1/(a+b*sech(x)^2)^(5/2)
# core /home/serge/src/mr-attr/test/mr_rules.core  cap 60  hit_cap True  cpu [60.037021]
fired    1_1_2_1 r13  1/(1/(3*b^2+6*a*b+3*a^2)-((b+a)/(3*b^2+6*a*b+3*a^2)-b/(3*b^2+6*a*b+3*a^2))*x^2)
fired    1_1_2_3 r12  1/(sqrt(-(b*x^2)+b+a)*(1/(3*b^2+6*a*b+3*a^2)-x^2/(3*b^2+6*a*b+3*a^2)))
fired    1_4_1 r18  (3*b^2+6*a*b+3*a^2)/((1-x^2)*sqrt(-(b*x^2)+b+a))
fired    1_1_2_5 r7  (-(2*b*x^2)-b-3*a)/((1-x^2)*(-(b*x^2)+b+a)^(3/2))
fired    1_4_2 r9  (b*(-(2*x^2)-1)-3*a)/((1-x^2)*(-(b*x^2)+b+a)^(3/2))
fired    1_1_2_3 r37  1/((1-x^2)*(-(b*x^2)+b+a)^(5/2))

# entry 6.6 Hyperbolic cosecant/6.6.3 Hyperbolic cosecant functions.mac e51  integrand (a+%i*a*csch(c+d*x))^(5/2)
# core /home/serge/src/mr-attr/test/mr_rules.core  cap 60  hit_cap True  cpu [60.023791]

# entry 6.6 Hyperbolic cosecant/6.6.3 Hyperbolic cosecant functions.mac e55  integrand 1/(a+%i*a*csch(c+d*x))^(3/2)
# core /home/serge/src/mr-attr/test/mr_rules.core  cap 60  hit_cap True  cpu [60.060217]
fired    1_1_2_1 r14  1/(2*x^2-2)
fired    1_2_2_1 r1  1/sqrt(x^4-2*x^2+1)
fired    9_3 r67  1/(x^4*sqrt(x^4-2*x^2+1)+sqrt(x^4-2*x^2+1))
fired    1_4_1 r7  1/sqrt(x^4-2*x^2+1)-1/(x^4*sqrt(x^4-2*x^2+1)+sqrt(x^4-2*x^2+1))
fired    9_3 r63  x^4/(x^4*sqrt(x^4-2*x^2+1)+sqrt(x^4-2*x^2+1))

# entry 6.7 Miscellaneous/6.7.1 Hyperbolic functions.mac e573  integrand (a+b*csch(x))/(c+d*sinh(x))
# core /home/serge/src/mr-attr/test/mr_rules.core  cap 60  hit_cap False  cpu [22.859934]
fired    1_1_2_1 r13  1/(-x^2+4*d^2+4*c^2)
fired    1_2_1_1 r12  1/(-(c*x^2)+2*d*x+c)
fired    4_1_1_1 r27  1/(c-%i*d*%mr_isin(%i*x))
fired    4_1_0_1 r1  1/(d*sinh(x)+c)
fired    1_1_2_1 r13  1/(1-x^2)
fired    1_4_1 r18  -(1/(x^2-1))
fired    4_7_5 r48  1/%mr_isin(%i*x)
fired    9_1 r11  %i/%mr_isin(%i*x)
fired    4_1_0_1 r1  1/sinh(x)
fired    9_1 r11  -(%i/sinh(x))
fired    4_1_3_1 r36  (a*%mr_isin(%i*x)+%i*b)/(%mr_isin(%i*x)*(c-%i*d*%mr_isin(%i*x)))
fired    9_1 r11  (%i*(a*%mr_isin(%i*x)+%i*b))/(%mr_isin(%i*x)*(c-%i*d*%mr_isin(%i*x)))
fired    4_1_0_1 r1  (%i*a*sinh(x)+%i*b)/(sinh(x)*(d*sinh(x)+c))
fired    9_1 r11  -((%i*(%i*a*sinh(x)+%i*b))/(sinh(x)*(d*sinh(x)+c)))
fired    4_1_2_1 r95  (%i*b*%mr_icsc(%i*x)+a)/(c-%i*d*%mr_isin(%i*x))
fired    4_1_0_1 r1  (b*csch(x)+a)/(d*sinh(x)+c)
RUBI-CPU 22.750586000000002 
ANSWER-LEN 64416 UNINT false 
ANSWER (2*(b*d-a*c)*log((c^44*(-tanh(x/2)^44-860*tanh(x/2)^42-111069*tanh(x/2)^40-5133856*tanh(x/2)^38-112784399*tanh(x/2)^36-1353412788*tanh(x/2)^34-9586673915*tanh(x/2)^32-41802112192*tanh(x/2)^30-113649492522*tanh(x/2)^28-187187399448*tanh(x/2)^26-160094486370*tanh(x/2)^24+160094486370*tanh(x/2)^20+187187399448*tanh(x/2)^18+113649492522*tanh(x/2)^16+41802112192*tanh(x/2)^14+9586673915*tanh(x/2)^12+1353412788*tanh(x/2)^10+112784399*tanh(x/2)^8+5133856*tanh(x/2)^6+111069*tanh(x/2)^4+860*tanh(x/2)^2+1)+d*(c^43*(44*tanh(x/2)^43+36120*tanh(x/2)^41+4442760*tanh(x/2)^39+195086528*tanh(x/2)^37+4060...

# entry 6.7 Miscellaneous/6.7.1 Hyperbolic functions.mac e742  integrand 1/(a+b*cosh(x)+c*sinh(x))
# core /home/serge/src/mr-attr/test/mr_rules.core  cap 60  hit_cap True  cpu [60.152714]
fired    1_1_2_1 r13  1/(-x^2+4*c^2-4*b^2+4*a^2)
fired    1_2_1_1 r12  1/(-((a-b)*x^2)+2*c*x+b+a)

# entry 6.7 Miscellaneous/6.7.1 Hyperbolic functions.mac e1034  integrand cosh(x)^2/(a+b*sinh(2*x))
# core /home/serge/src/mr-attr/test/mr_rules.core  cap 60  hit_cap False  cpu [8.185646]
fired    1_1_2_1 r13  1/(-x^2+16*b^4+16*a^2*b^2)
fired    1_2_1_1 r12  1/(-(2*a*b*x^2)+4*b^2*x+2*a*b)
fired    1_2_1_2 r3  (4*b^2-4*a*b*x)/(-(2*a*b*x^2)+4*b^2*x+2*a*b)
fired    1_2_1_2 r9  (2*b-a*x)/(-(2*a*b*x^2)+4*b^2*x+2*a*b)
fired    1_1_2_2 r1  x/(2*b*x^2-2*b)
fired    1_4_1 r7  (2*b-a*x)/(-(2*a*b*x^2)+4*b^2*x+2*a*b)-x/(2*b*x^2-2*b)
fired    1_2_1_4 r8  1/((x^2-1)*(a*x^2-2*b*x-a))
fired    1_2_1_3 r8  1/((x-1)*(x+1)*(a*x^2-2*b*x-a))
fired    4_7_5 r58  %mr_icos(%i*x)^2/(a-%i*b*%mr_isin(2*%i*x))
fired    4_1_0_1 r1  cosh(x)^2/(b*sinh(2*x)+a)
RUBI-CPU 8.083053 
ANSWER-LEN 61358 UNINT false 
ANSWER -((4*b^2*log((b*(a^44*(-(2*tanh(x)^44)-1720*tanh(x)^42-222138*tanh(x)^40-10267712*tanh(x)^38-225568798*tanh(x)^36-2706825576*tanh(x)^34-19173347830*tanh(x)^32-83604224384*tanh(x)^30-227298985044*tanh(x)^28-374374798896*tanh(x)^26-320188972740*tanh(x)^24+320188972740*tanh(x)^20+374374798896*tanh(x)^18+227298985044*tanh(x)^16+83604224384*tanh(x)^14+19173347830*tanh(x)^12+2706825576*tanh(x)^10+225568798*tanh(x)^8+10267712*tanh(x)^6+222138*tanh(x)^4+1720*tanh(x)^2+2)+a^42*sqrt(16*b^4+16*a^2*b^2)*(903*tanh(x)^42+234479*tanh(x)^40+16364166*tanh(x)^38+483361710*tanh(x)^36+7330985935*tanh(x)^34...

