# entry 6.1 Hyperbolic sine/6.1.7 hyper^m (a+b sinh^n)^p.mac e25  integrand csch(c+d*x)^2*(a+b*sinh(c+d*x)^2)^3
# core /home/serge/src/mr-attr-base/test/mr_rules.core  cap 120  hit_cap False  cpu [5.82066]
fired    1_1_2_1 r12  1/(x^2/b+1/b)
fired    1_1_2_1 r9  1/(x^2/b+1/b)^2
fired    1_1_2_1 r9  1/(x^2/b+1/b)^3
fired    1_4_1 r18  b^3/(x^2+1)^3
fired    1_3_3 r10  1/(x^6/b^3+(3*x^4)/b^3+(3*x^2)/b^3+1/b^3)
fired    1_4_1 r18  b/(x^6/b^2+(3*x^4)/b^2+(3*x^2)/b^2+1/b^2)
fired    1_4_1 r18  b^2/(x^6/b+(3*x^4)/b+(3*x^2)/b+1/b)
fired    1_4_1 r18  b^3/(x^6+3*x^4+3*x^2+1)
fired    1_1_2_1 r12  1/((2*x^2)/(2*b^3-3*a*b^2)+2/(2*b^3-3*a*b^2))
fired    1_1_2_1 r9  1/((2*x^2)/(2*b^3-3*a*b^2)+2/(2*b^3-3*a*b^2))^2
fired    1_2_3_1 r4  1/(x^4/(2*b^3-3*a*b^2)+(2*x^2)/(2*b^3-3*a*b^2)+1/(2*b^3-3*a*b^2))
fired    1_4_1 r18  (2*b^3-3*a*b^2)/(x^4+2*x^2+1)
fired    1_1_2_1 r12  1/(x^2/(b^3-3*a*b^2+3*a^2*b)+1/(b^3-3*a*b^2+3*a^2*b))
fired    1_4_1 r18  (b^3-3*a*b^2+3*a^2*b)/(x^2+1)
fired    1_4_1 r7  -(b^3/(x^6+3*x^4+3*x^2+1))+(2*b^3-3*a*b^2)/(x^4+2*x^2+1)-(b^3-3*a*b^2+3*a^2*b)/(x^2+1)+a^3/x^2
fired    9_3 r63  (a-(b*x^2)/(x^2+1))^3/x^2
fired    4_7_5 r58  (a-b*%mr_isin(%i*d*x+%i*c)^2)^3/%mr_isin(%i*d*x+%i*c)^2
fired    9_1 r10  -((a-b*%mr_isin(%i*d*x+%i*c)^2)^3/%mr_isin(%i*d*x+%i*c)^2)
fired    4_1_0_1 r1  csch(d*x+c)^2*(b*sinh(d*x+c)^2+a)^3
RUBI-CPU 5.74393 
ANSWER-LEN 414 UNINT false 
ANSWER -((%i*(%i*b^3*((3*tanh(d*x+c)^5-6*tanh(d*x+c)^3+3*tanh(d*x+c))*atanh(tanh(d*x+c))+5*tanh(d*x+c)^4-3*tanh(d*x+c)^2)+%i*a*b^2*((-(12*tanh(d*x+c)^5)+24*tanh(d*x+c)^3-12*tanh(d*x+c))*atanh(tanh(d*x+c))-12*tanh(d*x+c)^4+12*tanh(d*x+c)^2)+%i*a^2*b*(24*tanh(d*x+c)^5-48*tanh(d*x+c)^3+24*tanh(d*x+c))*atanh(tanh(d*x+c))+%i*a^3*(-(8*tanh(d*x+c)^4)+16*tanh(d*x+c)^2-8)))/(d*(8*tanh(d*x+c)^5-16*tanh(d*x+c)^3+8*tanh(d*x+c)))) 

# entry 6.1 Hyperbolic sine/6.1.7 hyper^m (a+b sinh^n)^p.mac e25  integrand csch(c+d*x)^2*(a+b*sinh(c+d*x)^2)^3
# core /home/serge/src/mr-attr/test/mr_rules.core  cap 120  hit_cap False  cpu [37.017481]
fired    1_1_2_1 r10  1/(x^2+1)
fired    1_1_1_1 r2  1/x^2
fired    1_4_1 r7  -((3*b^3-12*a*b^2+24*a^2*b)/(x^2+1))-(3*b^3-8*a*b^2-2*a^2*b-8*a^3)/x^2
fired    1_1_2_11 r3  (-(6*b^3*x^2)+20*a*b^2*x^2-22*a^2*b*x^2+8*a^3*x^2-3*b^3+8*a*b^2+2*a^2*b+8*a^3)/(x^2*(x^2+1))
fired    1_1_2_11 r7  ((-(b*x^2)+a*x^2+a)*(-(3*b^2*x^2)+7*a*b*x^2-4*a^2*x^2-a*b-4*a^2))/(x^2*(x^2+1)^2)
fired    1_4_2 r10  (((a-b)*x^2+a)*(a*b*(7*x^2-1)-3*b^2*x^2+a^2*(-(4*x^2)-4)))/(x^2*(x^2+1)^2)
fired    1_1_2_4 r36  ((a-b)*x^2+a)^3/(x^2*(x^2+1)^3)
fired    4_1_7 r19  (a-b*%mr_isin(%i*d*x+%i*c)^2)^3/%mr_isin(%i*d*x+%i*c)^2
fired    9_1 r10  -((a-b*%mr_isin(%i*d*x+%i*c)^2)^3/%mr_isin(%i*d*x+%i*c)^2)
fired    4_1_0_1 r1  csch(d*x+c)^2*(b*sinh(d*x+c)^2+a)^3
RUBI-CPU 36.921997 
ANSWER-LEN 414 UNINT false 
ANSWER -((%i*(%i*b^3*((3*tanh(d*x+c)^5-6*tanh(d*x+c)^3+3*tanh(d*x+c))*atanh(tanh(d*x+c))+5*tanh(d*x+c)^4-3*tanh(d*x+c)^2)+%i*a*b^2*((-(12*tanh(d*x+c)^5)+24*tanh(d*x+c)^3-12*tanh(d*x+c))*atanh(tanh(d*x+c))-12*tanh(d*x+c)^4+12*tanh(d*x+c)^2)+%i*a^2*b*(24*tanh(d*x+c)^5-48*tanh(d*x+c)^3+24*tanh(d*x+c))*atanh(tanh(d*x+c))+%i*a^3*(-(8*tanh(d*x+c)^4)+16*tanh(d*x+c)^2-8)))/(d*(8*tanh(d*x+c)^5-16*tanh(d*x+c)^3+8*tanh(d*x+c)))) 

# entry 6.1 Hyperbolic sine/6.1.7 hyper^m (a+b sinh^n)^p.mac e213  integrand csch(c+d*x)^7*(a+b*sinh(c+d*x)^4)^3
# core /home/serge/src/mr-attr-base/test/mr_rules.core  cap 120  hit_cap False  cpu [26.030661]
fired    1_1_1_1 r3  1/((2*x)/(72*a^2*b+15*a^3)+2/(72*a^2*b+15*a^3))
fired    1_4_1 r18  (72*a^2*b+15*a^3)/(2*x+2)
fired    1_4_1 r7  -((72*a^2*b+15*a^3)/(2*x+2))+(72*a^2*b+15*a^3)/(2*x-2)-48*b^3*x^4+96*b^3*x^2-144*a*b^2*(b/(3*a)+1)
fired    1_1_2_10 r1  (48*b^3*x^6-144*b^3*x^4+144*b^3*x^2+144*a*b^2*x^2-48*b^3-144*a*b^2-72*a^2*b-15*a^3)/(1-x^2)
fired    1_1_2_10 r5  (24*b^3*x^8-96*b^3*x^6+144*b^3*x^4+72*a*b^2*x^4-96*b^3*x^2-144*a*b^2*x^2+24*b^3+72*a*b^2+72*a^2*b+15*a^3)/(1-x^2)^2
fired    1_1_2_10 r5  (6*b^3*x^10-30*b^3*x^8+60*b^3*x^6+18*a*b^2*x^6-60*b^3*x^4-54*a*b^2*x^4+30*b^3*x^2+54*a*b^2*x^2+18*a^2*b*x^2-6*b^3-18*a*b^2-18*a^2*b-5*a^3)/(1-x^2)^3
fired    1_2_2_3 r15  (b*x^4-2*b*x^2+b+a)^3/(1-x^2)^4
fired    1_4_2 r20  (b*(1-x^2)^2+a)^3/(1-x^2)^4
fired    4_7_5 r48  (b*%mr_isin(%i*d*x+%i*c)^4+a)^3/%mr_isin(%i*d*x+%i*c)^7
fired    9_1 r11  -((%i*(b*%mr_isin(%i*d*x+%i*c)^4+a)^3)/%mr_isin(%i*d*x+%i*c)^7)
fired    4_1_0_1 r1  csch(d*x+c)^7*(b*sinh(d*x+c)^4+a)^3
RUBI-CPU 25.953414000000002 
ANSWER-LEN 749 UNINT false 
ANSWER (a^2*b*((360*cosh(d*x+c)^6-1080*cosh(d*x+c)^4+1080*cosh(d*x+c)^2-360)*log((2*cosh(d*x+c)+2)/(72*a^2*b+15*a^3))+(-(360*cosh(d*x+c)^6)+1080*cosh(d*x+c)^4-1080*cosh(d*x+c)^2+360)*log(1-cosh(d*x+c))-720*cosh(d*x+c)^5+1440*cosh(d*x+c)^3-720*cosh(d*x+c))+a^3*((75*cosh(d*x+c)^6-225*cosh(d*x+c)^4+225*cosh(d*x+c)^2-75)*log((2*cosh(d*x+c)+2)/(72*a^2*b+15*a^3))+(-(75*cosh(d*x+c)^6)+225*cosh(d*x+c)^4-225*cosh(d*x+c)^2+75)*log(1-cosh(d*x+c))-150*cosh(d*x+c)^5+400*cosh(d*x+c)^3-330*cosh(d*x+c))+b^3*(96*cosh(d*x+c)^11-608*cosh(d*x+c)^9+1728*cosh(d*x+c)^7-2496*cosh(d*x+c)^5+1760*cosh(d*x+c)^3-480*cosh(...

# entry 6.1 Hyperbolic sine/6.1.7 hyper^m (a+b sinh^n)^p.mac e213  integrand csch(c+d*x)^7*(a+b*sinh(c+d*x)^4)^3
# core /home/serge/src/mr-attr/test/mr_rules.core  cap 120  hit_cap False  cpu [40.631683]
fired    1_1_1_1 r3  1/(2*x-2)
fired    1_4_1 r7  (72*a^2*b+15*a^3)/(2*x+2)-(72*a^2*b+15*a^3)/(2*x-2)+48*b^3*x^4-96*b^3*x^2+144*a*b^2*(b/(3*a)+1)
fired    1_1_2_10 r1  (48*b^3*x^6-144*b^3*x^4+144*b^3*x^2+144*a*b^2*x^2-48*b^3-144*a*b^2-72*a^2*b-15*a^3)/(x^2-1)
fired    1_1_2_10 r5  (24*b^3*x^8-96*b^3*x^6+144*b^3*x^4+72*a*b^2*x^4-96*b^3*x^2-144*a*b^2*x^2+24*b^3+72*a*b^2+72*a^2*b+15*a^3)/(x^2-1)^2
fired    1_1_2_10 r5  (6*b^3*x^10-30*b^3*x^8+60*b^3*x^6+18*a*b^2*x^6-60*b^3*x^4-54*a*b^2*x^4+30*b^3*x^2+54*a*b^2*x^2+18*a^2*b*x^2-6*b^3-18*a*b^2-18*a^2*b-5*a^3)/(x^2-1)^3
fired    1_2_2_3 r15  (b*x^4-2*b*x^2+b+a)^3/(x^2-1)^4
fired    1_4_2 r20  (b*(x^2-1)^2+a)^3/(x^2-1)^4
fired    4_7_5 r40  csch(d*x+c)^7*(b*sinh(d*x+c)^4+a)^3
RUBI-CPU 40.53826 
ANSWER-LEN 709 UNINT false 
ANSWER (a^2*b*((360*cosh(d*x+c)^6-1080*cosh(d*x+c)^4+1080*cosh(d*x+c)^2-360)*log(cosh(d*x+c)+1)+(-(360*cosh(d*x+c)^6)+1080*cosh(d*x+c)^4-1080*cosh(d*x+c)^2+360)*log(2-2*cosh(d*x+c))-720*cosh(d*x+c)^5+1440*cosh(d*x+c)^3-720*cosh(d*x+c))+a^3*((75*cosh(d*x+c)^6-225*cosh(d*x+c)^4+225*cosh(d*x+c)^2-75)*log(cosh(d*x+c)+1)+(-(75*cosh(d*x+c)^6)+225*cosh(d*x+c)^4-225*cosh(d*x+c)^2+75)*log(2-2*cosh(d*x+c))-150*cosh(d*x+c)^5+400*cosh(d*x+c)^3-330*cosh(d*x+c))+b^3*(96*cosh(d*x+c)^11-608*cosh(d*x+c)^9+1728*cosh(d*x+c)^7-2496*cosh(d*x+c)^5+1760*cosh(d*x+c)^3-480*cosh(d*x+c))+a*b^2*(1440*cosh(d*x+c)^7-4320*c...

# entry 6.1 Hyperbolic sine/6.1.7 hyper^m (a+b sinh^n)^p.mac e214  integrand csch(c+d*x)^9*(a+b*sinh(c+d*x)^4)^3
# core /home/serge/src/mr-attr-base/test/mr_rules.core  cap 120  hit_cap False  cpu [26.560616]
fired    1_1_1_1 r3  1/((2*x)/(1152*a*b^2+432*a^2*b+105*a^3)-2/(1152*a*b^2+432*a^2*b+105*a^3))
fired    1_4_1 r18  (1152*a*b^2+432*a^2*b+105*a^3)/(2*x-2)
fired    1_4_1 r7  (1152*a*b^2+432*a^2*b+105*a^3)/(2*x+2)-(1152*a*b^2+432*a^2*b+105*a^3)/(2*x-2)-384*b^3*x^2+384*b^3
fired    1_2_2_3 r11  (384*b^3*x^4-768*b^3*x^2+384*b^3+1152*a*b^2+432*a^2*b+105*a^3)/(1-x^2)
fired    1_1_2_10 r5  (192*b^3*x^6-576*b^3*x^4+576*b^3*x^2+576*a*b^2*x^2-192*b^3-576*a*b^2-432*a^2*b-105*a^3)/(1-x^2)^2
fired    1_1_2_10 r5  (48*b^3*x^8-192*b^3*x^6+288*b^3*x^4+144*a*b^2*x^4-192*b^3*x^2-288*a*b^2*x^2+48*b^3+144*a*b^2+144*a^2*b+35*a^3)/(1-x^2)^3
fired    1_1_2_10 r5  (8*b^3*x^10-40*b^3*x^8+80*b^3*x^6+24*a*b^2*x^6-80*b^3*x^4-72*a*b^2*x^4+40*b^3*x^2+72*a*b^2*x^2+24*a^2*b*x^2-8*b^3-24*a*b^2-24*a^2*b-7*a^3)/(1-x^2)^4
fired    1_2_2_3 r15  (b*x^4-2*b*x^2+b+a)^3/(1-x^2)^5
fired    1_4_2 r20  (b*(1-x^2)^2+a)^3/(1-x^2)^5
fired    4_7_5 r48  (b*%mr_isin(%i*d*x+%i*c)^4+a)^3/%mr_isin(%i*d*x+%i*c)^9
fired    9_1 r11  (%i*(b*%mr_isin(%i*d*x+%i*c)^4+a)^3)/%mr_isin(%i*d*x+%i*c)^9
fired    4_1_0_1 r1  csch(d*x+c)^9*(b*sinh(d*x+c)^4+a)^3
RUBI-CPU 26.478902 
ANSWER-LEN 1090 UNINT false 
ANSWER (a*b^2*((1152*cosh(d*x+c)^8-4608*cosh(d*x+c)^6+6912*cosh(d*x+c)^4-4608*cosh(d*x+c)^2+1152)*log(-((2*cosh(d*x+c)-2)/(1152*a*b^2+432*a^2*b+105*a^3)))+(-(1152*cosh(d*x+c)^8)+4608*cosh(d*x+c)^6-6912*cosh(d*x+c)^4+4608*cosh(d*x+c)^2-1152)*log(cosh(d*x+c)+1))+a^2*b*((432*cosh(d*x+c)^8-1728*cosh(d*x+c)^6+2592*cosh(d*x+c)^4-1728*cosh(d*x+c)^2+432)*log(-((2*cosh(d*x+c)-2)/(1152*a*b^2+432*a^2*b+105*a^3)))+(-(432*cosh(d*x+c)^8)+1728*cosh(d*x+c)^6-2592*cosh(d*x+c)^4+1728*cosh(d*x+c)^2-432)*log(cosh(d*x+c)+1)+864*cosh(d*x+c)^7-3168*cosh(d*x+c)^5+3744*cosh(d*x+c)^3-1440*cosh(d*x+c))+a^3*((105*cosh(d*...

# entry 6.1 Hyperbolic sine/6.1.7 hyper^m (a+b sinh^n)^p.mac e214  integrand csch(c+d*x)^9*(a+b*sinh(c+d*x)^4)^3
# core /home/serge/src/mr-attr/test/mr_rules.core  cap 120  hit_cap False  cpu [41.269774]
fired    1_1_1_1 r3  1/(2*x+2)
fired    1_4_1 r7  -((1152*a*b^2+432*a^2*b+105*a^3)/(2*x+2))+(1152*a*b^2+432*a^2*b+105*a^3)/(2*x-2)+384*b^3*x^2-384*b^3
fired    1_2_2_3 r11  (384*b^3*x^4-768*b^3*x^2+384*b^3+1152*a*b^2+432*a^2*b+105*a^3)/(x^2-1)
fired    1_1_2_10 r5  (192*b^3*x^6-576*b^3*x^4+576*b^3*x^2+576*a*b^2*x^2-192*b^3-576*a*b^2-432*a^2*b-105*a^3)/(x^2-1)^2
fired    1_1_2_10 r5  (48*b^3*x^8-192*b^3*x^6+288*b^3*x^4+144*a*b^2*x^4-192*b^3*x^2-288*a*b^2*x^2+48*b^3+144*a*b^2+144*a^2*b+35*a^3)/(x^2-1)^3
fired    1_1_2_10 r5  (8*b^3*x^10-40*b^3*x^8+80*b^3*x^6+24*a*b^2*x^6-80*b^3*x^4-72*a*b^2*x^4+40*b^3*x^2+72*a*b^2*x^2+24*a^2*b*x^2-8*b^3-24*a*b^2-24*a^2*b-7*a^3)/(x^2-1)^4
fired    1_2_2_3 r15  (b*x^4-2*b*x^2+b+a)^3/(x^2-1)^5
fired    1_4_2 r20  (b*(x^2-1)^2+a)^3/(x^2-1)^5
fired    4_7_5 r40  csch(d*x+c)^9*(b*sinh(d*x+c)^4+a)^3
RUBI-CPU 41.188802 
ANSWER-LEN 976 UNINT false 
ANSWER (a^3*((-(105*cosh(d*x+c)^8)+420*cosh(d*x+c)^6-630*cosh(d*x+c)^4+420*cosh(d*x+c)^2-105)*log(cosh(d*x+c)+1)+(105*cosh(d*x+c)^8-420*cosh(d*x+c)^6+630*cosh(d*x+c)^4-420*cosh(d*x+c)^2+105)*log(1-cosh(d*x+c))+210*cosh(d*x+c)^7-770*cosh(d*x+c)^5+1022*cosh(d*x+c)^3-558*cosh(d*x+c))+a^2*b*((-(432*cosh(d*x+c)^8)+1728*cosh(d*x+c)^6-2592*cosh(d*x+c)^4+1728*cosh(d*x+c)^2-432)*log(cosh(d*x+c)+1)+(432*cosh(d*x+c)^8-1728*cosh(d*x+c)^6+2592*cosh(d*x+c)^4-1728*cosh(d*x+c)^2+432)*log(1-cosh(d*x+c))+864*cosh(d*x+c)^7-3168*cosh(d*x+c)^5+3744*cosh(d*x+c)^3-1440*cosh(d*x+c))+a*b^2*((-(1152*cosh(d*x+c)^8)+4608...

# entry 6.1 Hyperbolic sine/6.1.7 hyper^m (a+b sinh^n)^p.mac e215  integrand csch(c+d*x)^11*(a+b*sinh(c+d*x)^4)^3
# core /home/serge/src/mr-attr-base/test/mr_rules.core  cap 120  hit_cap False  cpu [26.738864]
fired    1_1_2_1 r13  1/(1-x^2)
fired    1_1_2_3 r20  (3840*b^3*x^2-3840*b^3-5760*a*b^2-3600*a^2*b-945*a^3)/(1-x^2)
fired    1_2_2_3 r15  (1920*b^3*x^4-3840*b^3*x^2+1920*b^3+5760*a*b^2+3600*a^2*b+945*a^3)/(1-x^2)^2
fired    1_1_2_10 r5  (480*b^3*x^6-1440*b^3*x^4+1440*b^3*x^2+1440*a*b^2*x^2-480*b^3-1440*a*b^2-1200*a^2*b-315*a^3)/(1-x^2)^3
fired    1_1_2_10 r5  (80*b^3*x^8-320*b^3*x^6+480*b^3*x^4+240*a*b^2*x^4-320*b^3*x^2-480*a*b^2*x^2+80*b^3+240*a*b^2+240*a^2*b+63*a^3)/(1-x^2)^4
fired    1_1_2_10 r5  (10*b^3*x^10-50*b^3*x^8+100*b^3*x^6+30*a*b^2*x^6-100*b^3*x^4-90*a*b^2*x^4+50*b^3*x^2+90*a*b^2*x^2+30*a^2*b*x^2-10*b^3-30*a*b^2-30*a^2*b-9*a^3)/(1-x^2)^5
fired    1_2_2_3 r15  (b*x^4-2*b*x^2+b+a)^3/(1-x^2)^6
fired    1_4_2 r20  (b*(1-x^2)^2+a)^3/(1-x^2)^6
fired    4_7_5 r48  (b*%mr_isin(%i*d*x+%i*c)^4+a)^3/%mr_isin(%i*d*x+%i*c)^11
fired    9_1 r11  -((%i*(b*%mr_isin(%i*d*x+%i*c)^4+a)^3)/%mr_isin(%i*d*x+%i*c)^11)
fired    4_1_0_1 r1  csch(d*x+c)^11*(b*sinh(d*x+c)^4+a)^3
RUBI-CPU 26.659063 
ANSWER-LEN 972 UNINT false 
ANSWER (a*b^2*((1920*cosh(d*x+c)^10-9600*cosh(d*x+c)^8+19200*cosh(d*x+c)^6-19200*cosh(d*x+c)^4+9600*cosh(d*x+c)^2-1920)*log(-((cosh(d*x+c)+1)/(cosh(d*x+c)-1)))-3840*cosh(d*x+c)^9+15360*cosh(d*x+c)^7-23040*cosh(d*x+c)^5+15360*cosh(d*x+c)^3-3840*cosh(d*x+c))+a^2*b*((1200*cosh(d*x+c)^10-6000*cosh(d*x+c)^8+12000*cosh(d*x+c)^6-12000*cosh(d*x+c)^4+6000*cosh(d*x+c)^2-1200)*log(-((cosh(d*x+c)+1)/(cosh(d*x+c)-1)))-2400*cosh(d*x+c)^9+11200*cosh(d*x+c)^7-20480*cosh(d*x+c)^5+16960*cosh(d*x+c)^3-5280*cosh(d*x+c))+a^3*((315*cosh(d*x+c)^10-1575*cosh(d*x+c)^8+3150*cosh(d*x+c)^6-3150*cosh(d*x+c)^4+1575*cosh(d*...

# entry 6.1 Hyperbolic sine/6.1.7 hyper^m (a+b sinh^n)^p.mac e215  integrand csch(c+d*x)^11*(a+b*sinh(c+d*x)^4)^3
# core /home/serge/src/mr-attr/test/mr_rules.core  cap 120  hit_cap False  cpu [40.445366]
fired    1_1_2_1 r14  1/(x^2-1)
fired    1_1_2_3 r20  (3840*b^3*x^2-3840*b^3-5760*a*b^2-3600*a^2*b-945*a^3)/(x^2-1)
fired    1_2_2_3 r15  (1920*b^3*x^4-3840*b^3*x^2+1920*b^3+5760*a*b^2+3600*a^2*b+945*a^3)/(x^2-1)^2
fired    1_1_2_10 r5  (480*b^3*x^6-1440*b^3*x^4+1440*b^3*x^2+1440*a*b^2*x^2-480*b^3-1440*a*b^2-1200*a^2*b-315*a^3)/(x^2-1)^3
fired    1_1_2_10 r5  (80*b^3*x^8-320*b^3*x^6+480*b^3*x^4+240*a*b^2*x^4-320*b^3*x^2-480*a*b^2*x^2+80*b^3+240*a*b^2+240*a^2*b+63*a^3)/(x^2-1)^4
fired    1_1_2_10 r5  (10*b^3*x^10-50*b^3*x^8+100*b^3*x^6+30*a*b^2*x^6-100*b^3*x^4-90*a*b^2*x^4+50*b^3*x^2+90*a*b^2*x^2+30*a^2*b*x^2-10*b^3-30*a*b^2-30*a^2*b-9*a^3)/(x^2-1)^5
fired    1_2_2_3 r15  (b*x^4-2*b*x^2+b+a)^3/(x^2-1)^6
fired    1_4_2 r20  (b*(x^2-1)^2+a)^3/(x^2-1)^6
fired    4_7_5 r40  csch(d*x+c)^11*(b*sinh(d*x+c)^4+a)^3
RUBI-CPU 40.348633 
ANSWER-LEN 972 UNINT false 
ANSWER (a*b^2*((1920*cosh(d*x+c)^10-9600*cosh(d*x+c)^8+19200*cosh(d*x+c)^6-19200*cosh(d*x+c)^4+9600*cosh(d*x+c)^2-1920)*log(-((cosh(d*x+c)+1)/(cosh(d*x+c)-1)))-3840*cosh(d*x+c)^9+15360*cosh(d*x+c)^7-23040*cosh(d*x+c)^5+15360*cosh(d*x+c)^3-3840*cosh(d*x+c))+a^2*b*((1200*cosh(d*x+c)^10-6000*cosh(d*x+c)^8+12000*cosh(d*x+c)^6-12000*cosh(d*x+c)^4+6000*cosh(d*x+c)^2-1200)*log(-((cosh(d*x+c)+1)/(cosh(d*x+c)-1)))-2400*cosh(d*x+c)^9+11200*cosh(d*x+c)^7-20480*cosh(d*x+c)^5+16960*cosh(d*x+c)^3-5280*cosh(d*x+c))+a^3*((315*cosh(d*x+c)^10-1575*cosh(d*x+c)^8+3150*cosh(d*x+c)^6-3150*cosh(d*x+c)^4+1575*cosh(d*...

# entry 6.1 Hyperbolic sine/6.1.7 hyper^m (a+b sinh^n)^p.mac e216  integrand csch(c+d*x)^13*(a+b*sinh(c+d*x)^4)^3
# core /home/serge/src/mr-attr-base/test/mr_rules.core  cap 120  hit_cap False  cpu [26.04986]
fired    1_1_2_1 r13  1/(1-x^2)
fired    1_1_2_3 r19  (23040*b^3*x^2-23040*b^3-51840*a*b^2-37800*a^2*b-10395*a^3)/(1-x^2)^2
fired    1_2_2_3 r15  (5760*b^3*x^4-11520*b^3*x^2+5760*b^3+17280*a*b^2+12600*a^2*b+3465*a^3)/(1-x^2)^3
fired    1_1_2_10 r5  (960*b^3*x^6-2880*b^3*x^4+2880*b^3*x^2+2880*a*b^2*x^2-960*b^3-2880*a*b^2-2520*a^2*b-693*a^3)/(1-x^2)^4
fired    1_1_2_10 r5  (120*b^3*x^8-480*b^3*x^6+720*b^3*x^4+360*a*b^2*x^4-480*b^3*x^2-720*a*b^2*x^2+120*b^3+360*a*b^2+360*a^2*b+99*a^3)/(1-x^2)^5
fired    1_1_2_10 r5  (12*b^3*x^10-60*b^3*x^8+120*b^3*x^6+36*a*b^2*x^6-120*b^3*x^4-108*a*b^2*x^4+60*b^3*x^2+108*a*b^2*x^2+36*a^2*b*x^2-12*b^3-36*a*b^2-36*a^2*b-11*a^3)/(1-x^2)^6
fired    1_2_2_3 r15  (b*x^4-2*b*x^2+b+a)^3/(1-x^2)^7
fired    1_4_2 r20  (b*(1-x^2)^2+a)^3/(1-x^2)^7
fired    4_7_5 r48  (b*%mr_isin(%i*d*x+%i*c)^4+a)^3/%mr_isin(%i*d*x+%i*c)^13
fired    9_1 r11  (%i*(b*%mr_isin(%i*d*x+%i*c)^4+a)^3)/%mr_isin(%i*d*x+%i*c)^13
fired    4_1_0_1 r1  csch(d*x+c)^13*(b*sinh(d*x+c)^4+a)^3
RUBI-CPU 25.972916 
ANSWER-LEN 1223 UNINT false 
ANSWER -((a*b^2*((17280*cosh(d*x+c)^12-103680*cosh(d*x+c)^10+259200*cosh(d*x+c)^8-345600*cosh(d*x+c)^6+259200*cosh(d*x+c)^4-103680*cosh(d*x+c)^2+17280)*log(-((cosh(d*x+c)+1)/(cosh(d*x+c)-1)))-34560*cosh(d*x+c)^11+195840*cosh(d*x+c)^9-437760*cosh(d*x+c)^7+483840*cosh(d*x+c)^5-264960*cosh(d*x+c)^3+57600*cosh(d*x+c))+a^2*b*((12600*cosh(d*x+c)^12-75600*cosh(d*x+c)^10+189000*cosh(d*x+c)^8-252000*cosh(d*x+c)^6+189000*cosh(d*x+c)^4-75600*cosh(d*x+c)^2+12600)*log(-((cosh(d*x+c)+1)/(cosh(d*x+c)-1)))-25200*cosh(d*x+c)^11+142800*cosh(d*x+c)^9-332640*cosh(d*x+c)^7+404640*cosh(d*x+c)^5-256560*cosh(d*x+c)^3...

# entry 6.1 Hyperbolic sine/6.1.7 hyper^m (a+b sinh^n)^p.mac e216  integrand csch(c+d*x)^13*(a+b*sinh(c+d*x)^4)^3
# core /home/serge/src/mr-attr/test/mr_rules.core  cap 120  hit_cap False  cpu [40.624071]
fired    1_1_2_1 r14  1/(x^2-1)
fired    1_1_2_3 r19  (23040*b^3*x^2-23040*b^3-51840*a*b^2-37800*a^2*b-10395*a^3)/(x^2-1)^2
fired    1_2_2_3 r15  (5760*b^3*x^4-11520*b^3*x^2+5760*b^3+17280*a*b^2+12600*a^2*b+3465*a^3)/(x^2-1)^3
fired    1_1_2_10 r5  (960*b^3*x^6-2880*b^3*x^4+2880*b^3*x^2+2880*a*b^2*x^2-960*b^3-2880*a*b^2-2520*a^2*b-693*a^3)/(x^2-1)^4
fired    1_1_2_10 r5  (120*b^3*x^8-480*b^3*x^6+720*b^3*x^4+360*a*b^2*x^4-480*b^3*x^2-720*a*b^2*x^2+120*b^3+360*a*b^2+360*a^2*b+99*a^3)/(x^2-1)^5
fired    1_1_2_10 r5  (12*b^3*x^10-60*b^3*x^8+120*b^3*x^6+36*a*b^2*x^6-120*b^3*x^4-108*a*b^2*x^4+60*b^3*x^2+108*a*b^2*x^2+36*a^2*b*x^2-12*b^3-36*a*b^2-36*a^2*b-11*a^3)/(x^2-1)^6
fired    1_2_2_3 r15  (b*x^4-2*b*x^2+b+a)^3/(x^2-1)^7
fired    1_4_2 r20  (b*(x^2-1)^2+a)^3/(x^2-1)^7
fired    4_7_5 r40  csch(d*x+c)^13*(b*sinh(d*x+c)^4+a)^3
RUBI-CPU 40.524143 
ANSWER-LEN 1223 UNINT false 
ANSWER -((a*b^2*((17280*cosh(d*x+c)^12-103680*cosh(d*x+c)^10+259200*cosh(d*x+c)^8-345600*cosh(d*x+c)^6+259200*cosh(d*x+c)^4-103680*cosh(d*x+c)^2+17280)*log(-((cosh(d*x+c)+1)/(cosh(d*x+c)-1)))-34560*cosh(d*x+c)^11+195840*cosh(d*x+c)^9-437760*cosh(d*x+c)^7+483840*cosh(d*x+c)^5-264960*cosh(d*x+c)^3+57600*cosh(d*x+c))+a^2*b*((12600*cosh(d*x+c)^12-75600*cosh(d*x+c)^10+189000*cosh(d*x+c)^8-252000*cosh(d*x+c)^6+189000*cosh(d*x+c)^4-75600*cosh(d*x+c)^2+12600)*log(-((cosh(d*x+c)+1)/(cosh(d*x+c)-1)))-25200*cosh(d*x+c)^11+142800*cosh(d*x+c)^9-332640*cosh(d*x+c)^7+404640*cosh(d*x+c)^5-256560*cosh(d*x+c)^3...

# entry 6.1 Hyperbolic sine/6.1.7 hyper^m (a+b sinh^n)^p.mac e222  integrand csch(c+d*x)^8*(a+b*sinh(c+d*x)^4)^3
# core /home/serge/src/mr-attr-base/test/mr_rules.core  cap 120  hit_cap False  cpu [17.995933]
fired    1_1_2_1 r12  1/(x^2/b+1/b)
fired    1_1_2_1 r9  1/(x^2/b+1/b)^2
fired    1_1_2_1 r9  1/(x^2/b+1/b)^3
fired    1_4_1 r18  b^3/(x^2+1)^3
fired    1_3_3 r10  1/(x^6/b^3+(3*x^4)/b^3+(3*x^2)/b^3+1/b^3)
fired    1_4_1 r18  b/(x^6/b^2+(3*x^4)/b^2+(3*x^2)/b^2+1/b^2)
fired    1_4_1 r18  b^2/(x^6/b+(3*x^4)/b+(3*x^2)/b+1/b)
fired    1_4_1 r18  b^3/(x^6+3*x^4+3*x^2+1)
fired    1_1_2_1 r12  1/(x^2/b^3+1/b^3)
fired    1_1_2_1 r9  1/(x^2/b^3+1/b^3)^2
fired    1_2_3_1 r4  1/(x^4/(2*b^3)+x^2/b^3+1/(2*b^3))
fired    1_4_1 r18  b/(x^4/(2*b^2)+x^2/b^2+1/(2*b^2))
fired    1_4_1 r18  b^2/(x^4/(2*b)+x^2/b+1/(2*b))
fired    1_4_1 r18  b^3/(x^4/2+x^2+1/2)
fired    1_4_1 r18  (2*b^3)/(x^4+2*x^2+1)
fired    1_1_2_1 r12  1/(x^2/(b^3+3*a*b^2)+1/(b^3+3*a*b^2))
fired    1_4_1 r18  (b^3+3*a*b^2)/(x^2+1)
fired    1_4_1 r7  b^3/(x^6+3*x^4+3*x^2+1)-(2*b^3)/(x^4+2*x^2+1)+(b^3+3*a*b^2)/(x^2+1)+(3*a^2*b+a^3)/x^2+(3*a^2*b+3*a^3)/x^4+(3*a^3)/x^6+a^3/x^8
fired    1_3_3 r10  (a^2*b*(3*x^12+12*x^10+18*x^8+12*x^6+3*x^4)+a*b^2*(3*x^12+6*x^10+3*x^8)+a^3*(x^12+6*x^10+15*x^8+20*x^6+15*x^4+6*x^2+1)+b^3*x^12)/(x^8*(x^6+3*x^4+3*x^2+1))
fired    1_4_1 r25  (a^2*b*(3*x^12+12*x^10+18*x^8+12*x^6+3*x^4)+a*b^2*(3*x^12+6*x^10+3*x^8)+a^3*(x^12+6*x^10+15*x^8+20*x^6+15*x^4+6*x^2+1)+b^3*x^12)/(x^14+3*x^12+3*x^10+x^8)
fired    9_3 r9  ((x^2+1)^3*((b*x^4)/(x^2+1)^2+a)^3)/x^8
fired    4_7_5 r58  (b*%mr_isin(%i*d*x+%i*c)^4+a)^3/%mr_isin(%i*d*x+%i*c)^8
fired    4_1_0_1 r1  csch(d*x+c)^8*(b*sinh(d*x+c)^4+a)^3
RUBI-CPU 17.912518000000002 
ANSWER-LEN 468 UNINT false 
ANSWER -((%i*(%i*b^3*((105*tanh(d*x+c)^11-210*tanh(d*x+c)^9+105*tanh(d*x+c)^7)*atanh(tanh(d*x+c))+175*tanh(d*x+c)^10-105*tanh(d*x+c)^8)+%i*a*b^2*(840*tanh(d*x+c)^11-1680*tanh(d*x+c)^9+840*tanh(d*x+c)^7)*atanh(tanh(d*x+c))+%i*a^2*b*(840*tanh(d*x+c)^10-1960*tanh(d*x+c)^8+1400*tanh(d*x+c)^6-280*tanh(d*x+c)^4)+%i*a^3*(280*tanh(d*x+c)^10-840*tanh(d*x+c)^8+1008*tanh(d*x+c)^6-656*tanh(d*x+c)^4+248*tanh(d*x+c)^2-40)))/(d*(280*tanh(d*x+c)^11-560*tanh(d*x+c)^9+280*tanh(d*x+c)^7))) 

# entry 6.1 Hyperbolic sine/6.1.7 hyper^m (a+b sinh^n)^p.mac e222  integrand csch(c+d*x)^8*(a+b*sinh(c+d*x)^4)^3
# core /home/serge/src/mr-attr/test/mr_rules.core  cap 120  hit_cap False  cpu [101.54468]
fired    1_1_2_1 r10  1/(x^2+1)
fired    1_1_1_1 r2  1/x^2
fired    1_1_1_1 r2  1/x^6
fired    1_4_1 r7  -((3*b^3+24*a*b^2)/(x^2+1))-(5*b^3+24*a^2*b+8*a^3)/x^2+(15*b^3-24*a^2*b-24*a^3)/x^4-(25*b^3+24*a^3)/x^6+(35*b^3-8*a^3)/x^8
fired    1_1_2_11 r3  (-(8*b^3*x^8)-24*a*b^2*x^8-24*a^2*b*x^8-8*a^3*x^8+10*b^3*x^6-48*a^2*b*x^6-32*a^3*x^6-10*b^3*x^4-24*a^2*b*x^4-48*a^3*x^4+10*b^3*x^2-32*a^3*x^2+35*b^3-8*a^3)/(x^8...
fired    1_1_2_11 r7  (4*b^3*x^10+12*a*b^2*x^10+12*a^2*b*x^10+4*a^3*x^10-b^3*x^8+12*a*b^2*x^8+36*a^2*b*x^8+20*a^3*x^8+36*a^2*b*x^6+40*a^3*x^6+12*a^2*b*x^4+40*a^3*x^4+20*a^3*x^2+4*a^3...
fired    1_2_2_4 r17  ((b+a)*x^4+2*a*x^2+a)^3/(x^8*(x^2+1)^3)
fired    4_1_7 r49  (b*%mr_isin(%i*d*x+%i*c)^4+a)^3/%mr_isin(%i*d*x+%i*c)^8
fired    4_1_0_1 r1  csch(d*x+c)^8*(b*sinh(d*x+c)^4+a)^3
RUBI-CPU 101.44514799999999 
ANSWER-LEN 468 UNINT false 
ANSWER -((%i*(%i*b^3*((105*tanh(d*x+c)^11-210*tanh(d*x+c)^9+105*tanh(d*x+c)^7)*atanh(tanh(d*x+c))+175*tanh(d*x+c)^10-105*tanh(d*x+c)^8)+%i*a*b^2*(840*tanh(d*x+c)^11-1680*tanh(d*x+c)^9+840*tanh(d*x+c)^7)*atanh(tanh(d*x+c))+%i*a^2*b*(840*tanh(d*x+c)^10-1960*tanh(d*x+c)^8+1400*tanh(d*x+c)^6-280*tanh(d*x+c)^4)+%i*a^3*(280*tanh(d*x+c)^10-840*tanh(d*x+c)^8+1008*tanh(d*x+c)^6-656*tanh(d*x+c)^4+248*tanh(d*x+c)^2-40)))/(d*(280*tanh(d*x+c)^11-560*tanh(d*x+c)^9+280*tanh(d*x+c)^7))) 

# entry 6.1 Hyperbolic sine/6.1.7 hyper^m (a+b sinh^n)^p.mac e223  integrand csch(c+d*x)^10*(a+b*sinh(c+d*x)^4)^3
# core /home/serge/src/mr-attr-base/test/mr_rules.core  cap 120  hit_cap False  cpu [12.63099]
fired    1_1_2_1 r12  1/((2*x^2)/b^3+2/b^3)
fired    1_1_2_1 r9  1/((2*x^2)/b^3+2/b^3)^2
fired    1_2_3_1 r4  1/(x^4/b^3+(2*x^2)/b^3+1/b^3)
fired    1_4_1 r18  b/(x^4/b^2+(2*x^2)/b^2+1/b^2)
fired    1_4_1 r18  b^2/(x^4/b+(2*x^2)/b+1/b)
fired    1_4_1 r18  b^3/(x^4+2*x^2+1)
fired    1_1_2_1 r12  1/(x^2/b^3+1/b^3)
fired    1_4_1 r18  b/(x^2/b^2+1/b^2)
fired    1_4_1 r18  b^2/(x^2/b+1/b)
fired    1_4_1 r18  b^3/(x^2+1)
fired    1_4_1 r7  -(b^3/(x^4+2*x^2+1))+b^3/(x^2+1)+(3*a*b^2+3*a^2*b+a^3)/x^2+(6*a^2*b+4*a^3)/x^4+(3*a^2*b+6*a^3)/x^6+(4*a^3)/x^8+a^3/x^10
fired    1_2_2_6 r3  (a^2*b*(3*x^12+12*x^10+18*x^8+12*x^6+3*x^4)+a*b^2*(3*x^12+6*x^10+3*x^8)+a^3*(x^12+6*x^10+15*x^8+20*x^6+15*x^4+6*x^2+1)+b^3*x^12)/(x^10*(x^4+2*x^2+1))
fired    1_4_1 r25  (a^2*b*(3*x^12+12*x^10+18*x^8+12*x^6+3*x^4)+a*b^2*(3*x^12+6*x^10+3*x^8)+a^3*(x^12+6*x^10+15*x^8+20*x^6+15*x^4+6*x^2+1)+b^3*x^12)/(x^14+2*x^12+x^10)
fired    9_3 r9  ((x^2+1)^4*((b*x^4)/(x^2+1)^2+a)^3)/x^10
fired    4_7_5 r58  (b*%mr_isin(%i*d*x+%i*c)^4+a)^3/%mr_isin(%i*d*x+%i*c)^10
fired    9_1 r10  -((b*%mr_isin(%i*d*x+%i*c)^4+a)^3/%mr_isin(%i*d*x+%i*c)^10)
fired    4_1_0_1 r1  csch(d*x+c)^10*(b*sinh(d*x+c)^4+a)^3
RUBI-CPU 12.573649000000001 
ANSWER-LEN 378 UNINT false 
ANSWER (%i*(%i*b^3*((315*tanh(d*x+c)^11-315*tanh(d*x+c)^9)*atanh(tanh(d*x+c))+315*tanh(d*x+c)^10)+%i*a*b^2*(1890*tanh(d*x+c)^10-1890*tanh(d*x+c)^8)+%i*a^2*b*(1890*tanh(d*x+c)^10-3150*tanh(d*x+c)^8+1638*tanh(d*x+c)^6-378*tanh(d*x+c)^4)+%i*a^3*(630*tanh(d*x+c)^10-1470*tanh(d*x+c)^8+1596*tanh(d*x+c)^6-1116*tanh(d*x+c)^4+430*tanh(d*x+c)^2-70)))/(d*(630*tanh(d*x+c)^11-630*tanh(d*x+c)^9)) 

# entry 6.1 Hyperbolic sine/6.1.7 hyper^m (a+b sinh^n)^p.mac e223  integrand csch(c+d*x)^10*(a+b*sinh(c+d*x)^4)^3
# core /home/serge/src/mr-attr/test/mr_rules.core  cap 120  hit_cap False  cpu [51.023764]
fired    1_1_2_1 r10  1/(x^2+1)
fired    1_1_1_1 r2  1/x^2
fired    1_1_1_1 r2  1/x^4
fired    1_1_1_1 r2  1/x^6
fired    1_1_1_1 r2  1/x^8
fired    1_1_1_1 r2  1/x^10
fired    1_4_1 r7  -(b^3/(x^2+1))-(6*a*b^2+6*a^2*b+2*a^3)/x^2-(12*a^2*b+8*a^3)/x^4-(6*a^2*b+12*a^3)/x^6-(8*a^3)/x^8-(2*a^3)/x^10
fired    1_1_2_11 r3  (-(b^3*x^10)-6*a*b^2*x^10-6*a^2*b*x^10-2*a^3*x^10-6*a*b^2*x^8-18*a^2*b*x^8-10*a^3*x^8-18*a^2*b*x^6-20*a^3*x^6-6*a^2*b*x^4-20*a^3*x^4-10*a^3*x^2-2*a^3)/(x^10*(x^...
fired    1_2_2_4 r17  ((b+a)*x^4+2*a*x^2+a)^3/(x^10*(x^2+1)^2)
fired    4_1_7 r49  (b*%mr_isin(%i*d*x+%i*c)^4+a)^3/%mr_isin(%i*d*x+%i*c)^10
fired    9_1 r10  -((b*%mr_isin(%i*d*x+%i*c)^4+a)^3/%mr_isin(%i*d*x+%i*c)^10)
fired    4_1_0_1 r1  csch(d*x+c)^10*(b*sinh(d*x+c)^4+a)^3
RUBI-CPU 50.943527 
ANSWER-LEN 378 UNINT false 
ANSWER (%i*(%i*b^3*((315*tanh(d*x+c)^11-315*tanh(d*x+c)^9)*atanh(tanh(d*x+c))+315*tanh(d*x+c)^10)+%i*a*b^2*(1890*tanh(d*x+c)^10-1890*tanh(d*x+c)^8)+%i*a^2*b*(1890*tanh(d*x+c)^10-3150*tanh(d*x+c)^8+1638*tanh(d*x+c)^6-378*tanh(d*x+c)^4)+%i*a^3*(630*tanh(d*x+c)^10-1470*tanh(d*x+c)^8+1596*tanh(d*x+c)^6-1116*tanh(d*x+c)^4+430*tanh(d*x+c)^2-70)))/(d*(630*tanh(d*x+c)^11-630*tanh(d*x+c)^9)) 

# entry 6.1 Hyperbolic sine/6.1.7 hyper^m (a+b sinh^n)^p.mac e317  integrand cosh(c+d*x)^6/(a+b*sinh(c+d*x)^2)
# core /home/serge/src/mr-attr-base/test/mr_rules.core  cap 120  hit_cap False  cpu [9.053614]
fired    1_1_2_1 r12  1/(3*b*x^2+3*b)
fired    1_1_2_1 r9  1/(3*b*x^2+3*b)^2
fired    1_1_2_1 r9  1/(3*b*x^2+3*b)^3
fired    1_3_3 r16  1/(b*x^6+3*b*x^4+3*b*x^2+b)
fired    1_4_1 r18  1/(b*(x^6+3*x^4+3*x^2+1))
fired    1_1_2_1 r12  1/((2*b^2*x^2)/(b-a)+(2*b^2)/(b-a))
fired    1_1_2_1 r9  1/((2*b^2*x^2)/(b-a)+(2*b^2)/(b-a))^2
fired    1_2_3_1 r4  1/((b^2*x^4)/(b-a)+(2*b^2*x^2)/(b-a)+b^2/(b-a))
fired    1_4_1 r18  (b-a)/(b^2*x^4+2*b^2*x^2+b^2)
fired    1_1_2_1 r12  1/(((b^4-a*b^3)*x^2)/(b^3-3*a*b^2+3*a^2*b-a^3)-(a*b^3)/(b^3-3*a*b^2+3*a^2*b-a^3))
fired    9_1 r6  1/((b^4*x^2)/(b^3-3*a*b^2+3*a^2*b-a^3)-(a*b^3*x^2)/(b^3-3*a*b^2+3*a^2*b-a^3)-(a*b^3)/(b^3-3*a*b^2+3*a^2*b-a^3))
fired    1_4_1 r18  (b^3-3*a*b^2+3*a^2*b-a^3)/(b^4*x^2-a*b^3*x^2-a*b^3)
fired    1_1_2_1 r12  1/((b^3*x^2)/(b^2-2*a*b+a^2)+b^3/(b^2-2*a*b+a^2))
fired    1_4_1 r18  (b^2-2*a*b+a^2)/(b^3*x^2+b^3)
fired    1_4_1 r7  1/(b*(x^6+3*x^4+3*x^2+1))+(b-a)/(b^2*x^4+2*b^2*x^2+b^2)-(b^3-3*a*b^2+3*a^2*b-a^3)/(b^4*x^2-a*b^3*x^2-a*b^3)+(b^2-2*a*b+a^2)/(b^3*x^2+b^3)
fired    1_3_3 r10  1/(-(b*x^8)+a*x^8-3*b*x^6+4*a*x^6-3*b*x^4+6*a*x^4-b*x^2+4*a*x^2+a)
fired    1_4_1 r18  -(1/(b*(x^8+3*x^6+3*x^4+x^2)+a*(-x^8-4*x^6-6*x^4-4*x^2-1)))
fired    9_3 r9  1/((x^2+1)^4*(a-(b*x^2)/(x^2+1)))
fired    4_7_5 r58  %mr_icos(%i*d*x+%i*c)^6/(a-b*%mr_isin(%i*d*x+%i*c)^2)
fired    4_1_0_1 r1  cosh(d*x+c)^6/(b*sinh(d*x+c)^2+a)
RUBI-CPU 8.975056 
ANSWER-LEN 717 UNINT false 
ANSWER -((%i*(b^2*(%i*sqrt(a)*sqrt(b)*sqrt(a*b^3-b^4)*(-(8*tanh(d*x+c)^4)+16*tanh(d*x+c)^2-8)*atanh((sqrt(a*b^3-b^4)*tanh(d*x+c))/(sqrt(a)*b^(3/2)))+%i*a^3*(8*tanh(d*x+c)^4-16*tanh(d*x+c)^2+8)*atanh(tanh(d*x+c)))+%i*a^(3/2)*b^(3/2)*sqrt(a*b^3-b^4)*(16*tanh(d*x+c)^4-32*tanh(d*x+c)^2+16)*atanh((sqrt(a*b^3-b^4)*tanh(d*x+c))/(sqrt(a)*b^(3/2)))+%i*a^(5/2)*sqrt(b)*sqrt(a*b^3-b^4)*(-(8*tanh(d*x+c)^4)+16*tanh(d*x+c)^2-8)*atanh((sqrt(a*b^3-b^4)*tanh(d*x+c))/(sqrt(a)*b^(3/2)))+%i*a*b^4*((15*tanh(d*x+c)^4-30*tanh(d*x+c)^2+15)*atanh(tanh(d*x+c))-7*tanh(d*x+c)^3+9*tanh(d*x+c))+%i*a^2*b^3*((-(20*tanh(d*x+c)...

# entry 6.1 Hyperbolic sine/6.1.7 hyper^m (a+b sinh^n)^p.mac e317  integrand cosh(c+d*x)^6/(a+b*sinh(c+d*x)^2)
# core /home/serge/src/mr-attr/test/mr_rules.core  cap 120  hit_cap False  cpu [45.544652]
fired    1_1_2_1 r10  1/(x^2+1)
fired    1_1_2_1 r12  1/((a-b)*x^2+a)
fired    1_1_2_5 r2  ((-(7*b^2)+11*a*b-4*a^2)*x^2+8*b^2-9*a*b+4*a^2)/((x^2+1)*((a-b)*x^2+a))
fired    9_1 r6  ((-(7*b^2)+11*a*b-4*a^2)*x^2+8*b^2-9*a*b+4*a^2)/((x^2+1)*(-(b*x^2)+a*x^2+a))
fired    9_1 r6  ((-(7*b^2)-4*a^2)*x^2+11*a*b*x^2+8*b^2-9*a*b+4*a^2)/((x^2+1)*(-(b*x^2)+a*x^2+a))
fired    9_1 r6  (-(7*b^2*x^2)+11*a*b*x^2-4*a^2*x^2+8*b^2-9*a*b+4*a^2)/((x^2+1)*(-(b*x^2)+a*x^2+a))
fired    1_4_2 r9  (a*b*(11*x^2-9)+a^2*(4-4*x^2)+b^2*(8-7*x^2))/((x^2+1)*((a-b)*x^2+a))
fired    1_1_2_5 r7  ((3*b-3*a)*x^2-4*b+a)/((x^2+1)^2*((a-b)*x^2+a))
fired    9_1 r6  ((3*b-3*a)*x^2-4*b+a)/((x^2+1)^2*(-(b*x^2)+a*x^2+a))
fired    9_1 r6  (3*b*x^2-3*a*x^2-4*b+a)/((x^2+1)^2*(-(b*x^2)+a*x^2+a))
fired    1_4_2 r9  (b*(3*x^2-4)+a*(1-3*x^2))/((x^2+1)^2*((a-b)*x^2+a))
fired    1_1_2_3 r37  1/((x^2+1)^3*((a-b)*x^2+a))
fired    4_1_7 r23  %mr_icos(%i*d*x+%i*c)^6/(a-b*%mr_isin(%i*d*x+%i*c)^2)
fired    4_1_0_1 r1  cosh(d*x+c)^6/(b*sinh(d*x+c)^2+a)
RUBI-CPU 45.466841 
ANSWER-LEN 623 UNINT false 
ANSWER -((%i*(b*(%i*a^(3/2)*sqrt(a-b)*(16*tanh(d*x+c)^4-32*tanh(d*x+c)^2+16)*atanh((sqrt(a-b)*tanh(d*x+c))/sqrt(a))+%i*a^2*((-(20*tanh(d*x+c)^4)+40*tanh(d*x+c)^2-20)*atanh(tanh(d*x+c))+4*tanh(d*x+c)^3-4*tanh(d*x+c)))+b^2*(%i*sqrt(a)*sqrt(a-b)*(-(8*tanh(d*x+c)^4)+16*tanh(d*x+c)^2-8)*atanh((sqrt(a-b)*tanh(d*x+c))/sqrt(a))+%i*a*((15*tanh(d*x+c)^4-30*tanh(d*x+c)^2+15)*atanh(tanh(d*x+c))-7*tanh(d*x+c)^3+9*tanh(d*x+c)))+%i*a^(5/2)*sqrt(a-b)*(-(8*tanh(d*x+c)^4)+16*tanh(d*x+c)^2-8)*atanh((sqrt(a-b)*tanh(d*x+c))/sqrt(a))+%i*a^3*(8*tanh(d*x+c)^4-16*tanh(d*x+c)^2+8)*atanh(tanh(d*x+c))))/(a*b^3*d*(8*tanh(...

# entry 6.3 Hyperbolic tangent/6.3.7 (d hyper)^m (a+b (c tanh)^n)^p.mac e41  integrand sinh(c+d*x)^4/(a+b*tanh(c+d*x)^2)^3
# core /home/serge/src/mr-attr-base/test/mr_rules.core  cap 120  hit_cap False  cpu [19.12006]
fired    1_1_2_1 r10  1/(x^2+1)
fired    1_1_2_1 r15  1/(a-b*x^2)
fired    1_1_2_5 r2  ((96*a^3*b-96*a^2*b^2)*x^2+24*a^2*b^2-144*a^3*b+24*a^4)/((x^2+1)*(a-b*x^2))
fired    9_1 r6  (-(96*a^2*b^2*x^2)+96*a^3*b*x^2+24*a^2*b^2-144*a^3*b+24*a^4)/((x^2+1)*(a-b*x^2))
fired    1_4_2 r9  (a^3*b*(96*x^2-144)+a^2*b^2*(24-96*x^2)+24*a^4)/((x^2+1)*(a-b*x^2))
fired    1_1_2_5 r7  ((84*a^2*b-60*a*b^2)*x^2-36*a^2*b+12*a^3)/((x^2+1)*(a-b*x^2)^2)
fired    9_1 r6  (-(60*a*b^2*x^2)+84*a^2*b*x^2-36*a^2*b+12*a^3)/((x^2+1)*(a-b*x^2)^2)
fired    1_4_2 r9  (a^2*b*(84*x^2-36)-60*a*b^2*x^2+12*a^3)/((x^2+1)*(a-b*x^2)^2)
fired    1_1_2_5 r7  ((25*a*b-15*b^2)*x^2-5*a*b+3*a^2)/((x^2+1)*(a-b*x^2)^3)
fired    9_1 r6  (-(15*b^2*x^2)+25*a*b*x^2-5*a*b+3*a^2)/((x^2+1)*(a-b*x^2)^3)
fired    1_4_2 r9  (a*b*(25*x^2-5)-15*b^2*x^2+3*a^2)/((x^2+1)*(a-b*x^2)^3)
fired    1_1_2_5 r7  ((3*b-4*a)*x^2+a)/((x^2+1)^2*(a-b*x^2)^3)
fired    9_1 r6  (3*b*x^2-4*a*x^2+a)/((x^2+1)^2*(a-b*x^2)^3)
fired    1_4_2 r9  (3*b*x^2+a*(1-4*x^2))/((x^2+1)^2*(a-b*x^2)^3)
fired    1_1_2_4 r38  x^4/((x^2+1)^3*(a-b*x^2)^3)
fired    4_7_5 r58  %mr_isin(%i*d*x+%i*c)^4/(a-b*%mr_itan(%i*d*x+%i*c)^2)^3
fired    4_1_0_1 r1  sinh(d*x+c)^4/(b*tanh(d*x+c)^2+a)^3
RUBI-CPU 19.044523 
ANSWER-LEN 3696 UNINT false 
ANSWER -((%i*(tanh(d*x+c)^4*(b*(15*a^4*log(-((b*tanh(d*x+c)^2+a)/(b*tanh(d*x+c)^2+2*%i*sqrt(a)*sqrt(b)*tanh(d*x+c)-a)))-84*%i*a^(7/2)*sqrt(b)*atanh(tanh(d*x+c)))+b^2*(276*%i*a^(5/2)*sqrt(b)*atanh(tanh(d*x+c))-90*a^3*log(-((b*tanh(d*x+c)^2+a)/(b*tanh(d*x+c)^2+2*%i*sqrt(a)*sqrt(b)*tanh(d*x+c)-a))))+b^3*(138*a^2*log(-((b*tanh(d*x+c)^2+a)/(b*tanh(d*x+c)^2+2*%i*sqrt(a)*sqrt(b)*tanh(d*x+c)-a)))-180*%i*a^(3/2)*sqrt(b)*atanh(tanh(d*x+c)))+b^4*(30*%i*sqrt(a)*sqrt(b)*atanh(tanh(d*x+c))-42*a*log(-((b*tanh(d*x+c)^2+a)/(b*tanh(d*x+c)^2+2*%i*sqrt(a)*sqrt(b)*tanh(d*x+c)-a))))+3*b^5*log(-((b*tanh(d*x+c)^2+a)/...

# entry 6.3 Hyperbolic tangent/6.3.7 (d hyper)^m (a+b (c tanh)^n)^p.mac e41  integrand sinh(c+d*x)^4/(a+b*tanh(c+d*x)^2)^3
# core /home/serge/src/mr-attr/test/mr_rules.core  cap 120  hit_cap False  cpu [31.964607]
fired    1_1_2_1 r10  1/(x^2+1)
fired    1_1_2_1 r15  1/(a-b*x^2)
fired    1_1_2_5 r2  ((96*a^3*b-96*a^2*b^2)*x^2+24*a^2*b^2-144*a^3*b+24*a^4)/((x^2+1)*(a-b*x^2))
fired    9_1 r6  (-(96*a^2*b^2*x^2)+96*a^3*b*x^2+24*a^2*b^2-144*a^3*b+24*a^4)/((x^2+1)*(a-b*x^2))
fired    1_4_2 r9  (a^3*b*(96*x^2-144)+a^2*b^2*(24-96*x^2)+24*a^4)/((x^2+1)*(a-b*x^2))
fired    1_1_2_5 r7  ((84*a^2*b-60*a*b^2)*x^2-36*a^2*b+12*a^3)/((x^2+1)*(a-b*x^2)^2)
fired    9_1 r6  (-(60*a*b^2*x^2)+84*a^2*b*x^2-36*a^2*b+12*a^3)/((x^2+1)*(a-b*x^2)^2)
fired    1_4_2 r9  (a^2*b*(84*x^2-36)-60*a*b^2*x^2+12*a^3)/((x^2+1)*(a-b*x^2)^2)
fired    1_1_2_5 r7  ((25*a*b-15*b^2)*x^2-5*a*b+3*a^2)/((x^2+1)*(a-b*x^2)^3)
fired    9_1 r6  (-(15*b^2*x^2)+25*a*b*x^2-5*a*b+3*a^2)/((x^2+1)*(a-b*x^2)^3)
fired    1_4_2 r9  (a*b*(25*x^2-5)-15*b^2*x^2+3*a^2)/((x^2+1)*(a-b*x^2)^3)
fired    1_1_2_5 r7  ((3*b-4*a)*x^2+a)/((x^2+1)^2*(a-b*x^2)^3)
fired    9_1 r6  (3*b*x^2-4*a*x^2+a)/((x^2+1)^2*(a-b*x^2)^3)
fired    1_4_2 r9  (3*b*x^2+a*(1-4*x^2))/((x^2+1)^2*(a-b*x^2)^3)
fired    1_1_2_4 r38  x^4/((x^2+1)^3*(a-b*x^2)^3)
fired    4_3_7 r7  %mr_isin(%i*d*x+%i*c)^4/(a-b*%mr_itan(%i*d*x+%i*c)^2)^3
fired    4_1_0_1 r1  sinh(d*x+c)^4/(b*tanh(d*x+c)^2+a)^3
RUBI-CPU 31.870576999999997 
ANSWER-LEN 3696 UNINT false 
ANSWER -((%i*(tanh(d*x+c)^4*(b*(15*a^4*log(-((b*tanh(d*x+c)^2+a)/(b*tanh(d*x+c)^2+2*%i*sqrt(a)*sqrt(b)*tanh(d*x+c)-a)))-84*%i*a^(7/2)*sqrt(b)*atanh(tanh(d*x+c)))+b^2*(276*%i*a^(5/2)*sqrt(b)*atanh(tanh(d*x+c))-90*a^3*log(-((b*tanh(d*x+c)^2+a)/(b*tanh(d*x+c)^2+2*%i*sqrt(a)*sqrt(b)*tanh(d*x+c)-a))))+b^3*(138*a^2*log(-((b*tanh(d*x+c)^2+a)/(b*tanh(d*x+c)^2+2*%i*sqrt(a)*sqrt(b)*tanh(d*x+c)-a)))-180*%i*a^(3/2)*sqrt(b)*atanh(tanh(d*x+c)))+b^4*(30*%i*sqrt(a)*sqrt(b)*atanh(tanh(d*x+c))-42*a*log(-((b*tanh(d*x+c)^2+a)/(b*tanh(d*x+c)^2+2*%i*sqrt(a)*sqrt(b)*tanh(d*x+c)-a))))+3*b^5*log(-((b*tanh(d*x+c)^2+a)/...

# entry 6.3 Hyperbolic tangent/6.3.7 (d hyper)^m (a+b (c tanh)^n)^p.mac e67  integrand sinh(c+d*x)^2*(a+b*tanh(c+d*x)^3)^3
# core /home/serge/src/mr-attr-base/test/mr_rules.core  cap 120  hit_cap False  cpu [21.736077]
fired    1_1_2_2 r39  ((10*%i*b^3+12*%i*a^2*b)*x)/(x^2+1)
fired    1_1_2_1 r12  1/(x^2/(21*a*b^2+a^3)+1/(21*a*b^2+a^3))
fired    1_4_1 r18  (21*a*b^2+a^3)/(x^2+1)
fired    1_4_1 r7  ((10*%i*b^3+12*%i*a^2*b)*x)/(x^2+1)-(21*a*b^2+a^3)/(x^2+1)
fired    1_1_2_10 r1  (10*%i*b^3*x+12*%i*a^2*b*x-21*a*b^2-a^3)/(x^2+1)
fired    1_1_1_1 r2  x
fired    1_4_1 r7  (10*%i*b^3*x+12*%i*a^2*b*x-21*a*b^2-a^3)/(x^2+1)+2*%i*b^3*x^7-4*%i*b^3*x^5+6*a*b^2*x^4+6*%i*b^3*x^3-12*a*b^2*x^2-6*%i*a^2*b*((4*b^2)/(3*a^2)+1)*x+a^3*((21*b^2)/...
fired    1_1_2_11 r3  (x*(2*%i*b^3*x^8-2*%i*b^3*x^6+6*a*b^2*x^5+2*%i*b^3*x^4-6*a*b^2*x^3-2*%i*b^3*x^2-6*%i*a^2*b*x^2+9*a*b^2*x+a^3*x+2*%i*b^3+6*%i*a^2*b))/(x^2+1)
fired    1_1_2_11 r5  (x^2*(%i*b*x^3+a)^3)/(x^2+1)^2
fired    4_7_5 r58  %mr_isin(%i*d*x+%i*c)^2*(%i*b*%mr_itan(%i*d*x+%i*c)^3+a)^3
fired    9_1 r10  -(%mr_isin(%i*d*x+%i*c)^2*(%i*b*%mr_itan(%i*d*x+%i*c)^3+a)^3)
fired    4_1_0_1 r1  sinh(d*x+c)^2*(b*tanh(d*x+c)^3+a)^3
RUBI-CPU 21.664382 
ANSWER-LEN 622 UNINT false 
ANSWER -((%i*(tanh(d*x+c)^2*(-(1260*%i*a*b^2*atanh(tanh(d*x+c)))-60*%i*a^3*atanh(tanh(d*x+c))+%i*(300*hypergeometric([1,1],[2],tanh(d*x+c)^2)-300)*b^3+%i*(360*hypergeometric([1,1],[2],tanh(d*x+c)^2)-360)*a^2*b)+1260*%i*a*b^2*atanh(tanh(d*x+c))+60*%i*a^3*atanh(tanh(d*x+c))+15*%i*b^3*tanh(d*x+c)^10+25*%i*b^3*tanh(d*x+c)^8+72*%i*a*b^2*tanh(d*x+c)^7+50*%i*b^3*tanh(d*x+c)^6+168*%i*a*b^2*tanh(d*x+c)^5+(%i*(150-300*hypergeometric([1,1],[2],tanh(d*x+c)^2))*b^3+%i*(180-360*hypergeometric([1,1],[2],tanh(d*x+c)^2))*a^2*b)*tanh(d*x+c)^4+840*%i*a*b^2*tanh(d*x+c)^3+(-(1260*%i*a*b^2)-60*%i*a^3)*tanh(d*x+c)))...

# entry 6.3 Hyperbolic tangent/6.3.7 (d hyper)^m (a+b (c tanh)^n)^p.mac e67  integrand sinh(c+d*x)^2*(a+b*tanh(c+d*x)^3)^3
# core /home/serge/src/mr-attr/test/mr_rules.core  cap 120  hit_cap False  cpu [35.967725]
fired    1_1_2_2 r1  x/(x^2+1)
fired    1_1_2_1 r10  1/(x^2+1)
fired    1_4_1 r7  ((10*%i*b^3+12*%i*a^2*b)*x)/(x^2+1)-(21*a*b^2+a^3)/(x^2+1)
fired    1_1_2_10 r1  (10*%i*b^3*x+12*%i*a^2*b*x-21*a*b^2-a^3)/(x^2+1)
fired    1_1_1_1 r2  x
fired    1_4_1 r7  (10*%i*b^3*x+12*%i*a^2*b*x-21*a*b^2-a^3)/(x^2+1)+2*%i*b^3*x^7-4*%i*b^3*x^5+6*a*b^2*x^4+6*%i*b^3*x^3-12*a*b^2*x^2-6*%i*a^2*b*((4*b^2)/(3*a^2)+1)*x+a^3*((21*b^2)/...
fired    1_1_2_11 r3  (x*(2*%i*b^3*x^8-2*%i*b^3*x^6+6*a*b^2*x^5+2*%i*b^3*x^4-6*a*b^2*x^3-2*%i*b^3*x^2-6*%i*a^2*b*x^2+9*a*b^2*x+a^3*x+2*%i*b^3+6*%i*a^2*b))/(x^2+1)
fired    1_1_2_11 r5  (x^2*(%i*b*x^3+a)^3)/(x^2+1)^2
fired    4_3_7 r7  %mr_isin(%i*d*x+%i*c)^2*(%i*b*%mr_itan(%i*d*x+%i*c)^3+a)^3
fired    9_1 r10  -(%mr_isin(%i*d*x+%i*c)^2*(%i*b*%mr_itan(%i*d*x+%i*c)^3+a)^3)
fired    4_1_0_1 r1  sinh(d*x+c)^2*(b*tanh(d*x+c)^3+a)^3
RUBI-CPU 35.880136 
ANSWER-LEN 555 UNINT false 
ANSWER -((%i*(tanh(d*x+c)^2*(%i*a^2*b*(360*log(1-tanh(d*x+c)^2)-360)+%i*b^3*(300*log(1-tanh(d*x+c)^2)-300)-1260*%i*a*b^2*atanh(tanh(d*x+c))-60*%i*a^3*atanh(tanh(d*x+c)))-300*%i*b^3*log(1-tanh(d*x+c)^2)-360*%i*a^2*b*log(1-tanh(d*x+c)^2)+1260*%i*a*b^2*atanh(tanh(d*x+c))+60*%i*a^3*atanh(tanh(d*x+c))+15*%i*b^3*tanh(d*x+c)^10+25*%i*b^3*tanh(d*x+c)^8+72*%i*a*b^2*tanh(d*x+c)^7+50*%i*b^3*tanh(d*x+c)^6+168*%i*a*b^2*tanh(d*x+c)^5+(150*%i*b^3+180*%i*a^2*b)*tanh(d*x+c)^4+840*%i*a*b^2*tanh(d*x+c)^3+(-(1260*%i*a*b^2)-60*%i*a^3)*tanh(d*x+c)))/(d*(120*tanh(d*x+c)^2-120))) 

# entry 6.3 Hyperbolic tangent/6.3.7 (d hyper)^m (a+b (c tanh)^n)^p.mac e125  integrand cosh(c+d*x)^2/(a+b*tanh(c+d*x)^2)^3
# core /home/serge/src/mr-attr-base/test/mr_rules.core  cap 120  hit_cap False  cpu [18.993179]
fired    1_1_2_1 r10  1/(x^2+1)
fired    1_1_2_1 r15  1/(a-b*x^2)
fired    1_1_2_5 r2  ((-(6*b^3)-22*a*b^2+8*a^2*b)*x^2-6*b^3-22*a*b^2-48*a^2*b-8*a^3)/((x^2+1)*(a-b*x^2))
fired    9_1 r6  ((-(6*b^3)-22*a*b^2)*x^2+8*a^2*b*x^2-6*b^3-22*a*b^2-48*a^2*b-8*a^3)/((x^2+1)*(a-b*x^2))
fired    9_1 r6  (-(6*b^3*x^2)-22*a*b^2*x^2+8*a^2*b*x^2-6*b^3-22*a*b^2-48*a^2*b-8*a^3)/((x^2+1)*(a-b*x^2))
fired    1_4_2 r9  (a^2*b*(8*x^2-48)+b^3*(-(6*x^2)-6)+a*b^2*(-(22*x^2)-22)-8*a^3)/((x^2+1)*(a-b*x^2))
fired    1_1_2_5 r7  ((12*a*b-6*b^2)*x^2-6*b^2-16*a*b-4*a^2)/((x^2+1)*(a-b*x^2)^2)
fired    9_1 r6  (-(6*b^2*x^2)+12*a*b*x^2-6*b^2-16*a*b-4*a^2)/((x^2+1)*(a-b*x^2)^2)
fired    1_4_2 r9  (a*b*(12*x^2-16)+b^2*(-(6*x^2)-6)-4*a^2)/((x^2+1)*(a-b*x^2)^2)
fired    1_1_2_5 r7  (5*b*x^2-2*b-a)/((x^2+1)*(a-b*x^2)^3)
fired    1_4_2 r9  (b*(5*x^2-2)-a)/((x^2+1)*(a-b*x^2)^3)
fired    1_1_2_3 r37  1/((x^2+1)^2*(a-b*x^2)^3)
fired    4_7_5 r58  1/(%mr_isec(%i*d*x+%i*c)^2*(a-b*%mr_itan(%i*d*x+%i*c)^2)^3)
fired    4_1_0_1 r1  cosh(d*x+c)^2/(b*tanh(d*x+c)^2+a)^3
RUBI-CPU 18.912033 
ANSWER-LEN 2312 UNINT false 
ANSWER -((%i*(tanh(d*x+c)^2*(b*(35*a^(9/2)*sqrt(b)*log(-((b*tanh(d*x+c)^2+a)/(b*tanh(d*x+c)^2+2*%i*sqrt(a)*sqrt(b)*tanh(d*x+c)-a)))+40*%i*a^5*atanh(tanh(d*x+c)))+b^2*(-(56*a^(7/2)*sqrt(b)*log(-((b*tanh(d*x+c)^2+a)/(b*tanh(d*x+c)^2+2*%i*sqrt(a)*sqrt(b)*tanh(d*x+c)-a))))-112*%i*a^4*atanh(tanh(d*x+c)))-6*a^(3/2)*b^(9/2)*log(-((b*tanh(d*x+c)^2+a)/(b*tanh(d*x+c)^2+2*%i*sqrt(a)*sqrt(b)*tanh(d*x+c)-a)))-25*a^(5/2)*b^(7/2)*log(-((b*tanh(d*x+c)^2+a)/(b*tanh(d*x+c)^2+2*%i*sqrt(a)*sqrt(b)*tanh(d*x+c)-a)))+8*%i*a^6*atanh(tanh(d*x+c)))+tanh(d*x+c)^4*(b^2*(70*a^(7/2)*sqrt(b)*log(-((b*tanh(d*x+c)^2+a)/(b*tan...

# entry 6.3 Hyperbolic tangent/6.3.7 (d hyper)^m (a+b (c tanh)^n)^p.mac e125  integrand cosh(c+d*x)^2/(a+b*tanh(c+d*x)^2)^3
# core /home/serge/src/mr-attr/test/mr_rules.core  cap 120  hit_cap False  cpu [30.920247]
fired    1_1_2_1 r10  1/(x^2+1)
fired    1_1_2_1 r15  1/(a-b*x^2)
fired    1_1_2_5 r2  ((-(6*b^3)-22*a*b^2+8*a^2*b)*x^2-6*b^3-22*a*b^2-48*a^2*b-8*a^3)/((x^2+1)*(a-b*x^2))
fired    9_1 r6  ((-(6*b^3)-22*a*b^2)*x^2+8*a^2*b*x^2-6*b^3-22*a*b^2-48*a^2*b-8*a^3)/((x^2+1)*(a-b*x^2))
fired    9_1 r6  (-(6*b^3*x^2)-22*a*b^2*x^2+8*a^2*b*x^2-6*b^3-22*a*b^2-48*a^2*b-8*a^3)/((x^2+1)*(a-b*x^2))
fired    1_4_2 r9  (a^2*b*(8*x^2-48)+b^3*(-(6*x^2)-6)+a*b^2*(-(22*x^2)-22)-8*a^3)/((x^2+1)*(a-b*x^2))
fired    1_1_2_5 r7  ((12*a*b-6*b^2)*x^2-6*b^2-16*a*b-4*a^2)/((x^2+1)*(a-b*x^2)^2)
fired    9_1 r6  (-(6*b^2*x^2)+12*a*b*x^2-6*b^2-16*a*b-4*a^2)/((x^2+1)*(a-b*x^2)^2)
fired    1_4_2 r9  (a*b*(12*x^2-16)+b^2*(-(6*x^2)-6)-4*a^2)/((x^2+1)*(a-b*x^2)^2)
fired    1_1_2_5 r7  (5*b*x^2-2*b-a)/((x^2+1)*(a-b*x^2)^3)
fired    1_4_2 r9  (b*(5*x^2-2)-a)/((x^2+1)*(a-b*x^2)^3)
fired    1_1_2_3 r37  1/((x^2+1)^2*(a-b*x^2)^3)
fired    4_3_7 r19  1/(%mr_isec(%i*d*x+%i*c)^2*(a-b*%mr_itan(%i*d*x+%i*c)^2)^3)
fired    4_1_0_1 r1  cosh(d*x+c)^2/(b*tanh(d*x+c)^2+a)^3
RUBI-CPU 30.832737 
ANSWER-LEN 2312 UNINT false 
ANSWER -((%i*(tanh(d*x+c)^2*(b*(35*a^(9/2)*sqrt(b)*log(-((b*tanh(d*x+c)^2+a)/(b*tanh(d*x+c)^2+2*%i*sqrt(a)*sqrt(b)*tanh(d*x+c)-a)))+40*%i*a^5*atanh(tanh(d*x+c)))+b^2*(-(56*a^(7/2)*sqrt(b)*log(-((b*tanh(d*x+c)^2+a)/(b*tanh(d*x+c)^2+2*%i*sqrt(a)*sqrt(b)*tanh(d*x+c)-a))))-112*%i*a^4*atanh(tanh(d*x+c)))-6*a^(3/2)*b^(9/2)*log(-((b*tanh(d*x+c)^2+a)/(b*tanh(d*x+c)^2+2*%i*sqrt(a)*sqrt(b)*tanh(d*x+c)-a)))-25*a^(5/2)*b^(7/2)*log(-((b*tanh(d*x+c)^2+a)/(b*tanh(d*x+c)^2+2*%i*sqrt(a)*sqrt(b)*tanh(d*x+c)-a)))+8*%i*a^6*atanh(tanh(d*x+c)))+tanh(d*x+c)^4*(b^2*(70*a^(7/2)*sqrt(b)*log(-((b*tanh(d*x+c)^2+a)/(b*tan...

# entry 6.3 Hyperbolic tangent/6.3.7 (d hyper)^m (a+b (c tanh)^n)^p.mac e180  integrand tanh(c+d*x)^5/(a+b*tanh(c+d*x)^2)^2
# core /home/serge/src/mr-attr-base/test/mr_rules.core  cap 120  hit_cap False  cpu [5.663478]
fired    1_4_1 r20  -(1/x^2)
fired    1_2_1_1 r11  1/((b^4/a^2+b^3/a)*x^2-2*(b^3/a+b^2)*x+b^2+a*b)
fired    9_1 r6  1/((b^4*x^2)/a^2+(b^3*x^2)/a-2*(b^3/a+b^2)*x+b^2+a*b)
fired    9_1 r6  1/((b^4*x^2)/a^2+(b^3*x^2)/a-(2*b^3*x)/a-2*b^2*x+b^2+a*b)
fired    1_4_1 r18  a/((b^4*x^2)/a+b^3*x^2-2*b^3*x-2*a*b^2*x+a*b^2+a^2*b)
fired    1_4_1 r18  a^2/(b^4*x^2+a*b^3*x^2-2*a*b^3*x-2*a^2*b^2*x+a^2*b^2+a^3*b)
fired    1_4_1 r7  a^2/(b^4*x^2+a*b^3*x^2-2*a*b^3*x-2*a^2*b^2*x+a^2*b^2+a^3*b)+(2*a*b+a^2)/(b^4*x+2*a*b^3*x+a^2*b^2*x-a*b^3-2*a^2*b^2-a^3*b)+1/(b^2*x+2*a*b*x+a^2*x+b^2+2*a*b+a^2)
fired    1_1_1_3 r17  x^2/((x+1)*(a-b*x)^2)
fired    1_1_2_4 r20  x^5/((x^2+1)*(a-b*x^2)^2)
fired    4_7_5 r22  %mr_itan(%i*d*x+%i*c)^5/(a-b*%mr_itan(%i*d*x+%i*c)^2)^2
fired    9_1 r11  -((%i*%mr_itan(%i*d*x+%i*c)^5)/(a-b*%mr_itan(%i*d*x+%i*c)^2)^2)
fired    4_1_0_1 r1  tanh(d*x+c)^5/(b*tanh(d*x+c)^2+a)^2
RUBI-CPU 5.595333 
ANSWER-LEN 272 UNINT false 
ANSWER -((tanh(d*x+c)^2*(2*a*b^2*log(b*tanh(d*x+c)^2+a)+a^2*b*log(b*tanh(d*x+c)^2+a)+b^3*log(1-tanh(d*x+c)^2))+a^2*b*(2*log(b*tanh(d*x+c)^2+a)+1)+a^3*(log(b*tanh(d*x+c)^2+a)+1)+a*b^2*log(1-tanh(d*x+c)^2))/(d*((2*b^5+4*a*b^4+2*a^2*b^3)*tanh(d*x+c)^2+2*a*b^4+4*a^2*b^3+2*a^3*b^2))) 

# entry 6.3 Hyperbolic tangent/6.3.7 (d hyper)^m (a+b (c tanh)^n)^p.mac e180  integrand tanh(c+d*x)^5/(a+b*tanh(c+d*x)^2)^2
# core /home/serge/src/mr-attr/test/mr_rules.core  cap 120  hit_cap False  cpu [80.243343]
fired    1_4_1 r20  -(1/x^2)
fired    1_2_1_1 r11  1/((b^2+2*a*b+a^2)*x^2-2*(b^2+a*b)*x+b^2)
fired    1_2_1_2 r3  (2*(b^2+2*a*b+a^2)*x-2*(b^2+a*b))/((b^2+2*a*b+a^2)*x^2-2*(b^2+a*b)*x+b^2)
fired    1_2_1_2 r9  x/((b^2+2*a*b+a^2)*x^2-2*(b^2+a*b)*x+b^2)
fired    1_4_1 r20  -(1/x^2)
fired    1_2_1_1 r11  1/((b^2+2*a*b+a^2)*x^2-2*(b^2+a*b)*x+b^2)
fired    1_1_1_1 r1  1/x
fired    1_4_1 r20  -(1/x^2)
fired    1_2_1_1 r11  1/((b^2+2*a*b+a^2)*x^2-2*(b^2+a*b)*x+b^2)
fired    1_2_1_2 r3  (2*(b^2+2*a*b+a^2)*x-2*(b^2+a*b))/((b^2+2*a*b+a^2)*x^2-2*(b^2+a*b)*x+b^2)
fired    1_2_1_2 r9  ((-b^2-2*a*b-a^2)*x+2*(b^2+a*b))/((b^2+2*a*b+a^2)*x^2-2*(b^2+a*b)*x+b^2)
fired    1_2_1_2 r80  1/(x*((b^2+2*a*b+a^2)*x^2-2*(b^2+a*b)*x+b^2))
fired    1_2_1_3 r89  (1-2*x)/(x*((b^2+2*a*b+a^2)*x^2-2*(b^2+a*b)*x+b^2))
fired    1_2_1_9b r32  (x-1)^2/(x*((b^2+2*a*b+a^2)*x^2-2*(b^2+a*b)*x+b^2))
fired    1_2_1_5 r3  (x^2-2*x+1)/(x*((b^2+2*a*b+a^2)*x^2-2*(b^2+a*b)*x+b^2))
fired    1_2_2_6 r2  (x^4-2*x^2+1)/(x*((b^2+2*a*b+a^2)*x^4-2*(b^2+a*b)*x^2+b^2))
fired    9_1 r6  (x^4-2*x^2+1)/(x*((b^2+2*a*b+a^2)*x^4-2*b^2*x^2-2*a*b*x^2+b^2))
fired    9_1 r6  (x^4-2*x^2+1)/(x*((b^2+a^2)*x^4+2*a*b*x^4-2*b^2*x^2-2*a*b*x^2+b^2))
fired    9_1 r6  (x^4-2*x^2+1)/(x*(b^2*x^4+2*a*b*x^4+a^2*x^4-2*b^2*x^2-2*a*b*x^2+b^2))
fired    1_4_1 r25  (x^4-2*x^2+1)/(a*b*(2*x^5-2*x^3)+b^2*(x^5-2*x^3+x)+a^2*x^5)
fired    9_3 r9  (x^2-1)^2/(x^5*((b*(x^2-1))/x^2+a)^2)
fired    4_7_5 r44  tanh(d*x+c)^5/(b*tanh(d*x+c)^2+a)^2
RUBI-CPU 80.147206 
ANSWER-LEN 636 UNINT false 
ANSWER (a^3*(4*cosh(d*x+c)^2*log(cosh(d*x+c))-cosh(d*x+c)^2*log(a*b*(2*cosh(d*x+c)^4-2*cosh(d*x+c)^2)+b^2*(cosh(d*x+c)^4-2*cosh(d*x+c)^2+1)+a^2*cosh(d*x+c)^4))+a*b^2*((2-2*cosh(d*x+c)^2)*log(a*b*(2*cosh(d*x+c)^4-2*cosh(d*x+c)^2)+b^2*(cosh(d*x+c)^4-2*cosh(d*x+c)^2+1)+a^2*cosh(d*x+c)^4)+(12*cosh(d*x+c)^2-8)*log(cosh(d*x+c)))+a^2*b*((1-3*cosh(d*x+c)^2)*log(a*b*(2*cosh(d*x+c)^4-2*cosh(d*x+c)^2)+b^2*(cosh(d*x+c)^4-2*cosh(d*x+c)^2+1)+a^2*cosh(d*x+c)^4)+(12*cosh(d*x+c)^2-4)*log(cosh(d*x+c))-2)+b^3*(4*cosh(d*x+c)^2-4)*log(cosh(d*x+c)))/(d*(a^2*b^3*(12*cosh(d*x+c)^2-4)+a*b^4*(12*cosh(d*x+c)^2-8)+b^5*(4...

# entry 6.3 Hyperbolic tangent/6.3.7 (d hyper)^m (a+b (c tanh)^n)^p.mac e184  integrand tanh(c+d*x)/(a+b*tanh(c+d*x)^2)^2
# core /home/serge/src/mr-attr-base/test/mr_rules.core  cap 120  hit_cap False  cpu [4.227436]
fired    1_4_1 r20  -(1/x^2)
fired    1_2_1_1 r11  1/((b^2+a*b)*x^2-2*(a*b+a^2)*x+a^3/b+a^2)
fired    9_1 r6  1/((b^2+a*b)*x^2-2*a*b*x-2*a^2*x+a^3/b+a^2)
fired    9_1 r6  1/(b^2*x^2+a*b*x^2-2*a*b*x-2*a^2*x+a^3/b+a^2)
fired    1_4_1 r18  b/(b^3*x^2+a*b^2*x^2-2*a*b^2*x-2*a^2*b*x+a^2*b+a^3)
fired    1_1_1_1 r3  1/((b^2+2*a*b+a^2)*x-a*b-a^3/b-2*a^2)
fired    9_1 r6  1/((b^2+a^2)*x+2*a*b*x-a*b-a^3/b-2*a^2)
fired    9_1 r6  1/(b^2*x+2*a*b*x+a^2*x-a*b-a^3/b-2*a^2)
fired    1_4_1 r18  b/(b^3*x+2*a*b^2*x+a^2*b*x-a*b^2-2*a^2*b-a^3)
fired    1_4_1 r7  b/(b^3*x^2+a*b^2*x^2-2*a*b^2*x-2*a^2*b*x+a^2*b+a^3)-b/(b^3*x+2*a*b^2*x+a^2*b*x-a*b^2-2*a^2*b-a^3)+1/(b^2*x+2*a*b*x+a^2*x+b^2+2*a*b+a^2)
fired    1_1_1_2 r13  1/((x+1)*(a-b*x)^2)
fired    1_1_2_4 r19  x/((x^2+1)*(a-b*x^2)^2)
fired    4_7_5 r22  %mr_itan(%i*d*x+%i*c)/(a-b*%mr_itan(%i*d*x+%i*c)^2)^2
fired    9_1 r11  -((%i*%mr_itan(%i*d*x+%i*c))/(a-b*%mr_itan(%i*d*x+%i*c)^2)^2)
fired    4_1_0_1 r1  tanh(d*x+c)/(b*tanh(d*x+c)^2+a)^2
RUBI-CPU 4.148384 
ANSWER-LEN 257 UNINT false 
ANSWER (b*tanh(d*x+c)^2*(log(((b^3+2*a*b^2+a^2*b)*tanh(d*x+c)^2+a*b^2+2*a^2*b+a^3)/b)-log(1-tanh(d*x+c)^2))+a*(log(((b^3+2*a*b^2+a^2*b)*tanh(d*x+c)^2+a*b^2+2*a^2*b+a^3)/b)-log(1-tanh(d*x+c)^2)-1)-b)/(d*((2*b^3+4*a*b^2+2*a^2*b)*tanh(d*x+c)^2+2*a*b^2+4*a^2*b+2*a^3)) 

# entry 6.3 Hyperbolic tangent/6.3.7 (d hyper)^m (a+b (c tanh)^n)^p.mac e184  integrand tanh(c+d*x)/(a+b*tanh(c+d*x)^2)^2
# core /home/serge/src/mr-attr/test/mr_rules.core  cap 120  hit_cap False  cpu [67.132267]
fired    1_4_1 r20  -(1/x^2)
fired    1_2_1_1 r11  1/(((b^2+2*a*b+a^2)*x^2)/(4*b^2+4*a*b)-(2*(b^2+a*b)*x)/(4*b^2+4*a*b)+b^2/(4*b^2+4*a*b))
fired    1_2_2_2 r1  x/(((b^2+2*a*b+a^2)*x^4)/(4*b^2+4*a*b)-(2*(b^2+a*b)*x^2)/(4*b^2+4*a*b)+b^2/(4*b^2+4*a*b))
fired    9_1 r6  x/(((b^2+2*a*b+a^2)*x^4)/(4*b^2+4*a*b)-(2*b^2*x^2)/(4*b^2+4*a*b)-(2*a*b*x^2)/(4*b^2+4*a*b)+b^2/(4*b^2+4*a*b))
fired    9_1 r6  x/(((b^2+a^2)*x^4)/(4*b^2+4*a*b)+(2*a*b*x^4)/(4*b^2+4*a*b)-(2*b^2*x^2)/(4*b^2+4*a*b)-(2*a*b*x^2)/(4*b^2+4*a*b)+b^2/(4*b^2+4*a*b))
fired    9_1 r6  x/((b^2*x^4)/(4*b^2+4*a*b)+(2*a*b*x^4)/(4*b^2+4*a*b)+(a^2*x^4)/(4*b^2+4*a*b)-(2*b^2*x^2)/(4*b^2+4*a*b)-(2*a*b*x^2)/(4*b^2+4*a*b)+b^2/(4*b^2+4*a*b))
fired    1_4_1 r18  ((b^2+a*b)*x)/((b^2*x^4)/4+(a*b*x^4)/2+(a^2*x^4)/4-(b^2*x^2)/2-(a*b*x^2)/2+b^2/4)
fired    1_4_1 r18  (4*(b^2+a*b)*x)/(b^2*x^4+2*a*b*x^4+a^2*x^4-2*b^2*x^2-2*a*b*x^2+b^2)
fired    9_1 r6  (4*b^2*x+4*a*b*x)/(b^2*x^4+2*a*b*x^4+a^2*x^4-2*b^2*x^2-2*a*b*x^2+b^2)
fired    1_3_4 r19  x^3/(b^2*x^4+2*a*b*x^4+a^2*x^4-2*b^2*x^2-2*a*b*x^2+b^2)
fired    1_4_2 r19  x^3/(a*b*(2*x^4-2*x^2)+b^2*(x^4-2*x^2+1)+a^2*x^4)
fired    9_3 r9  1/(x*((b*(x^2-1))/x^2+a)^2)
fired    4_7_5 r32  tanh(d*x+c)/(b*tanh(d*x+c)^2+a)^2
RUBI-CPU 67.055047 
ANSWER-LEN 343 UNINT false 
ANSWER (b*((cosh(d*x+c)^2-1)*log(a*b*(2*cosh(d*x+c)^4-2*cosh(d*x+c)^2)+b^2*(cosh(d*x+c)^4-2*cosh(d*x+c)^2+1)+a^2*cosh(d*x+c)^4)-2)+a*cosh(d*x+c)^2*log(a*b*(2*cosh(d*x+c)^4-2*cosh(d*x+c)^2)+b^2*(cosh(d*x+c)^4-2*cosh(d*x+c)^2+1)+a^2*cosh(d*x+c)^4))/(d*(a^2*b*(12*cosh(d*x+c)^2-4)+a*b^2*(12*cosh(d*x+c)^2-8)+b^3*(4*cosh(d*x+c)^2-4)+4*a^3*cosh(d*x+c)^2)) 

# entry 6.3 Hyperbolic tangent/6.3.7 (d hyper)^m (a+b (c tanh)^n)^p.mac e190  integrand tanh(c+d*x)^6/(a+b*tanh(c+d*x)^2)^3
# core /home/serge/src/mr-attr-base/test/mr_rules.core  cap 120  hit_cap False  cpu [24.538416]
fired    1_1_2_1 r10  1/(x^2+1)
fired    1_1_2_1 r15  1/(a-b*x^2)
fired    1_1_2_5 r2  ((-(8*b^2)-7*a*b-3*a^2)*x^2-7*a*b-3*a^2)/((x^2+1)*(a-b*x^2))
fired    9_1 r6  ((-(8*b^2)-3*a^2)*x^2-7*a*b*x^2-7*a*b-3*a^2)/((x^2+1)*(a-b*x^2))
fired    9_1 r6  (-(8*b^2*x^2)-7*a*b*x^2-3*a^2*x^2-7*a*b-3*a^2)/((x^2+1)*(a-b*x^2))
fired    1_4_2 r9  (-(8*b^2*x^2)+a^2*(-(3*x^2)-3)+a*b*(-(7*x^2)-7))/((x^2+1)*(a-b*x^2))
fired    1_1_2_6 r6  (x^2*((4*b+3*a)*x^2+3*a))/((x^2+1)*(a-b*x^2)^2)
fired    9_1 r6  (x^2*(4*b*x^2+3*a*x^2+3*a))/((x^2+1)*(a-b*x^2)^2)
fired    1_4_2 r10  (x^2*(a*(3*x^2+3)+4*b*x^2))/((x^2+1)*(a-b*x^2)^2)
fired    1_1_2_4 r38  x^6/((x^2+1)*(a-b*x^2)^3)
fired    4_7_5 r22  %mr_itan(%i*d*x+%i*c)^6/(a-b*%mr_itan(%i*d*x+%i*c)^2)^3
fired    9_1 r10  -(%mr_itan(%i*d*x+%i*c)^6/(a-b*%mr_itan(%i*d*x+%i*c)^2)^3)
fired    4_1_0_1 r1  tanh(d*x+c)^6/(b*tanh(d*x+c)^2+a)^3
RUBI-CPU 24.450769 
ANSWER-LEN 1422 UNINT false 
ANSWER (%i*(tanh(d*x+c)^2*(b^3*(30*a^2*log(-((b*tanh(d*x+c)^2+a)/(b*tanh(d*x+c)^2+2*%i*sqrt(a)*sqrt(b)*tanh(d*x+c)-a)))-32*%i*a^(3/2)*sqrt(b)*atanh(tanh(d*x+c)))+20*a^3*b^2*log(-((b*tanh(d*x+c)^2+a)/(b*tanh(d*x+c)^2+2*%i*sqrt(a)*sqrt(b)*tanh(d*x+c)-a)))+6*a^4*b*log(-((b*tanh(d*x+c)^2+a)/(b*tanh(d*x+c)^2+2*%i*sqrt(a)*sqrt(b)*tanh(d*x+c)-a))))+tanh(d*x+c)^4*(b^4*(15*a*log(-((b*tanh(d*x+c)^2+a)/(b*tanh(d*x+c)^2+2*%i*sqrt(a)*sqrt(b)*tanh(d*x+c)-a)))-16*%i*sqrt(a)*sqrt(b)*atanh(tanh(d*x+c)))+10*a^2*b^3*log(-((b*tanh(d*x+c)^2+a)/(b*tanh(d*x+c)^2+2*%i*sqrt(a)*sqrt(b)*tanh(d*x+c)-a)))+3*a^3*b^2*log(-(...

# entry 6.3 Hyperbolic tangent/6.3.7 (d hyper)^m (a+b (c tanh)^n)^p.mac e190  integrand tanh(c+d*x)^6/(a+b*tanh(c+d*x)^2)^3
# core /home/serge/src/mr-attr/test/mr_rules.core  cap 120  hit_cap False  cpu [41.992516]
fired    1_1_2_1 r10  1/(x^2+1)
fired    1_1_2_1 r15  1/(a-b*x^2)
fired    1_1_2_5 r2  ((-(8*b^2)-7*a*b-3*a^2)*x^2-7*a*b-3*a^2)/((x^2+1)*(a-b*x^2))
fired    9_1 r6  ((-(8*b^2)-3*a^2)*x^2-7*a*b*x^2-7*a*b-3*a^2)/((x^2+1)*(a-b*x^2))
fired    9_1 r6  (-(8*b^2*x^2)-7*a*b*x^2-3*a^2*x^2-7*a*b-3*a^2)/((x^2+1)*(a-b*x^2))
fired    1_4_2 r9  (-(8*b^2*x^2)+a^2*(-(3*x^2)-3)+a*b*(-(7*x^2)-7))/((x^2+1)*(a-b*x^2))
fired    1_1_2_6 r6  (x^2*((4*b+3*a)*x^2+3*a))/((x^2+1)*(a-b*x^2)^2)
fired    9_1 r6  (x^2*(4*b*x^2+3*a*x^2+3*a))/((x^2+1)*(a-b*x^2)^2)
fired    1_4_2 r10  (x^2*(a*(3*x^2+3)+4*b*x^2))/((x^2+1)*(a-b*x^2)^2)
fired    1_1_2_4 r38  x^6/((x^2+1)*(a-b*x^2)^3)
fired    4_3_7 r14  %mr_itan(%i*d*x+%i*c)^6/(a-b*%mr_itan(%i*d*x+%i*c)^2)^3
fired    9_1 r10  -(%mr_itan(%i*d*x+%i*c)^6/(a-b*%mr_itan(%i*d*x+%i*c)^2)^3)
fired    4_1_0_1 r1  tanh(d*x+c)^6/(b*tanh(d*x+c)^2+a)^3
RUBI-CPU 41.894995 
ANSWER-LEN 1422 UNINT false 
ANSWER (%i*(tanh(d*x+c)^2*(b^3*(30*a^2*log(-((b*tanh(d*x+c)^2+a)/(b*tanh(d*x+c)^2+2*%i*sqrt(a)*sqrt(b)*tanh(d*x+c)-a)))-32*%i*a^(3/2)*sqrt(b)*atanh(tanh(d*x+c)))+20*a^3*b^2*log(-((b*tanh(d*x+c)^2+a)/(b*tanh(d*x+c)^2+2*%i*sqrt(a)*sqrt(b)*tanh(d*x+c)-a)))+6*a^4*b*log(-((b*tanh(d*x+c)^2+a)/(b*tanh(d*x+c)^2+2*%i*sqrt(a)*sqrt(b)*tanh(d*x+c)-a))))+tanh(d*x+c)^4*(b^4*(15*a*log(-((b*tanh(d*x+c)^2+a)/(b*tanh(d*x+c)^2+2*%i*sqrt(a)*sqrt(b)*tanh(d*x+c)-a)))-16*%i*sqrt(a)*sqrt(b)*atanh(tanh(d*x+c)))+10*a^2*b^3*log(-((b*tanh(d*x+c)^2+a)/(b*tanh(d*x+c)^2+2*%i*sqrt(a)*sqrt(b)*tanh(d*x+c)-a)))+3*a^3*b^2*log(-(...

# entry 6.3 Hyperbolic tangent/6.3.7 (d hyper)^m (a+b (c tanh)^n)^p.mac e225  integrand sqrt(1+tanh(x)^2)
# core /home/serge/src/mr-attr-base/test/mr_rules.core  cap 120  hit_cap False  cpu [2.755006]
fired    9_3 r67  sqrt(tanh(x)^2+1)/(2*x+2)
fired    9_3 r67  sqrt(tanh(x)^2+1)/(2*x-2)
fired    1_4_1 r7  sqrt(tanh(x)^2+1)/(2*x+2)-sqrt(tanh(x)^2+1)/(2*x-2)
fired    9_3 r46  sqrt(tanh(x)^2+1)/(1-x^2)
fired    1_1_2_1 r17  1/sqrt(1-x^2)
fired    1_1_2_1 r10  1/(2*x^2+1)
fired    1_1_2_3 r12  1/(sqrt(1-x^2)*(x^2+1))
fired    1_1_2_3 r22  sqrt(1-x^2)/(x^2+1)
fired    4_7_5 r22  sqrt(1-%mr_itan(x)^2)
fired    9_3 r51  sqrt(1-%mr_itan(%i*x)^2)
fired    4_1_0_1 r1  sqrt(tanh(x)^2+1)
RUBI-CPU 2.686848 
ANSWER-LEN 65 UNINT false 
ANSWER sqrt(2)*atanh((sqrt(2)*tanh(x))/sqrt(tanh(x)^2+1))-asinh(tanh(x)) 

# entry 6.3 Hyperbolic tangent/6.3.7 (d hyper)^m (a+b (c tanh)^n)^p.mac e225  integrand sqrt(1+tanh(x)^2)
# core /home/serge/src/mr-attr/test/mr_rules.core  cap 120  hit_cap False  cpu [0.664781]
fired    1_1_2_1 r16  1/sqrt(x^2+1)
fired    1_1_2_1 r13  1/(1-2*x^2)
fired    1_1_2_3 r12  1/((1-x^2)*sqrt(x^2+1))
fired    1_1_2_3 r22  sqrt(x^2+1)/(1-x^2)
fired    4_3_7 r5  sqrt(1-%mr_itan(%i*x)^2)
fired    4_1_0_1 r1  sqrt(tanh(x)^2+1)
RUBI-CPU 0.57168 
ANSWER-LEN 733 UNINT false 
ANSWER (log(-((-(1189*2^(3/2)*tanh(x)^11*sqrt(tanh(x)^2+1))-679*2^(3/2)*tanh(x)^9*sqrt(tanh(x)^2+1)+487*2^(5/2)*tanh(x)^7*sqrt(tanh(x)^2+1)+377*2^(5/2)*tanh(x)^5*sqrt(tanh(x)^2+1)+135*2^(3/2)*tanh(x)^3*sqrt(tanh(x)^2+1)+5*2^(3/2)*tanh(x)*sqrt(tanh(x)^2+1)+3363*tanh(x)^12+3602*tanh(x)^10-2215*tanh(x)^8-3540*tanh(x)^6-1115*tanh(x)^4-94*tanh(x)^2-1)/(-(3465*2^(5/2)*tanh(x)^11*sqrt(tanh(x)^2+1))-6879*2^(5/2)*tanh(x)^9*sqrt(tanh(x)^2+1)-2325*2^(7/2)*tanh(x)^7*sqrt(tanh(x)^2+1)-631*2^(7/2)*tanh(x)^5*sqrt(tanh(x)^2+1)-125*2^(5/2)*tanh(x)^3*sqrt(tanh(x)^2+1)-3*2^(5/2)*tanh(x)*sqrt(tanh(x)^2+1)+19601*t...

# entry 6.3 Hyperbolic tangent/6.3.7 (d hyper)^m (a+b (c tanh)^n)^p.mac e227  integrand (1+tanh(x)^2)^(3/2)
# core /home/serge/src/mr-attr-base/test/mr_rules.core  cap 120  hit_cap False  cpu [2.891245]
fired    9_3 r67  (tanh(x)^2+1)^(3/2)/(2*x+2)
fired    9_3 r67  (tanh(x)^2+1)^(3/2)/(2*x-2)
fired    1_4_1 r7  (tanh(x)^2+1)^(3/2)/(2*x+2)-(tanh(x)^2+1)^(3/2)/(2*x-2)
fired    9_3 r46  (tanh(x)^2+1)^(3/2)/(1-x^2)
fired    1_1_2_1 r17  1/sqrt(1-x^2)
fired    1_1_2_1 r10  1/(2*x^2+1)
fired    1_1_2_3 r12  1/(sqrt(1-x^2)*(x^2+1))
fired    1_1_2_5 r3  (3-5*x^2)/(sqrt(1-x^2)*(x^2+1))
fired    1_1_2_3 r39  (1-x^2)^(3/2)/(x^2+1)
fired    4_7_5 r22  (1-%mr_itan(x)^2)^(3/2)
fired    9_3 r51  (1-%mr_itan(%i*x)^2)^(3/2)
fired    4_1_0_1 r1  (tanh(x)^2+1)^(3/2)
RUBI-CPU 2.817461 
ANSWER-LEN 110 UNINT false 
ANSWER (%i*(%i*(5*asinh(tanh(x))-2^(5/2)*atanh((sqrt(2)*tanh(x))/sqrt(tanh(x)^2+1)))+%i*tanh(x)*sqrt(tanh(x)^2+1)))/2 

# entry 6.3 Hyperbolic tangent/6.3.7 (d hyper)^m (a+b (c tanh)^n)^p.mac e227  integrand (1+tanh(x)^2)^(3/2)
# core /home/serge/src/mr-attr/test/mr_rules.core  cap 120  hit_cap False  cpu [0.983704]
fired    1_1_2_1 r16  1/sqrt(x^2+1)
fired    1_1_2_1 r13  1/(1-2*x^2)
fired    1_1_2_3 r12  1/((1-x^2)*sqrt(x^2+1))
fired    1_1_2_5 r3  (-(5*x^2)-3)/((1-x^2)*sqrt(x^2+1))
fired    1_1_2_3 r39  (x^2+1)^(3/2)/(1-x^2)
fired    4_3_7 r5  (1-%mr_itan(%i*x)^2)^(3/2)
fired    4_1_0_1 r1  (tanh(x)^2+1)^(3/2)
RUBI-CPU 0.910158 
ANSWER-LEN 761 UNINT false 
ANSWER -((-(2^(3/2)*log(-((-(1189*2^(3/2)*tanh(x)^11*sqrt(tanh(x)^2+1))-679*2^(3/2)*tanh(x)^9*sqrt(tanh(x)^2+1)+487*2^(5/2)*tanh(x)^7*sqrt(tanh(x)^2+1)+377*2^(5/2)*tanh(x)^5*sqrt(tanh(x)^2+1)+135*2^(3/2)*tanh(x)^3*sqrt(tanh(x)^2+1)+5*2^(3/2)*tanh(x)*sqrt(tanh(x)^2+1)+3363*tanh(x)^12+3602*tanh(x)^10-2215*tanh(x)^8-3540*tanh(x)^6-1115*tanh(x)^4-94*tanh(x)^2-1)/(-(3465*2^(5/2)*tanh(x)^11*sqrt(tanh(x)^2+1))-6879*2^(5/2)*tanh(x)^9*sqrt(tanh(x)^2+1)-2325*2^(7/2)*tanh(x)^7*sqrt(tanh(x)^2+1)-631*2^(7/2)*tanh(x)^5*sqrt(tanh(x)^2+1)-125*2^(5/2)*tanh(x)^3*sqrt(tanh(x)^2+1)-3*2^(5/2)*tanh(x)*sqrt(tanh(x)^...

# entry 6.3 Hyperbolic tangent/6.3.7 (d hyper)^m (a+b (c tanh)^n)^p.mac e255  integrand 1/sqrt(1+tanh(x)^2)
# core /home/serge/src/mr-attr-base/test/mr_rules.core  cap 120  hit_cap False  cpu [2.866351]
fired    9_3 r67  1/((2*x+2)*sqrt(tanh(x)^2+1))
fired    9_3 r67  1/((2*x-2)*sqrt(tanh(x)^2+1))
fired    1_4_1 r7  1/((2*x+2)*sqrt(tanh(x)^2+1))-1/((2*x-2)*sqrt(tanh(x)^2+1))
fired    9_3 r46  1/((1-x^2)*sqrt(tanh(x)^2+1))
fired    1_1_2_1 r10  1/(2*x^2+1)
fired    1_1_2_3 r12  1/(sqrt(1-x^2)*(x^2+1))
fired    4_7_5 r22  1/sqrt(1-%mr_itan(x)^2)
fired    9_3 r51  1/sqrt(1-%mr_itan(%i*x)^2)
fired    4_1_0_1 r1  1/sqrt(tanh(x)^2+1)
RUBI-CPU 2.811403 
ANSWER-LEN 50 UNINT false 
ANSWER atanh((sqrt(2)*tanh(x))/sqrt(tanh(x)^2+1))/sqrt(2) 

# entry 6.3 Hyperbolic tangent/6.3.7 (d hyper)^m (a+b (c tanh)^n)^p.mac e255  integrand 1/sqrt(1+tanh(x)^2)
# core /home/serge/src/mr-attr/test/mr_rules.core  cap 120  hit_cap False  cpu [0.609968]
fired    1_1_2_1 r13  1/(1-2*x^2)
fired    1_1_2_3 r12  1/((1-x^2)*sqrt(x^2+1))
fired    4_3_7 r5  1/sqrt(1-%mr_itan(%i*x)^2)
fired    4_1_0_1 r1  1/sqrt(tanh(x)^2+1)
RUBI-CPU 0.5295139999999999 
ANSWER-LEN 692 UNINT false 
ANSWER log(-((-(1189*2^(3/2)*tanh(x)^11*sqrt(tanh(x)^2+1))-679*2^(3/2)*tanh(x)^9*sqrt(tanh(x)^2+1)+487*2^(5/2)*tanh(x)^7*sqrt(tanh(x)^2+1)+377*2^(5/2)*tanh(x)^5*sqrt(tanh(x)^2+1)+135*2^(3/2)*tanh(x)^3*sqrt(tanh(x)^2+1)+5*2^(3/2)*tanh(x)*sqrt(tanh(x)^2+1)+3363*tanh(x)^12+3602*tanh(x)^10-2215*tanh(x)^8-3540*tanh(x)^6-1115*tanh(x)^4-94*tanh(x)^2-1)/(-(3465*2^(5/2)*tanh(x)^11*sqrt(tanh(x)^2+1))-6879*2^(5/2)*tanh(x)^9*sqrt(tanh(x)^2+1)-2325*2^(7/2)*tanh(x)^7*sqrt(tanh(x)^2+1)-631*2^(7/2)*tanh(x)^5*sqrt(tanh(x)^2+1)-125*2^(5/2)*tanh(x)^3*sqrt(tanh(x)^2+1)-3*2^(5/2)*tanh(x)*sqrt(tanh(x)^2+1)+19601*ta...

# entry 6.4 Hyperbolic cotangent/6.4.7 (d hyper)^m (a+b (c coth)^n)^p.mac e28  integrand sqrt(1+coth(x)^2)
# core /home/serge/src/mr-attr-base/test/mr_rules.core  cap 120  hit_cap False  cpu [2.677958]
fired    9_3 r67  sqrt(coth(x)^2+1)/(2*x+2)
fired    9_3 r67  sqrt(coth(x)^2+1)/(2*x-2)
fired    1_4_1 r7  sqrt(coth(x)^2+1)/(2*x+2)-sqrt(coth(x)^2+1)/(2*x-2)
fired    9_3 r46  sqrt(coth(x)^2+1)/(1-x^2)
fired    1_1_2_1 r17  1/sqrt(1-x^2)
fired    1_1_2_1 r10  1/(2*x^2+1)
fired    1_1_2_3 r12  1/(sqrt(1-x^2)*(x^2+1))
fired    1_1_2_3 r22  sqrt(1-x^2)/(x^2+1)
fired    4_7_5 r22  sqrt(1-%mr_itan(x)^2)
fired    9_3 r51  sqrt(1-%mr_itan(%i*x+%pi/2)^2)
fired    4_1_0_1 r1  sqrt(coth(x)^2+1)
RUBI-CPU 2.618629 
ANSWER-LEN 65 UNINT false 
ANSWER sqrt(2)*atanh((sqrt(2)*coth(x))/sqrt(coth(x)^2+1))-asinh(coth(x)) 

# entry 6.4 Hyperbolic cotangent/6.4.7 (d hyper)^m (a+b (c coth)^n)^p.mac e28  integrand sqrt(1+coth(x)^2)
# core /home/serge/src/mr-attr/test/mr_rules.core  cap 120  hit_cap False  cpu [0.683733]
fired    1_1_2_1 r16  1/sqrt(x^2+1)
fired    1_1_2_1 r13  1/(1-2*x^2)
fired    1_1_2_3 r12  1/((1-x^2)*sqrt(x^2+1))
fired    1_1_2_3 r22  sqrt(x^2+1)/(1-x^2)
fired    4_3_7 r5  sqrt(1-%mr_itan(%i*x+%pi/2)^2)
fired    4_1_0_1 r1  sqrt(coth(x)^2+1)
RUBI-CPU 0.5955159999999999 
ANSWER-LEN 733 UNINT false 
ANSWER (log(-((-(1189*2^(3/2)*coth(x)^11*sqrt(coth(x)^2+1))-679*2^(3/2)*coth(x)^9*sqrt(coth(x)^2+1)+487*2^(5/2)*coth(x)^7*sqrt(coth(x)^2+1)+377*2^(5/2)*coth(x)^5*sqrt(coth(x)^2+1)+135*2^(3/2)*coth(x)^3*sqrt(coth(x)^2+1)+5*2^(3/2)*coth(x)*sqrt(coth(x)^2+1)+3363*coth(x)^12+3602*coth(x)^10-2215*coth(x)^8-3540*coth(x)^6-1115*coth(x)^4-94*coth(x)^2-1)/(-(3465*2^(5/2)*coth(x)^11*sqrt(coth(x)^2+1))-6879*2^(5/2)*coth(x)^9*sqrt(coth(x)^2+1)-2325*2^(7/2)*coth(x)^7*sqrt(coth(x)^2+1)-631*2^(7/2)*coth(x)^5*sqrt(coth(x)^2+1)-125*2^(5/2)*coth(x)^3*sqrt(coth(x)^2+1)-3*2^(5/2)*coth(x)*sqrt(coth(x)^2+1)+19601*c...

# entry 6.4 Hyperbolic cotangent/6.4.7 (d hyper)^m (a+b (c coth)^n)^p.mac e30  integrand (1+coth(x)^2)^(3/2)
# core /home/serge/src/mr-attr-base/test/mr_rules.core  cap 120  hit_cap False  cpu [3.136836]
fired    9_3 r67  (coth(x)^2+1)^(3/2)/(2*x+2)
fired    9_3 r67  (coth(x)^2+1)^(3/2)/(2*x-2)
fired    1_4_1 r7  (coth(x)^2+1)^(3/2)/(2*x+2)-(coth(x)^2+1)^(3/2)/(2*x-2)
fired    9_3 r46  (coth(x)^2+1)^(3/2)/(1-x^2)
fired    1_1_2_1 r17  1/sqrt(1-x^2)
fired    1_1_2_1 r10  1/(2*x^2+1)
fired    1_1_2_3 r12  1/(sqrt(1-x^2)*(x^2+1))
fired    1_1_2_5 r3  (3-5*x^2)/(sqrt(1-x^2)*(x^2+1))
fired    1_1_2_3 r39  (1-x^2)^(3/2)/(x^2+1)
fired    4_7_5 r22  (1-%mr_itan(x)^2)^(3/2)
fired    9_3 r51  (1-%mr_itan(%i*x+%pi/2)^2)^(3/2)
fired    4_1_0_1 r1  (coth(x)^2+1)^(3/2)
RUBI-CPU 3.063987 
ANSWER-LEN 110 UNINT false 
ANSWER (%i*(%i*(5*asinh(coth(x))-2^(5/2)*atanh((sqrt(2)*coth(x))/sqrt(coth(x)^2+1)))+%i*coth(x)*sqrt(coth(x)^2+1)))/2 

# entry 6.4 Hyperbolic cotangent/6.4.7 (d hyper)^m (a+b (c coth)^n)^p.mac e30  integrand (1+coth(x)^2)^(3/2)
# core /home/serge/src/mr-attr/test/mr_rules.core  cap 120  hit_cap False  cpu [1.076534]
fired    1_1_2_1 r16  1/sqrt(x^2+1)
fired    1_1_2_1 r13  1/(1-2*x^2)
fired    1_1_2_3 r12  1/((1-x^2)*sqrt(x^2+1))
fired    1_1_2_5 r3  (-(5*x^2)-3)/((1-x^2)*sqrt(x^2+1))
fired    1_1_2_3 r39  (x^2+1)^(3/2)/(1-x^2)
fired    4_3_7 r5  (1-%mr_itan(%i*x+%pi/2)^2)^(3/2)
fired    4_1_0_1 r1  (coth(x)^2+1)^(3/2)
RUBI-CPU 0.998743 
ANSWER-LEN 761 UNINT false 
ANSWER -((-(2^(3/2)*log(-((-(1189*2^(3/2)*coth(x)^11*sqrt(coth(x)^2+1))-679*2^(3/2)*coth(x)^9*sqrt(coth(x)^2+1)+487*2^(5/2)*coth(x)^7*sqrt(coth(x)^2+1)+377*2^(5/2)*coth(x)^5*sqrt(coth(x)^2+1)+135*2^(3/2)*coth(x)^3*sqrt(coth(x)^2+1)+5*2^(3/2)*coth(x)*sqrt(coth(x)^2+1)+3363*coth(x)^12+3602*coth(x)^10-2215*coth(x)^8-3540*coth(x)^6-1115*coth(x)^4-94*coth(x)^2-1)/(-(3465*2^(5/2)*coth(x)^11*sqrt(coth(x)^2+1))-6879*2^(5/2)*coth(x)^9*sqrt(coth(x)^2+1)-2325*2^(7/2)*coth(x)^7*sqrt(coth(x)^2+1)-631*2^(7/2)*coth(x)^5*sqrt(coth(x)^2+1)-125*2^(5/2)*coth(x)^3*sqrt(coth(x)^2+1)-3*2^(5/2)*coth(x)*sqrt(coth(x)^...

# entry 6.4 Hyperbolic cotangent/6.4.7 (d hyper)^m (a+b (c coth)^n)^p.mac e48  integrand 1/sqrt(1+coth(x)^2)
# core /home/serge/src/mr-attr-base/test/mr_rules.core  cap 120  hit_cap False  cpu [2.834389]
fired    9_3 r67  1/((2*x+2)*sqrt(coth(x)^2+1))
fired    9_3 r67  1/((2*x-2)*sqrt(coth(x)^2+1))
fired    1_4_1 r7  1/((2*x+2)*sqrt(coth(x)^2+1))-1/((2*x-2)*sqrt(coth(x)^2+1))
fired    9_3 r46  1/((1-x^2)*sqrt(coth(x)^2+1))
fired    1_1_2_1 r10  1/(2*x^2+1)
fired    1_1_2_3 r12  1/(sqrt(1-x^2)*(x^2+1))
fired    4_7_5 r22  1/sqrt(1-%mr_itan(x)^2)
fired    9_3 r51  1/sqrt(1-%mr_itan(%i*x+%pi/2)^2)
fired    4_1_0_1 r1  1/sqrt(coth(x)^2+1)
RUBI-CPU 2.768457 
ANSWER-LEN 50 UNINT false 
ANSWER atanh((sqrt(2)*coth(x))/sqrt(coth(x)^2+1))/sqrt(2) 

# entry 6.4 Hyperbolic cotangent/6.4.7 (d hyper)^m (a+b (c coth)^n)^p.mac e48  integrand 1/sqrt(1+coth(x)^2)
# core /home/serge/src/mr-attr/test/mr_rules.core  cap 120  hit_cap False  cpu [0.522948]
fired    1_1_2_1 r13  1/(1-2*x^2)
fired    1_1_2_3 r12  1/((1-x^2)*sqrt(x^2+1))
fired    4_3_7 r5  1/sqrt(1-%mr_itan(%i*x+%pi/2)^2)
fired    4_1_0_1 r1  1/sqrt(coth(x)^2+1)
RUBI-CPU 0.44261600000000006 
ANSWER-LEN 692 UNINT false 
ANSWER log(-((-(1189*2^(3/2)*coth(x)^11*sqrt(coth(x)^2+1))-679*2^(3/2)*coth(x)^9*sqrt(coth(x)^2+1)+487*2^(5/2)*coth(x)^7*sqrt(coth(x)^2+1)+377*2^(5/2)*coth(x)^5*sqrt(coth(x)^2+1)+135*2^(3/2)*coth(x)^3*sqrt(coth(x)^2+1)+5*2^(3/2)*coth(x)*sqrt(coth(x)^2+1)+3363*coth(x)^12+3602*coth(x)^10-2215*coth(x)^8-3540*coth(x)^6-1115*coth(x)^4-94*coth(x)^2-1)/(-(3465*2^(5/2)*coth(x)^11*sqrt(coth(x)^2+1))-6879*2^(5/2)*coth(x)^9*sqrt(coth(x)^2+1)-2325*2^(7/2)*coth(x)^7*sqrt(coth(x)^2+1)-631*2^(7/2)*coth(x)^5*sqrt(coth(x)^2+1)-125*2^(5/2)*coth(x)^3*sqrt(coth(x)^2+1)-3*2^(5/2)*coth(x)*sqrt(coth(x)^2+1)+19601*co...

# entry 6.5 Hyperbolic secant/6.5.7 (d hyper)^m (a+b (c sech)^n)^p.mac e45  integrand csch(c+d*x)/(a+b*sech(c+d*x)^2)^3
# core /home/serge/src/mr-attr-base/test/mr_rules.core  cap 120  hit_cap False  cpu [23.682831]
fired    1_1_2_1 r13  1/(1-x^2)
fired    1_1_2_1 r12  1/(a*x^2+b)
fired    1_1_2_5 r2  ((-(3*b^2)-7*a*b-8*a^2)*x^2+3*b^2+7*a*b)/((1-x^2)*(a*x^2+b))
fired    9_1 r6  ((-(3*b^2)-8*a^2)*x^2-7*a*b*x^2+3*b^2+7*a*b)/((1-x^2)*(a*x^2+b))
fired    9_1 r6  (-(3*b^2*x^2)-7*a*b*x^2-8*a^2*x^2+3*b^2+7*a*b)/((1-x^2)*(a*x^2+b))
fired    1_4_2 r9  (-(8*a^2*x^2)+b^2*(3-3*x^2)+a*b*(7-7*x^2))/((1-x^2)*(a*x^2+b))
fired    1_1_2_6 r6  (x^2*((-(3*b)-4*a)*x^2+3*b))/((1-x^2)*(a*x^2+b)^2)
fired    9_1 r6  (x^2*(-(3*b*x^2)-4*a*x^2+3*b))/((1-x^2)*(a*x^2+b)^2)
fired    1_4_2 r10  (x^2*(b*(3-3*x^2)-4*a*x^2))/((1-x^2)*(a*x^2+b)^2)
fired    1_1_2_4 r38  x^6/((1-x^2)*(a*x^2+b)^3)
fired    1_1_3_3 r66  1/((b/x^2+a)^3*(1-x^2))
fired    4_7_5 r48  1/((b*%mr_isec(%i*d*x+%i*c)^2+a)^3*%mr_isin(%i*d*x+%i*c))
fired    9_1 r11  %i/((b*%mr_isec(%i*d*x+%i*c)^2+a)^3*%mr_isin(%i*d*x+%i*c))
fired    4_1_0_1 r1  csch(d*x+c)/(b*sech(d*x+c)^2+a)^3
RUBI-CPU 23.625563 
ANSWER-LEN 934 UNINT false 
ANSWER (b*(a^(7/2)*sqrt(b)*(-(8*cosh(d*x+c)^2*log(-((cosh(d*x+c)+1)/(cosh(d*x+c)-1))))-9*cosh(d*x+c)^3)+15*a^4*cosh(d*x+c)^4*atan((sqrt(a)*cosh(d*x+c))/sqrt(b)))-4*a^(9/2)*sqrt(b)*cosh(d*x+c)^4*log(-((cosh(d*x+c)+1)/(cosh(d*x+c)-1)))+b^2*(a^(5/2)*sqrt(b)*(-(4*log(-((cosh(d*x+c)+1)/(cosh(d*x+c)-1))))-14*cosh(d*x+c)^3-7*cosh(d*x+c))+a^3*(10*cosh(d*x+c)^4+30*cosh(d*x+c)^2)*atan((sqrt(a)*cosh(d*x+c))/sqrt(b)))+b^3*(a^2*(3*cosh(d*x+c)^4+20*cosh(d*x+c)^2+15)*atan((sqrt(a)*cosh(d*x+c))/sqrt(b))+a^(3/2)*sqrt(b)*(-(5*cosh(d*x+c)^3)-10*cosh(d*x+c)))+b^4*(a*(6*cosh(d*x+c)^2+10)*atan((sqrt(a)*cosh(d*x+c))...

# entry 6.5 Hyperbolic secant/6.5.7 (d hyper)^m (a+b (c sech)^n)^p.mac e45  integrand csch(c+d*x)/(a+b*sech(c+d*x)^2)^3
# core /home/serge/src/mr-attr/test/mr_rules.core  cap 120  hit_cap False  cpu [40.301371]
fired    1_1_2_1 r13  1/(1-x^2)
fired    1_1_2_1 r12  1/(a*x^2+b)
fired    1_1_2_5 r2  ((-(3*b^2)-7*a*b-8*a^2)*x^2+3*b^2+7*a*b)/((1-x^2)*(a*x^2+b))
fired    9_1 r6  ((-(3*b^2)-8*a^2)*x^2-7*a*b*x^2+3*b^2+7*a*b)/((1-x^2)*(a*x^2+b))
fired    9_1 r6  (-(3*b^2*x^2)-7*a*b*x^2-8*a^2*x^2+3*b^2+7*a*b)/((1-x^2)*(a*x^2+b))
fired    1_4_2 r9  (-(8*a^2*x^2)+b^2*(3-3*x^2)+a*b*(7-7*x^2))/((1-x^2)*(a*x^2+b))
fired    1_1_2_6 r6  (x^2*((-(3*b)-4*a)*x^2+3*b))/((1-x^2)*(a*x^2+b)^2)
fired    9_1 r6  (x^2*(-(3*b*x^2)-4*a*x^2+3*b))/((1-x^2)*(a*x^2+b)^2)
fired    1_4_2 r10  (x^2*(b*(3-3*x^2)-4*a*x^2))/((1-x^2)*(a*x^2+b)^2)
fired    1_1_2_4 r38  x^6/((1-x^2)*(a*x^2+b)^3)
fired    4_5_7 r14  1/((b*%mr_isec(%i*d*x+%i*c)^2+a)^3*%mr_isin(%i*d*x+%i*c))
fired    9_1 r11  %i/((b*%mr_isec(%i*d*x+%i*c)^2+a)^3*%mr_isin(%i*d*x+%i*c))
fired    4_1_0_1 r1  csch(d*x+c)/(b*sech(d*x+c)^2+a)^3
RUBI-CPU 40.191931 
ANSWER-LEN 934 UNINT false 
ANSWER (b*(a^(7/2)*sqrt(b)*(-(8*cosh(d*x+c)^2*log(-((cosh(d*x+c)+1)/(cosh(d*x+c)-1))))-9*cosh(d*x+c)^3)+15*a^4*cosh(d*x+c)^4*atan((sqrt(a)*cosh(d*x+c))/sqrt(b)))-4*a^(9/2)*sqrt(b)*cosh(d*x+c)^4*log(-((cosh(d*x+c)+1)/(cosh(d*x+c)-1)))+b^2*(a^(5/2)*sqrt(b)*(-(4*log(-((cosh(d*x+c)+1)/(cosh(d*x+c)-1))))-14*cosh(d*x+c)^3-7*cosh(d*x+c))+a^3*(10*cosh(d*x+c)^4+30*cosh(d*x+c)^2)*atan((sqrt(a)*cosh(d*x+c))/sqrt(b)))+b^3*(a^2*(3*cosh(d*x+c)^4+20*cosh(d*x+c)^2+15)*atan((sqrt(a)*cosh(d*x+c))/sqrt(b))+a^(3/2)*sqrt(b)*(-(5*cosh(d*x+c)^3)-10*cosh(d*x+c)))+b^4*(a*(6*cosh(d*x+c)^2+10)*atan((sqrt(a)*cosh(d*x+c))...

# entry 6.5 Hyperbolic secant/6.5.7 (d hyper)^m (a+b (c sech)^n)^p.mac e158  integrand tanh(c+d*x)^6/(a+b*sech(c+d*x)^2)^3
# core /home/serge/src/mr-attr-base/test/mr_rules.core  cap 120  hit_cap False  cpu [25.265675]
fired    1_1_2_1 r10  1/(x^2+1)
fired    1_1_2_1 r12  1/(b*x^2+b+a)
fired    1_1_2_5 r2  ((-(4*b^2)+a*b-3*a^2)*x^2+4*b^2+a*b-3*a^2)/((x^2+1)*(b*x^2+b+a))
fired    9_1 r6  ((-(4*b^2)-3*a^2)*x^2+a*b*x^2+4*b^2+a*b-3*a^2)/((x^2+1)*(b*x^2+b+a))
fired    9_1 r6  (-(4*b^2*x^2)+a*b*x^2-3*a^2*x^2+4*b^2+a*b-3*a^2)/((x^2+1)*(b*x^2+b+a))
fired    1_4_2 r9  (a*b*(x^2+1)+a^2*(-(3*x^2)-3)+b^2*(4-4*x^2))/((x^2+1)*(b*x^2+b+a))
fired    1_1_2_6 r6  (x^2*((3*a-b)*x^2+3*b+3*a))/((x^2+1)*(b*x^2+b+a)^2)
fired    9_1 r6  (x^2*(-(b*x^2)+3*a*x^2+3*b+3*a))/((x^2+1)*(b*x^2+b+a)^2)
fired    1_4_2 r10  (x^2*(a*(3*x^2+3)+b*(3-x^2)))/((x^2+1)*(b*x^2+b+a)^2)
fired    1_1_2_4 r38  x^6/((x^2+1)*(b*x^2+b+a)^3)
fired    4_7_5 r58  %mr_itan(%i*d*x+%i*c)^6/(b*%mr_isec(%i*d*x+%i*c)^2+a)^3
fired    9_1 r10  -(%mr_itan(%i*d*x+%i*c)^6/(b*%mr_isec(%i*d*x+%i*c)^2+a)^3)
fired    4_1_0_1 r1  tanh(d*x+c)^6/(b*sech(d*x+c)^2+a)^3
RUBI-CPU 25.168347 
ANSWER-LEN 1615 UNINT false 
ANSWER (%i*(b^4*(a*(4*%i*tanh(d*x+c)^4*atanh((sqrt(b)*tanh(d*x+c))/sqrt(b+a))-24*%i*tanh(d*x+c)^2*atanh((sqrt(b)*tanh(d*x+c))/sqrt(b+a))+20*%i*atanh((sqrt(b)*tanh(d*x+c))/sqrt(b+a)))-8*%i*sqrt(b)*sqrt(b+a)*tanh(d*x+c)^4*atanh(tanh(d*x+c))+16*%i*sqrt(b)*sqrt(b+a)*tanh(d*x+c)^2*atanh(tanh(d*x+c))-8*%i*sqrt(b)*sqrt(b+a)*atanh(tanh(d*x+c)))+b^2*(a^3*(3*%i*tanh(d*x+c)^4*atanh((sqrt(b)*tanh(d*x+c))/sqrt(b+a))-4*%i*tanh(d*x+c)^2*atanh((sqrt(b)*tanh(d*x+c))/sqrt(b+a))+5*%i*atanh((sqrt(b)*tanh(d*x+c))/sqrt(b+a)))+a^2*(-(8*%i*sqrt(b)*sqrt(b+a)*atanh(tanh(d*x+c)))+%i*sqrt(b)*sqrt(b+a)*tanh(d*x+c)^3+5*%i*...

# entry 6.5 Hyperbolic secant/6.5.7 (d hyper)^m (a+b (c sech)^n)^p.mac e158  integrand tanh(c+d*x)^6/(a+b*sech(c+d*x)^2)^3
# core /home/serge/src/mr-attr/test/mr_rules.core  cap 120  hit_cap False  cpu [47.916639]
fired    1_1_2_1 r10  1/(x^2+1)
fired    1_1_2_1 r12  1/(b*x^2+b+a)
fired    1_1_2_5 r2  ((-(4*b^2)+a*b-3*a^2)*x^2+4*b^2+a*b-3*a^2)/((x^2+1)*(b*x^2+b+a))
fired    9_1 r6  ((-(4*b^2)-3*a^2)*x^2+a*b*x^2+4*b^2+a*b-3*a^2)/((x^2+1)*(b*x^2+b+a))
fired    9_1 r6  (-(4*b^2*x^2)+a*b*x^2-3*a^2*x^2+4*b^2+a*b-3*a^2)/((x^2+1)*(b*x^2+b+a))
fired    1_4_2 r9  (a*b*(x^2+1)+a^2*(-(3*x^2)-3)+b^2*(4-4*x^2))/((x^2+1)*(b*x^2+b+a))
fired    1_1_2_6 r6  (x^2*((3*a-b)*x^2+3*b+3*a))/((x^2+1)*(b*x^2+b+a)^2)
fired    9_1 r6  (x^2*(-(b*x^2)+3*a*x^2+3*b+3*a))/((x^2+1)*(b*x^2+b+a)^2)
fired    1_4_2 r10  (x^2*(a*(3*x^2+3)+b*(3-x^2)))/((x^2+1)*(b*x^2+b+a)^2)
fired    1_1_2_4 r38  x^6/((x^2+1)*(b*x^2+b+a)^3)
fired    1_4_2 r8  x^6/((x^2+1)*(b*(x^2+1)+a)^3)
fired    4_5_7 r22  %mr_itan(%i*d*x+%i*c)^6/(b*%mr_isec(%i*d*x+%i*c)^2+a)^3
fired    9_1 r10  -(%mr_itan(%i*d*x+%i*c)^6/(b*%mr_isec(%i*d*x+%i*c)^2+a)^3)
fired    4_1_0_1 r1  tanh(d*x+c)^6/(b*sech(d*x+c)^2+a)^3
RUBI-CPU 47.804558 
ANSWER-LEN 1615 UNINT false 
ANSWER (%i*(b^4*(a*(4*%i*tanh(d*x+c)^4*atanh((sqrt(b)*tanh(d*x+c))/sqrt(b+a))-24*%i*tanh(d*x+c)^2*atanh((sqrt(b)*tanh(d*x+c))/sqrt(b+a))+20*%i*atanh((sqrt(b)*tanh(d*x+c))/sqrt(b+a)))-8*%i*sqrt(b)*sqrt(b+a)*tanh(d*x+c)^4*atanh(tanh(d*x+c))+16*%i*sqrt(b)*sqrt(b+a)*tanh(d*x+c)^2*atanh(tanh(d*x+c))-8*%i*sqrt(b)*sqrt(b+a)*atanh(tanh(d*x+c)))+b^2*(a^3*(3*%i*tanh(d*x+c)^4*atanh((sqrt(b)*tanh(d*x+c))/sqrt(b+a))-4*%i*tanh(d*x+c)^2*atanh((sqrt(b)*tanh(d*x+c))/sqrt(b+a))+5*%i*atanh((sqrt(b)*tanh(d*x+c))/sqrt(b+a)))+a^2*(-(8*%i*sqrt(b)*sqrt(b+a)*atanh(tanh(d*x+c)))+%i*sqrt(b)*sqrt(b+a)*tanh(d*x+c)^3+5*%i*...

