=== class5 queue plan ===
entries: 48  units: 48  workers: 12  cap: 30s  timed by (no --prev): 0  untimed (run first): 48
job-seconds: 0  (one entry per unit)
estimated core-seconds: 0  estimated wall: 0.0 min (= core-seconds/workers + largest unit; timed entries only)
switches: mr_flat_wide=false mr_cond_retry=true mr_model_flags=true mr_nested_fallback=false mr_giveup_last=true mr_inert_leak_misfire=true mr_last_resort_tier=true mr_general_after_giveups=true mr_max_depth=32 mr_eqq_symbolic=true mr_subst_simp=false mr_gtq_facts=false
outputs: /home/serge/src/maxima-rubi/probes/verify-stages/11-values-appellf1/control/class5/shard00.out .. shard11.out  pids: /home/serge/src/maxima-rubi/probes/verify-stages/11-values-appellf1/control/class5/pids  log: /home/serge/src/maxima-rubi/probes/verify-stages/11-values-appellf1/control/class5/queue.log
PASS: verified       t=   0.1s 5 Inverse trig functions/5.1 Inverse sine/5.1.4a (f x)^m (d-c^2 d x^2)^p (a+b arcsin(c x))^n.mac e49 L62
PASS: verified       t=   0.2s 5 Inverse trig functions/5.1 Inverse sine/5.1.2 (d x)^m (a+b arcsin(c x))^n.mac e45 L58
PASS: verified       t=   0.3s 5 Inverse trig functions/5.1 Inverse sine/5.1.4a (f x)^m (d-c^2 d x^2)^p (a+b arcsin(c x))^n.mac e379 L446
PASS: verified       t=   0.5s 5 Inverse trig functions/5.1 Inverse sine/5.1.4b (f x)^m (d+e x^2)^p (a+b arcsin(c x))^n.mac e66 L89
PASS: verified       t=   0.0s 5 Inverse trig functions/5.1 Inverse sine/5.1.5 Inverse sine functions.mac e4 L15
PASS: verified       t=   0.1s 5 Inverse trig functions/5.1 Inverse sine/5.1.5 Inverse sine functions.mac e7 L18
PASS: verified       t=   0.8s 5 Inverse trig functions/5.1 Inverse sine/5.1.2 (d x)^m (a+b arcsin(c x))^n.mac e40 L51
PASS: verified       t=   0.0s 5 Inverse trig functions/5.1 Inverse sine/5.1.5 Inverse sine functions.mac e415 L548
PASS: expected       t=   0.3s 5 Inverse trig functions/5.1 Inverse sine/5.1.2 (d x)^m (a+b arcsin(c x))^n.mac e159 L194
PASS: verified       t=   0.6s 5 Inverse trig functions/5.1 Inverse sine/5.1.5 Inverse sine functions.mac e387 L516
PASS: verified       t=   0.3s 5 Inverse trig functions/5.1 Inverse sine/5.1.5 Inverse sine functions.mac e446 L589
PASS: verified       t=   0.3s 5 Inverse trig functions/5.2 Inverse cosine/5.2.2 (d x)^m (a+b arccos(c x))^n.mac e27 L38
PASS: verified       t=   1.5s 5 Inverse trig functions/5.1 Inverse sine/5.1.4a (f x)^m (d-c^2 d x^2)^p (a+b arcsin(c x))^n.mac e27 L38
PASS: expected       t=   0.4s 5 Inverse trig functions/5.1 Inverse sine/5.1.2 (d x)^m (a+b arcsin(c x))^n.mac e185 L224
PASS: verified       t=   0.3s 5 Inverse trig functions/5.2 Inverse cosine/5.2.2 (d x)^m (a+b arccos(c x))^n.mac e77 L94
PASS: verified       t=   0.2s 5 Inverse trig functions/5.2 Inverse cosine/5.2.5 Inverse cosine functions.mac e69 L126
PASS: verified       t=   0.3s 5 Inverse trig functions/5.3 Inverse tangent/5.3.2 (d x)^m (a+b arctan(c x^n))^p.mac e80 L115
PASS: verified       t=   0.4s 5 Inverse trig functions/5.3 Inverse tangent/5.3.2 (d x)^m (a+b arctan(c x^n))^p.mac e23 L34
PASS: verified       t=   0.9s 5 Inverse trig functions/5.2 Inverse cosine/5.2.2 (d x)^m (a+b arccos(c x))^n.mac e81 L98
PASS: verified       t=   0.4s 5 Inverse trig functions/5.3 Inverse tangent/5.3.4 u (a+b arctan(c x))^p.mac e37 L48
PASS: verified       t=   0.5s 5 Inverse trig functions/5.3 Inverse tangent/5.3.2 (d x)^m (a+b arctan(c x^n))^p.mac e152 L221
PASS: verified       t=   0.2s 5 Inverse trig functions/5.3 Inverse tangent/5.3.4 u (a+b arctan(c x))^p.mac e164 L205
PASS: verified       t=   0.4s 5 Inverse trig functions/5.3 Inverse tangent/5.3.4 u (a+b arctan(c x))^p.mac e157 L198
PASS: verified       t=   3.0s 5 Inverse trig functions/5.1 Inverse sine/5.1.4b (f x)^m (d+e x^2)^p (a+b arcsin(c x))^n.mac e58 L75
PASS: verified       t=   0.5s 5 Inverse trig functions/5.3 Inverse tangent/5.3.4 u (a+b arctan(c x))^p.mac e123 L144
PASS: expected       t=   0.5s 5 Inverse trig functions/5.1 Inverse sine/5.1.4a (f x)^m (d-c^2 d x^2)^p (a+b arcsin(c x))^n.mac e439 L526
PASS: verified       t=   1.2s 5 Inverse trig functions/5.3 Inverse tangent/5.3.4 u (a+b arctan(c x))^p.mac e96 L115
PASS: verified       t=   1.3s 5 Inverse trig functions/5.3 Inverse tangent/5.3.4 u (a+b arctan(c x))^p.mac e68 L85
PASS: verified       t=   0.6s 5 Inverse trig functions/5.3 Inverse tangent/5.3.4 u (a+b arctan(c x))^p.mac e247 L296
PASS: verified       t=   0.6s 5 Inverse trig functions/5.3 Inverse tangent/5.3.4 u (a+b arctan(c x))^p.mac e392 L467
PASS: verified       t=   0.7s 5 Inverse trig functions/5.3 Inverse tangent/5.3.4 u (a+b arctan(c x))^p.mac e516 L613
PASS: verified       t=   0.1s 5 Inverse trig functions/5.3 Inverse tangent/5.3.6 Exponentials of inverse tangent.mac e313 L378
PASS: expected       t=   0.1s 5 Inverse trig functions/5.3 Inverse tangent/5.3.6 Exponentials of inverse tangent.mac e325 L390
PASS: verified       t=   0.5s 5 Inverse trig functions/5.3 Inverse tangent/5.3.4 u (a+b arctan(c x))^p.mac e1149 L1380
PASS: verified       t=   0.5s 5 Inverse trig functions/5.3 Inverse tangent/5.3.4 u (a+b arctan(c x))^p.mac e1280 L1535
PASS: verified       t=   0.5s 5 Inverse trig functions/5.3 Inverse tangent/5.3.5 u (a+b arctan(c+d x))^p.mac e38 L51
PASS: verified       t=   0.1s 5 Inverse trig functions/5.3 Inverse tangent/5.3.7 Inverse tangent functions.mac e13 L24
PASS: verified       t=   0.1s 5 Inverse trig functions/5.4 Inverse cotangent/5.4.1 Inverse cotangent functions.mac e2 L13
PASS: expected       t=   0.4s 5 Inverse trig functions/5.3 Inverse tangent/5.3.6 Exponentials of inverse tangent.mac e180 L219
PASS: verified       t=   0.3s 5 Inverse trig functions/5.4 Inverse cotangent/5.4.1 Inverse cotangent functions.mac e38 L57
PASS: verified       t=   0.2s 5 Inverse trig functions/5.4 Inverse cotangent/5.4.1 Inverse cotangent functions.mac e207 L292
PASS: verified       t=   1.5s 5 Inverse trig functions/5.3 Inverse tangent/5.3.4 u (a+b arctan(c x))^p.mac e637 L762
PASS: expected       t=   0.9s 5 Inverse trig functions/5.1 Inverse sine/5.1.4b (f x)^m (d+e x^2)^p (a+b arcsin(c x))^n.mac e96 L141
PASS: expected       t=   0.8s 5 Inverse trig functions/5.1 Inverse sine/5.1.4a (f x)^m (d-c^2 d x^2)^p (a+b arcsin(c x))^n.mac e328 L389
PASS: expected       t=   0.7s 5 Inverse trig functions/5.1 Inverse sine/5.1.5 Inverse sine functions.mac e216 L311
PASS: verified       t=   2.8s 5 Inverse trig functions/5.5 Inverse secant/5.5.1 u (a+b arcsec(c x))^n.mac e141 L188
PASS: expected       t=   0.7s 5 Inverse trig functions/5.1 Inverse sine/5.1.4b (f x)^m (d+e x^2)^p (a+b arcsin(c x))^n.mac e83 L120
PASS: verified       t=  12.9s 5 Inverse trig functions/5.1 Inverse sine/5.1.5 Inverse sine functions.mac e105 L168
queue wall: 13.9s  entries: 48  units: 48  workers: 12  harness failures: 0
