=== maxima-rubi corpus queue worker 00 (filter '5 Inverse trig functions/') ===
date: 2026-09-29 09:01 UTC
maxima: Maxima-version: "branch_5_50_base_84_g4204fb669"
maxima: Maxima build date: "2026-08-31 13:27:47"
maxima: Host type: "x86_64-pc-linux-gnu"
maxima: Lisp implementation type: "SBCL"
maxima: Lisp implementation version: "2.6.7"
filter: '5 Inverse trig functions/'  queue worker 00 of 12  timeout: 30s cpu  entries: 48  subset: verified of /home/serge/src/maxima-rubi/probes/verify-stages/08-stage-order/entries/class5.control.out  switches: mr_flat_wide=false mr_cond_retry=true mr_model_flags=true mr_nested_fallback=false mr_giveup_last=true mr_inert_leak_misfire=true mr_last_resort_tier=true mr_general_after_giveups=true mr_max_depth=32 mr_eqq_symbolic=true mr_subst_simp=false mr_gtq_facts=false  verify: 30s cpu, stage 5s

verified       t=   0.8s 5 Inverse trig functions/5.1 Inverse sine/5.1.2 (d x)^m (a+b arcsin(c x))^n.mac e40 L51
verified       t=   0.0s 5 Inverse trig functions/5.1 Inverse sine/5.1.5 Inverse sine functions.mac e415 L548
verified       t=   0.3s 5 Inverse trig functions/5.1 Inverse sine/5.1.5 Inverse sine functions.mac e446 L589
verified       t=   0.9s 5 Inverse trig functions/5.2 Inverse cosine/5.2.2 (d x)^m (a+b arccos(c x))^n.mac e81 L98
verified       t=   0.5s 5 Inverse trig functions/5.3 Inverse tangent/5.3.4 u (a+b arctan(c x))^p.mac e123 L144
verified       t=   1.5s 5 Inverse trig functions/5.3 Inverse tangent/5.3.4 u (a+b arctan(c x))^p.mac e637 L762

=== summary ===
head rewrites: {'li[': 30, 'expintegral_si(': 16, 'expintegral_ci(': 9, 'fresnel_s(': 9, 'fresnel_c(': 8}
verified       6
total integrals: 6
wall time: 4.8s
Results: 6 passed, 0 failed
