=== maxima-rubi class8 corpus run (full, 24 shards merged) ===
merge date: 2026-09-28 14:06 UTC
maxima: Maxima-version: "branch_5_50_base_84_g4204fb669"
maxima: Maxima build date: "2026-08-31 13:27:47"
maxima: Host type: "x86_64-pc-linux-gnu"
maxima: Lisp implementation type: "SBCL"
maxima: Lisp implementation version: "2.6.7"
filter: '8 Special functions/'  full run  timeout: 30s cpu  (24 shards, merged here)  switches: mr_flat_wide=false mr_cond_retry=true mr_model_flags=true mr_nested_fallback=false mr_giveup_last=true mr_inert_leak_misfire=true mr_last_resort_tier=true mr_general_after_giveups=true mr_max_depth=32 mr_eqq_symbolic=true mr_subst_simp=false mr_gtq_facts=false

verified       t=   0.2s 8 Special functions/8.1 Error functions.mac e117 L152
verified       t=   0.4s 8 Special functions/8.1 Error functions.mac e126 L167
verified       t=   0.1s 8 Special functions/8.1 Error functions.mac e295 L374
verified       t=   0.1s 8 Special functions/8.10 Formal derivatives.mac e20 L25
verified       t=   0.1s 8 Special functions/8.10 Formal derivatives.mac e73 L78
verified       t=   0.2s 8 Special functions/8.2 Fresnel integral functions.mac e6 L15
verified       t=   0.1s 8 Special functions/8.2 Fresnel integral functions.mac e68 L95
verified       t=   0.1s 8 Special functions/8.2 Fresnel integral functions.mac e120 L165
verified       t=   0.1s 8 Special functions/8.2 Fresnel integral functions.mac e187 L252
verified       t=   0.4s 8 Special functions/8.2 Fresnel integral functions.mac e192 L257
verified       t=   0.9s 8 Special functions/8.2 Fresnel integral functions.mac e202 L275
verified       t=   0.5s 8 Special functions/8.3 Exponential integral functions.mac e51 L64
verified       t=   0.5s 8 Special functions/8.4 Trig integral functions.mac e118 L157
verified       t=   0.2s 8 Special functions/8.5 Hyperbolic integral functions.mac e4 L13
verified       t=   0.3s 8 Special functions/8.5 Hyperbolic integral functions.mac e28 L39
verified       t=   0.1s 8 Special functions/8.6 Gamma functions.mac e63 L80
verified       t=   0.1s 8 Special functions/8.6 Gamma functions.mac e71 L88
verified       t=   0.3s 8 Special functions/8.6 Gamma functions.mac e126 L153
verified       t=   0.2s 8 Special functions/8.8 Polylogarithm function.mac e37 L50
verified       t=   0.1s 8 Special functions/8.8 Polylogarithm function.mac e116 L145
verified       t=   1.0s 8 Special functions/8.9 Product logarithm function.mac e81 L98
verified       t=   0.6s 8 Special functions/8.9 Product logarithm function.mac e100 L117
verified       t=   0.3s 8 Special functions/8.9 Product logarithm function.mac e221 L240
verified       t=   0.5s 8 Special functions/8.9 Product logarithm function.mac e236 L255
verified       t=   0.1s 8 Special functions/8.9 Product logarithm function.mac e384 L413
