=== maxima-rubi class5 corpus run (full, 24 shards merged) ===
merge date: 2026-09-28 14:14 UTC
maxima: Maxima-version: "branch_5_50_base_84_g4204fb669"
maxima: Maxima build date: "2026-08-31 13:27:47"
maxima: Host type: "x86_64-pc-linux-gnu"
maxima: Lisp implementation type: "SBCL"
maxima: Lisp implementation version: "2.6.7"
filter: '5 Inverse trig functions/'  full run  timeout: 30s cpu  (24 shards, merged here)  switches: mr_flat_wide=false mr_cond_retry=true mr_model_flags=true mr_nested_fallback=false mr_giveup_last=true mr_inert_leak_misfire=true mr_last_resort_tier=true mr_general_after_giveups=true mr_max_depth=32 mr_eqq_symbolic=true mr_subst_simp=false mr_gtq_facts=false

verified       t=   1.0s 5 Inverse trig functions/5.1 Inverse sine/5.1.2 (d x)^m (a+b arcsin(c x))^n.mac e40 L51
verified       t=   0.4s 5 Inverse trig functions/5.1 Inverse sine/5.1.2 (d x)^m (a+b arcsin(c x))^n.mac e45 L58
verified       t=   0.4s 5 Inverse trig functions/5.1 Inverse sine/5.1.2 (d x)^m (a+b arcsin(c x))^n.mac e159 L194
verified       t=   0.5s 5 Inverse trig functions/5.1 Inverse sine/5.1.2 (d x)^m (a+b arcsin(c x))^n.mac e185 L224
verified       t=   1.8s 5 Inverse trig functions/5.1 Inverse sine/5.1.4a (f x)^m (d-c^2 d x^2)^p (a+b arcsin(c x))^n.mac e27 L38
verified       t=   0.2s 5 Inverse trig functions/5.1 Inverse sine/5.1.4a (f x)^m (d-c^2 d x^2)^p (a+b arcsin(c x))^n.mac e49 L62
verified       t=   1.2s 5 Inverse trig functions/5.1 Inverse sine/5.1.4a (f x)^m (d-c^2 d x^2)^p (a+b arcsin(c x))^n.mac e328 L389
verified       t=   0.5s 5 Inverse trig functions/5.1 Inverse sine/5.1.4a (f x)^m (d-c^2 d x^2)^p (a+b arcsin(c x))^n.mac e379 L446
verified       t=   0.6s 5 Inverse trig functions/5.1 Inverse sine/5.1.4a (f x)^m (d-c^2 d x^2)^p (a+b arcsin(c x))^n.mac e439 L526
verified       t=   4.3s 5 Inverse trig functions/5.1 Inverse sine/5.1.4b (f x)^m (d+e x^2)^p (a+b arcsin(c x))^n.mac e58 L75
verified       t=   0.7s 5 Inverse trig functions/5.1 Inverse sine/5.1.4b (f x)^m (d+e x^2)^p (a+b arcsin(c x))^n.mac e66 L89
verified       t=   1.0s 5 Inverse trig functions/5.1 Inverse sine/5.1.4b (f x)^m (d+e x^2)^p (a+b arcsin(c x))^n.mac e83 L120
verified       t=   1.3s 5 Inverse trig functions/5.1 Inverse sine/5.1.4b (f x)^m (d+e x^2)^p (a+b arcsin(c x))^n.mac e96 L141
verified       t=   0.1s 5 Inverse trig functions/5.1 Inverse sine/5.1.5 Inverse sine functions.mac e4 L15
verified       t=   0.1s 5 Inverse trig functions/5.1 Inverse sine/5.1.5 Inverse sine functions.mac e7 L18
verified       t=  18.8s 5 Inverse trig functions/5.1 Inverse sine/5.1.5 Inverse sine functions.mac e105 L168
verified       t=   1.0s 5 Inverse trig functions/5.1 Inverse sine/5.1.5 Inverse sine functions.mac e216 L311
verified       t=   0.7s 5 Inverse trig functions/5.1 Inverse sine/5.1.5 Inverse sine functions.mac e387 L516
verified       t=   0.1s 5 Inverse trig functions/5.1 Inverse sine/5.1.5 Inverse sine functions.mac e415 L548
verified       t=   0.5s 5 Inverse trig functions/5.1 Inverse sine/5.1.5 Inverse sine functions.mac e446 L589
verified       t=   0.4s 5 Inverse trig functions/5.2 Inverse cosine/5.2.2 (d x)^m (a+b arccos(c x))^n.mac e27 L38
verified       t=   0.4s 5 Inverse trig functions/5.2 Inverse cosine/5.2.2 (d x)^m (a+b arccos(c x))^n.mac e77 L94
verified       t=   1.2s 5 Inverse trig functions/5.2 Inverse cosine/5.2.2 (d x)^m (a+b arccos(c x))^n.mac e81 L98
verified       t=   0.3s 5 Inverse trig functions/5.2 Inverse cosine/5.2.5 Inverse cosine functions.mac e69 L126
verified       t=   0.6s 5 Inverse trig functions/5.3 Inverse tangent/5.3.2 (d x)^m (a+b arctan(c x^n))^p.mac e23 L34
verified       t=   0.5s 5 Inverse trig functions/5.3 Inverse tangent/5.3.2 (d x)^m (a+b arctan(c x^n))^p.mac e80 L115
verified       t=   0.7s 5 Inverse trig functions/5.3 Inverse tangent/5.3.2 (d x)^m (a+b arctan(c x^n))^p.mac e152 L221
verified       t=   0.6s 5 Inverse trig functions/5.3 Inverse tangent/5.3.4 u (a+b arctan(c x))^p.mac e37 L48
verified       t=   1.6s 5 Inverse trig functions/5.3 Inverse tangent/5.3.4 u (a+b arctan(c x))^p.mac e68 L85
verified       t=   1.5s 5 Inverse trig functions/5.3 Inverse tangent/5.3.4 u (a+b arctan(c x))^p.mac e96 L115
verified       t=   0.6s 5 Inverse trig functions/5.3 Inverse tangent/5.3.4 u (a+b arctan(c x))^p.mac e123 L144
verified       t=   0.4s 5 Inverse trig functions/5.3 Inverse tangent/5.3.4 u (a+b arctan(c x))^p.mac e157 L198
verified       t=   0.4s 5 Inverse trig functions/5.3 Inverse tangent/5.3.4 u (a+b arctan(c x))^p.mac e164 L205
verified       t=   0.7s 5 Inverse trig functions/5.3 Inverse tangent/5.3.4 u (a+b arctan(c x))^p.mac e247 L296
verified       t=   0.8s 5 Inverse trig functions/5.3 Inverse tangent/5.3.4 u (a+b arctan(c x))^p.mac e392 L467
verified       t=   0.7s 5 Inverse trig functions/5.3 Inverse tangent/5.3.4 u (a+b arctan(c x))^p.mac e516 L613
verified       t=   1.7s 5 Inverse trig functions/5.3 Inverse tangent/5.3.4 u (a+b arctan(c x))^p.mac e637 L762
verified       t=   0.7s 5 Inverse trig functions/5.3 Inverse tangent/5.3.4 u (a+b arctan(c x))^p.mac e1149 L1380
verified       t=   0.7s 5 Inverse trig functions/5.3 Inverse tangent/5.3.4 u (a+b arctan(c x))^p.mac e1280 L1535
verified       t=   0.6s 5 Inverse trig functions/5.3 Inverse tangent/5.3.5 u (a+b arctan(c+d x))^p.mac e38 L51
verified       t=   0.4s 5 Inverse trig functions/5.3 Inverse tangent/5.3.6 Exponentials of inverse tangent.mac e180 L219
verified       t=   0.1s 5 Inverse trig functions/5.3 Inverse tangent/5.3.6 Exponentials of inverse tangent.mac e313 L378
verified       t=   0.1s 5 Inverse trig functions/5.3 Inverse tangent/5.3.6 Exponentials of inverse tangent.mac e325 L390
verified       t=   0.1s 5 Inverse trig functions/5.3 Inverse tangent/5.3.7 Inverse tangent functions.mac e13 L24
verified       t=   0.1s 5 Inverse trig functions/5.4 Inverse cotangent/5.4.1 Inverse cotangent functions.mac e2 L13
verified       t=   0.4s 5 Inverse trig functions/5.4 Inverse cotangent/5.4.1 Inverse cotangent functions.mac e38 L57
verified       t=   0.3s 5 Inverse trig functions/5.4 Inverse cotangent/5.4.1 Inverse cotangent functions.mac e207 L292
verified       t=   4.3s 5 Inverse trig functions/5.5 Inverse secant/5.5.1 u (a+b arcsec(c x))^n.mac e141 L188
