=== maxima-rubi class2 corpus run (full, 24 shards merged) ===
merge date: 2026-09-28 14:04 UTC
maxima: Maxima-version: "branch_5_50_base_84_g4204fb669"
maxima: Maxima build date: "2026-08-31 13:27:47"
maxima: Host type: "x86_64-pc-linux-gnu"
maxima: Lisp implementation type: "SBCL"
maxima: Lisp implementation version: "2.6.7"
filter: '2 Exponentials/'  full run  timeout: 30s cpu  (24 shards, merged here)  switches: mr_flat_wide=false mr_cond_retry=true mr_model_flags=true mr_nested_fallback=false mr_giveup_last=true mr_inert_leak_misfire=true mr_last_resort_tier=true mr_general_after_giveups=true mr_max_depth=32 mr_eqq_symbolic=true mr_subst_simp=false mr_gtq_facts=false

verified       t=   0.2s 2 Exponentials/2.1 u (F^(c (a+b x)))^n.mac e15 L26
verified       t=   0.1s 2 Exponentials/2.1 u (F^(c (a+b x)))^n.mac e24 L35
verified       t=   0.6s 2 Exponentials/2.1 u (F^(c (a+b x)))^n.mac e79 L100
verified       t=   0.5s 2 Exponentials/2.1 u (F^(c (a+b x)))^n.mac e89 L112
verified       t=   0.2s 2 Exponentials/2.1 u (F^(c (a+b x)))^n.mac e97 L122
verified       t=   1.8s 2 Exponentials/2.2 (c+d x)^m (F^(g (e+f x)))^n (a+b (F^(g (e+f x)))^n)^p.mac e17 L28
verified       t=   0.4s 2 Exponentials/2.2 (c+d x)^m (F^(g (e+f x)))^n (a+b (F^(g (e+f x)))^n)^p.mac e83 L114
verified       t=   0.1s 2 Exponentials/2.3 Exponential functions.mac e19 L32
verified       t=   0.4s 2 Exponentials/2.3 Exponential functions.mac e289 L330
verified       t=   4.8s 2 Exponentials/2.3 Exponential functions.mac e316 L359
verified       t=   0.2s 2 Exponentials/2.3 Exponential functions.mac e334 L377
verified       t=   0.5s 2 Exponentials/2.3 Exponential functions.mac e344 L387
verified       t=   0.3s 2 Exponentials/2.3 Exponential functions.mac e350 L393
verified       t=   0.3s 2 Exponentials/2.3 Exponential functions.mac e417 L468
verified       t=   0.1s 2 Exponentials/2.3 Exponential functions.mac e473 L534
verified       t=   0.1s 2 Exponentials/2.3 Exponential functions.mac e509 L576
verified       t=   0.2s 2 Exponentials/2.3 Exponential functions.mac e562 L631
verified       t=   0.5s 2 Exponentials/2.3 Exponential functions.mac e629 L718
verified       t=   0.7s 2 Exponentials/2.3 Exponential functions.mac e635 L724
verified       t=   0.1s 2 Exponentials/2.3 Exponential functions.mac e641 L734
verified       t=   0.1s 2 Exponentials/2.3 Exponential functions.mac e661 L758
verified       t=   0.1s 2 Exponentials/2.3 Exponential functions.mac e686 L793
verified       t=   0.1s 2 Exponentials/2.3 Exponential functions.mac e693 L806
verified       t=   0.4s 2 Exponentials/2.3 Exponential functions.mac e714 L831
verified       t=   0.1s 2 Exponentials/2.3 Exponential functions.mac e773 L898
