=== maxima-rubi class5 corpus run (full, 24 shards merged) ===
merge date: 2026-09-28 14:14 UTC
maxima: Maxima-version: "branch_5_50_base_84_g4204fb669"
maxima: Maxima build date: "2026-08-31 13:27:47"
maxima: Host type: "x86_64-pc-linux-gnu"
maxima: Lisp implementation type: "SBCL"
maxima: Lisp implementation version: "2.6.7"
filter: '5 Inverse trig functions/'  full run  timeout: 30s cpu  (24 shards, merged here)  switches: mr_flat_wide=false mr_cond_retry=true mr_model_flags=true mr_nested_fallback=false mr_giveup_last=true mr_inert_leak_misfire=true mr_last_resort_tier=true mr_general_after_giveups=true mr_max_depth=32 mr_eqq_symbolic=true mr_subst_simp=false mr_gtq_facts=false

unverified     t=   1.4s 5 Inverse trig functions/5.1 Inverse sine/5.1.4a (f x)^m (d-c^2 d x^2)^p (a+b arcsin(c x))^n.mac e143 L170
unverified     t=   0.7s 5 Inverse trig functions/5.1 Inverse sine/5.1.4a (f x)^m (d-c^2 d x^2)^p (a+b arcsin(c x))^n.mac e145 L172
unverified     t=   1.1s 5 Inverse trig functions/5.1 Inverse sine/5.1.4a (f x)^m (d-c^2 d x^2)^p (a+b arcsin(c x))^n.mac e521 L640
unverified     t=   1.0s 5 Inverse trig functions/5.1 Inverse sine/5.1.4a (f x)^m (d-c^2 d x^2)^p (a+b arcsin(c x))^n.mac e534 L655
unverified     t=   7.1s 5 Inverse trig functions/5.1 Inverse sine/5.1.4b (f x)^m (d+e x^2)^p (a+b arcsin(c x))^n.mac e59 L78
unverified     t=   1.7s 5 Inverse trig functions/5.1 Inverse sine/5.1.4b (f x)^m (d+e x^2)^p (a+b arcsin(c x))^n.mac e60 L79
unverified     t=   1.1s 5 Inverse trig functions/5.1 Inverse sine/5.1.4b (f x)^m (d+e x^2)^p (a+b arcsin(c x))^n.mac e61 L80
unverified     t=   0.5s 5 Inverse trig functions/5.1 Inverse sine/5.1.5 Inverse sine functions.mac e28 L45
unverified     t=   2.9s 5 Inverse trig functions/5.1 Inverse sine/5.1.5 Inverse sine functions.mac e34 L57
unverified     t=   4.4s 5 Inverse trig functions/5.1 Inverse sine/5.1.5 Inverse sine functions.mac e35 L58
unverified     t=   4.1s 5 Inverse trig functions/5.1 Inverse sine/5.1.5 Inverse sine functions.mac e39 L62
unverified     t=   2.8s 5 Inverse trig functions/5.2 Inverse cosine/5.2.5 Inverse cosine functions.mac e19 L38
unverified     t=   4.1s 5 Inverse trig functions/5.2 Inverse cosine/5.2.5 Inverse cosine functions.mac e20 L39
unverified     t=   3.4s 5 Inverse trig functions/5.2 Inverse cosine/5.2.5 Inverse cosine functions.mac e24 L43
unverified     t=   0.7s 5 Inverse trig functions/5.3 Inverse tangent/5.3.2 (d x)^m (a+b arctan(c x^n))^p.mac e144 L213
unverified     t=   1.4s 5 Inverse trig functions/5.3 Inverse tangent/5.3.2 (d x)^m (a+b arctan(c x^n))^p.mac e151 L220
unverified     t=   0.9s 5 Inverse trig functions/5.3 Inverse tangent/5.3.4 u (a+b arctan(c x))^p.mac e1241 L1484
unverified     t=   1.7s 5 Inverse trig functions/5.3 Inverse tangent/5.3.4 u (a+b arctan(c x))^p.mac e1243 L1486
unverified     t=   3.8s 5 Inverse trig functions/5.3 Inverse tangent/5.3.4 u (a+b arctan(c x))^p.mac e1245 L1488
unverified     t=   1.7s 5 Inverse trig functions/5.3 Inverse tangent/5.3.6 Exponentials of inverse tangent.mac e23 L32
unverified     t=   1.9s 5 Inverse trig functions/5.3 Inverse tangent/5.3.6 Exponentials of inverse tangent.mac e24 L33
unverified     t=   2.8s 5 Inverse trig functions/5.3 Inverse tangent/5.3.6 Exponentials of inverse tangent.mac e25 L34
unverified     t=   1.8s 5 Inverse trig functions/5.3 Inverse tangent/5.3.6 Exponentials of inverse tangent.mac e56 L67
unverified     t=   2.2s 5 Inverse trig functions/5.3 Inverse tangent/5.3.6 Exponentials of inverse tangent.mac e57 L68
unverified     t=   2.9s 5 Inverse trig functions/5.3 Inverse tangent/5.3.6 Exponentials of inverse tangent.mac e58 L69
unverified     t=   0.2s 5 Inverse trig functions/5.3 Inverse tangent/5.3.6 Exponentials of inverse tangent.mac e236 L285
unverified     t=   0.3s 5 Inverse trig functions/5.3 Inverse tangent/5.3.6 Exponentials of inverse tangent.mac e341 L414
unverified     t=   5.1s 5 Inverse trig functions/5.3 Inverse tangent/5.3.6 Exponentials of inverse tangent.mac e374 L504
unverified     t=   0.1s 5 Inverse trig functions/5.3 Inverse tangent/5.3.7 Inverse tangent functions.mac e37 L60
unverified     t=   0.1s 5 Inverse trig functions/5.3 Inverse tangent/5.3.7 Inverse tangent functions.mac e42 L65
unverified     t=   0.7s 5 Inverse trig functions/5.4 Inverse cotangent/5.4.1 Inverse cotangent functions.mac e18 L29
unverified     t=   1.1s 5 Inverse trig functions/5.4 Inverse cotangent/5.4.1 Inverse cotangent functions.mac e29 L40
unverified     t=   1.7s 5 Inverse trig functions/5.5 Inverse secant/5.5.1 u (a+b arcsec(c x))^n.mac e80 L115
unverified     t=   9.8s 5 Inverse trig functions/5.5 Inverse secant/5.5.1 u (a+b arcsec(c x))^n.mac e161 L210
unverified     t=   3.6s 5 Inverse trig functions/5.5 Inverse secant/5.5.1 u (a+b arcsec(c x))^n.mac e162 L211
unverified     t=   1.5s 5 Inverse trig functions/5.5 Inverse secant/5.5.1 u (a+b arcsec(c x))^n.mac e163 L212
unverified     t=   0.3s 5 Inverse trig functions/5.5 Inverse secant/5.5.2 Inverse secant functions.mac e17 L32
unverified     t=   2.0s 5 Inverse trig functions/5.6 Inverse cosecant/5.6.1 u (a+b arccsc(c x))^n.mac e87 L122
unverified     t=   9.7s 5 Inverse trig functions/5.6 Inverse cosecant/5.6.1 u (a+b arccsc(c x))^n.mac e165 L210
unverified     t=   3.5s 5 Inverse trig functions/5.6 Inverse cosecant/5.6.1 u (a+b arccsc(c x))^n.mac e166 L211
unverified     t=   1.0s 5 Inverse trig functions/5.6 Inverse cosecant/5.6.1 u (a+b arccsc(c x))^n.mac e167 L212
unverified     t=   0.5s 5 Inverse trig functions/5.6 Inverse cosecant/5.6.2 Inverse cosecant functions.mac e16 L31
