=== maxima-rubi class3 corpus run (full, 24 shards merged) ===
merge date: 2026-09-28 14:10 UTC
maxima: Maxima-version: "branch_5_50_base_84_g4204fb669"
maxima: Maxima build date: "2026-08-31 13:27:47"
maxima: Host type: "x86_64-pc-linux-gnu"
maxima: Lisp implementation type: "SBCL"
maxima: Lisp implementation version: "2.6.7"
filter: '3 Logarithms/'  full run  timeout: 30s cpu  (24 shards, merged here)  switches: mr_flat_wide=false mr_cond_retry=true mr_model_flags=true mr_nested_fallback=false mr_giveup_last=true mr_inert_leak_misfire=true mr_last_resort_tier=true mr_general_after_giveups=true mr_max_depth=32 mr_eqq_symbolic=true mr_subst_simp=false mr_gtq_facts=false

verified       t=   0.1s 3 Logarithms/3.1.2 (d x)^m (a+b log(c x^n))^p.mac e18 L27
verified       t=   0.1s 3 Logarithms/3.1.2 (d x)^m (a+b log(c x^n))^p.mac e49 L64
verified       t=   0.2s 3 Logarithms/3.1.2 (d x)^m (a+b log(c x^n))^p.mac e73 L90
verified       t=   0.1s 3 Logarithms/3.1.2 (d x)^m (a+b log(c x^n))^p.mac e132 L161
verified       t=   0.2s 3 Logarithms/3.1.2 (d x)^m (a+b log(c x^n))^p.mac e176 L209
verified       t=   0.2s 3 Logarithms/3.1.2 (d x)^m (a+b log(c x^n))^p.mac e190 L223
verified       t=   0.2s 3 Logarithms/3.1.4 (f x)^m (d+e x^r)^q (a+b log(c x^n))^p.mac e246 L301
verified       t=   0.2s 3 Logarithms/3.1.4 (f x)^m (d+e x^r)^q (a+b log(c x^n))^p.mac e306 L385
verified       t=   4.5s 3 Logarithms/3.1.5 u (a+b log(c x^n))^p.mac e40 L55
verified       t=   2.9s 3 Logarithms/3.1.5 u (a+b log(c x^n))^p.mac e57 L74
verified       t=   0.7s 3 Logarithms/3.1.5 u (a+b log(c x^n))^p.mac e166 L203
verified       t=   0.7s 3 Logarithms/3.1.5 u (a+b log(c x^n))^p.mac e183 L224
verified       t=   0.7s 3 Logarithms/3.1.5 u (a+b log(c x^n))^p.mac e218 L267
verified       t=   0.7s 3 Logarithms/3.2.1 (f+g x)^m (A+B log(e ((a+b x) over (c+d x))^n))^p.mac e161 L210
verified       t=   0.8s 3 Logarithms/3.2.1 (f+g x)^m (A+B log(e ((a+b x) over (c+d x))^n))^p.mac e190 L247
verified       t=   0.2s 3 Logarithms/3.2.1 (f+g x)^m (A+B log(e ((a+b x) over (c+d x))^n))^p.mac e202 L265
verified       t=   0.1s 3 Logarithms/3.2.1 (f+g x)^m (A+B log(e ((a+b x) over (c+d x))^n))^p.mac e206 L269
verified       t=   0.7s 3 Logarithms/3.2.2 (f+g x)^m (h+i x)^q (A+B log(e ((a+b x) over (c+d x))^n))^p.mac e136 L161
verified       t=   1.2s 3 Logarithms/3.2.2 (f+g x)^m (h+i x)^q (A+B log(e ((a+b x) over (c+d x))^n))^p.mac e201 L232
verified       t=   0.5s 3 Logarithms/3.2.2 (f+g x)^m (h+i x)^q (A+B log(e ((a+b x) over (c+d x))^n))^p.mac e230 L275
verified       t=   0.4s 3 Logarithms/3.2.3 u log(e (f (a+b x)^p (c+d x)^q)^r)^s.mac e2 L11
verified       t=   0.2s 3 Logarithms/3.2.3 u log(e (f (a+b x)^p (c+d x)^q)^r)^s.mac e26 L43
verified       t=   0.1s 3 Logarithms/3.3 u (a+b log(c (d+e x)^n))^p.mac e14 L25
verified       t=   0.1s 3 Logarithms/3.3 u (a+b log(c (d+e x)^n))^p.mac e38 L67
verified       t=   1.1s 3 Logarithms/3.3 u (a+b log(c (d+e x)^n))^p.mac e69 L98
verified       t=   0.1s 3 Logarithms/3.3 u (a+b log(c (d+e x)^n))^p.mac e72 L101
verified       t=   0.2s 3 Logarithms/3.3 u (a+b log(c (d+e x)^n))^p.mac e334 L467
verified       t=   6.2s 3 Logarithms/3.3 u (a+b log(c (d+e x)^n))^p.mac e436 L621
verified       t=   0.8s 3 Logarithms/3.4 u (a+b log(c (d+e x^m)^n))^p.mac e83 L118
verified       t=   0.4s 3 Logarithms/3.4 u (a+b log(c (d+e x^m)^n))^p.mac e95 L130
verified       t=   0.2s 3 Logarithms/3.4 u (a+b log(c (d+e x^m)^n))^p.mac e190 L243
verified       t=   0.2s 3 Logarithms/3.4 u (a+b log(c (d+e x^m)^n))^p.mac e204 L259
verified       t=   0.4s 3 Logarithms/3.4 u (a+b log(c (d+e x^m)^n))^p.mac e500 L639
verified       t=   8.1s 3 Logarithms/3.5 Logarithm functions.mac e40 L59
verified       t=   0.2s 3 Logarithms/3.5 Logarithm functions.mac e54 L75
verified       t=   0.3s 3 Logarithms/3.5 Logarithm functions.mac e72 L97
verified       t=   0.1s 3 Logarithms/3.5 Logarithm functions.mac e120 L157
verified       t=   0.1s 3 Logarithms/3.5 Logarithm functions.mac e237 L302
verified       t=   0.1s 3 Logarithms/3.5 Logarithm functions.mac e240 L307
verified       t=   0.2s 3 Logarithms/3.5 Logarithm functions.mac e297 L368
