probe-radcan-fallback-live — is the zero-chain radcan(rat()) fallback still load-bearing?
  maxima: Maxima-version: "branch_5_50_base_84_g4204fb669"
  maxima: Maxima build date: "2026-08-31 13:27:47"
  maxima: Host type: "x86_64-pc-linux-gnu"
  maxima: Lisp implementation type: "SBCL"
  maxima: Lisp implementation version: "2.6.7"
  cap kind: cpu   per-entry cap: 150s   workers: 12
  record:   test/corpus_class1.out
  files:    1.1.3.8 P(x) (c x)^m (a+b x^n)^p, 1.2.1.4 (d+e x)^m (f+g x)^n (a+b x+c x^2)^p
  classes:  verified, expected
  targets:  636

  ... 100/636  31s elapsed
  ... 200/636  94s elapsed
  ... 300/636  136s elapsed
  ... 400/636  161s elapsed
  ... 500/636  186s elapsed
  ... 600/636  222s elapsed

==============================================================================
RESULT
==============================================================================
    577  chain
     59  chain (gated)
  wall: 250s

  NO RESCUE in this set. On today's rules the fallback closes nothing that the
  stage chain does not already close, across every `verified`/`expected` entry of
  the two files its own docstring names as its beneficiaries.

  This is NOT proof over all 25,697 class-1 entries. The escalation, if the
  question has to be closed outright, is the full fallback-off arm:
    MR_ZC_FALLBACK=0 python3 test/run_corpus_queue.py "1 Algebraic functions" \
        --prev test/corpus_class1.out --workers 12 --launch
    python3 test/ab_records.py test/corpus_class1.out <new-record>
  Every PASS->FAIL line in that A/B is an entry the fallback rescues.
