batch("probes/maxima/probe-c6-e93-nested-int-cost.mac")
ratprint:false
f93:log(d*(a+b*x+c*x^2)^n)/(a*e+b*e*x+c*e*x^2)
mm:_mr_pat_3_5_r10(f93,x)
Px:geteqR(mm,'_mr_3_5_r10_Px)
Qx:geteqR(mm,'_mr_3_5_r10_Qx)
u:mr_int(1/Qx,x)
pos
pos
pos
pos
pos
pos
pos
pos
pos
pos
pos
pos
pos
pos
pos
pos
pos
pos
pos
pos
pos
pos
pos
pos
pos
pos
pos
pos
pos
pos
pos
pos
pos
pos
pos
pos
pos
pos
pos
pos
pos
no
no
no
no
no
no
no
no
no
no
no
no
no
no
no
no
no
no
no
no
inner:%mr_simp((u*diff(Px,x))/Px,x)
v:mr_int(inner,x)
TIMEOUT_AT_30S (no DONE line: the second nested integral exceeded the cap)
