pw_before_file:"/tmp/tmp.pJUVhvsYTn.mac"
batch("probes/maxima/probe-class4-with-capture.mac")
print("=== probe: class-4 With-local capture trap ===")
=== probe: class-4 With-local capture trap === 
print(build_info())
Maxima-version: "branch_5_50_base_84_g4204fb669"
Maxima build date: "2026-08-31 13:27:47"
Host type: "x86_64-pc-linux-gnu"
Lisp implementation type: "SBCL"
Lisp implementation version: "2.6.7"
User dir: "/home/serge/.maxima"
Temp dir: "/tmp"
Object dir: "/home/serge/.maxima/binary/branch_5_50_base_84_g4204fb669/sbcl/2_6_7"
Frontend: false
 
load("maxima_rubi.mac")
mr_load_all()
display2d:false
pw_res(pw_f,pw_r,pw_pt):=block([pw_z],
       pw_z:errcatch(float(abs(rectform(subst(pw_pt,diff(pw_r,x)-pw_f))))),
       if pw_z = [] then "err" else first(pw_z))
pw_p1:[x = 0.37,c = 1.3,d = 0.7,q = 0.7]
pw_p2:[x = 1.1,c = 2.2,d = 1.9,q = 1.9]
pw_fs:[cos(x)/(d*sin(x)^7+1),sin(x)/(c+d*cos(x)^5),cos(x)/(1+d*sin(x)^7)]
print("--- A. after the fix (current tree): residual at two points; d->q->d same answer ---")
--- A. after the fix (current tree): residual at two points; d->q->d same answer ---
  
for pw_f in pw_fs do
    block([pw_r,pw_q],pw_r:rubi(pw_f,x),
          pw_q:subst(q = d,rubi(subst(d = q,pw_f),x)),
          print(pw_f," resid1:",pw_res(pw_f,pw_r,pw_p1)," resid2:",
                pw_res(pw_f,pw_r,pw_p2)," answered:",
                freeof('unintegrable,'mr_int,pw_r)," same-as-renamed:",
                is(pw_r = pw_q)))
cos(x)/(d*sin(x)^7+1)  resid1: 0.0  resid2: 1.1102230246251565e-16  answered: 
                     true  same-as-renamed: true 
sin(x)/(d*cos(x)^5+c)  resid1: 5.551115123125783e-17  resid2: 
                     5.551115123125783e-17  answered: true  same-as-renamed: 
                     true 
cos(x)/(d*sin(x)^7+1)  resid1: 0.0  resid2: 1.1102230246251565e-16  answered: 
                     true  same-as-renamed: true 
print("--- B. does a symbolic zero chain close the residual? (timed) ---")
--- B. does a symbolic zero chain close the residual? (timed) --- 
block([pw_f,pw_r,pw_d,pw_t],pw_f:cos(x)/(d*sin(x)^7+1),pw_r:rubi(pw_f,x),
      pw_d:diff(pw_r,x)-pw_f,pw_t:elapsed_real_time(),
      print("ratsimp = 0:",is(ratsimp(pw_d) = 0)," s:",
            elapsed_real_time()-pw_t),pw_t:elapsed_real_time(),
      print("radcan(ratsimp) = 0:",is(radcan(ratsimp(pw_d)) = 0)," s:",
            elapsed_real_time()-pw_t),pw_t:elapsed_real_time(),
      print("ratsimp(trigsimp) = 0:",is(ratsimp(trigsimp(pw_d)) = 0)," s:",
            elapsed_real_time()-pw_t))
ratsimp = 0: false  s: 1.504028 
radcan(ratsimp) = 0: false  s: 2.1870399999999997 
ratsimp(trigsimp) = 0: false  s: 17.018315 
print("--- C. the mechanism, class-4-free: a nested mr_int under a block local named d ---")
--- C. the mechanism, class-4-free: a nested mr_int under a block local named d ---
  
block([pw_f,pw_r0,pw_r1],pw_f:1/(c+d*x^5),pw_r0:mr_int(pw_f,x),
      pw_r1:block([d],d:1,mr_int(pw_f,x)),
      print("unbound d resid:",pw_res(pw_f,pw_r0,pw_p1),
            "   under block([d], d:1) resid:",pw_res(pw_f,pw_r1,pw_p1)))
unbound d resid: 1.6653345369377348e-16    under block([d], d:1) resid: 
                8.544625907360714e-4 
print("--- D. mr_sum's own unprefixed locals (a, b, i, s, t) — pre-existing, all classes ---")
--- D. mr_sum's own unprefixed locals (a, b, i, s, t) — pre-existing, all classes ---
  
for pw_f in [1/(a+b*x^5),1/(p+q*x^5),1/(1+s*x^5),1/(1+t*x^5),1/(1+i*x^5)] do
    print(pw_f," resid:",
          pw_res(pw_f,rubi(pw_f,x),
                 [x = 0.37,a = 1.3,b = 0.7,p = 1.3,q = 0.7,s = 0.7,t = 0.7,
                  i = 0.7]))
1/(b*x^5+a)  resid: 0.035379584247915374 
1/(q*x^5+p)  resid: 1.6653345369377348e-16 
expt: undefined: 0 to a negative exponent.
1/(s*x^5+1)  resid: 1.1362438767648086e-16 
1/(t*x^5+1)  resid: 0.30439990148052953 
1/(i*x^5+1)  resid: 0.012160138457050995 
print("--- E. before the fix: the 23855a8 4.7.5 bodies reloaded over the table's functions ---")
--- E. before the fix: the 23855a8 4.7.5 bodies reloaded over the table's functions ---
  
load(pw_before_file)
for pw_f in pw_fs do
    block([pw_r],pw_r:rubi(pw_f,x),
          print(pw_f," resid1:",pw_res(pw_f,pw_r,pw_p1)," resid2:",
                pw_res(pw_f,pw_r,pw_p2)))
cos(x)/(d*sin(x)^7+1)  resid1: 0.0010819252814496805  resid2: 
                     0.06669357673613507 
sin(x)/(d*cos(x)^5+c)  resid1: 0.020276524097355475  resid2: 
                     9.51914025163203e-4 
cos(x)/(d*sin(x)^7+1)  resid1: 0.0010819252814496805  resid2: 
                     0.06669357673613507 
print("=== end ===")
=== end === 
