# probe-class4-expand-two-arg output, 2026-09-25
batch("probes/maxima/probe-class4-expand-two-arg.mac")
display2d:false
print(build_info())
%build_info("branch_5_50_base_84_g4204fb669","2026-08-31 13:27:47",
            "x86_64-pc-linux-gnu","SBCL","2.6.7","/home/serge/.maxima","/tmp",
            "/home/serge/.maxima/binary/branch_5_50_base_84_g4204fb669/sbcl/2_6_7",
            false,false)
  
load("maxima_rubi.mac")
print("E1 expand((1-x^2)^2, x) ->",errcatch(expand((1-x^2)^2,x)))
expand: expop must be a nonnegative integer; found: x
E1 expand((1-x^2)^2, x) -> [] 
print("E2 %mr_expand((1-x^2)^2, x) ->",%mr_expand((1-x^2)^2,x))
E2 %mr_expand((1-x^2)^2, x) -> x^4-2*x^2+1 
%mr_load_sibling("rules/class2/2_3.mac",'mr_witness_2_3)
print("E3 2_3 r58 on 2^x*(1+3^x)^2 ->",
      %mr_rule_apply(_mr_rule_2_3_r58,2^x*(1+3^x)^2,x))
expand: expop must be a nonnegative integer; found: x
E3 2_3 r58 on 2^x*(1+3^x)^2 -> false 
%mr_load_sibling("rules/utils/inert_trig_rewrites.mac",
                 'mr_witness_inert_trig_rewrites)
%mr_load_sibling("rules/class1/1_1_1_1.mac",'mr_witness_1_1_1_1)
%mr_load_sibling("rules/class1/9_1.mac",'mr_witness_9_1)
%mr_load_sibling("rules/class4/4_1_1_1.mac",'mr_witness_4_1_1_1)
mr_rule_table:flatten([mr_rules_1_1_1_1,mr_rules_9_1])
print("E4 4_1_1_1 r1 on sin(x)^5 ->",
      %mr_rule_apply(_mr_rule_4_1_1_1_r1,%mr_isin(x)^5,x))
E4 4_1_1_1 r1 on sin(x)^5 -> -((3*cos(x)^5-10*cos(x)^3+15*cos(x))/15) 
"/home/serge/src/mr-ports/probes/maxima/probe-class4-expand-two-arg.mac"
