=== class6 queue plan ===
entries: 67  units: 67  workers: 12  cap: 30s  timed by (no --prev): 0  untimed (run first): 67
job-seconds: 0  (one entry per unit)
estimated core-seconds: 0  estimated wall: 0.0 min (= core-seconds/workers + largest unit; timed entries only)
switches: mr_flat_wide=false mr_cond_retry=true mr_model_flags=true mr_nested_fallback=false mr_giveup_last=true mr_inert_leak_misfire=true mr_last_resort_tier=true mr_general_after_giveups=true mr_max_depth=32 mr_eqq_symbolic=true mr_subst_simp=false mr_gtq_facts=false
outputs: /home/serge/src/maxima-rubi/probes/verify-stages/11-values-appellf1/control/class6/shard00.out .. shard11.out  pids: /home/serge/src/maxima-rubi/probes/verify-stages/11-values-appellf1/control/class6/pids  log: /home/serge/src/maxima-rubi/probes/verify-stages/11-values-appellf1/control/class6/queue.log
PASS: verified       t=   0.1s 6 Hyperbolic functions/6.1 Hyperbolic sine/6.1.4 (d+e x)^m sinh(a+b x+c x^2)^n.mac e7 L16
PASS: verified       t=   0.1s 6 Hyperbolic functions/6.1 Hyperbolic sine/6.1.5 Hyperbolic sine functions.mac e12 L23
PASS: verified       t=   0.1s 6 Hyperbolic functions/6.1 Hyperbolic sine/6.1.7 hyper^m (a+b sinh^n)^p.mac e194 L231
PASS: verified       t=   0.1s 6 Hyperbolic functions/6.1 Hyperbolic sine/6.1.7 hyper^m (a+b sinh^n)^p.mac e17 L28
PASS: verified       t=   0.1s 6 Hyperbolic functions/6.1 Hyperbolic sine/6.1.7 hyper^m (a+b sinh^n)^p.mac e373 L438
PASS: verified       t=   0.3s 6 Hyperbolic functions/6.1 Hyperbolic sine/6.1.5 Hyperbolic sine functions.mac e217 L282
PASS: verified       t=   0.4s 6 Hyperbolic functions/6.1 Hyperbolic sine/6.1.5 Hyperbolic sine functions.mac e209 L274
PASS: verified       t=   0.3s 6 Hyperbolic functions/6.1 Hyperbolic sine/6.1.7 hyper^m (a+b sinh^n)^p.mac e225 L262
PASS: verified       t=   0.2s 6 Hyperbolic functions/6.1 Hyperbolic sine/6.1.7 hyper^m (a+b sinh^n)^p.mac e300 L357
PASS: verified       t=   0.1s 6 Hyperbolic functions/6.1 Hyperbolic sine/6.1.7 hyper^m (a+b sinh^n)^p.mac e376 L441
PASS: verified       t=   0.4s 6 Hyperbolic functions/6.1 Hyperbolic sine/6.1.1 (c+d x)^m (a+b sinh)^n.mac e126 L171
PASS: verified       t=   0.4s 6 Hyperbolic functions/6.1 Hyperbolic sine/6.1.3 (e x)^m (a+b sinh(c+d x^n))^p.mac e94 L157
PASS: expected       t=   0.0s 6 Hyperbolic functions/6.1 Hyperbolic sine/6.1.7 hyper^m (a+b sinh^n)^p.mac e403 L470
PASS: verified       t=   0.0s 6 Hyperbolic functions/6.1 Hyperbolic sine/6.1.7 hyper^m (a+b sinh^n)^p.mac e450 L539
PASS: verified       t=   0.6s 6 Hyperbolic functions/6.1 Hyperbolic sine/6.1.1 (c+d x)^m (a+b sinh)^n.mac e15 L26
PASS: verified       t=   0.0s 6 Hyperbolic functions/6.2 Hyperbolic cosine/6.2.5 Hyperbolic cosine functions.mac e71 L100
PASS: verified       t=   0.0s 6 Hyperbolic functions/6.1 Hyperbolic sine/6.1.7 hyper^m (a+b sinh^n)^p.mac e504 L599
PASS: verified       t=   0.1s 6 Hyperbolic functions/6.2 Hyperbolic cosine/6.2.4 (d+e x)^m cosh(a+b x+c x^2)^n.mac e18 L27
PASS: verified       t=   0.1s 6 Hyperbolic functions/6.2 Hyperbolic cosine/6.2.5 Hyperbolic cosine functions.mac e64 L93
PASS: verified       t=   0.0s 6 Hyperbolic functions/6.2 Hyperbolic cosine/6.2.7 hyper^m (a+b cosh^n)^p.mac e9 L28
PASS: verified       t=   0.1s 6 Hyperbolic functions/6.2 Hyperbolic cosine/6.2.5 Hyperbolic cosine functions.mac e82 L111
PASS: verified       t=   0.0s 6 Hyperbolic functions/6.2 Hyperbolic cosine/6.2.5 Hyperbolic cosine functions.mac e198 L259
PASS: verified       t=   0.2s 6 Hyperbolic functions/6.2 Hyperbolic cosine/6.2.1 (c+d x)^m (a+b cosh)^n.mac e164 L221
PASS: verified       t=   0.1s 6 Hyperbolic functions/6.2 Hyperbolic cosine/6.2.5 Hyperbolic cosine functions.mac e114 L155
PASS: verified       t=   0.1s 6 Hyperbolic functions/6.2 Hyperbolic cosine/6.2.7 hyper^m (a+b cosh^n)^p.mac e22 L57
PASS: verified       t=   0.4s 6 Hyperbolic functions/6.2 Hyperbolic cosine/6.2.1 (c+d x)^m (a+b cosh)^n.mac e137 L180
PASS: verified       t=   0.2s 6 Hyperbolic functions/6.2 Hyperbolic cosine/6.2.5 Hyperbolic cosine functions.mac e307 L404
PASS: verified       t=   0.1s 6 Hyperbolic functions/6.3 Hyperbolic tangent/6.3.2 Hyperbolic tangent functions.mac e39 L62
PASS: verified       t=   0.4s 6 Hyperbolic functions/6.2 Hyperbolic cosine/6.2.1 (c+d x)^m (a+b cosh)^n.mac e134 L177
PASS: verified       t=   0.1s 6 Hyperbolic functions/6.3 Hyperbolic tangent/6.3.2 Hyperbolic tangent functions.mac e20 L31
PASS: verified       t=   0.2s 6 Hyperbolic functions/6.3 Hyperbolic tangent/6.3.2 Hyperbolic tangent functions.mac e78 L115
PASS: verified       t=   0.1s 6 Hyperbolic functions/6.3 Hyperbolic tangent/6.3.7 (d hyper)^m (a+b (c tanh)^n)^p.mac e82 L109
PASS: verified       t=   0.1s 6 Hyperbolic functions/6.3 Hyperbolic tangent/6.3.7 (d hyper)^m (a+b (c tanh)^n)^p.mac e167 L210
PASS: verified       t=   0.2s 6 Hyperbolic functions/6.3 Hyperbolic tangent/6.3.2 Hyperbolic tangent functions.mac e165 L240
PASS: verified       t=   0.0s 6 Hyperbolic functions/6.3 Hyperbolic tangent/6.3.7 (d hyper)^m (a+b (c tanh)^n)^p.mac e256 L313
PASS: verified       t=   0.1s 6 Hyperbolic functions/6.3 Hyperbolic tangent/6.3.7 (d hyper)^m (a+b (c tanh)^n)^p.mac e188 L233
PASS: verified       t=   0.1s 6 Hyperbolic functions/6.4 Hyperbolic cotangent/6.4.2 Hyperbolic cotangent functions.mac e76 L105
PASS: verified       t=   0.0s 6 Hyperbolic functions/6.5 Hyperbolic secant/6.5.3 Hyperbolic secant functions.mac e3 L12
PASS: verified       t=   0.1s 6 Hyperbolic functions/6.5 Hyperbolic secant/6.5.3 Hyperbolic secant functions.mac e46 L67
PASS: verified       t=   0.4s 6 Hyperbolic functions/6.3 Hyperbolic tangent/6.3.7 (d hyper)^m (a+b (c tanh)^n)^p.mac e196 L241
PASS: verified       t=   0.5s 6 Hyperbolic functions/6.3 Hyperbolic tangent/6.3.7 (d hyper)^m (a+b (c tanh)^n)^p.mac e71 L86
PASS: verified       t=   0.2s 6 Hyperbolic functions/6.5 Hyperbolic secant/6.5.3 Hyperbolic secant functions.mac e133 L188
PASS: verified       t=   0.1s 6 Hyperbolic functions/6.5 Hyperbolic secant/6.5.7 (d hyper)^m (a+b (c sech)^n)^p.mac e86 L101
PASS: verified       t=   0.7s 6 Hyperbolic functions/6.4 Hyperbolic cotangent/6.4.1 (c+d x)^m (a+b coth)^n.mac e44 L71
PASS: verified       t=   0.1s 6 Hyperbolic functions/6.5 Hyperbolic secant/6.5.7 (d hyper)^m (a+b (c sech)^n)^p.mac e140 L165
PASS: verified       t=   0.9s 6 Hyperbolic functions/6.3 Hyperbolic tangent/6.3.2 Hyperbolic tangent functions.mac e81 L120
PASS: expected       t=   0.6s 6 Hyperbolic functions/6.4 Hyperbolic cotangent/6.4.2 Hyperbolic cotangent functions.mac e179 L254
PASS: verified       t=   0.8s 6 Hyperbolic functions/6.4 Hyperbolic cotangent/6.4.1 (c+d x)^m (a+b coth)^n.mac e21 L40
PASS: verified       t=   0.2s 6 Hyperbolic functions/6.7 Miscellaneous/6.7.1 Hyperbolic functions.mac e94 L111
PASS: verified       t=   0.1s 6 Hyperbolic functions/6.7 Miscellaneous/6.7.1 Hyperbolic functions.mac e128 L147
PASS: verified       t=   0.1s 6 Hyperbolic functions/6.7 Miscellaneous/6.7.1 Hyperbolic functions.mac e220 L247
PASS: verified       t=   0.8s 6 Hyperbolic functions/6.5 Hyperbolic secant/6.5.7 (d hyper)^m (a+b (c sech)^n)^p.mac e25 L34
PASS: verified       t=   0.4s 6 Hyperbolic functions/6.6 Hyperbolic cosecant/6.6.3 Hyperbolic cosecant functions.mac e103 L144
PASS: verified       t=   0.2s 6 Hyperbolic functions/6.7 Miscellaneous/6.7.1 Hyperbolic functions.mac e292 L329
PASS: verified       t=   0.1s 6 Hyperbolic functions/6.7 Miscellaneous/6.7.1 Hyperbolic functions.mac e750 L871
PASS: verified       t=   0.5s 6 Hyperbolic functions/6.6 Hyperbolic cosecant/6.6.7 (d hyper)^m (a+b (c csch)^n)^p.mac e7 L16
PASS: verified       t=   0.3s 6 Hyperbolic functions/6.7 Miscellaneous/6.7.1 Hyperbolic functions.mac e916 L1079
PASS: verified       t=   0.1s 6 Hyperbolic functions/6.7 Miscellaneous/6.7.1 Hyperbolic functions.mac e947 L1122
PASS: verified       t=   1.1s 6 Hyperbolic functions/6.5 Hyperbolic secant/6.5.7 (d hyper)^m (a+b (c sech)^n)^p.mac e93 L108
PASS: verified       t=   0.4s 6 Hyperbolic functions/6.7 Miscellaneous/6.7.1 Hyperbolic functions.mac e942 L1113
PASS: verified       t=   0.8s 6 Hyperbolic functions/6.7 Miscellaneous/6.7.1 Hyperbolic functions.mac e274 L309
PASS: verified       t=   1.0s 6 Hyperbolic functions/6.7 Miscellaneous/6.7.1 Hyperbolic functions.mac e420 L471
PASS: expected       t=   0.1s 6 Hyperbolic functions/6.6 Hyperbolic cosecant/6.6.3 Hyperbolic cosecant functions.mac e20 L31
PASS: verified       t=   1.0s 6 Hyperbolic functions/6.5 Hyperbolic secant/6.5.7 (d hyper)^m (a+b (c sech)^n)^p.mac e48 L57
PASS: verified       t=   0.9s 6 Hyperbolic functions/6.1 Hyperbolic sine/6.1.5 Hyperbolic sine functions.mac e53 L78
PASS: verified       t=   5.8s 6 Hyperbolic functions/6.1 Hyperbolic sine/6.1.1 (c+d x)^m (a+b sinh)^n.mac e401 L538
PASS: verified       t=  10.6s 6 Hyperbolic functions/6.5 Hyperbolic secant/6.5.3 Hyperbolic secant functions.mac e114 L163
queue wall: 12.3s  entries: 67  units: 67  workers: 12  harness failures: 0
