=== maxima-rubi corpus queue worker 03 (filter '5 Inverse trig functions/') ===
date: 2026-09-28 17:19 UTC
maxima: Maxima-version: "branch_5_50_base_84_g4204fb669"
maxima: Maxima build date: "2026-08-31 13:27:47"
maxima: Host type: "x86_64-pc-linux-gnu"
maxima: Lisp implementation type: "SBCL"
maxima: Lisp implementation version: "2.6.7"
filter: '5 Inverse trig functions/'  queue worker 03 of 12  timeout: 30s cpu  entries: 41  subset: unverified of /home/serge/src/maxima-rubi/test/corpus_class5.pfs.out  switches: mr_flat_wide=false mr_cond_retry=true mr_model_flags=true mr_nested_fallback=false mr_giveup_last=true mr_inert_leak_misfire=true mr_last_resort_tier=true mr_general_after_giveups=true mr_max_depth=32 mr_eqq_symbolic=true mr_subst_simp=false mr_gtq_facts=false  verify: 30s cpu, stage 5s

unverified     t=   0.6s 5 Inverse trig functions/5.1 Inverse sine/5.1.4a (f x)^m (d-c^2 d x^2)^p (a+b arcsin(c x))^n.mac e521 L640
unverified     t=   1.1s 5 Inverse trig functions/5.3 Inverse tangent/5.3.6 Exponentials of inverse tangent.mac e23 L32
unverified     t=   1.4s 5 Inverse trig functions/5.3 Inverse tangent/5.3.6 Exponentials of inverse tangent.mac e57 L68
verified       t=   0.0s 5 Inverse trig functions/5.3 Inverse tangent/5.3.7 Inverse tangent functions.mac e37 L60
verified       t=   0.4s 5 Inverse trig functions/5.4 Inverse cotangent/5.4.1 Inverse cotangent functions.mac e18 L29
verified       t=   0.7s 5 Inverse trig functions/5.5 Inverse secant/5.5.1 u (a+b arcsec(c x))^n.mac e80 L115

=== summary ===
head rewrites: {'li[': 36}
unverified     3
verified       3
total integrals: 6
wall time: 17.4s
Results: 3 passed, 3 failed
