=== Rubi-defined support functions (Name::usage across loaded modules) ===
  IntegrationUtilityFunctions.m (226):
    AbsorbMinusSign, AbsurdNumberFactors, AbsurdNumberGCD, AbsurdNumberGCDList, AbsurdNumberQ, AlgebraicFunctionQ, AlgebraicTrigFunctionQ, AllNegTermQ, AtomBaseQ, BinomialDegree, BinomialMatchQ, BinomialQ, CalculusFreeQ, CalculusQ, CancelCommonFactors, CommonFactors, ComplexFreeQ, ComplexNumberQ, ConstantFactor, ContentFactor, CubicMatchQ, DeactivateTrig, Denom, DerivativeDivides, DivideDegreesOfFactors, Divides, EasyDQ, EqQ, EvenQuotientQ, EveryQ, ExpandBinomial, ExpandLinearProduct, FactorAbsurdNumber, FactorNumericGcd, FalseQ, FindTrigFactor, FracPart, FractionOrNegativeQ, FractionQ, FractionalPowerFactorQ, FractionalPowerFreeQ, FractionalPowerOfLinear, FractionalPowerOfQuotientOfLinears, FractionalPowerOfSquareQ, FractionalPowerQ, FractionalPowerSubexpressionQ, FreeFactors, FreeTerms, FunctionOfCosQ, FunctionOfCoshQ, FunctionOfDensePolynomialsQ, FunctionOfExponential, FunctionOfExponentialFunction, FunctionOfExponentialFunctionAux, FunctionOfExponentialQ, FunctionOfExponentialTest, FunctionOfHyperbolic, FunctionOfHyperbolicQ, FunctionOfInverseLinear, FunctionOfLinear, FunctionOfLog, FunctionOfQ, FunctionOfSinQ, FunctionOfSinhQ, FunctionOfTanQ, FunctionOfTanWeight, FunctionOfTanhQ, FunctionOfTanhWeight, FunctionOfTrig, FunctionOfTrigOfLinearQ, FunctionOfTrigQ, GeQ, GeneralizedBinomialDegree, GeneralizedBinomialMatchQ, GeneralizedBinomialParts, GeneralizedBinomialQ, GeneralizedTrinomialDegree, GeneralizedTrinomialMatchQ, GeneralizedTrinomialParts, GeneralizedTrinomialQ, GensymSubst, GtQ, HalfIntegerQ, HeldFormQ, HyperbolicQ, IGeQ, IGtQ, ILeQ, ILtQ, IndependentQ, IntHide, IntPart, IntSum, IntTerm, IntegerPowerQ, IntegerQuotientQ, IntegersQ, IntegralFreeQ, InverseFunctionFreeQ, InverseFunctionOfLinear, InverseFunctionOfQuotientOfLinears, InverseFunctionQ, InverseHyperbolicQ, InverseTrigQ, KernelSubst, LeQ, LeadBase, LeadDegree, LeadFactor, LinearMatchQ, LinearPairQ, LinearQ, LogQ, LtQ, MakeAssocList, MergeFactor, MergeFactors, MergeableFactorQ, MinimumMonomialExponent, MonomialExponent, MonomialFactor, MonomialQ, NeQ, NegQ, NegSumBaseQ, NiceSqrtQ, NonabsurdNumberFactors, NonfreeFactors, NonfreeTerms, NonpolynomialTerms, NonpositiveFactors, NonrationalFunctionFactors, NonsumQ, NormalizeIntegrand, NormalizeLeadTermSigns, NormalizePseudoBinomial, NormalizeSumFactors, Numer, NumericFactor, OddQuotientQ, PerfectPowerTest, PiecewiseLinearQ, PolyGCD, PolyQ, PolynomialDivide, PolynomialTermQ, PolynomialTerms, PosQ, PositiveFactors, PowerQ, PowerVariableExpn, ProductOfLinearPowersQ, ProductQ, ProperPolyQ, PseudoBinomialPairQ, PseudoBinomialParts, PseudoBinomialQ, PureFunctionOfCosQ, PureFunctionOfCoshQ, PureFunctionOfCotQ, PureFunctionOfCothQ, PureFunctionOfSinQ, PureFunctionOfSinhQ, PureFunctionOfTanQ, PureFunctionOfTanhQ, QuadraticMatchQ, QuadraticQ, QuotientOfLinearsMatchQ, QuotientOfLinearsParts, RationalFunctionExpand, RationalFunctionExponents, RationalFunctionFactors, RationalFunctionQ, RationalQ, RealNumberQ, RectifyCotangent, RectifyTangent, ReduceInertTrig, RemainingFactors, RemoveContent, Rt, SignOfFactor, Simp, SimplerIntegrandQ, SimplerQ, SimplerSqrtQ, SimplifyAntiderivative, SimplifyIntegrand, SmartApart, SomeNegTermQ, SplitProduct, SplitSum, SqrtNumberQ, SqrtNumberSumQ, SquareRootOfQuadraticSubst, Star, StopFunctionQ, Subst, SubstAux, SubstFor, SubstForAux, SubstForFractionalPower, SubstForFractionalPowerOfLinear, SubstForFractionalPowerOfQuotientOfLinears, SubstForFractionalPowerQ, SubstForHyperbolic, SubstForInverseFunction, SubstForInverseFunctionOfQuotientOfLinears, SubstForTrig, SubstPower, SumBaseQ, SumQ, SumSimplerQ, TrigHyperbolicFreeQ, TrigQ, TrigSimplify, TrigSimplifyQ, TrigSquare, TrigSquareQ, TrinomialDegree, TrinomialMatchQ, TrinomialParts, TrinomialQ, UnifyNegativeBaseFactors, UnifySum, UnifyTerms
  Rubi.m (17):
    CannotIntegrate, Int, RubiClearMemoryImages, RubiIntermediateResult, RubiPrintInformation, RubiRule, RubiStats, Stats, Step, Steps, Unintegrable, cos, cot, csc, sec, sin, tan
  ShowStepRoutines.m (1):
    StepFunction
  ShowStepFormatting.m (2):
    FormatRubiStep, PrintRubiSteps

=== called names in rule files, ranked (core = mandatory classes 1+9) ===
     all   core  name                     defined-in
   15347   5796  Int                      Rubi.m
    7382   2767  FreeQ                    -
    5495   2862  Sqrt                     -
    4266   1740  EqQ                      IntegrationUtilityFunctions.m
    3401   1473  NeQ                      IntegrationUtilityFunctions.m
    2981   1247  IntegerQ                 -
    2794      0  Sin                      -
    2162     64  Log                      -
    2062   1028  Not                      -
    2044    661  IGtQ                     IntegrationUtilityFunctions.m
    1705    848  GtQ                      IntegrationUtilityFunctions.m
    1653     30  Cos                      -
    1449      0  Csc                      -
    1381    655  LtQ                      IntegrationUtilityFunctions.m
    1215    447  Subst                    IntegrationUtilityFunctions.m
    1059      0  Tan                      -
    1058    655  With                     -
     844    383  Simp                     IntegrationUtilityFunctions.m
     807    675  Rt                       IntegrationUtilityFunctions.m
     699    459  FracPart                 IntegrationUtilityFunctions.m
     673    354  ILtQ                     IntegrationUtilityFunctions.m
     601    586  Coeff                    -
     567    100  ArcTan                   -
     542      0  Cosh                     -
     529      0  Sinh                     -
     527     50  ArcTanh                  -
     508      0  Cot                      -
     454    425  PolyQ                    IntegrationUtilityFunctions.m
     450      0  ArcCoth                  -
     448    275  ExpandToSum              -
     443      0  ArcCot                   -
     439    207  ExpandIntegrand          -
     415    296  Simplify                 -
     405      1  ArcCosh                  -
     375      0  Sec                      -
     369     43  ArcSin                   -
     362    119  IntegersQ                IntegrationUtilityFunctions.m
     315      6  ArcCos                   -
     303      2  ArcSinh                  -
     290    267  PosQ                     IntegrationUtilityFunctions.m
     248     28  Unintegrable             Rubi.m
     237    132  IntPart                  IntegrationUtilityFunctions.m
     213      0  PolyLog                  -
     209    208  Expon                    -
     181      9  SimplifyIntegrand        IntegrationUtilityFunctions.m
     179    116  RationalQ                IntegrationUtilityFunctions.m
     177      8  Dist                     -
     173    118  Denominator              -
     168    148  NegQ                     IntegrationUtilityFunctions.m
     168      0  FreeFactors              IntegrationUtilityFunctions.m
     161     64  LinearQ                  IntegrationUtilityFunctions.m
     156     75  D                        -
     153      1  IntHide                  IntegrationUtilityFunctions.m
     153      0  Coth                     -
     153      0  Tanh                     -
     153      0  ProductLog               -
     141     86  FractionQ                IntegrationUtilityFunctions.m
     133     68  LeQ                      IntegrationUtilityFunctions.m
     129      0  ActivateTrig             -
     129      0  Sech                     -
     127    127  PolynomialRemainder      -
     126      0  Csch                     -
     117     40  Module                   -
     112     59  Coefficient              -
     110    110  PolynomialQuotient       -
      94     43  BinomialQ                IntegrationUtilityFunctions.m
      89      0  InverseFunctionFreeQ     IntegrationUtilityFunctions.m
      89      0  Derivative               -
      82     42  FalseQ                   IntegrationUtilityFunctions.m
      80     16  SubstFor                 IntegrationUtilityFunctions.m
      79     22  F                        -
      78     42  GeQ                      IntegrationUtilityFunctions.m
      78     78  IntBinomialQ             -
      76      1  FunctionOfQ              IntegrationUtilityFunctions.m
      73      0  Erf                      -
      73      0  FresnelS                 -
      73      0  FresnelC                 -
      72     17  MatchQ                   -
      72     11  PolynomialQ              -
      70     59  SumSimplerQ              IntegrationUtilityFunctions.m
      70      0  ArcSech                  -
      65      0  ArcCsch                  -
      61     57  ReplaceAll               -
      61      0  ArcCsc                   -
      61      0  ArcSec                   -
      60      0  Erfi                     -
      60      0  ExpandTrigReduce         -
      59     15  LinearMatchQ             IntegrationUtilityFunctions.m
      55     18  BinomialMatchQ           IntegrationUtilityFunctions.m
      51     15  SumQ                     IntegrationUtilityFunctions.m
      50      0  ExpandTrig               -
      49      0  Erfc                     -
      47     46  Sum                      -
      47      0  Gamma                    -
      44      0  CoshIntegral             -
      43     33  EllipticF                -
      43      0  SinhIntegral             -
      43      0  SinIntegral              -
      43      0  CosIntegral              -
      42     20  Hypergeometric2F1        -
      42     38  SimplerQ                 IntegrationUtilityFunctions.m
      42     42  Mod                      -
      40     28  EllipticE                -
      40      6  RationalFunctionQ        IntegrationUtilityFunctions.m
      40      0  ExpIntegralEi            -
      36     13  If                       -
      31     10  TrueQ                    -
      31     10  QuadraticQ               IntegrationUtilityFunctions.m
      28     20  DerivativeDivides        IntegrationUtilityFunctions.m
      28      0  HypergeometricPFQ        -
      27     24  Numerator                -
      26      4  NonsumQ                  IntegrationUtilityFunctions.m
      25     14  RemoveContent            IntegrationUtilityFunctions.m
      24     24  SimplerSqrtQ             IntegrationUtilityFunctions.m
      24      0  Discriminant             -
      23      0  ExpIntegralE             -
      22      9  EllipticPi               -
      22     22  IntQuadraticQ            -
      22      5  NonfreeFactors           IntegrationUtilityFunctions.m
      22      0  KnownSineIntegrandQ      -
      22      0  KnownSecantIntegrandQ    -
      21     10  ShowStep                 -
      21     10  Hold                     -
      21     10  QuadraticMatchQ          IntegrationUtilityFunctions.m
      21      0  FunctionOfTrig           IntegrationUtilityFunctions.m
      20     20  Floor                    -
      20      0  MemberQ                  -
      19     19  PiecewiseLinearQ         IntegrationUtilityFunctions.m
      17     17  TrinomialQ               IntegrationUtilityFunctions.m
      17      0  FunctionOfExponentialQ   IntegrationUtilityFunctions.m
      17      0  HyperbolicQ              IntegrationUtilityFunctions.m
      17      0  PolyGamma                -
      16     16  Together                 -
      16      2  Cancel                   -
      16      0  G                        -
      15     15  NiceSqrtQ                IntegrationUtilityFunctions.m
      15     14  BinomialDegree           IntegrationUtilityFunctions.m
      15      0  TrigQ                    IntegrationUtilityFunctions.m
      12      0  IndependentQ             IntegrationUtilityFunctions.m
      12      0  HalfIntegerQ             IntegrationUtilityFunctions.m
      11      8  AppellF1                 -
      11     11  Numer                    IntegrationUtilityFunctions.m
      11     11  Denom                    IntegrationUtilityFunctions.m
      11     11  GCD                      -
      11      0  Complex                  -
      10     10  LinearPairQ              IntegrationUtilityFunctions.m
      10      5  AlgebraicFunctionQ       IntegrationUtilityFunctions.m
      10      8  Sign                     -
      10      0  InertTrigFreeQ           -
      10      0  Zeta                     -
       9      0  LogIntegral              -
       8      8  PolynomialDivide         IntegrationUtilityFunctions.m
       8      6  LeafCount                -
       8      0  KnownTangentIntegrandQ   -
       8      0  KnownCotangentIntegrandQ -
       8      0  TryPureTanSubst          -
       8      0  ExpandTrigToExp          -
       8      0  InverseFunctionOfLinear  IntegrationUtilityFunctions.m
       8      0  SubstForInverseFunction  IntegrationUtilityFunctions.m
       8      0  Head                     -
       8      4  PowerVariableExpn        IntegrationUtilityFunctions.m
       8      0  Integral                 -
       7      7  TrinomialMatchQ          IntegrationUtilityFunctions.m
       7      0  Exponent                 -
       7      0  InertTrigQ               -
       6      6  FractionalPowerFactorQ   IntegrationUtilityFunctions.m
       6      0  NormalizePowerOfLinear   -
       6      0  PowerOfLinearQ           -
       6      5  NormalizeIntegrand       IntegrationUtilityFunctions.m
       6      0  LogGamma                 -
       6      2  FunctionOfLinear         IntegrationUtilityFunctions.m
       6      0  BesselJ                  -
       6      6  FunctionOfSquareRootOfQuadratic -
       6      6  EulerIntegrandQ          -
       5      5  IntLinearQ               -
       5      5  AtomQ                    -
       5      5  Factor                   -
       5      0  Expand                   -
       5      4  SubstForFractionalPowerOfLinear IntegrationUtilityFunctions.m
       5      0  IGeQ                     IntegrationUtilityFunctions.m
       4      4  Binomial                 -
       4      4  SplitProduct             IntegrationUtilityFunctions.m
       4      4  NormalizePseudoBinomial  IntegrationUtilityFunctions.m
       4      3  PerfectSquareQ           -
       4      4  GeneralizedTrinomialQ    IntegrationUtilityFunctions.m
       4      4  GeneralizedTrinomialMatchQ IntegrationUtilityFunctions.m
       4      4  RationalFunctionExpand   IntegrationUtilityFunctions.m
       4      0  FullSimplify             -
       4      0  QuotientOfLinearsParts   IntegrationUtilityFunctions.m
       4      0  QuotientOfLinearsQ       -
       4      0  ExpandExpression         -
       4      4  Divides                  IntegrationUtilityFunctions.m
       3      2  CannotIntegrate          Rubi.m
       3      3  MonomialQ                IntegrationUtilityFunctions.m
       3      0  PowerOfLinearMatchQ      -
       3      0  ComplexFreeQ             IntegrationUtilityFunctions.m
       3      0  H                        -
       3      0  Block                    -
       2      2  PseudoBinomialPairQ      IntegrationUtilityFunctions.m
       2      1  ExpandLinearProduct      IntegrationUtilityFunctions.m
       2      2  Integrate                -
       2      2  IntSum                   IntegrationUtilityFunctions.m
       2      1  InverseFunctionQ         IntegrationUtilityFunctions.m
       2      2  SubstPower               IntegrationUtilityFunctions.m
       2      2  GeneralizedBinomialQ     IntegrationUtilityFunctions.m
       2      2  GeneralizedBinomialMatchQ IntegrationUtilityFunctions.m
       2      2  GeneralizedTrinomialDegree IntegrationUtilityFunctions.m
       2      2  Quotient                 -
       2      2  PolyGCD                  IntegrationUtilityFunctions.m
       2      2  Root                     -
       2      0  PowerQ                   IntegrationUtilityFunctions.m
       2      0  Exp                      -
       2      0  ProductQ                 IntegrationUtilityFunctions.m
       2      0  FunctionOfLog            IntegrationUtilityFunctions.m
       2      0  DeactivateTrig           IntegrationUtilityFunctions.m
       2      0  FunctionOfTrigOfLinearQ  IntegrationUtilityFunctions.m
       2      0  Apart                    -
       2      0  CalculusFreeQ            IntegrationUtilityFunctions.m
       2      0  ExpandTrigExpand         -
       2      2  SubstForFractionalPowerQ IntegrationUtilityFunctions.m
       2      2  SubstForFractionalPowerOfQuotientOfLinears IntegrationUtilityFunctions.m
       1      1  ILeQ                     IntegrationUtilityFunctions.m
       1      1  FractionalPart           -
       1      1  IntegerPart              -
       1      1  OddQ                     -
       1      0  FunctionExpand           -
       1      0  FunctionOfExponential    IntegrationUtilityFunctions.m
       1      0  FunctionOfExponentialFunction IntegrationUtilityFunctions.m
       1      0  IntegralFreeQ            IntegrationUtilityFunctions.m
       1      0  RationalFunctionExponents IntegrationUtilityFunctions.m
       1      0  Abs                      -
       1      0  TrigSimplify             IntegrationUtilityFunctions.m
       1      0  TrigSimplifyQ            IntegrationUtilityFunctions.m
       1      1  SimplerIntegrandQ        IntegrationUtilityFunctions.m
       1      1  PolynomialInSubst        -
       1      1  PolynomialInQ            -

=== $TimeLimit uses in IntegrationUtilityFunctions.m ===
      7: $TimeLimit::usage = "$TimeLimit is the time constraint in seconds on some potentially expensive routines.";
      8: If[Not[NumberQ[$TimeLimit]], $TimeLimit=5.0];
   2181: TimeConstrained[FixSimplify[v],$TimeLimit/3,v]],
   2182: $TimeLimit,u]
   2194: TimeConstrained[FixSimplify[v],$TimeLimit/3,v]],
   2195: $TimeLimit,u]
   2266: TimeConstrained[NormalizeSumFactors[SimpHelp[u,x]],$TimeLimit,u]
   2993: TimeConstrained[ContentFactorAux[expn],$TimeLimit,expn];
