## arm new
# entry 1.1 Binomial products/1.1.1 Linear/1.1.1.5 P(x) (a+b x)^m (c+d x)^n.mac e14  integrand (A+B*x+C*x^2+D*x^3)/((a+b*x)*(c+d*x)^(3/2))
# core /home/serge/src/mr-attr/test/mr_rules.core  cap 90  hit_cap False  cpu [4.649596]
fired    1_1_2_1 r15  1/(((b*c*d^3-a*d^4)*x^2)/d-(c*(b*c*d^3-a*d^4))/d-a*c*d^3+b*c^2*d^2)
fired    1_1_1_2 r37  1/(sqrt(d*x+c)*((b*c*d^3-a*d^4)*x-a*c*d^3+b*c^2*d^2))
fired    1_1_2_1 r15  1/(((b^4*c-a*b^3*d)*x^2)/d-(c*(b^4*c-a*b^3*d))/d-a^2*b^2*d+a*b^3*c)
fired    1_1_1_2 r32  1/(sqrt(d*x+c)*((b^4*c-a*b^3*d)*x-a^2*b^2*d+a*b^3*c))
fired    1_1_1_1 r2  sqrt(x)
fired    1_1_1_1 r2  1/sqrt(x)
fired    1_4_1 r7  sqrt(x)/d-c/(d*sqrt(x))
fired    1_1_1_2 r12  (x/d-c/d)/sqrt(x)
fired    1_3_4 r1  x/sqrt(d*x+c)
fired    1_1_1_1 r4  1/sqrt(d*x+c)
fired    1_4_1 r7  (-(A*d^3)+B*c*d^2-C*c^2*d+D*c^3)/(sqrt(d*x+c)*((b*c*d^3-a*d^4)*x-a*c*d^3+b*c^2*d^2))-(-(A*b^3)+B*a*b^2-C*a^2*b+D*a^3)/(sqrt(d*x+c)*((b^4*c-a*b^3*d)*x-a^2*b^2*d+...
fired    1_1_1_5 r4  (D*x^3+C*x^2+B*x+A)/((b*x+a)*(d*x+c)^(3/2))
RUBI-CPU 4.598562 
ANSWER-LEN 635 UNINT false 
ANSWER -((2*(A*b^3-B*a*b^2+C*a^2*b-D*a^3)*sqrt(d)*sqrt((a^2*b^2*d^2-2*a*b^3*c*d+b^4*c^2)/d)*log(-(((a*b^3*d^2-b^4*c*d)*x+a^2*b^2*d^2-a*b^3*c*d)/(2*sqrt(d)*sqrt(b^4*c-a*b^3*d)*sqrt((a^2*b^2*d^2-2*a*b^3*c*d+b^4*c^2)/d)*sqrt(d*x+c)+(a*b^3*d^2-b^4*c*d)*x-a^2*b^2*d^2+3*a*b^3*c*d-2*b^4*c^2))))/(sqrt(b^4*c-a*b^3*d)*(2*a^2*b^2*d^2-4*a*b^3*c*d+2*b^4*c^2)))+(D*(2*d*x*sqrt(d*x+c)-4*c*sqrt(d*x+c)))/(3*b*d^3)+(2*hypergeometric([1/2,1],[3/2],((a*d^4-b*c*d^3)*(d*x+c))/(d*(b*c^2*d^2-a*c*d^3)-c*(b*c*d^3-a*d^4)))*(-(A*d^3)+B*c*d^2-C*c^2*d+D*c^3)*sqrt(d*x+c))/(d*(b*c^2*d^2-a*c*d^3)-c*(b*c*d^3-a*d^4))-(2*D*c*((D*...

## arm n-ff
# entry 1.1 Binomial products/1.1.1 Linear/1.1.1.5 P(x) (a+b x)^m (c+d x)^n.mac e14  integrand (A+B*x+C*x^2+D*x^3)/((a+b*x)*(c+d*x)^(3/2))
# core /home/serge/src/mr-attr/test/mr_rules.core  cap 90  hit_cap False  cpu [38.000016]
fired    1_4_1 r22  (A*d^3-B*c*d^2+C*c^2*d-D*c^3)/((a*d^3-b*c*d^2)*x^2)
fired    9_1 r6  1/((a*d^3*x^2)/(A*d^3-B*c*d^2+C*c^2*d-D*c^3)-(b*c*d^2*x^2)/(A*d^3-B*c*d^2+C*c^2*d-D*c^3))
fired    1_4_1 r34  1/(sqrt(x)*((a*d^3*x)/(A*d^3-B*c*d^2+C*c^2*d-D*c^3)-(b*c*d^2*x)/(A*d^3-B*c*d^2+C*c^2*d-D*c^3)))
fired    1_3_4 r1  1/(sqrt(d*x+c)*((a*d^4*x)/(A*d^3-B*c*d^2+C*c^2*d-D*c^3)-(b*c*d^3*x)/(A*d^3-B*c*d^2+C*c^2*d-D*c^3)+(a*c*d^3)/(A*d^3-B*c*d^2+C*c^2*d-D*c^3)-(b*c^2*d^2)/(A*d^3-B*c...
fired    1_4_1 r18  (-(A*d^3)+B*c*d^2-C*c^2*d+D*c^3)/(sqrt(d*x+c)*((b*c*d^3-a*d^4)*x-a*c*d^3+b*c^2*d^2))
fired    1_1_2_1 r15  1/(((a*b^3)/(A*b^3-B*a*b^2+C*a^2*b-D*a^3)-(b^4*c)/(A*b^3*d-B*a*b^2*d+C*a^2*b*d-D*a^3*d))*x^2+(b^4*c^2)/(A*b^3*d-B*a*b^2*d+C*a^2*b*d-D*a^3*d)+(a^2*b^2*d)/(A*b^3-...
fired    9_1 r6  1/(-((b^4*c*x^2)/(A*b^3*d-B*a*b^2*d+C*a^2*b*d-D*a^3*d))+(a*b^3*x^2)/(A*b^3-B*a*b^2+C*a^2*b-D*a^3)+(b^4*c^2)/(A*b^3*d-B*a*b^2*d+C*a^2*b*d-D*a^3*d)+(a^2*b^2*d)/(A...
fired    1_4_1 r34  1/(sqrt(x)*(-((b^4*c*x)/(A*b^3*d-B*a*b^2*d+C*a^2*b*d-D*a^3*d))+(a*b^3*x)/(A*b^3-B*a*b^2+C*a^2*b-D*a^3)+(b^4*c^2)/(A*b^3*d-B*a*b^2*d+C*a^2*b*d-D*a^3*d)+(a^2*b^2*...
fired    1_3_4 r1  1/(sqrt(d*x+c)*((a*b^3*d*x)/(A*b^3-B*a*b^2+C*a^2*b-D*a^3)-(b^4*c*x)/(A*b^3-B*a*b^2+C*a^2*b-D*a^3)+(a^2*b^2*d)/(A*b^3-B*a*b^2+C*a^2*b-D*a^3)-(a*b^3*c)/(A*b^3-B*a...
fired    1_4_1 r18  (-(A*b^3)+B*a*b^2-C*a^2*b+D*a^3)/(sqrt(d*x+c)*((b^4*c-a*b^3*d)*x-a^2*b^2*d+a*b^3*c))
fired    1_4_1 r20  sqrt(x)/d
fired    1_4_1 r20  c/(d*sqrt(x))
fired    1_4_1 r7  sqrt(x)/d-c/(d*sqrt(x))
fired    1_1_1_2 r12  (x/d-c/d)/sqrt(x)
fired    1_3_4 r1  x/sqrt(d*x+c)
fired    9_1 r12  (D*x)/(b*d*sqrt(d*x+c))
fired    1_1_1_1 r4  1/sqrt(d*x+c)
fired    1_3_4 r18  (D*c*((D*a*d-C*b*d)/(D*b*c)+1))/(b*d^2*sqrt(d*x+c))
fired    1_4_1 r7  (-(A*d^3)+B*c*d^2-C*c^2*d+D*c^3)/(sqrt(d*x+c)*((b*c*d^3-a*d^4)*x-a*c*d^3+b*c^2*d^2))-(-(A*b^3)+B*a*b^2-C*a^2*b+D*a^3)/(sqrt(d*x+c)*((b^4*c-a*b^3*d)*x-a^2*b^2*d+...
fired    1_1_1_5 r4  (D*x^3+C*x^2+B*x+A)/((b*x+a)*(d*x+c)^(3/2))
RUBI-CPU 37.95145 
ANSWER-LEN 8268 UNINT false 
ANSWER -(((A*b^3-B*a*b^2+C*a^2*b-D*a^3)*sqrt((a^2*b^2*d^2-2*a*b^3*c*d+b^4*c^2)/(-(A*b^3*d)+B*a*b^2*d-C*a^2*b*d+D*a^3*d))*log(-(((-(a^3*b^10*d^7)+3*a^2*b^11*c*d^6-3*a*b^12*c^2*d^5+b^13*c^3*d^4)*x^4+sqrt(d*x+c)*(sqrt((b^4*c-a*b^3*d)/(-(A*b^3*d)+B*a*b^2*d-C*a^2*b*d+D*a^3*d))*sqrt((a^2*b^2*d^2-2*a*b^3*c*d+b^4*c^2)/(-(A*b^3*d)+B*a*b^2*d-C*a^2*b*d+D*a^3*d))*((6*A*a^2*b^10-6*B*a^3*b^9+6*C*a^4*b^8-6*D*a^5*b^7)*d^6+(-(12*A*a*b^11)+12*B*a^2*b^10-12*C*a^3*b^9+12*D*a^4*b^8)*c*d^5+(6*A*b^12-6*B*a*b^11+6*C*a^2*b^10-6*D*a^3*b^9)*c^2*d^4)*x^3+((8*A^3*b^10-24*A^2*B*a*b^9+(24*A^2*C+24*A*B^2)*a^2*b^8+(-(24*A^2*D...

## arm new
# entry 1.1 Binomial products/1.1.3 General/1.1.3.3 (a+b x^n)^p (c+d x^n)^q.mac e271  integrand x^2*(a+b*x^2)/((-c+d*x)^(3/2)*(c+d*x)^(3/2))
# core /home/serge/src/mr-attr/test/mr_rules.core  cap 90  hit_cap False  cpu [3.388382]
fired    9_3 r67  1/sqrt(x^2+2*c)
fired    1_1_2_4 r24  (c*d*x^2+c^2*d)/(x^2*sqrt(x^2+2*c))
fired    9_3 r66  -((c*d^3*x^2)/((d*x-c)^(3/2)*(d*x+c)^(3/2)))-(c^2*d^2*x)/((d*x-c)^(3/2)*(d*x+c)^(3/2))
fired    1_1_1_3 r64  -((c*d^2*x)/((d*x-c)^(3/2)*sqrt(d*x+c)))
fired    1_1_1_3 r18  x^2/((d*x-c)^(3/2)*(d*x+c)^(3/2))
fired    1_1_3_4 r25  (x^2*(b*x^2+a))/((d*x-c)^(3/2)*(d*x+c)^(3/2))
RUBI-CPU 3.334825 
ANSWER-LEN 191 UNINT true 
ANSWER (b*x^3)/(2*d^2*sqrt(d*x-c)*sqrt(d*x+c))-((-(2*a*d^2)-3*b*c^2)*((2*sqrt(d*x-c)*'unintegrable[1/sqrt(d*x+c),sqrt(d*x-c)]-sqrt(d*x+c))/(d^3*sqrt(d*x-c))+c/(d^3*sqrt(d*x-c)*sqrt(d*x+c))))/(2*d^2) 

## arm n-ff
# entry 1.1 Binomial products/1.1.3 General/1.1.3.3 (a+b x^n)^p (c+d x^n)^q.mac e271  integrand x^2*(a+b*x^2)/((-c+d*x)^(3/2)*(c+d*x)^(3/2))
# core /home/serge/src/mr-attr/test/mr_rules.core  cap 90  hit_cap False  cpu [16.653567]
fired    1_1_2_1 r13  1/(1-d^2*x^2)
fired    1_1_2_1 r18  1/sqrt(d^2*x^2-c^2)
fired    1_4_1 r23  (2*c^3*d^5)/sqrt(d^2*x^2-c^2)
fired    1_1_2_10 r6  (2*c*d^5*x^2)/sqrt(d^2*x^2-c^2)
fired    1_1_2_11 r5  (c*d^3*x^2)/(d^2*x^2-c^2)^(3/2)
fired    1_1_1_6 r2  (c*d^3*x^2)/((d*x-c)^(3/2)*(d*x+c)^(3/2))
fired    1_1_2_2 r39  (c^2*d^2*x)/sqrt(1-(d^2*x^2)/c^2)
fired    1_1_2_2 r40  (c^2*d^2*x)/sqrt(d^2*x^2-c^2)
fired    1_1_2_2 r14  (c^2*d^2*x)/(d^2*x^2-c^2)^(3/2)
fired    1_1_1_3 r54  (c^2*d^2*x)/((d*x-c)^(3/2)*(d*x+c)^(3/2))
fired    1_4_1 r7  -((c*d^3*x^2)/((d*x-c)^(3/2)*(d*x+c)^(3/2)))-(c^2*d^2*x)/((d*x-c)^(3/2)*(d*x+c)^(3/2))
fired    1_1_1_3 r64  -((c*d^2*x)/((d*x-c)^(3/2)*sqrt(d*x+c)))
fired    1_1_1_3 r18  x^2/((d*x-c)^(3/2)*(d*x+c)^(3/2))
fired    1_1_3_4 r25  (x^2*(b*x^2+a))/((d*x-c)^(3/2)*(d*x+c)^(3/2))
RUBI-CPU 16.596173 
ANSWER-LEN 475 UNINT false 
ANSWER (b*x^3)/(2*d^2*sqrt(d*x-c)*sqrt(d*x+c))-((-(2*a*d^2)-3*b*c^2)*(c/(d^3*sqrt(d*x-c)*sqrt(d*x+c))-(-((sqrt(d^2*x^2-c^2)*(((c^3*d^2*log(-((sqrt(d^2*x^2-c^2)+d*x)/(d*x-sqrt(d^2*x^2-c^2)))))/2+c*d^3*x*sqrt(d^2*x^2-c^2))/(c^2*d^2)-(d^3*x^3)/(c*sqrt(d^2*x^2-c^2))))/(sqrt(d*x-c)*sqrt(d*x+c)))-(sqrt(d^2*x^2-c^2)*((hypergeometric([1/2,1],[2],(d^2*x^2)/c^2)*d^2*x^2*sqrt(1-(d^2*x^2)/c^2))/(2*sqrt(d^2*x^2-c^2))-(d^2*x^2)/sqrt(d^2*x^2-c^2)))/(sqrt(d*x-c)*sqrt(d*x+c)))/(c*d^3)))/(2*d^2) 

## arm new
# entry 1.2 Trinomial products/1.2.1 Quadratic/1.2.1.2 (d+e x)^m (a+b x+c x^2)^p.mac e2005  integrand 1/((d+e*x)^(1/2)*(a*d*e+(c*d^2+a*e^2)*x+c*d*e*x^2))
# core /home/serge/src/mr-attr/test/mr_rules.core  cap 90  hit_cap False  cpu [2.753969]
fired    1_1_2_1 r15  1/(c*d*e*x^2-sqrt((e*(a*e^2+c*d^2)-2*c*d^2*e)^2-4*c*d*e*(a*d*e^3-d*e*(a*e^2+c*d^2)+c*d^3*e))/2+(e*(a*e^2+c*d^2)-2*c*d^2*e)/2)
fired    1_1_2_1 r15  1/(c*d*e*x^2+sqrt((e*(a*e^2+c*d^2)-2*c*d^2*e)^2-4*c*d*e*(a*d*e^3-d*e*(a*e^2+c*d^2)+c*d^3*e))/2+(e*(a*e^2+c*d^2)-2*c*d^2*e)/2)
fired    1_2_2_1 r6  1/(c*d*e*x^4+(e*(a*e^2+c*d^2)-2*c*d^2*e)*x^2+a*d*e^3-d*e*(a*e^2+c*d^2)+c*d^3*e)
fired    1_1_2_1 r15  1/(((a*e^3-c*d^2*e)*x^2)/e-(d*(a*e^3-c*d^2*e))/e+a*d*e^2-c*d^3)
fired    1_1_1_2 r37  1/(sqrt(e*x+d)*((a*e^3-c*d^2*e)*x+a*d*e^2-c*d^3))
fired    1_1_2_1 r15  1/(((a*c*d*e^2-c^2*d^3)*x^2)/e+a^2*e^3-(d*(a*c*d*e^2-c^2*d^3))/e-a*c*d^2*e)
fired    1_1_1_2 r32  1/(sqrt(e*x+d)*((a*c*d*e^2-c^2*d^3)*x+a^2*e^3-a*c*d^2*e))
fired    1_4_1 r7  e/(sqrt(e*x+d)*((a*e^3-c*d^2*e)*x+a*d*e^2-c*d^3))-(c*d)/(sqrt(e*x+d)*((a*c*d*e^2-c^2*d^3)*x+a^2*e^3-a*c*d^2*e))
fired    1_2_1_2 r86  1/(sqrt(e*x+d)*(c*d*e*x^2+(a*e^2+c*d^2)*x+a*d*e))
RUBI-CPU 2.715684 
ANSWER-LEN 468 UNINT false 
ANSWER (2*hypergeometric([1/2,1],[3/2],((c*d^2*e-a*e^3)*(e*x+d))/(e*(a*d*e^2-c*d^3)-d*(a*e^3-c*d^2*e)))*e*sqrt(e*x+d))/(e*(a*d*e^2-c*d^3)-d*(a*e^3-c*d^2*e))-(2*c*d*sqrt(e)*sqrt(-((a^2*e^4-2*a*c*d^2*e^2+c^2*d^4)/e))*log(((a*c*d*e^3-c^2*d^3*e)*x+a^2*e^4-a*c*d^2*e^2)/(2*sqrt(e)*sqrt(a*c*d*e^2-c^2*d^3)*sqrt(-((a^2*e^4-2*a*c*d^2*e^2+c^2*d^4)/e))*sqrt(e*x+d)+(c^2*d^3*e-a*c*d*e^3)*x+a^2*e^4-3*a*c*d^2*e^2+2*c^2*d^4)))/(sqrt(a*c*d*e^2-c^2*d^3)*(2*a^2*e^4-4*a*c*d^2*e^2+2*c^2*d^4)) 

## arm n-ff
# entry 1.2 Trinomial products/1.2.1 Quadratic/1.2.1.2 (d+e x)^m (a+b x+c x^2)^p.mac e2005  integrand 1/((d+e*x)^(1/2)*(a*d*e+(c*d^2+a*e^2)*x+c*d*e*x^2))
# core /home/serge/src/mr-attr/test/mr_rules.core  cap 90  hit_cap False  cpu [11.646369]
fired    1_1_2_1 r15  1/(c*d*e*x^2-sqrt((e*(a*e^2+c*d^2)-2*c*d^2*e)^2-4*c*d*e*(a*d*e^3-d*e*(a*e^2+c*d^2)+c*d^3*e))/2+(e*(a*e^2+c*d^2)-2*c*d^2*e)/2)
fired    1_1_2_1 r15  1/(c*d*e*x^2+sqrt((e*(a*e^2+c*d^2)-2*c*d^2*e)^2-4*c*d*e*(a*d*e^3-d*e*(a*e^2+c*d^2)+c*d^3*e))/2+(e*(a*e^2+c*d^2)-2*c*d^2*e)/2)
fired    1_2_2_1 r6  1/(c*d*e*x^4+(e*(a*e^2+c*d^2)-2*c*d^2*e)*x^2+a*d*e^3-d*e*(a*e^2+c*d^2)+c*d^3*e)
fired    1_4_1 r20  1/((a*e-(c*d^2)/e)*x^(3/2))
fired    1_4_1 r25  1/(sqrt(x)*(a*e*x-(c*d^2*x)/e))
fired    1_3_4 r1  1/(sqrt(e*x+d)*(a*e^2*x-c*d^2*x+a*d*e-(c*d^3)/e))
fired    1_4_1 r18  e/(sqrt(e*x+d)*((a*e^3-c*d^2*e)*x+a*d*e^2-c*d^3))
fired    1_1_2_1 r15  1/((a*e-(c*d^2)/e)*x^2+(a^2*e^3)/(c*d)-2*a*d*e+(c*d^3)/e)
fired    9_1 r6  1/(a*e*x^2-(c*d^2*x^2)/e+(a^2*e^3)/(c*d)-2*a*d*e+(c*d^3)/e)
fired    1_4_1 r34  1/(sqrt(x)*(a*e*x-(c*d^2*x)/e+(a^2*e^3)/(c*d)-2*a*d*e+(c*d^3)/e))
fired    1_3_4 r1  1/(sqrt(e*x+d)*(a*e^2*x-c*d^2*x+(a^2*e^3)/(c*d)-a*d*e))
fired    1_4_1 r18  d/(sqrt(e*x+d)*(a*d*e^2*x-c*d^3*x+(a^2*e^3)/c-a*d^2*e))
fired    1_4_1 r18  (c*d)/(sqrt(e*x+d)*((a*c*d*e^2-c^2*d^3)*x+a^2*e^3-a*c*d^2*e))
fired    1_4_1 r7  e/(sqrt(e*x+d)*((a*e^3-c*d^2*e)*x+a*d*e^2-c*d^3))-(c*d)/(sqrt(e*x+d)*((a*c*d*e^2-c^2*d^3)*x+a^2*e^3-a*c*d^2*e))
fired    1_2_1_2 r86  1/(sqrt(e*x+d)*(c*d*e*x^2+(a*e^2+c*d^2)*x+a*d*e))
RUBI-CPU 11.601576 
ANSWER-LEN 3108 UNINT false 
ANSWER -(log(-(((a^3*c^4*d^4*e^10-3*a^2*c^5*d^6*e^8+3*a*c^6*d^8*e^6-c^7*d^10*e^4)*x^4+sqrt(e*x+d)*(sqrt(-((a*e^2-c*d^2)/e))*sqrt((a^2*e^4-2*a*c*d^2*e^2+c^2*d^4)/(c*d*e))*(6*a^2*c^4*d^4*e^8-12*a*c^5*d^6*e^6+6*c^6*d^8*e^4)*x^3+(8*c^4*d^4*e^5*(-((a*e^2-c*d^2)/e))^(3/2)*((a^2*e^4-2*a*c*d^2*e^2+c^2*d^4)/(c*d*e))^(3/2)+sqrt(-((a*e^2-c*d^2)/e))*sqrt((a^2*e^4-2*a*c*d^2*e^2+c^2*d^4)/(c*d*e))*(-(6*a^3*c^3*d^3*e^9)+36*a^2*c^4*d^5*e^7-54*a*c^5*d^7*e^5+24*c^6*d^9*e^3))*x^2+(sqrt(-((a*e^2-c*d^2)/e))*sqrt((a^2*e^4-2*a*c*d^2*e^2+c^2*d^4)/(c*d*e))*(-(6*a^4*c^2*d^2*e^10)+12*a^3*c^3*d^4*e^8+18*a^2*c^4*d^6*e^6-48...

