refV   verified       t=   4.1s rubi=   4.0s 1 Algebraic functions/1.3 Miscellaneous/1.3.1 Rational functions.mac e135 L190
newV   timeout        t=  60.1s rubi=   n/as 1 Algebraic functions/1.3 Miscellaneous/1.3.1 Rational functions.mac e135 L190
vU     verified       t=   4.9s rubi=   4.8s 1 Algebraic functions/1.3 Miscellaneous/1.3.1 Rational functions.mac e135 L190
vUR    verified       t=   4.9s rubi=   4.8s 1 Algebraic functions/1.3 Miscellaneous/1.3.1 Rational functions.mac e135 L190
vT     timeout        t=  60.1s rubi=   n/as 1 Algebraic functions/1.3 Miscellaneous/1.3.1 Rational functions.mac e135 L190
v-ff   verified       t=   4.8s rubi=   4.6s 1 Algebraic functions/1.3 Miscellaneous/1.3.1 Rational functions.mac e135 L190
v-sf   timeout        t=  60.1s rubi=   n/as 1 Algebraic functions/1.3 Miscellaneous/1.3.1 Rational functions.mac e135 L190
v-foq  timeout        t=  60.1s rubi=   n/as 1 Algebraic functions/1.3 Miscellaneous/1.3.1 Rational functions.mac e135 L190
v-cq   timeout        t=  60.1s rubi=   n/as 1 Algebraic functions/1.3 Miscellaneous/1.3.1 Rational functions.mac e135 L190
v-fm   timeout        t=  60.1s rubi=   n/as 1 Algebraic functions/1.3 Miscellaneous/1.3.1 Rational functions.mac e135 L190
v-top  timeout        t=  60.1s rubi=   n/as 1 Algebraic functions/1.3 Miscellaneous/1.3.1 Rational functions.mac e135 L190
refV   verified       t=   1.1s rubi=   1.1s 1 Algebraic functions/1.3 Miscellaneous/1.3.2 Algebraic functions.mac e681 L932
newV   timeout        t=  60.1s rubi=   n/as 1 Algebraic functions/1.3 Miscellaneous/1.3.2 Algebraic functions.mac e681 L932
vU     verified       t=   1.5s rubi=   1.4s 1 Algebraic functions/1.3 Miscellaneous/1.3.2 Algebraic functions.mac e681 L932
vUR    verified       t=   1.4s rubi=   1.3s 1 Algebraic functions/1.3 Miscellaneous/1.3.2 Algebraic functions.mac e681 L932
vT     timeout        t=  60.1s rubi=   n/as 1 Algebraic functions/1.3 Miscellaneous/1.3.2 Algebraic functions.mac e681 L932
v-ff   verified       t=   1.4s rubi=   1.4s 1 Algebraic functions/1.3 Miscellaneous/1.3.2 Algebraic functions.mac e681 L932
v-sf   timeout        t=  60.1s rubi=   n/as 1 Algebraic functions/1.3 Miscellaneous/1.3.2 Algebraic functions.mac e681 L932
v-foq  timeout        t=  60.1s rubi=   n/as 1 Algebraic functions/1.3 Miscellaneous/1.3.2 Algebraic functions.mac e681 L932
v-cq   timeout        t=  60.1s rubi=   n/as 1 Algebraic functions/1.3 Miscellaneous/1.3.2 Algebraic functions.mac e681 L932
v-fm   timeout        t=  60.1s rubi=   n/as 1 Algebraic functions/1.3 Miscellaneous/1.3.2 Algebraic functions.mac e681 L932
v-top  timeout        t=  60.1s rubi=   n/as 1 Algebraic functions/1.3 Miscellaneous/1.3.2 Algebraic functions.mac e681 L932
