=== maxima-rubi corpus queue worker 00 (filter '6 Hyperbolic functions/') ===
date: 2026-09-29 05:06 UTC
maxima: Maxima-version: "branch_5_50_base_84_g4204fb669"
maxima: Maxima build date: "2026-08-31 13:27:47"
maxima: Host type: "x86_64-pc-linux-gnu"
maxima: Lisp implementation type: "SBCL"
maxima: Lisp implementation version: "2.6.7"
filter: '6 Hyperbolic functions/'  queue worker 00 of 12  timeout: 30s cpu  entries: 67  subset: verified of /home/serge/src/maxima-rubi/probes/verify-stages/08-stage-order/entries/class6.control.out  switches: mr_flat_wide=false mr_cond_retry=true mr_model_flags=true mr_nested_fallback=false mr_giveup_last=true mr_inert_leak_misfire=true mr_last_resort_tier=true mr_general_after_giveups=true mr_max_depth=32 mr_eqq_symbolic=true mr_subst_simp=false mr_gtq_facts=false  verify: 30s cpu, stage 5s

verified       t=   0.6s 6 Hyperbolic functions/6.1 Hyperbolic sine/6.1.1 (c+d x)^m (a+b sinh)^n.mac e15 L26
verified       t=   0.1s 6 Hyperbolic functions/6.2 Hyperbolic cosine/6.2.7 hyper^m (a+b cosh^n)^p.mac e22 L57
verified       t=   0.1s 6 Hyperbolic functions/6.3 Hyperbolic tangent/6.3.7 (d hyper)^m (a+b (c tanh)^n)^p.mac e82 L109
verified       t=   0.0s 6 Hyperbolic functions/6.5 Hyperbolic secant/6.5.3 Hyperbolic secant functions.mac e3 L12
verified       t=   0.2s 6 Hyperbolic functions/6.5 Hyperbolic secant/6.5.3 Hyperbolic secant functions.mac e133 L188
verified       t=   0.1s 6 Hyperbolic functions/6.5 Hyperbolic secant/6.5.7 (d hyper)^m (a+b (c sech)^n)^p.mac e140 L165
verified       t=   0.1s 6 Hyperbolic functions/6.7 Miscellaneous/6.7.1 Hyperbolic functions.mac e94 L111
verified       t=   0.1s 6 Hyperbolic functions/6.7 Miscellaneous/6.7.1 Hyperbolic functions.mac e292 L329
verified       t=   0.1s 6 Hyperbolic functions/6.7 Miscellaneous/6.7.1 Hyperbolic functions.mac e750 L871

=== summary ===
head rewrites: {'expintegral_chi(': 5, 'expintegral_shi(': 7, 'li[': 9, 'expintegral_si(': 2, 'expintegral_ci(': 2}
verified       9
total integrals: 9
wall time: 2.6s
Results: 9 passed, 0 failed
