=== class4 queue plan ===
entries: 6  units: 6  workers: 6  cap: 30s  timed by (no --prev): 0  untimed (run first): 6
job-seconds: 0  (one entry per unit)
estimated core-seconds: 0  estimated wall: 0.0 min (= core-seconds/workers + largest unit; timed entries only)
switches: mr_flat_wide=false mr_cond_retry=true mr_model_flags=true mr_nested_fallback=false mr_giveup_last=true mr_inert_leak_misfire=true mr_last_resort_tier=true mr_general_after_giveups=true mr_max_depth=32 mr_eqq_symbolic=true mr_subst_simp=false mr_gtq_facts=false mr_ifold=false
outputs: /home/serge/src/maxima-rubi/.scratch/answer-quality/rcfold_ab/recheck4_off/shard00.out .. shard05.out  pids: /home/serge/src/maxima-rubi/.scratch/answer-quality/rcfold_ab/recheck4_off/pids  log: /home/serge/src/maxima-rubi/.scratch/answer-quality/rcfold_ab/recheck4_off/queue.log
removed 0 files of the previous run
launched the queue: pid 300868; pids in /home/serge/src/maxima-rubi/.scratch/answer-quality/rcfold_ab/recheck4_off/pids; log /home/serge/src/maxima-rubi/.scratch/answer-quality/rcfold_ab/recheck4_off/queue.log
=== class4 queue plan ===
entries: 6  units: 6  workers: 6  cap: 30s  timed by (no --prev): 0  untimed (run first): 6
job-seconds: 0  (one entry per unit)
estimated core-seconds: 0  estimated wall: 0.0 min (= core-seconds/workers + largest unit; timed entries only)
switches: mr_flat_wide=false mr_cond_retry=true mr_model_flags=true mr_nested_fallback=false mr_giveup_last=true mr_inert_leak_misfire=true mr_last_resort_tier=true mr_general_after_giveups=true mr_max_depth=32 mr_eqq_symbolic=true mr_subst_simp=false mr_gtq_facts=false mr_ifold=true
outputs: /home/serge/src/maxima-rubi/.scratch/answer-quality/rcfold_ab/recheck4_on/shard00.out .. shard05.out  pids: /home/serge/src/maxima-rubi/.scratch/answer-quality/rcfold_ab/recheck4_on/pids  log: /home/serge/src/maxima-rubi/.scratch/answer-quality/rcfold_ab/recheck4_on/queue.log
removed 0 files of the previous run
launched the queue: pid 301338; pids in /home/serge/src/maxima-rubi/.scratch/answer-quality/rcfold_ab/recheck4_on/pids; log /home/serge/src/maxima-rubi/.scratch/answer-quality/rcfold_ab/recheck4_on/queue.log
=== class4 queue plan ===
entries: 6  units: 6  workers: 6  cap: 30s  timed by (no --prev): 0  untimed (run first): 6
job-seconds: 0  (one entry per unit)
estimated core-seconds: 0  estimated wall: 0.0 min (= core-seconds/workers + largest unit; timed entries only)
switches: mr_flat_wide=false mr_cond_retry=true mr_model_flags=true mr_nested_fallback=false mr_giveup_last=true mr_inert_leak_misfire=true mr_last_resort_tier=true mr_general_after_giveups=true mr_max_depth=32 mr_eqq_symbolic=true mr_subst_simp=false mr_gtq_facts=false mr_ifold=false
outputs: /home/serge/src/maxima-rubi/.scratch/answer-quality/rcfold_ab/recheck4_off2/shard00.out .. shard05.out  pids: /home/serge/src/maxima-rubi/.scratch/answer-quality/rcfold_ab/recheck4_off2/pids  log: /home/serge/src/maxima-rubi/.scratch/answer-quality/rcfold_ab/recheck4_off2/queue.log
removed 0 files of the previous run
launched the queue: pid 301520; pids in /home/serge/src/maxima-rubi/.scratch/answer-quality/rcfold_ab/recheck4_off2/pids; log /home/serge/src/maxima-rubi/.scratch/answer-quality/rcfold_ab/recheck4_off2/queue.log
=== class4 queue plan ===
entries: 6  units: 6  workers: 6  cap: 30s  timed by (no --prev): 0  untimed (run first): 6
job-seconds: 0  (one entry per unit)
estimated core-seconds: 0  estimated wall: 0.0 min (= core-seconds/workers + largest unit; timed entries only)
switches: mr_flat_wide=false mr_cond_retry=true mr_model_flags=true mr_nested_fallback=false mr_giveup_last=true mr_inert_leak_misfire=true mr_last_resort_tier=true mr_general_after_giveups=true mr_max_depth=32 mr_eqq_symbolic=true mr_subst_simp=false mr_gtq_facts=false mr_ifold=true
outputs: /home/serge/src/maxima-rubi/.scratch/answer-quality/rcfold_ab/recheck4_on2/shard00.out .. shard05.out  pids: /home/serge/src/maxima-rubi/.scratch/answer-quality/rcfold_ab/recheck4_on2/pids  log: /home/serge/src/maxima-rubi/.scratch/answer-quality/rcfold_ab/recheck4_on2/queue.log
removed 0 files of the previous run
launched the queue: pid 301701; pids in /home/serge/src/maxima-rubi/.scratch/answer-quality/rcfold_ab/recheck4_on2/pids; log /home/serge/src/maxima-rubi/.scratch/answer-quality/rcfold_ab/recheck4_on2/queue.log
RECHECK4 DONE
