=== class5 queue plan ===
entries: 42  units: 42  workers: 12  cap: 30s  timed by (no --prev): 0  untimed (run first): 42
job-seconds: 0  (one entry per unit)
estimated core-seconds: 0  estimated wall: 0.0 min (= core-seconds/workers + largest unit; timed entries only)
switches: mr_flat_wide=false mr_cond_retry=true mr_model_flags=true mr_nested_fallback=false mr_giveup_last=true mr_inert_leak_misfire=true mr_last_resort_tier=true mr_general_after_giveups=true mr_max_depth=32 mr_eqq_symbolic=true mr_subst_simp=false mr_gtq_facts=false
outputs: /home/serge/src/maxima-rubi/probes/verify-stages/08-stage-order/armA/unverified/class5/shard00.out .. shard11.out  pids: /home/serge/src/maxima-rubi/probes/verify-stages/08-stage-order/armA/unverified/class5/pids  log: /home/serge/src/maxima-rubi/probes/verify-stages/08-stage-order/armA/unverified/class5/queue.log
FAIL: unverified     t=   0.4s 5 Inverse trig functions/5.1 Inverse sine/5.1.4a (f x)^m (d-c^2 d x^2)^p (a+b arcsin(c x))^n.mac e145 L172
FAIL: unverified     t=   0.1s 5 Inverse trig functions/5.1 Inverse sine/5.1.5 Inverse sine functions.mac e28 L45
FAIL: unverified     t=   0.7s 5 Inverse trig functions/5.1 Inverse sine/5.1.4b (f x)^m (d+e x^2)^p (a+b arcsin(c x))^n.mac e61 L80
FAIL: unverified     t=   0.6s 5 Inverse trig functions/5.1 Inverse sine/5.1.4b (f x)^m (d+e x^2)^p (a+b arcsin(c x))^n.mac e60 L79
PASS: verified       t=   0.5s 5 Inverse trig functions/5.3 Inverse tangent/5.3.2 (d x)^m (a+b arctan(c x^n))^p.mac e144 L213
PASS: verified       t=   0.9s 5 Inverse trig functions/5.3 Inverse tangent/5.3.2 (d x)^m (a+b arctan(c x^n))^p.mac e151 L220
FAIL: unverified     t=   0.6s 5 Inverse trig functions/5.3 Inverse tangent/5.3.4 u (a+b arctan(c x))^p.mac e1241 L1484
FAIL: unverified     t=   0.8s 5 Inverse trig functions/5.1 Inverse sine/5.1.4a (f x)^m (d-c^2 d x^2)^p (a+b arcsin(c x))^n.mac e143 L170
PASS: verified       t=   1.2s 5 Inverse trig functions/5.3 Inverse tangent/5.3.6 Exponentials of inverse tangent.mac e23 L32
PASS: verified       t=   5.6s 5 Inverse trig functions/5.1 Inverse sine/5.1.4a (f x)^m (d-c^2 d x^2)^p (a+b arcsin(c x))^n.mac e534 L655
PASS: verified       t=   5.8s 5 Inverse trig functions/5.1 Inverse sine/5.1.4a (f x)^m (d-c^2 d x^2)^p (a+b arcsin(c x))^n.mac e521 L640
FAIL: unverified     t=   3.7s 5 Inverse trig functions/5.1 Inverse sine/5.1.4b (f x)^m (d+e x^2)^p (a+b arcsin(c x))^n.mac e59 L78
PASS: verified       t=   1.5s 5 Inverse trig functions/5.3 Inverse tangent/5.3.6 Exponentials of inverse tangent.mac e24 L33
PASS: verified       t=   1.7s 5 Inverse trig functions/5.1 Inverse sine/5.1.5 Inverse sine functions.mac e34 L57
PASS: verified       t=   1.7s 5 Inverse trig functions/5.2 Inverse cosine/5.2.5 Inverse cosine functions.mac e19 L38
PASS: verified       t=   1.1s 5 Inverse trig functions/5.3 Inverse tangent/5.3.6 Exponentials of inverse tangent.mac e56 L67
PASS: verified       t=   2.0s 5 Inverse trig functions/5.1 Inverse sine/5.1.5 Inverse sine functions.mac e39 L62
PASS: verified       t=   0.0s 5 Inverse trig functions/5.3 Inverse tangent/5.3.7 Inverse tangent functions.mac e37 L60
FAIL: unverified     t=   1.1s 5 Inverse trig functions/5.3 Inverse tangent/5.3.4 u (a+b arctan(c x))^p.mac e1243 L1486
PASS: expected       t=   0.2s 5 Inverse trig functions/5.3 Inverse tangent/5.3.6 Exponentials of inverse tangent.mac e341 L414
PASS: verified       t=   0.2s 5 Inverse trig functions/5.3 Inverse tangent/5.3.6 Exponentials of inverse tangent.mac e374 L504
PASS: verified       t=   0.0s 5 Inverse trig functions/5.3 Inverse tangent/5.3.7 Inverse tangent functions.mac e42 L65
FAIL: unverified     t=   0.1s 5 Inverse trig functions/5.3 Inverse tangent/5.3.6 Exponentials of inverse tangent.mac e236 L285
PASS: verified       t=   2.5s 5 Inverse trig functions/5.1 Inverse sine/5.1.5 Inverse sine functions.mac e35 L58
PASS: verified       t=   1.7s 5 Inverse trig functions/5.3 Inverse tangent/5.3.6 Exponentials of inverse tangent.mac e57 L68
PASS: verified       t=   2.2s 5 Inverse trig functions/5.3 Inverse tangent/5.3.6 Exponentials of inverse tangent.mac e25 L34
PASS: verified       t=   0.5s 5 Inverse trig functions/5.4 Inverse cotangent/5.4.1 Inverse cotangent functions.mac e18 L29
PASS: verified       t=   2.0s 5 Inverse trig functions/5.2 Inverse cosine/5.2.5 Inverse cosine functions.mac e24 L43
PASS: verified       t=   0.8s 5 Inverse trig functions/5.4 Inverse cotangent/5.4.1 Inverse cotangent functions.mac e29 L40
PASS: verified       t=   2.1s 5 Inverse trig functions/5.3 Inverse tangent/5.3.6 Exponentials of inverse tangent.mac e58 L69
PASS: verified       t=   2.4s 5 Inverse trig functions/5.2 Inverse cosine/5.2.5 Inverse cosine functions.mac e20 L39
FAIL: unverified     t=   0.4s 5 Inverse trig functions/5.6 Inverse cosecant/5.6.1 u (a+b arccsc(c x))^n.mac e167 L212
FAIL: unverified     t=   0.7s 5 Inverse trig functions/5.5 Inverse secant/5.5.1 u (a+b arcsec(c x))^n.mac e162 L211
FAIL: unverified     t=   1.9s 5 Inverse trig functions/5.3 Inverse tangent/5.3.4 u (a+b arctan(c x))^p.mac e1245 L1488
FAIL: unverified     t=   0.7s 5 Inverse trig functions/5.6 Inverse cosecant/5.6.1 u (a+b arccsc(c x))^n.mac e166 L211
PASS: verified       t=   0.7s 5 Inverse trig functions/5.5 Inverse secant/5.5.1 u (a+b arcsec(c x))^n.mac e80 L115
PASS: verified       t=   0.7s 5 Inverse trig functions/5.6 Inverse cosecant/5.6.1 u (a+b arccsc(c x))^n.mac e87 L122
FAIL: unverified     t=   0.4s 5 Inverse trig functions/5.5 Inverse secant/5.5.1 u (a+b arcsec(c x))^n.mac e163 L212
FAIL: unverified     t=   1.0s 5 Inverse trig functions/5.5 Inverse secant/5.5.1 u (a+b arcsec(c x))^n.mac e161 L210
FAIL: unverified     t=   1.0s 5 Inverse trig functions/5.6 Inverse cosecant/5.6.1 u (a+b arccsc(c x))^n.mac e165 L210
PASS: verified       t=   0.3s 5 Inverse trig functions/5.5 Inverse secant/5.5.2 Inverse secant functions.mac e17 L32
PASS: verified       t=   0.3s 5 Inverse trig functions/5.6 Inverse cosecant/5.6.2 Inverse cosecant functions.mac e16 L31
queue wall: 24.6s  entries: 42  units: 42  workers: 12  harness failures: 0
