=== maxima-rubi corpus queue worker 04 (filter '5 Inverse trig functions/') ===
date: 2026-09-29 04:59 UTC
maxima: Maxima-version: "branch_5_50_base_84_g4204fb669"
maxima: Maxima build date: "2026-08-31 13:27:47"
maxima: Host type: "x86_64-pc-linux-gnu"
maxima: Lisp implementation type: "SBCL"
maxima: Lisp implementation version: "2.6.7"
filter: '5 Inverse trig functions/'  queue worker 04 of 12  timeout: 30s cpu  entries: 42  subset: unverified of /home/serge/src/maxima-rubi/probes/verify-stages/08-stage-order/entries/class5.unverified.out  switches: mr_flat_wide=false mr_cond_retry=true mr_model_flags=true mr_nested_fallback=false mr_giveup_last=true mr_inert_leak_misfire=true mr_last_resort_tier=true mr_general_after_giveups=true mr_max_depth=32 mr_eqq_symbolic=true mr_subst_simp=false mr_gtq_facts=false  verify: 30s cpu, stage 5s

unverified     t=   0.6s 5 Inverse trig functions/5.1 Inverse sine/5.1.4b (f x)^m (d+e x^2)^p (a+b arcsin(c x))^n.mac e60 L79
verified       t=   0.9s 5 Inverse trig functions/5.3 Inverse tangent/5.3.2 (d x)^m (a+b arctan(c x^n))^p.mac e151 L220
unverified     t=   1.1s 5 Inverse trig functions/5.3 Inverse tangent/5.3.4 u (a+b arctan(c x))^p.mac e1243 L1486
verified       t=   0.5s 5 Inverse trig functions/5.4 Inverse cotangent/5.4.1 Inverse cotangent functions.mac e18 L29
unverified     t=   1.0s 5 Inverse trig functions/5.6 Inverse cosecant/5.6.1 u (a+b arccsc(c x))^n.mac e165 L210

=== summary ===
head rewrites: {'li[': 36}
unverified     3
verified       2
total integrals: 5
wall time: 22.3s
Results: 2 passed, 3 failed
