=== maxima-rubi corpus queue worker 00 (filter '5 Inverse trig functions/') ===
date: 2026-09-29 04:59 UTC
maxima: Maxima-version: "branch_5_50_base_84_g4204fb669"
maxima: Maxima build date: "2026-08-31 13:27:47"
maxima: Host type: "x86_64-pc-linux-gnu"
maxima: Lisp implementation type: "SBCL"
maxima: Lisp implementation version: "2.6.7"
filter: '5 Inverse trig functions/'  queue worker 00 of 12  timeout: 30s cpu  entries: 42  subset: unverified of /home/serge/src/maxima-rubi/probes/verify-stages/08-stage-order/entries/class5.unverified.out  switches: mr_flat_wide=false mr_cond_retry=true mr_model_flags=true mr_nested_fallback=false mr_giveup_last=true mr_inert_leak_misfire=true mr_last_resort_tier=true mr_general_after_giveups=true mr_max_depth=32 mr_eqq_symbolic=true mr_subst_simp=false mr_gtq_facts=false  verify: 30s cpu, stage 5s

unverified     t=   0.8s 5 Inverse trig functions/5.1 Inverse sine/5.1.4a (f x)^m (d-c^2 d x^2)^p (a+b arcsin(c x))^n.mac e143 L170
verified       t=   1.2s 5 Inverse trig functions/5.3 Inverse tangent/5.3.6 Exponentials of inverse tangent.mac e23 L32
verified       t=   1.5s 5 Inverse trig functions/5.3 Inverse tangent/5.3.6 Exponentials of inverse tangent.mac e24 L33
verified       t=   2.1s 5 Inverse trig functions/5.3 Inverse tangent/5.3.6 Exponentials of inverse tangent.mac e58 L69
verified       t=   0.3s 5 Inverse trig functions/5.6 Inverse cosecant/5.6.2 Inverse cosecant functions.mac e16 L31

=== summary ===
head rewrites: {'li[': 36}
unverified     1
verified       4
total integrals: 5
wall time: 24.6s
Results: 4 passed, 1 failed
