=== maxima-rubi corpus queue worker 11 (filter '5 Inverse trig functions/') ===
date: 2026-09-29 04:59 UTC
maxima: Maxima-version: "branch_5_50_base_84_g4204fb669"
maxima: Maxima build date: "2026-08-31 13:27:47"
maxima: Host type: "x86_64-pc-linux-gnu"
maxima: Lisp implementation type: "SBCL"
maxima: Lisp implementation version: "2.6.7"
filter: '5 Inverse trig functions/'  queue worker 11 of 12  timeout: 30s cpu  entries: 42  subset: unverified of /home/serge/src/maxima-rubi/probes/verify-stages/08-stage-order/entries/class5.unverified.out  switches: mr_flat_wide=false mr_cond_retry=true mr_model_flags=true mr_nested_fallback=false mr_giveup_last=true mr_inert_leak_misfire=true mr_last_resort_tier=true mr_general_after_giveups=true mr_max_depth=32 mr_eqq_symbolic=true mr_subst_simp=false mr_gtq_facts=false  verify: 30s cpu, stage 5s

verified       t=   1.7s 5 Inverse trig functions/5.2 Inverse cosine/5.2.5 Inverse cosine functions.mac e19 L38
expected       t=   0.2s 5 Inverse trig functions/5.3 Inverse tangent/5.3.6 Exponentials of inverse tangent.mac e341 L414
verified       t=   0.8s 5 Inverse trig functions/5.4 Inverse cotangent/5.4.1 Inverse cotangent functions.mac e29 L40
unverified     t=   0.4s 5 Inverse trig functions/5.6 Inverse cosecant/5.6.1 u (a+b arccsc(c x))^n.mac e167 L212

=== summary ===
head rewrites: {'li[': 36}
expected       1
unverified     1
verified       2
total integrals: 4
wall time: 15.2s
Results: 3 passed, 1 failed
