# 1.1.1.4 e5-class shape gap census, 2026-08-25
# pinned Rubi commit: 61e9c18ea248061cd83c67882f7c91a73cef912d
# 1.1.1.4 e5-class shape gap census, pinned Rubi (commit recorded in todo/TODO.md)
# file: reference/rubi/Rubi/IntegrationRules/1 Algebraic functions/1.1 Binomial products/1.1.1 Linear/1.1.1.4 (a+b x)^m (c+d x)^n (e+f x)^p (g+h x)^q.m
# total rule runs: 48
# class A (exact shape (a+b x)^m /(Sqrt Sqrt Sqrt)): 6
  A1: pattern (a_. + b_.*x_)^m_*sqrt(e_. + f_.*x_]* sqrt(g_. + h_.*x_]/sqrt(c_. + d_
       cond    FreeQ[{a, b, c, d, e, f, g, h, m}, x] && IntegerQ[2*m] && GtQ[m, 0]
       shape:    declines at the shape instance
  A2: pattern (a_. + b_.*x_)^m_*sqrt(e_. + f_.*x_]* sqrt(g_. + h_.*x_]/sqrt(c_. + d_
       cond    FreeQ[{a, b, c, d, e, f, g, h, m}, x] && IntegerQ[2*m] && LtQ[m, -1]
       shape:    CAN FIRE at the shape instance
  A3: pattern (a_. + b_.*x_)^ m_/(sqrt(c_. + d_.*x_]*sqrt(e_. + f_.*x_]*sqrt(g_. + h
       cond    FreeQ[{a, b, c, d, e, f, g, h}, x] && IntegerQ[2*m] && GeQ[m, 2]
       shape:    declines at the shape instance
  A4: pattern (a_. + b_.*x_)^ m_/(sqrt(c_. + d_.*x_]*sqrt(e_. + f_.*x_]*sqrt(g_. + h
       cond    FreeQ[{a, b, c, d, e, f, g, h}, x] && IntegerQ[2*m] && LeQ[m, -2]
       shape:    CAN FIRE at the shape instance
  A5: pattern (a_. + b_.*x_)^m_* sqrt(c_. + d_.*x_]/(sqrt(e_. + f_.*x_]*sqrt(g_. + h
       cond    FreeQ[{a, b, c, d, e, f, g, h, m}, x] && IntegerQ[2*m] && GtQ[m, 1]
       shape:    declines at the shape instance
  A6: pattern (a_. + b_.*x_)^m_* sqrt(c_. + d_.*x_]/(sqrt(e_. + f_.*x_]*sqrt(g_. + h
       cond    FreeQ[{a, b, c, d, e, f, g, h, m}, x] && IntegerQ[2*m] && LeQ[m, -2]
       shape:    CAN FIRE at the shape instance
# class B (four free powers): 16 rules, 0 can fire at the shape instance
# class C (fixed shapes): 26 rules — pattern equality only; none matches the free-m shape (the m slot is fixed at 1, 3/2 or absent in every C pattern)
# CONCLUSION: the pinned rule set CAN reduce the e5 shape at m=-2 (class A4: the (a+b x)^m/(Sqrt Sqrt Sqrt) rule with IntegerQ[2*m] && LeQ[m,-2] — ported as 1_1_1_4 r32): the e5-class deferral is NOT a rule-set version gap. It is the matchfix pattern-matching limit (measured 2026-08-25, 5.50.0/SBCL, r32bis/pq probes): a product pattern with a FREE-exponent power factor (a+b x)^_m plus a sibling power factor of fixed FRACTIONAL exponent or Sqrt head does not match — (pa+pb x)^_m/(sqrt(pc+pd x)...) = false, (pa+pb x)^_m*(pc+pd x)^(-1/2) = false, (pa+pb x)^_m*sqrt(pc+pd x) = false — while all-fixed exponents match (P1), free+free match (P3), and a fixed INTEGER exponent in the DENOMINATOR matches (Q3). The corpus's elliptic expectations are right; reaching the rule needs a custom matcher for the m/(Sqrt Sqrt Sqrt) shape (post-full-run decision).
