probes/rubi/02 — the hyperbolic -> inert-trig bridge
Static analysis; no Maxima. Pinned reference clones:
  rubi: 61e9c18ea248061cd83c67882f7c91a73cef912d
  maxima-syntax-test-suite: 60295e21c571ca210ecfbb695f4af99947454adf
  Rubi rule files read: 221

==============================================================================
1. Rubi's inert function heads (lowercase) in the rule files
==============================================================================
  sin[      1518
  cos[       551
  tan[       640
  cot[       133
  sec[       225
  csc[       940
  sinh[        0
  cosh[        0
  tanh[        0
  coth[        0
  sech[        0
  csch[        0

  FINDING: Rubi has six inert heads and they are all TRIG.
  No inert hyperbolic head exists (sinh, cosh, tanh, coth, sech, csch never appear as rule heads),
  so a hyperbolic integrand cannot be matched by the inert rules as it stands.

==============================================================================
2. DeactivateTrigAux's hyperbolic branch (IntegrationUtilityFunctions.m)
==============================================================================
  If[HyperbolicQ[u] && LinearQ[u[[1]],x],
  With[{v=ExpandToSum[I*u[[1]],x]},
    Sinh, -I*ReduceInertTrig[sin,v],
    Cosh, ReduceInertTrig[cos,v],
    Tanh, -I*ReduceInertTrig[tan,v],
    Coth, I*ReduceInertTrig[cot,v],
    Sech, ReduceInertTrig[sec,v],
    Csch, I*ReduceInertTrig[csc,v]]],

  FINDING: the HyperbolicQ branch rewrites all 6 hyperbolic heads onto the
  INERT TRIG heads, with the argument multiplied by I (ExpandToSum[I*u[[1]],x]).
  Sinh -> -I sin[I z], Cosh -> cos[I z], Tanh -> -I tan[I z],
  Coth -> I cot[I z], Sech -> sec[I z], Csch -> I csc[I z].
  This is the whole cross-section dependency: after it, a hyperbolic integrand
  IS a trig integrand and section 4's rules apply.

==============================================================================
3. The bridge rule — where the conversion is invoked
==============================================================================
    2  4 Trig functions/4.1 Sine/4.1.0.1 (a sin)^m (b trg)^n.m

  in 4 Trig functions/4.1 Sine/4.1.0.1 (a sin)^m (b trg)^n.m:
  If[TrueQ[$LoadShowSteps], Int[u_, x_Symbol] := Int[DeactivateTrig[u, x], x] /; SimplifyFlag && FunctionOfTrigOfLinearQ[u, x], Int[u_, x_Symbol] := Int[DeactivateTrig[u, x], x] /; FunctionOfTrigOfLinearQ[u, x]]

  FINDING: 1 rule file invokes the conversion, through ONE catch-all rule
  at the head of 4.1.0.1 — the FIRST section-4 file Rubi.m loads:
    Int[u_, x_Symbol] := Int[DeactivateTrig[u, x], x] /; FunctionOfTrigOfLinearQ[u, x]
  Its condition (FunctionOfTrigOfLinearQ) is what admits hyperbolic integrands;
  DeactivateTrig's own first clause spells out `TrigQ[trig] || HyperbolicQ[trig]`.

  PORTING CONSEQUENCE: this is a bare `u_` LHS. Our dispatcher walks the table in
  load order and stops at the first rule that answers, so the ported record must sit
  at the END of the table, after every class. Mathematica orders it last by
  specificity; we have to do it by position.

==============================================================================
4. Corpus section-6 families against Rubi section-6 rule files
==============================================================================
  Rubi section-6 rule files: 13
    6 Hyperbolic functions/6.1 Hyperbolic sine/6.1.10 (c+d x)^m (a+b sinh)^n.m
    6 Hyperbolic functions/6.1 Hyperbolic sine/6.1.11 (e x)^m (a+b x^n)^p sinh.m
    6 Hyperbolic functions/6.1 Hyperbolic sine/6.1.12 (e x)^m (a+b sinh(c+d x^n))^p.m
    6 Hyperbolic functions/6.1 Hyperbolic sine/6.1.13 (d+e x)^m sinh(a+b x+c x^2)^n.m
    6 Hyperbolic functions/6.3 Hyperbolic tangent/6.3.10 (c+d x)^m (a+b tanh)^n.m
    6 Hyperbolic functions/6.3 Hyperbolic tangent/6.3.11 (e x)^m (a+b tanh(c+d x^n))^p.m
    6 Hyperbolic functions/6.3 Hyperbolic tangent/6.3.12 (d+e x)^m tanh(a+b x+c x^2)^n.m
    6 Hyperbolic functions/6.5 Hyperbolic secant/6.5.10 (c+d x)^m (a+b sech)^n.m
    6 Hyperbolic functions/6.5 Hyperbolic secant/6.5.11 (e x)^m (a+b sech(c+d x^n))^p.m
    6 Hyperbolic functions/6.7 Miscellaneous/6.7.6 (c+d x)^m hyper(a+b x)^n hyper(a+b x)^p.m
    6 Hyperbolic functions/6.7 Miscellaneous/6.7.7 F^(c (a+b x)) hyper(d+e x)^n.m
    6 Hyperbolic functions/6.7 Miscellaneous/6.7.8 u hyper(a+b log(c x^n))^p.m
    6 Hyperbolic functions/6.7 Miscellaneous/6.7.9 Active hyperbolic functions.m
  Corpus section-6 files: 26
    6.2 Hyperbolic cosine/6.2.1 (c+d x)^m (a+b cosh)^n.mac
    6.2 Hyperbolic cosine/6.2.2 (e x)^m (a+b x^n)^p cosh.mac
    6.2 Hyperbolic cosine/6.2.3 (e x)^m (a+b cosh(c+d x^n))^p.mac
    6.2 Hyperbolic cosine/6.2.4 (d+e x)^m cosh(a+b x+c x^2)^n.mac
    6.2 Hyperbolic cosine/6.2.5 Hyperbolic cosine functions.mac
    6.2 Hyperbolic cosine/6.2.7 hyper^m (a+b cosh^n)^p.mac
    6.7 Miscellaneous/6.7.1 Hyperbolic functions.mac
    6.3 Hyperbolic tangent/6.3.1 (c+d x)^m (a+b tanh)^n.mac
    6.3 Hyperbolic tangent/6.3.2 Hyperbolic tangent functions.mac
    6.3 Hyperbolic tangent/6.3.7 (d hyper)^m (a+b (c tanh)^n)^p.mac
    6.1 Hyperbolic sine/6.1.1 (c+d x)^m (a+b sinh)^n.mac
    6.1 Hyperbolic sine/6.1.3 (e x)^m (a+b sinh(c+d x^n))^p.mac
    6.1 Hyperbolic sine/6.1.4 (d+e x)^m sinh(a+b x+c x^2)^n.mac
    6.1 Hyperbolic sine/6.1.5 Hyperbolic sine functions.mac
    6.1 Hyperbolic sine/6.1.7 hyper^m (a+b sinh^n)^p.mac
    6.5 Hyperbolic secant/6.5.1 (c+d x)^m (a+b sech)^n.mac
    6.5 Hyperbolic secant/6.5.2 (e x)^m (a+b sech(c+d x^n))^p.mac
    6.5 Hyperbolic secant/6.5.3 Hyperbolic secant functions.mac
    6.5 Hyperbolic secant/6.5.7 (d hyper)^m (a+b (c sech)^n)^p.mac
    6.4 Hyperbolic cotangent/6.4.1 (c+d x)^m (a+b coth)^n.mac
    6.4 Hyperbolic cotangent/6.4.2 Hyperbolic cotangent functions.mac
    6.4 Hyperbolic cotangent/6.4.7 (d hyper)^m (a+b (c coth)^n)^p.mac
    6.6 Hyperbolic cosecant/6.6.1 (c+d x)^m (a+b csch)^n.mac
    6.6 Hyperbolic cosecant/6.6.2 (e x)^m (a+b csch(c+d x^n))^p.mac
    6.6 Hyperbolic cosecant/6.6.3 Hyperbolic cosecant functions.mac
    6.6 Hyperbolic cosecant/6.6.7 (d hyper)^m (a+b (c csch)^n)^p.mac

  FINDING: Rubi's section 6 covers only the x-dependent and miscellaneous families
  (6.1.10-13, 6.3.10-12, 6.5.10-11, 6.7.6-9). There is no section-6 file for the
  pure hyperbolic-power / binomial families at all — and none for the `.7` shape.

==============================================================================
5. The `.7` rule files Rubi does have
==============================================================================
    73 rules,  147 inert-head occurrences   4 Trig functions/4.1 Sine/4.1.7 (d trig)^m (a+b (c sin)^n)^p.m
    25 rules,   51 inert-head occurrences   4 Trig functions/4.3 Tangent/4.3.7 (d trig)^m (a+b (c tan)^n)^p.m
    32 rules,   57 inert-head occurrences   4 Trig functions/4.5 Secant/4.5.7 (d trig)^m (a+b (c sec)^n)^p.m
    46 rules,    0 inert-head occurrences   4 Trig functions/4.7 Miscellaneous/4.7.7 F^(c (a+b x)) trig(d+e x)^n.m
    77 rules,    0 inert-head occurrences   5 Inverse trig functions/5.3 Inverse tangent/5.3.7 Miscellaneous inverse tangent.m
    44 rules,    0 inert-head occurrences   6 Hyperbolic functions/6.7 Miscellaneous/6.7.7 F^(c (a+b x)) hyper(d+e x)^n.m
    70 rules,    0 inert-head occurrences   7 Inverse hyperbolic functions/7.3 Inverse hyperbolic tangent/7.3.7 Miscellaneous inverse hyperbolic tangent.m

  FINDING: read the inert-head column. Three `.7` files carry inert heads —
  4.1.7, 4.3.7, 4.5.7, the `(d trig)^m (a+b (c F)^n)^p` family — and they are all
  in section 4. The other files numbered `.7` (4.7.7, 5.3.7, 6.7.7, 7.3.7) are a
  DIFFERENT family (`F^(c(a+b x)) trig(d+e x)^n` and the inverse miscellanies), use
  no inert head, and are not what the corpus's 6.x.7 files mirror.
  The corpus mirrors the inert three as 4.1.7 ... 4.6.7 AND as 6.1.7 ... 6.6.7:
  the same rules serve both, the hyperbolic side via the bridge. Note Rubi has only
  three of them against the corpus's six — sin/tan/sec carry cos/cot/csc, as the
  4.1.0.x and 4.7.x normalization files do for the rest of section 4.

==============================================================================
6. The class-6 record's deferred mass per corpus file
==============================================================================
  verdicts:  deferred 3173  contains-noun 1149  verified 343  no-answer 313  expected 83  unverified 14  timeout 5
  deferred total: 3173

    554  17.5%  6.7.1 Hyperbolic functions
    521  16.4%  6.1.7 hyper^m (a+b sinh^n)^p <- .7
    262   8.3%  6.3.7 (d hyper)^m (a+b (c tanh)^n)^p <- .7
    244   7.7%  6.1.5 Hyperbolic sine functions
    219   6.9%  6.5.7 (d hyper)^m (a+b (c sech)^n)^p <- .7
    202   6.4%  6.1.1 (c+d x)^m (a+b sinh)^n
    190   6.0%  6.2.5 Hyperbolic cosine functions
    145   4.6%  6.2.1 (c+d x)^m (a+b cosh)^n
    143   4.5%  6.3.2 Hyperbolic tangent functions
    122   3.8%  6.4.2 Hyperbolic cotangent functions
    122   3.8%  6.5.3 Hyperbolic secant functions
    105   3.3%  6.6.3 Hyperbolic cosecant functions
     85   2.7%  6.2.7 hyper^m (a+b cosh^n)^p <- .7
     54   1.7%  6.2.2 (e x)^m (a+b x^n)^p cosh
     53   1.7%  6.4.7 (d hyper)^m (a+b (c coth)^n)^p <- .7
     50   1.6%  6.3.1 (c+d x)^m (a+b tanh)^n
     43   1.4%  6.4.1 (c+d x)^m (a+b coth)^n
     26   0.8%  6.6.7 (d hyper)^m (a+b (c csch)^n)^p <- .7
     12   0.4%  6.6.1 (c+d x)^m (a+b csch)^n
      9   0.3%  6.5.1 (c+d x)^m (a+b sech)^n
      5   0.2%  6.1.3 (e x)^m (a+b sinh(c+d x^n))^p
      3   0.1%  6.2.3 (e x)^m (a+b cosh(c+d x^n))^p
      2   0.1%  6.5.2 (e x)^m (a+b sech(c+d x^n))^p
      2   0.1%  6.6.2 (e x)^m (a+b csch(c+d x^n))^p

  FINDING: the `.7` family is 1173 entries, 1166 of them deferred —
  36.7 % of class 6's deferred mass, and NOT ONE of them a PASS
  (deferred 1166, contains-noun 7).

  The seven `Hyperbolic <fn> functions` / 6.7.1 miscellany files are a further
  1480 deferred entries and have no section-6 rule file either; whether
  they ride the same bridge is a SEPARATE question this probe does not answer.

==============================================================================
CONCLUSION
==============================================================================
The class-6 `.7` family is answered by SECTION 4's rules, through the
inert-trig bridge — confirmed, and the mechanism is exact:

  1. One catch-all rule at the head of 4.1.0.1 rewrites any integrand
     satisfying FunctionOfTrigOfLinearQ into the inert representation.
  2. DeactivateTrigAux's HyperbolicQ branch carries the six hyperbolic heads
     onto the six inert TRIG heads by the imaginary-argument identities.
  3. Section 4's rules — including 4.1.7 / 4.3.7 / 4.5.7, the only `.7` rule
     files Rubi has — match the inert heads, and ActivateTrig puts the answer
     back.

So the handoff's guess was right about the section (trig, not algebraic), and
the unlock is REAL but NOT free: porting class 4's rule files alone does not
deliver it. The bridge needs its substrate ported too —
FunctionOfTrigOfLinearQ, DeactivateTrig/DeactivateTrigAux, ReduceInertTrig,
FixInertTrigFunction, UnifyInertTrigFunction, ActivateTrig, InertTrigQ /
InertTrigFreeQ — plus the inert representation itself in the tree, and the
4.7.1/4.7.2/4.7.3 normalization files and 4.7.5 Inert trig functions.

That makes the inert-trig family the load-bearing part of the class-4 port,
not a tail item: it gates class 4's own 22,472 entries AND ~37 % of class 6's
deferred mass that is already paid for.

Consequence for class 7 (6,552 entries) against class 5: the same question has
to be asked separately — the inverse hyperbolic / inverse trig pair has no
inert representation, so this finding does NOT transfer to it by analogy.
