# class-1 load wall + defmatch budget, 2026-08-20
# Maxima 5.50.0

=== 1. full class-1 load (67 files, 2710 rules) — expected FATAL ===
full load: FATAL (exit 1) as expected on this build
  Thread local storage exhausted.

=== 2. per-file parse + witness (one process per file) ===
  1_1_1_1: ok (0.006999999999999999s)
  1_1_1_2: ok (0.10100200000000001s)
  1_1_1_3: ok (0.172004s)
  1_1_1_4: ok (0.165003s)
  1_1_1_5: ok (0.018000000000000002s)
  1_1_1_6: ok (0.025001000000000002s)
  1_1_1_7: ok (0.065001s)
  1_1_2_1: ok (0.050001000000000004s)
  1_1_2_10: ok (0.007999999999999997s)
  1_1_2_11: ok (0.018s)
  1_1_2_12: ok (0.034001s)
  1_1_2_13: ok (0.015000000000000003s)
  1_1_2_14: ok (0.010000000000000002s)
  1_1_2_2: ok (0.065001s)
  1_1_2_3: ok (0.093002s)
  1_1_2_4: ok (0.13800300000000001s)
  1_1_2_5: ok (0.07100100000000001s)
  1_1_2_6: ok (0.051001000000000005s)
  1_1_2_7: ok (0.11300299999999999s)
  1_1_2_8: ok (0.223004s)
  1_1_2_9: ok (0.236005s)
  1_1_3_1: ok (0.027s)
  1_1_3_2: ok (0.029s)
  1_1_3_3: ok (0.10600300000000001s)
  1_1_3_4: ok (0.203004s)
  1_1_3_5: ok (0.079002s)
  1_1_3_6: ok (0.068001s)
  1_1_3_7: ok (0.028s)
  1_1_3_8: ok (0.057000999999999996s)
  1_1_4_1: ok (0.019s)
  1_1_4_2: ok (0.042001s)
  1_1_4_3: ok (0.027001s)
  1_1_4_4: ok (0.021s)
  1_2_1_1: ok (0.035s)
  1_2_1_2: ok (0.232005s)
  1_2_1_3: ok (0.253005s)
  1_2_1_4: ok (0.078002s)
  1_2_1_5: ok (0.122002s)
  1_2_1_6: ok (0.008s)
  1_2_1_7: ok (0.082002s)
  1_2_1_8: ok (0.009999999999999998s)
  1_2_1_9: ok (0.068001s)
  1_2_2_1: ok (0.030001s)
  1_2_2_2: ok (0.063001s)
  1_2_2_3: ok (0.163003s)
  1_2_2_4: ok (0.206004s)
  1_2_2_5: ok (0.013999999999999999s)
  1_2_2_6: ok (0.019s)
  1_2_2_7: ok (0.094002s)
  1_2_2_8: ok (0.03900100000000001s)
  1_2_3_1: ok (0.016999999999999998s)
  1_2_3_2: ok (0.065001s)
  1_2_3_3: ok (0.137003s)
  1_2_3_4: ok (0.026s)
  1_2_3_5: ok (0.043002s)
  1_2_3_6: ok (0.056000999999999995s)
  1_2_4_1: ok (0.007000000000000003s)
  1_2_4_2: ok (0.016999999999999998s)
  1_2_4_3: ok (0.005999999999999998s)
  1_2_4_4: ok (0.017999999999999995s)
  1_3_1: ok (0.04200100000000001s)
  1_3_2: ok (0.03800100000000001s)
  1_3_3: ok (0.024000999999999998s)
  1_3_4: ok (0.034001s)
  1_4_1: ok (0.10200200000000001s)
  1_4_2: ok (0.047001s)
  1_4_3: ok (0.025s)

=== 3. plain-pattern defmatch budget (pa+pb*x, freeof(x) declares) ===
  1200 plain patterns: loaded (budget > 1200)
  1600 plain patterns: FATAL (budget < 1600)

=== 4. unload releases the budget (4 x 1200 with unloads) ===
  4 x 1200 with unloads: all loaded (unload releases the budget)

=== 5. in-process wall, largest safe prefix (files 1-7, 294 rules) ===
  batch("probes/load_wall/probe-load-wall.mac")
  defmatch: _mr_1_1_1_1_r5_u _mr_1_1_1_1_r5_b
           will be matched uniquely since sub-parts would otherwise be ambiguous.
  defmatch: _mr_1_1_1_2_r40_u _mr_1_1_1_2_r40_b
           will be matched uniquely since sub-parts would otherwise be ambiguous.
  defmatch: _mr_1_1_1_3_r73_u _mr_1_1_1_3_r73_b
           will be matched uniquely since sub-parts would otherwise be ambiguous.
  defmatch: _mr_1_1_1_4_r43_u _mr_1_1_1_4_r43_b
           will be matched uniquely since sub-parts would otherwise be ambiguous.
                             _mr_1_1_2_1_r33_n
  defmatch: _mr_1_1_2_1_r33_v                  _mr_1_1_2_1_r33_b
           will be matched uniquely since sub-parts would otherwise be ambiguous.
             _mr_1_1_2_3_r2_n
  defmatch: x                 _mr_1_1_2_3_r2_b
           will be matched uniquely since sub-parts would otherwise be ambiguous.
             _mr_1_1_2_3_r3_n
  defmatch: x                 _mr_1_1_2_3_r3_b
           will be matched uniquely since sub-parts would otherwise be ambiguous.
             _mr_1_1_2_3_r4_n
  defmatch: x                 _mr_1_1_2_3_r4_b
           will be matched uniquely since sub-parts would otherwise be ambiguous.
  tot:length(mr_rules_1_1_1_1)+length(mr_rules_1_1_1_2)+length(mr_rules_1_1_1_3)
                              +length(mr_rules_1_1_1_4)+length(mr_rules_1_1_2_1)
                              +length(mr_rules_1_1_2_2)+length(mr_rules_1_1_2_3)
                      prefix wall (s), 7 files / 294 rules: 
  
                                     0.522011
  
                                prefix rule total: 
  
                                        294
  
  disp(concat("PREFIX_TOTAL=",string(tot)))
                                 PREFIX_TOTAL=294
  
   
  Maxima-version: "5.50.0"
  Maxima build date: "2026-08-20 21:36:22"
  Host type: "x86_64-pc-linux-gnu"
  Lisp implementation type: "SBCL"
  Lisp implementation version: "2.6.7"
  User dir: "/home/serge/.maxima"
  Temp dir: "/tmp"
  Object dir: "/home/serge/.maxima/binary/5_50_0/sbcl/2_6_7"
  Frontend: false
   /home/serge/src/maxima-rubi/.worktrees/milestone-1/probes/load_wall/probe-loa\
  d-wall.mac
  prefix 7 files / 294 rules: loaded (wall lower bound holds)

=== 6. wall upper bound: prefix 8 (361 cumulative) — expected FATAL ===
  prefix 8 (361 rules): FATAL (exit 1) as expected
  Thread local storage exhausted.

VERDICT: all parts as expected on this build (full load is FATAL;
the loadable prefix is 7 files / 294 rules; file 8 at 361 dies)
