=== maxima-rubi corpus queue worker 04 (filter '4 Trig functions/') ===
date: 2026-09-29 05:23 UTC
maxima: Maxima-version: "branch_5_50_base_84_g4204fb669"
maxima: Maxima build date: "2026-08-31 13:27:47"
maxima: Host type: "x86_64-pc-linux-gnu"
maxima: Lisp implementation type: "SBCL"
maxima: Lisp implementation version: "2.6.7"
filter: '4 Trig functions/'  queue worker 04 of 12  timeout: 30s cpu  entries: 319  subset: verified of /home/serge/src/maxima-rubi/probes/verify-stages/08-stage-order/entries/class4.control.out  switches: mr_flat_wide=false mr_cond_retry=true mr_model_flags=true mr_nested_fallback=false mr_giveup_last=true mr_inert_leak_misfire=true mr_last_resort_tier=true mr_general_after_giveups=true mr_max_depth=32 mr_eqq_symbolic=true mr_subst_simp=false mr_gtq_facts=false  verify: 30s cpu, stage 5s, stages chainA.1,chainA.2,chainA.3,chainA.4,chainB.1,chainB.2,chainB.3,chainB.4,radcan,exponentialize,trigexpand,demoivre,logarc,rat-radcan,rectform

verified       t=   0.0s 4 Trig functions/4.1 Sine/4.1.0 (a sin)^m (b trg)^n.mac e357 L422
verified       t=   0.2s 4 Trig functions/4.1 Sine/4.1.1.2 (g cos)^p (a+b sin)^m.mac e334 L369
expected       t=   0.8s 4 Trig functions/4.2 Cosine/4.2.4.2 (a+b cos)^m (c+d cos)^n (A+B cos+C cos^2).mac e1267 L1464
expected       t=   3.4s 4 Trig functions/4.2 Cosine/4.2.4.2 (a+b cos)^m (c+d cos)^n (A+B cos+C cos^2).mac e1397 L1612
expected       t=   1.9s 4 Trig functions/4.5 Secant/4.5.3.1 (a+b sec)^m (d sec)^n (A+B sec).mac e416 L495
verified       t=   0.0s 4 Trig functions/4.5 Secant/4.5.7 (d trig)^m (a+b (c sec)^n)^p.mac e108 L127
verified       t=   0.4s 4 Trig functions/4.5 Secant/4.5.7 (d trig)^m (a+b (c sec)^n)^p.mac e244 L285
expected       t=   0.0s 4 Trig functions/4.5 Secant/4.5.7 (d trig)^m (a+b (c sec)^n)^p.mac e445 L514
verified       t=   0.1s 4 Trig functions/4.6 Cosecant/4.6.1.2 (d csc)^n (a+b csc)^m.mac e53 L92
verified       t=   0.2s 4 Trig functions/4.6 Cosecant/4.6.11 (e x)^m (a+b csc(c+d x^n))^p.mac e64 L91
verified       t=   0.2s 4 Trig functions/4.7 Miscellaneous/4.7.1 (c trig)^m (d trig)^n.mac e45 L58
verified       t=   0.1s 4 Trig functions/4.7 Miscellaneous/4.7.1 (c trig)^m (d trig)^n.mac e138 L165
verified       t=   0.5s 4 Trig functions/4.7 Miscellaneous/4.7.1 (c trig)^m (d trig)^n.mac e183 L216
verified       t=   0.5s 4 Trig functions/4.7 Miscellaneous/4.7.2 trig^m (a trig+b trig)^n.mac e94 L121
verified       t=   0.1s 4 Trig functions/4.7 Miscellaneous/4.7.7 Trig functions.mac e360 L463

=== summary ===
head rewrites: {'li[': 32, 'fresnel_s(': 5, 'fresnel_c(': 5, 'expintegral_si(': 5, 'expintegral_ci(': 5}
expected       4
verified       11
total integrals: 15
wall time: 67.8s
Results: 15 passed, 0 failed
