=== class2 queue plan ===
entries: 25  units: 25  workers: 12  cap: 30s  timed by (no --prev): 0  untimed (run first): 25
job-seconds: 0  (one entry per unit)
estimated core-seconds: 0  estimated wall: 0.0 min (= core-seconds/workers + largest unit; timed entries only)
switches: mr_flat_wide=false mr_cond_retry=true mr_model_flags=true mr_nested_fallback=false mr_giveup_last=true mr_inert_leak_misfire=true mr_last_resort_tier=true mr_general_after_giveups=true mr_max_depth=32 mr_eqq_symbolic=true mr_subst_simp=false mr_gtq_facts=false
outputs: /home/serge/src/maxima-rubi/probes/verify-stages/08-stage-order/armB/control/class2/shard00.out .. shard11.out  pids: /home/serge/src/maxima-rubi/probes/verify-stages/08-stage-order/armB/control/class2/pids  log: /home/serge/src/maxima-rubi/probes/verify-stages/08-stage-order/armB/control/class2/queue.log
PASS: verified       t=   0.0s 2 Exponentials/2.3 Exponential functions.mac e19 L32
PASS: verified       t=   0.0s 2 Exponentials/2.1 u (F^(c (a+b x)))^n.mac e24 L35
PASS: verified       t=   0.1s 2 Exponentials/2.1 u (F^(c (a+b x)))^n.mac e15 L26
PASS: verified       t=   0.1s 2 Exponentials/2.1 u (F^(c (a+b x)))^n.mac e97 L122
PASS: verified       t=   0.1s 2 Exponentials/2.3 Exponential functions.mac e289 L330
PASS: verified       t=   0.1s 2 Exponentials/2.3 Exponential functions.mac e334 L377
PASS: verified       t=   0.2s 2 Exponentials/2.2 (c+d x)^m (F^(g (e+f x)))^n (a+b (F^(g (e+f x)))^n)^p.mac e83 L114
PASS: verified       t=   0.2s 2 Exponentials/2.3 Exponential functions.mac e344 L387
PASS: verified       t=   0.3s 2 Exponentials/2.1 u (F^(c (a+b x)))^n.mac e89 L112
PASS: verified       t=   0.0s 2 Exponentials/2.3 Exponential functions.mac e473 L534
PASS: verified       t=   0.1s 2 Exponentials/2.3 Exponential functions.mac e509 L576
PASS: verified       t=   0.1s 2 Exponentials/2.3 Exponential functions.mac e562 L631
PASS: verified       t=   0.1s 2 Exponentials/2.3 Exponential functions.mac e350 L393
PASS: verified       t=   0.1s 2 Exponentials/2.3 Exponential functions.mac e417 L468
PASS: verified       t=   0.0s 2 Exponentials/2.3 Exponential functions.mac e641 L734
PASS: verified       t=   0.4s 2 Exponentials/2.1 u (F^(c (a+b x)))^n.mac e79 L100
PASS: verified       t=   0.0s 2 Exponentials/2.3 Exponential functions.mac e661 L758
PASS: verified       t=   0.0s 2 Exponentials/2.3 Exponential functions.mac e686 L793
PASS: verified       t=   0.0s 2 Exponentials/2.3 Exponential functions.mac e693 L806
PASS: verified       t=   0.0s 2 Exponentials/2.3 Exponential functions.mac e773 L898
PASS: verified       t=   0.3s 2 Exponentials/2.3 Exponential functions.mac e629 L718
PASS: verified       t=   0.3s 2 Exponentials/2.3 Exponential functions.mac e635 L724
PASS: verified       t=   0.2s 2 Exponentials/2.3 Exponential functions.mac e714 L831
PASS: verified       t=   1.0s 2 Exponentials/2.2 (c+d x)^m (F^(g (e+f x)))^n (a+b (F^(g (e+f x)))^n)^p.mac e17 L28
PASS: verified       t=   2.2s 2 Exponentials/2.3 Exponential functions.mac e316 L359
queue wall: 2.3s  entries: 25  units: 25  workers: 12  harness failures: 0
