=== maxima-rubi corpus queue worker 09 (filter '5 Inverse trig functions/') ===
date: 2026-09-29 05:18 UTC
maxima: Maxima-version: "branch_5_50_base_84_g4204fb669"
maxima: Maxima build date: "2026-08-31 13:27:47"
maxima: Host type: "x86_64-pc-linux-gnu"
maxima: Lisp implementation type: "SBCL"
maxima: Lisp implementation version: "2.6.7"
filter: '5 Inverse trig functions/'  queue worker 09 of 12  timeout: 30s cpu  entries: 42  subset: unverified of /home/serge/src/maxima-rubi/probes/verify-stages/08-stage-order/entries/class5.unverified.out  switches: mr_flat_wide=false mr_cond_retry=true mr_model_flags=true mr_nested_fallback=false mr_giveup_last=true mr_inert_leak_misfire=true mr_last_resort_tier=true mr_general_after_giveups=true mr_max_depth=32 mr_eqq_symbolic=true mr_subst_simp=false mr_gtq_facts=false  verify: 30s cpu, stage 5s, stages chainA.1,chainA.2,chainA.3,chainA.4,chainB.1,chainB.2,chainB.3,chainB.4,radcan,exponentialize,trigexpand,demoivre,logarc,rat-radcan,rectform

verified       t=   2.0s 5 Inverse trig functions/5.1 Inverse sine/5.1.5 Inverse sine functions.mac e39 L62
verified       t=   1.1s 5 Inverse trig functions/5.3 Inverse tangent/5.3.6 Exponentials of inverse tangent.mac e23 L32
expected       t=   0.2s 5 Inverse trig functions/5.3 Inverse tangent/5.3.6 Exponentials of inverse tangent.mac e341 L414
verified       t=   0.2s 5 Inverse trig functions/5.3 Inverse tangent/5.3.6 Exponentials of inverse tangent.mac e374 L504
verified       t=   0.5s 5 Inverse trig functions/5.4 Inverse cotangent/5.4.1 Inverse cotangent functions.mac e18 L29
unverified     t=   0.4s 5 Inverse trig functions/5.5 Inverse secant/5.5.1 u (a+b arcsec(c x))^n.mac e163 L212

=== summary ===
head rewrites: {'li[': 36}
expected       1
unverified     1
verified       4
total integrals: 6
wall time: 17.6s
Results: 5 passed, 1 failed
