=== maxima-rubi corpus queue worker 01 (filter '5 Inverse trig functions/') ===
date: 2026-09-29 05:18 UTC
maxima: Maxima-version: "branch_5_50_base_84_g4204fb669"
maxima: Maxima build date: "2026-08-31 13:27:47"
maxima: Host type: "x86_64-pc-linux-gnu"
maxima: Lisp implementation type: "SBCL"
maxima: Lisp implementation version: "2.6.7"
filter: '5 Inverse trig functions/'  queue worker 01 of 12  timeout: 30s cpu  entries: 42  subset: unverified of /home/serge/src/maxima-rubi/probes/verify-stages/08-stage-order/entries/class5.unverified.out  switches: mr_flat_wide=false mr_cond_retry=true mr_model_flags=true mr_nested_fallback=false mr_giveup_last=true mr_inert_leak_misfire=true mr_last_resort_tier=true mr_general_after_giveups=true mr_max_depth=32 mr_eqq_symbolic=true mr_subst_simp=false mr_gtq_facts=false  verify: 30s cpu, stage 5s, stages chainA.1,chainA.2,chainA.3,chainA.4,chainB.1,chainB.2,chainB.3,chainB.4,radcan,exponentialize,trigexpand,demoivre,logarc,rat-radcan,rectform

unverified     t=   0.5s 5 Inverse trig functions/5.1 Inverse sine/5.1.4a (f x)^m (d-c^2 d x^2)^p (a+b arcsin(c x))^n.mac e145 L172
verified       t=   2.4s 5 Inverse trig functions/5.2 Inverse cosine/5.2.5 Inverse cosine functions.mac e20 L39
unverified     t=   0.1s 5 Inverse trig functions/5.3 Inverse tangent/5.3.6 Exponentials of inverse tangent.mac e236 L285
verified       t=   0.0s 5 Inverse trig functions/5.3 Inverse tangent/5.3.7 Inverse tangent functions.mac e42 L65
unverified     t=   0.9s 5 Inverse trig functions/5.5 Inverse secant/5.5.1 u (a+b arcsec(c x))^n.mac e161 L210

=== summary ===
head rewrites: {'li[': 36}
unverified     3
verified       2
total integrals: 5
wall time: 18.8s
Results: 2 passed, 3 failed
