== core stamp
fingerprint 487bb4a83ccc701cf1ad96cf7271eef1
git_rev e4311e64463415aa3c76c3ab527d912feff304d6
git_tree e1cf6a656f7a3641eed4ff79c7fa1a8645ffa21b
git_dirty 1
date 2026-09-28 04:32:29 UTC
maxima Maxima branch_5_50_base_84_g4204fb669
rules 7776

cond-called %mr_ functions: 120
== c4 4.1.2.2 e88 arm=excl
R build branch_5_50_base_84_g4204fb669 2026-08-31 13:27:47 
R timed functions 16516 
R cpu s 10.931982000000001 answered true 
R total timed us 10931859 
T %mr_containsBoolean calls 611186 us 6830131 
T geteqR calls 249593 us 1479505 
T %mr_top_body calls 15 us 513490 
T %mr_together calls 17705 us 338843 
T %mr_polyformQ calls 25490 us 268595 
T %mr_polystrictQ calls 15480 us 153685 
T %mr_zeroChainQ calls 441 us 142359 
T %mr_binomial_parts calls 5551 us 130119 
T %mr_polyQ calls 10447 us 121458 
T %mr_linearQ calls 8881 us 103864 
T %mr_polyDegQ calls 7258 us 63306 
T _mr_cond_9_3_r13 calls 1078 us 50326 
T _mr_cond_1_4_2_r9 calls 624 us 34352 
T %mr_b calls 5440 us 33423 
T %mr_rationalFunctionQ calls 2991 us 33206 
T %mr_term_xexp calls 1587 us 25077 
T _mr_cond_1_1_1_4_r47 calls 624 us 20742 
T _mr_cond_1_4_2_r3 calls 624 us 20606 
T _mr_cond_1_4_2_r15 calls 624 us 20582 
T _mr_cond_1_3_4_r4 calls 624 us 20458 
T _mr_cond_1_4_2_r17 calls 624 us 20227 
T %mr_eqQ calls 1471 us 19814 
T %mr_simp calls 226 us 18468 
T %mr_polynomialQ calls 5779 us 17197 
T %mr_binomialQ2 calls 2524 us 16227 
T %mr_symbolicZeroQ calls 1138 us 15023 
T _mr_cond_1_1_3_8_r30 calls 364 us 15017 
T _mr_cond_9_3_r29 calls 56 us 14984 
T %mr_productOfLinearPowersQ calls 1046 us 14059 
T %mr_easyDQ calls 913 us 13634 
lisp-errors: 0
== c4 4.1.2.2 e88 arm=incl
R build branch_5_50_base_84_g4204fb669 2026-08-31 13:27:47 
R timed functions 115 
R cpu s 8.665999 answered true 
R total timed us 3056017 
T %mr_linearQ calls 8881 us 1001130 
T %mr_polyDegQ calls 7258 us 537251 
T %mr_polyQ calls 10447 us 501207 
T %mr_derivativeDivides calls 224 us 277530 
T %mr_binomialQ calls 1017 us 202992 
T %mr_polynomialQ calls 5779 us 147393 
T %mr_eqQ calls 1471 us 131203 
T %mr_rationalFunctionQ calls 2991 us 108009 
T %mr_functionOfTrigOfLinearQ calls 7 us 22600 
T %mr_simp calls 226 us 18093 
T %mr_polyPowerQ calls 216 us 16230 
T %mr_quadraticQ calls 170 us 14450 
T %mr_neQ calls 482 us 13005 
T %mr_atomQ calls 2991 us 12650 
T %mr_degree calls 170 us 9890 
T %mr_linearPairQ calls 104 us 9372 
T %mr_divides calls 84 us 7612 
T %mr_functionOfExponentialQ calls 15 us 4097 
T %mr_functionOfLog calls 15 us 2562 
T %mr_falseQ calls 635 us 2346 
lisp-errors: 0
== c4 4.2.4.2 e18 arm=excl
R build branch_5_50_base_84_g4204fb669 2026-08-31 13:27:47 
R timed functions 16516 
R cpu s 7.173421 answered true 
R total timed us 7173298 
T %mr_containsBoolean calls 376011 us 4360172 
T geteqR calls 149426 us 891401 
T %mr_polyformQ calls 40845 us 424232 
T %mr_top_body calls 17 us 293879 
T %mr_polystrictQ calls 24749 us 229696 
T %mr_together calls 7392 us 95152 
T %mr_binomial_parts calls 4061 us 95026 
T %mr_rationalFunctionQ calls 5091 us 53283 
T %mr_term_xexp calls 2739 us 47917 
T _mr_cond_9_3_r13 calls 980 us 45290 
T %mr_polyQ calls 4444 us 41175 
T %mr_linearQ calls 3299 us 31040 
T %mr_sincReplace calls 4322 us 30853 
T %mr_polyDegQ calls 2945 us 26541 
T %mr_productOfLinearPowersQ calls 2096 us 25394 
T %mr_simp calls 166 us 23331 
T %mr_atomQ calls 5091 us 21550 
T %mr_coeff3 calls 616 us 21418 
T %mr_easyDQ calls 1342 us 19667 
T %mr_zeroChainQ calls 158 us 18990 
T %mr_formalDerivativeQ calls 1480 us 15586 
T %mr_calculusQ calls 1480 us 14340 
T %mr_falseQ calls 627 us 14014 
T %mr_easyDQ_strip calls 473 us 13381 
T %mr_b calls 2153 us 13002 
T %mr_polynomialQ calls 4193 us 12215 
T %mr_binomialQ2 calls 1586 us 11806 
T %mr_polyPowerQ calls 133 us 9801 
T %mr_eqQ calls 695 us 9351 
T _mr_cond_1_4_2_r9 calls 168 us 9308 
lisp-errors: 0
== c4 4.2.4.2 e18 arm=incl
R build branch_5_50_base_84_g4204fb669 2026-08-31 13:27:47 
R timed functions 115 
R cpu s 5.704894 answered true 
R total timed us 2455961 
T %mr_derivativeDivides calls 112 us 514463 
T %mr_linearQ calls 3299 us 485800 
T %mr_polyQ calls 4444 us 443010 
T %mr_polyDegQ calls 2945 us 301968 
T %mr_polynomialQ calls 4193 us 204974 
T %mr_rationalFunctionQ calls 5091 us 150702 
T %mr_binomialQ calls 373 us 139825 
T %mr_eqQ calls 695 us 51114 
T %mr_simp calls 166 us 22695 
T %mr_atomQ calls 5091 us 21611 
T %mr_functionOfTrigOfLinearQ calls 7 us 19512 
T %mr_quadraticQ calls 130 us 19413 
T %mr_degree calls 320 us 17981 
T %mr_polyPowerQ calls 133 us 17137 
T %mr_neQ calls 241 us 6444 
T %mr_piecewiseLinearQ calls 25 us 6428 
T %mr_functionOfExponentialQ calls 15 us 3739 
T %mr_linearPairQ calls 30 us 3433 
T %mr_productQ calls 813 us 2577 
T %mr_pseudoBinomialPairQ calls 12 us 2364 
lisp-errors: 0
== c4 4.2.4.2 e912 (timeout) arm=excl
R build branch_5_50_base_84_g4204fb669 2026-08-31 13:27:47 
R timed functions 16516 
R cpu s 26.975343 answered true 
R total timed us 26975213 
T %mr_containsBoolean calls 1502483 us 17890539 
T geteqR calls 347108 us 2098431 
T %mr_polyformQ calls 176978 us 1979327 
T %mr_top_body calls 23 us 825485 
T %mr_polystrictQ calls 81986 us 781141 
T %mr_simp calls 240 us 670579 
T %mr_together calls 22727 us 410957 
T %mr_binomial_parts calls 10120 us 266430 
T %mr_rationalFunctionQ calls 19923 us 220653 
T %mr_polyQ calls 13311 us 135304 
T %mr_linearQ calls 10886 us 121077 
T %mr_term_xexp calls 5643 us 98575 
T %mr_sincReplace calls 9656 us 95940 
T %mr_polyDegQ calls 9401 us 87542 
T %mr_atomQ calls 19923 us 86810 
T _mr_cond_9_3_r13 calls 1686 us 80948 
T %mr_productOfLinearPowersQ calls 6028 us 72167 
T %mr_easyDQ calls 3194 us 49484 
T %mr_coeff3 calls 1209 us 43462 
T %mr_easyDQ_strip calls 1250 us 38272 
T %mr_formalDerivativeQ calls 3564 us 38009 
T %mr_eqQ calls 2026 us 37331 
T %mr_calculusQ calls 3564 us 35841 
T %mr_polynomialQ calls 10356 us 30815 
T %mr_term_coeff calls 1209 us 30251 
T %mr_binomialQ2 calls 3724 us 28548 
T %mr_degree calls 1287 us 25802 
T %mr_polyPowerQ calls 307 us 25709 
T _mr_cond_1_4_2_r9 calls 384 us 21768 
T %mr_zeroChainQ calls 124 us 20810 
lisp-errors: 0
== c4 4.2.4.2 e912 (timeout) arm=incl
R build branch_5_50_base_84_g4204fb669 2026-08-31 13:27:47 
R timed functions 115 
R cpu s 21.754023 answered true 
R total timed us 10739318 
T %mr_linearQ calls 10886 us 2636884 
T %mr_derivativeDivides calls 204 us 2045999 
T %mr_polyQ calls 13311 us 1831886 
T %mr_polyDegQ calls 9401 us 1504399 
T %mr_polynomialQ calls 10356 us 686880 
T %mr_rationalFunctionQ calls 19923 us 660312 
T %mr_simp calls 240 us 525247 
T %mr_binomialQ calls 928 us 393278 
T %mr_atomQ calls 19923 us 86821 
T %mr_eqQ calls 2026 us 80123 
T %mr_functionOfTrigOfLinearQ calls 10 us 50662 
T %mr_polyPowerQ calls 307 us 46891 
T %mr_degree calls 1287 us 46423 
T %mr_quadraticQ calls 288 us 34890 
T %mr_neQ calls 687 us 19692 
T %mr_piecewiseLinearQ calls 100 us 12698 
T %mr_linearPairQ calls 60 us 12010 
T %mr_productQ calls 2018 us 6846 
T %mr_functionOfExponentialQ calls 20 us 6534 
T %mr_divides calls 56 us 6229 
lisp-errors: 0
== c1 1.1.1.2 e1170 arm=excl
R build branch_5_50_base_84_g4204fb669 2026-08-31 13:27:47 
R timed functions 16516 
R cpu s 4.068302 answered true 
R total timed us 4068170 
T %mr_containsBoolean calls 220963 us 2550569 
T geteqR calls 99864 us 609928 
T %mr_polyformQ calls 14612 us 200830 
T %mr_top_body calls 17 us 190708 
T %mr_together calls 6514 us 90117 
T %mr_linearQ calls 2972 us 42962 
T %mr_polyQ calls 3930 us 39465 
T %mr_polystrictQ calls 2774 us 28392 
T %mr_term_xexp calls 1600 us 24479 
T %mr_polyDegQ calls 2468 us 22845 
T %mr_degree calls 1180 us 18970 
T %mr_binomial_parts calls 612 us 17287 
T %mr_eqQ calls 1114 us 12548 
T %mr_b calls 1375 us 8522 
T _mr_cond_1_1_1_4_r48 calls 192 us 8302 
T _mr_cond_1_3_4_r6 calls 192 us 8103 
T _mr_cond_1_4_2_r4 calls 192 us 8031 
T %mr_coeff3 calls 214 us 6679 
T _mr_cond_1_1_3_8_r30 calls 161 us 6556 
T %mr_symbolicZeroQ calls 1011 us 6514 
T %mr_polyPowerQ calls 98 us 6123 
T _mr_cond_1_2_3_6_r29 calls 98 us 4979 
T %mr_exp_list calls 198 us 4529 
T %mr_term_coeff calls 275 us 4201 
T _mr_cond_1_4_1_r23 calls 125 us 4015 
T _mr_cond_1_1_1_7_r10 calls 125 us 3928 
T %mr_realCmpQ calls 114 us 3818 
T _mr_cond_1_4_2_r25 calls 84 us 3564 
T _mr_cond_1_3_4_r5 calls 72 us 3530 
T _mr_cond_1_1_1_7_r5 calls 100 us 2804 
lisp-errors: 0
== c1 1.1.1.2 e1170 arm=incl
R build branch_5_50_base_84_g4204fb669 2026-08-31 13:27:47 
R timed functions 115 
R cpu s 3.244667 answered true 
R total timed us 1076525 
T %mr_linearQ calls 2972 us 423690 
T %mr_polyQ calls 3930 us 224550 
T %mr_polyDegQ calls 2468 us 214610 
T %mr_binomialQ calls 234 us 78087 
T %mr_degree calls 1180 us 26576 
T %mr_eqQ calls 1114 us 26270 
T %mr_polynomialQ calls 686 us 26009 
T %mr_polyPowerQ calls 98 us 9055 
T %mr_normalizeIntegrand calls 2 us 6132 
T %mr_quadraticQ calls 50 us 6033 
T %mr_gtQ calls 83 us 4089 
T %mr_pseudoBinomialPairQ calls 32 us 4084 
T %mr_leafCount calls 140 us 3316 
T %mr_generalizedTrinomialQ calls 8 us 3191 
T %mr_trinomialQ calls 6 us 2923 
T %mr_rationalFunctionQ calls 52 us 2204 
T %mr_neQ calls 55 us 1675 
T %mr_algebraicFunctionQ calls 25 us 1627 
T %mr_matchQ calls 8 us 1178 
T %mr_rt calls 12 us 1135 
lisp-errors: 0
