== core: /home/serge/src/maxima-rubi/test/mr_rules.core
fingerprint d9573b56b9fbfb8713b593421ee318bc
git_rev 8de7080f1f6712d1d90625e71e24fdbd3ed0c7bf
git_tree 454cb8610ff0ea9f51935b97991356e58d6d76a6
git_dirty 1
date 2026-09-28 10:43:51 UTC
maxima Maxima branch_5_50_base_84_g4204fb669
rules 7776

R build branch_5_50_base_84_g4204fb669 2026-08-31 13:27:47 
BD oracle self-check passed
BD class 1: 200 entries calls 70471 hits 1408 mismatches 0
class 1: lisp errors 0
R build branch_5_50_base_84_g4204fb669 2026-08-31 13:27:47 
BD oracle self-check passed
BD class 2: 200 entries calls 147595 hits 0 mismatches 0
class 2: lisp errors 0
R build branch_5_50_base_84_g4204fb669 2026-08-31 13:27:47 
BD oracle self-check passed
BD class 3: 200 entries calls 202528 hits 0 mismatches 0
class 3: lisp errors 0
R build branch_5_50_base_84_g4204fb669 2026-08-31 13:27:47 
BD oracle self-check passed
BD class 4: 200 entries calls 242008 hits 0 mismatches 0
class 4: lisp errors 0
R build branch_5_50_base_84_g4204fb669 2026-08-31 13:27:47 
BD oracle self-check passed
BD class 5: 200 entries calls 223820 hits 2129 mismatches 0
class 5: lisp errors 0
R build branch_5_50_base_84_g4204fb669 2026-08-31 13:27:47 
BD oracle self-check passed
BD class 6: 200 entries calls 178604 hits 0 mismatches 0
class 6: lisp errors 0
R build branch_5_50_base_84_g4204fb669 2026-08-31 13:27:47 
BD oracle self-check passed
BD class 7: 200 entries calls 232185 hits 9148 mismatches 0
class 7: lisp errors 0
R build branch_5_50_base_84_g4204fb669 2026-08-31 13:27:47 
BD oracle self-check passed
BD class 8: 200 entries calls 100219 hits 0 mismatches 0
class 8: lisp errors 0
TOTAL calls 1397430 hits 12685 mismatches 0
