== core: /home/serge/src/maxima-rubi-geteqr/test/mr_rules.core
fingerprint f2cb4fc6e99626eaccbe60192605121d
git_rev f80724a4da2f6031e07316f0a87952515b8a41e7
git_tree aa7b27a6873b43051fc11664d8bf8e537eecb16d
git_dirty 6
date 2026-09-28 13:50:38 UTC
maxima Maxima branch_5_50_base_84_g4204fb669
rules 7776

R build branch_5_50_base_84_g4204fb669 2026-08-31 13:27:47 
GD oracle self-check passed
GD class 1: 200 entries calls 417166 mismatches 0
class 1: lisp errors 0
R build branch_5_50_base_84_g4204fb669 2026-08-31 13:27:47 
GD oracle self-check passed
GD class 2: 200 entries calls 645276 mismatches 0
class 2: lisp errors 0
R build branch_5_50_base_84_g4204fb669 2026-08-31 13:27:47 
GD oracle self-check passed
GD class 3: 200 entries calls 945461 mismatches 0
class 3: lisp errors 0
R build branch_5_50_base_84_g4204fb669 2026-08-31 13:27:47 
GD oracle self-check passed
GD class 4: 200 entries calls 1101657 mismatches 0
class 4: lisp errors 0
R build branch_5_50_base_84_g4204fb669 2026-08-31 13:27:47 
GD oracle self-check passed
GD class 5: 200 entries calls 1048950 mismatches 0
class 5: lisp errors 0
R build branch_5_50_base_84_g4204fb669 2026-08-31 13:27:47 
GD oracle self-check passed
GD class 6: 200 entries calls 794697 mismatches 0
class 6: lisp errors 0
R build branch_5_50_base_84_g4204fb669 2026-08-31 13:27:47 
GD oracle self-check passed
GD class 7: 200 entries calls 1087307 mismatches 0
class 7: lisp errors 0
R build branch_5_50_base_84_g4204fb669 2026-08-31 13:27:47 
GD oracle self-check passed
GD class 8: 200 entries calls 433319 mismatches 0
class 8: lisp errors 0
TOTAL calls 6473833 mismatches 0
