=== maxima-rubi corpus queue worker 00 (filter '1 Algebraic functions/') ===
date: 2026-09-29 05:21 UTC
maxima: Maxima-version: "branch_5_50_base_84_g4204fb669"
maxima: Maxima build date: "2026-08-31 13:27:47"
maxima: Host type: "x86_64-pc-linux-gnu"
maxima: Lisp implementation type: "SBCL"
maxima: Lisp implementation version: "2.6.7"
filter: '1 Algebraic functions/'  queue worker 00 of 12  timeout: 30s cpu  entries: 389  subset: verified of /home/serge/src/maxima-rubi/probes/verify-stages/08-stage-order/entries/class1.control.out  switches: mr_flat_wide=false mr_cond_retry=true mr_model_flags=true mr_nested_fallback=false mr_giveup_last=true mr_inert_leak_misfire=true mr_last_resort_tier=true mr_general_after_giveups=true mr_max_depth=32 mr_eqq_symbolic=true mr_subst_simp=false mr_gtq_facts=false  verify: 30s cpu, stage 5s, stages chainA.1,chainA.2,chainA.3,chainA.4,chainB.1,chainB.2,chainB.3,chainB.4,radcan,exponentialize,trigexpand,demoivre,logarc,rat-radcan,rectform

verified       t=   0.0s 1 Algebraic functions/1.1 Binomial products/1.1.1 Linear/1.1.1.2 (a+b x)^m (c+d x)^n.mac e36 L57
verified       t=   0.0s 1 Algebraic functions/1.1 Binomial products/1.1.1 Linear/1.1.1.2 (a+b x)^m (c+d x)^n.mac e634 L702
verified       t=   0.0s 1 Algebraic functions/1.1 Binomial products/1.1.1 Linear/1.1.1.2 (a+b x)^m (c+d x)^n.mac e1703 L1966
verified       t=   0.9s 1 Algebraic functions/1.2 Trinomial products/1.2.2 Quartic/1.2.2.7 P(x) (d+e x^2)^q (a+b x^2+c x^4)^p.mac e42 L99
verified       t=   0.1s 1 Algebraic functions/1.3 Miscellaneous/1.3.1 Rational functions.mac e46 L73
verified       t=   0.0s 1 Algebraic functions/1.3 Miscellaneous/1.3.1 Rational functions.mac e80 L123
verified       t=   0.0s 1 Algebraic functions/1.3 Miscellaneous/1.3.1 Rational functions.mac e218 L301
verified       t=   0.2s 1 Algebraic functions/1.3 Miscellaneous/1.3.1 Rational functions.mac e370 L512
verified       t=   0.0s 1 Algebraic functions/1.3 Miscellaneous/1.3.1 Rational functions.mac e419 L578
verified       t=   0.0s 1 Algebraic functions/1.3 Miscellaneous/1.3.1 Rational functions.mac e454 L615
verified       t=   0.0s 1 Algebraic functions/1.3 Miscellaneous/1.3.1 Rational functions.mac e468 L629
verified       t=   0.2s 1 Algebraic functions/1.3 Miscellaneous/1.3.2 Algebraic functions.mac e89 L128
verified       t=   0.2s 1 Algebraic functions/1.3 Miscellaneous/1.3.2 Algebraic functions.mac e97 L136
verified       t=   1.2s 1 Algebraic functions/1.3 Miscellaneous/1.3.2 Algebraic functions.mac e143 L190
verified       t=   0.1s 1 Algebraic functions/1.3 Miscellaneous/1.3.2 Algebraic functions.mac e740 L1001
verified       t=   0.0s 1 Algebraic functions/1.3 Miscellaneous/1.3.2 Algebraic functions.mac e831 L1110

=== summary ===
head rewrites: {}
verified       16
total integrals: 16
wall time: 68.8s
Results: 16 passed, 0 failed
